[INFO][AppLauncher]: Using device: cuda:0
[INFO][AppLauncher]: Loading experience file: /data/howard/isaac/IsaacLab/apps/isaaclab.python.headless.rendering.kit
Loading user config located at: '/data/howard/isaac/envs/isaaclab/lib/python3.11/site-packages/isaacsim/kit/data/Kit/Isaac-Sim/5.1/user.config.json'
[Info] [carb] Logging to file: /data/howard/isaac/envs/isaaclab/lib/python3.11/site-packages/isaacsim/kit/logs/Kit/Isaac-Sim/5.1/kit_20260713_155021.log
2026-07-13T15:50:21Z [164ms] [Warning] [carb.windowing-glfw.plugin] GLFW initialization failed.
2026-07-13T15:50:21Z [164ms] [Warning] [carb] Failed to startup plugin carb.windowing-glfw.plugin (interfaces: [carb::windowing::IGLContext v1.0],[carb::windowing::IWindowing v1.5]) (impl: carb.windowing-glfw.plugin)
2026-07-13T15:50:21Z [227ms] [Warning] [omni.platforminfo.plugin] failed to open the default display.  Can't verify X Server version.
2026-07-13T15:50:21Z [228ms] [Warning] [carb.cudainterop.plugin] CUDA_VISIBLE_DEVICES environment variable is set.
2026-07-13T15:50:21Z [228ms] [Warning] [carb.cudainterop.plugin] Note CUDA device enumeration and Omniverse device enumeration are different.
2026-07-13T15:50:21Z [228ms] [Warning] [carb.cudainterop.plugin] Setting CUDA_VISIBLE_DEVICES can lead to undesired behavior or crashes.
2026-07-13T15:50:21Z [689ms] [Warning] [carb.windowing-glfw.plugin] GLFW initialization failed.
2026-07-13T15:50:21Z [689ms] [Warning] [carb] Failed to startup plugin carb.windowing-glfw.plugin (interfaces: [carb::windowing::IGLContext v1.0],[carb::windowing::IWindowing v1.5]) (impl: carb.windowing-glfw.plugin)
2026-07-13T15:50:22Z [823ms] [Warning] [gpu.foundation.plugin] Skipping NVIDIA GPU due CUDA being in bad state: NVIDIA RTX 6000 Ada Generation
2026-07-13T15:50:22Z [823ms] [Warning] [gpu.foundation.plugin] Please restart your system if CUDA is known to work in your system.
2026-07-13T15:50:22Z [824ms] [Warning] [gpu.foundation.plugin] Skipping NVIDIA GPU due CUDA being in bad state: NVIDIA RTX 6000 Ada Generation
2026-07-13T15:50:22Z [824ms] [Warning] [gpu.foundation.plugin] Please restart your system if CUDA is known to work in your system.
2026-07-13T15:50:22Z [824ms] [Warning] [gpu.foundation.plugin] Skipping NVIDIA GPU due CUDA being in bad state: NVIDIA RTX 6000 Ada Generation
2026-07-13T15:50:22Z [824ms] [Warning] [gpu.foundation.plugin] Please restart your system if CUDA is known to work in your system.
2026-07-13T15:50:22Z [824ms] [Warning] [gpu.foundation.plugin] Skipping NVIDIA GPU due CUDA being in bad state: NVIDIA RTX 6000 Ada Generation
2026-07-13T15:50:22Z [824ms] [Warning] [gpu.foundation.plugin] Please restart your system if CUDA is known to work in your system.
2026-07-13T15:50:22Z [824ms] [Warning] [gpu.foundation.plugin] Skipping NVIDIA GPU due CUDA being in bad state: NVIDIA RTX 6000 Ada Generation
2026-07-13T15:50:22Z [824ms] [Warning] [gpu.foundation.plugin] Please restart your system if CUDA is known to work in your system.
2026-07-13T15:50:22Z [824ms] [Warning] [gpu.foundation.plugin] Skipping NVIDIA GPU due CUDA being in bad state: NVIDIA RTX 6000 Ada Generation
2026-07-13T15:50:22Z [824ms] [Warning] [gpu.foundation.plugin] Please restart your system if CUDA is known to work in your system.

|---------------------------------------------------------------------------------------------|
| Driver Version: 550.90.12     | Graphics API: Vulkan
|=============================================================================================|
| GPU | Name                             | Active | LDA | GPU Memory | Vendor-ID | LUID       |
|     |                                  |        |     |            | Device-ID | UUID       |
|     |                                  |        |     |            | Bus-ID    |            |
|---------------------------------------------------------------------------------------------|
| 0   | NVIDIA RTX 6000 Ada Generation   |        |     | 49386   MB | 10de      | 0          |
|     |                                  |        |     |            | 26b1      | df04a158.. |
|     |                                  |        |     |            | 1         |            |
|---------------------------------------------------------------------------------------------|
| 1   | NVIDIA RTX 6000 Ada Generation   | Yes: 0 |     | 49386   MB | 10de      | 0          |
|     |                                  |        |     |            | 26b1      | 5cfd6483.. |
|     |                                  |        |     |            | 2c        |            |
|---------------------------------------------------------------------------------------------|
| 2   | NVIDIA RTX 6000 Ada Generation   |        |     | 49386   MB | 10de      | 0          |
|     |                                  |        |     |            | 26b1      | bdb0e57d.. |
|     |                                  |        |     |            | 41        |            |
|---------------------------------------------------------------------------------------------|
| 3   | NVIDIA RTX 6000 Ada Generation   |        |     | 49386   MB | 10de      | 0          |
|     |                                  |        |     |            | 26b1      | 21e14e0d.. |
|     |                                  |        |     |            | 61        |            |
|=============================================================================================|
| OS: 22.04.5 LTS (Jammy Jellyfish) ubuntu, Version: 22.04.5, Kernel: 5.15.0-181-generic
| Processor: AMD Ryzen Threadripper PRO 5995WX 64-Cores
| Cores: 64 | Logical Cores: 128
|---------------------------------------------------------------------------------------------|
| Total Memory (MB): 515582 | Free Memory: 484140
| Total Page/Swap (MB): 10239 | Free Page/Swap: 8531
|---------------------------------------------------------------------------------------------|
2026-07-13T15:50:23Z [1,895ms] [Warning] [carb.windowing-glfw.plugin] GLFW initialization failed.
2026-07-13T15:50:23Z [1,895ms] [Warning] [carb] Failed to startup plugin carb.windowing-glfw.plugin (interfaces: [carb::windowing::IGLContext v1.0],[carb::windowing::IWindowing v1.5]) (impl: carb.windowing-glfw.plugin)
2026-07-13T15:50:23Z [1,904ms] [Warning] [carb.windowing-glfw.plugin] GLFW initialization failed.
2026-07-13T15:50:23Z [1,904ms] [Warning] [carb] Failed to startup plugin carb.windowing-glfw.plugin (interfaces: [carb::windowing::IGLContext v1.0],[carb::windowing::IWindowing v1.5]) (impl: carb.windowing-glfw.plugin)
2026-07-13T15:50:23Z [1,910ms] [Warning] [carb.windowing-glfw.plugin] GLFW initialization failed.
2026-07-13T15:50:23Z [1,910ms] [Warning] [carb] Failed to startup plugin carb.windowing-glfw.plugin (interfaces: [carb::windowing::IGLContext v1.0],[carb::windowing::IWindowing v1.5]) (impl: carb.windowing-glfw.plugin)
2026-07-13T15:50:23Z [1,918ms] [Warning] [carb.windowing-glfw.plugin] GLFW initialization failed.
2026-07-13T15:50:23Z [1,918ms] [Warning] [carb] Failed to startup plugin carb.windowing-glfw.plugin (interfaces: [carb::windowing::IGLContext v1.0],[carb::windowing::IWindowing v1.5]) (impl: carb.windowing-glfw.plugin)
2026-07-13T15:50:23Z [1,919ms] [Warning] [carb.windowing-glfw.plugin] GLFW initialization failed.
2026-07-13T15:50:23Z [1,919ms] [Warning] [carb] Failed to startup plugin carb.windowing-glfw.plugin (interfaces: [carb::windowing::IGLContext v1.0],[carb::windowing::IWindowing v1.5]) (impl: carb.windowing-glfw.plugin)
2026-07-13T15:50:23Z [1,920ms] [Warning] [carb.windowing-glfw.plugin] GLFW initialization failed.
2026-07-13T15:50:23Z [1,920ms] [Warning] [carb] Failed to startup plugin carb.windowing-glfw.plugin (interfaces: [carb::windowing::IGLContext v1.0],[carb::windowing::IWindowing v1.5]) (impl: carb.windowing-glfw.plugin)
2026-07-13T15:50:23Z [2,143ms] [Warning] [omni.log] Source: omni.hydra was already registered.
2026-07-13T15:50:23Z [2,447ms] [Warning] [carb] Acquiring non optional plugin interface which is not listed as dependency: [omni::physx::IPhysxBenchmarks v1.0] (plugin: <default plugin>), by client: omni.physics.physx.plugin. Add it to CARB_PLUGIN_IMPL_DEPS() macro of a client.
2026-07-13T15:50:23Z [2,467ms] [Warning] [omni.isaac.dynamic_control] omni.isaac.dynamic_control is deprecated as of Isaac Sim 4.5. No action is needed from end-users.
2026-07-13T15:50:25Z [4,500ms] [Warning] [pxr.Semantics] pxr.Semantics is deprecated - please use Semantics instead
2026-07-13T15:50:25Z [4,628ms] [Warning] [omni.graph.core.plugin] Found duplicate of category 'Replicator' - was 'Annotators', adding 'Fabric Reader'
2026-07-13T15:50:25Z [4,628ms] [Warning] [omni.graph.core.plugin] Category 'Replicator' not accepted on node type 'omni.replicator.core.FabricReader' in extension 'omni.replicator.core'
2026-07-13T15:50:25Z [4,629ms] [Warning] [omni.replicator.core.scripts.extension] No material configuration file, adding configuration to material settings directly.
2026-07-13T15:50:27Z [5,919ms] [Warning] [omni.kvdb.plugin] Disabling key-value database because another kit process is locking it
2026-07-13T15:50:29Z [8,123ms] [Warning] [omni.fabric.plugin] Warning: attribute viewportHandle not found for bucket id 7

2026-07-13T15:50:29Z [8,617ms] [Warning] [isaaclab.envs.direct_marl_env] Seed not set for the environment. The environment creation may not be deterministic.

[36m========================================================================================================[0m
[36m[1m[INFO][IsaacLab]: Logging to file: /data/howard/isaac/tmp/isaaclab/logs/isaaclab_2026-07-13_15-50-29.log[0m
[36m========================================================================================================[0m

[33m15:50:29 [simulation_context.py] WARNING: The `enable_external_forces_every_iteration` parameter in the PhysxCfg is set to False. If you are experiencing noisy velocities, consider enabling this flag. You may need to slightly increase the number of velocity iterations (setting it to 1 or 2 rather than 0), together with this flag, to improve the accuracy of velocity updates.[0m
[INFO]: Base environment:
	Environment device    : cuda:0
	Environment seed      : None
	Physics step-size     : 0.016666666666666666
	Rendering step-size   : 0.1
	Environment step-size : 0.1
[INFO]: Time taken for scene creation : 1.462759 seconds
[INFO]: Scene manager:  <class InteractiveScene>
	Number of environments: 64
	Environment spacing   : 12.0
	Source prim name      : /World/envs/env_0
	Global prim paths     : []
	Replicate physics     : True
[INFO]: Starting the simulation. This may take a few seconds. Please wait...
[INFO]: Time taken for simulation start : 2.924159 seconds
[INFO]: Completed setting up the environment...
warm-started from runs/m7b_agent.pt
2026-07-13T15:50:37Z [16,471ms] [Warning] [carb] Client gpu.foundation.plugin has acquired [gpu::unstable::IMemoryBudgetManagerFactory v0.1] 100 times. Consider accessing this interface with carb::getCachedInterface() (Performance warning)
iter   1/366  step     8192  return     nan  success   nan (top  nan/bot  nan)  ep_len    nan  hazard_steps   nan  approx_kl 0.0182  SPS 902
iter   2/366  step    16384  return  17.178  success  1.00 (top 1.00/bot  nan)  ep_len  225.3  hazard_steps   0.0  approx_kl 0.0118  SPS 872
iter   3/366  step    24576  return  17.178  success  1.00 (top 1.00/bot  nan)  ep_len  225.3  hazard_steps   0.0  approx_kl 0.0040  SPS 878
iter   4/366  step    32768  return  17.064  success  1.00 (top 1.00/bot  nan)  ep_len  236.7  hazard_steps   0.0  approx_kl 0.0040  SPS 873
iter   5/366  step    40960  return   8.991  success  0.65 (top 0.96/bot 0.00)  ep_len  364.3  hazard_steps   2.1  approx_kl 0.0179  SPS 865
iter   6/366  step    49152  return   9.563  success  0.67 (top 0.97/bot 0.00)  ep_len  354.5  hazard_steps   1.9  approx_kl 0.0088  SPS 853
iter   7/366  step    57344  return   7.009  success  0.55 (top 0.95/bot 0.00)  ep_len  401.5  hazard_steps   2.1  approx_kl 0.0077  SPS 839
iter   8/366  step    65536  return   6.530  success  0.53 (top 0.95/bot 0.00)  ep_len  409.9  hazard_steps   2.1  approx_kl 0.0063  SPS 835
iter   9/366  step    73728  return   4.222  success  0.42 (top 0.94/bot 0.00)  ep_len  448.1  hazard_steps   2.4  approx_kl 0.0025  SPS 835
iter  10/366  step    81920  return   4.379  success  0.40 (top 0.92/bot 0.00)  ep_len  452.6  hazard_steps   1.6  approx_kl 0.0062  SPS 830
iter  11/366  step    90112  return   6.461  success  0.49 (top 0.92/bot 0.00)  ep_len  420.1  hazard_steps   0.8  approx_kl 0.0096  SPS 829
iter  12/366  step    98304  return   6.160  success  0.46 (top 0.89/bot 0.00)  ep_len  431.9  hazard_steps   0.4  approx_kl 0.0141  SPS 827
iter  13/366  step   106496  return   6.135  success  0.44 (top 0.88/bot 0.00)  ep_len  438.1  hazard_steps   0.0  approx_kl 0.0061  SPS 828
iter  14/366  step   114688  return   6.762  success  0.47 (top 0.88/bot 0.00)  ep_len  427.3  hazard_steps   0.0  approx_kl 0.0070  SPS 825
iter  15/366  step   122880  return   6.102  success  0.43 (top 0.83/bot 0.00)  ep_len  441.1  hazard_steps   0.3  approx_kl 0.0069  SPS 824
iter  16/366  step   131072  return   4.324  success  0.33 (top 0.82/bot 0.00)  ep_len  477.0  hazard_steps   0.3  approx_kl 0.0100  SPS 824
iter  17/366  step   139264  return   5.682  success  0.39 (top 0.82/bot 0.00)  ep_len  454.5  hazard_steps   0.3  approx_kl 0.0066  SPS 826
iter  18/366  step   147456  return   5.287  success  0.37 (top 0.80/bot 0.00)  ep_len  464.2  hazard_steps   0.3  approx_kl 0.0068  SPS 827
iter  19/366  step   155648  return   4.821  success  0.36 (top 0.80/bot 0.00)  ep_len  467.7  hazard_steps   0.3  approx_kl 0.0086  SPS 829
iter  20/366  step   163840  return   5.047  success  0.38 (top 0.82/bot 0.00)  ep_len  459.4  hazard_steps   0.0  approx_kl 0.0212  SPS 830
iter  21/366  step   172032  return   4.349  success  0.36 (top 0.82/bot 0.00)  ep_len  466.4  hazard_steps   0.1  approx_kl 0.0076  SPS 831
iter  22/366  step   180224  return   5.486  success  0.43 (top 0.82/bot 0.00)  ep_len  440.5  hazard_steps   0.2  approx_kl 0.0149  SPS 832
iter  23/366  step   188416  return   5.393  success  0.43 (top 0.81/bot 0.00)  ep_len  437.6  hazard_steps   0.2  approx_kl 0.0174  SPS 830
iter  24/366  step   196608  return   5.043  success  0.41 (top 0.80/bot 0.00)  ep_len  445.1  hazard_steps   0.2  approx_kl 0.0088  SPS 827
iter  25/366  step   204800  return   4.904  success  0.41 (top 0.81/bot 0.00)  ep_len  445.6  hazard_steps   0.3  approx_kl 0.0083  SPS 824
iter  26/366  step   212992  return   5.414  success  0.43 (top 0.84/bot 0.00)  ep_len  437.9  hazard_steps   0.5  approx_kl 0.0072  SPS 822
iter  27/366  step   221184  return   5.572  success  0.45 (top 0.87/bot 0.00)  ep_len  431.8  hazard_steps   0.4  approx_kl 0.0097  SPS 820
iter  28/366  step   229376  return   6.108  success  0.49 (top 0.88/bot 0.00)  ep_len  416.6  hazard_steps   0.4  approx_kl 0.0091  SPS 821
iter  29/366  step   237568  return   5.189  success  0.46 (top 0.88/bot 0.00)  ep_len  427.7  hazard_steps   0.3  approx_kl 0.0053  SPS 819
iter  30/366  step   245760  return   5.414  success  0.47 (top 0.86/bot 0.00)  ep_len  424.0  hazard_steps   0.4  approx_kl 0.0101  SPS 820
iter  31/366  step   253952  return   3.761  success  0.42 (top 0.83/bot 0.00)  ep_len  442.6  hazard_steps   0.7  approx_kl 0.0088  SPS 820
iter  32/366  step   262144  return   3.689  success  0.42 (top 0.83/bot 0.00)  ep_len  442.9  hazard_steps   0.5  approx_kl 0.0084  SPS 819
iter  33/366  step   270336  return   2.456  success  0.36 (top 0.83/bot 0.00)  ep_len  464.5  hazard_steps   0.7  approx_kl 0.0032  SPS 821
iter  34/366  step   278528  return   1.248  success  0.32 (top 0.85/bot 0.00)  ep_len  479.4  hazard_steps   0.8  approx_kl 0.0040  SPS 822
iter  35/366  step   286720  return   2.080  success  0.36 (top 0.86/bot 0.00)  ep_len  465.3  hazard_steps   0.8  approx_kl 0.0124  SPS 823
iter  36/366  step   294912  return   2.125  success  0.35 (top 0.82/bot 0.00)  ep_len  469.6  hazard_steps   0.5  approx_kl 0.0080  SPS 824
iter  37/366  step   303104  return   2.752  success  0.38 (top 0.81/bot 0.00)  ep_len  458.2  hazard_steps   0.3  approx_kl 0.0070  SPS 824
iter  38/366  step   311296  return   2.926  success  0.39 (top 0.83/bot 0.00)  ep_len  454.7  hazard_steps   0.2  approx_kl 0.0043  SPS 824
iter  39/366  step   319488  return   4.678  success  0.45 (top 0.84/bot 0.00)  ep_len  431.7  hazard_steps   0.2  approx_kl 0.0090  SPS 823
iter  40/366  step   327680  return   4.345  success  0.44 (top 0.85/bot 0.00)  ep_len  434.8  hazard_steps   0.2  approx_kl 0.0077  SPS 822
iter  41/366  step   335872  return   4.902  success  0.47 (top 0.85/bot 0.00)  ep_len  422.9  hazard_steps   0.4  approx_kl 0.0101  SPS 821
iter  42/366  step   344064  return   4.953  success  0.48 (top 0.89/bot 0.00)  ep_len  418.8  hazard_steps   0.5  approx_kl 0.0086  SPS 819
iter  43/366  step   352256  return   4.654  success  0.47 (top 0.90/bot 0.00)  ep_len  423.0  hazard_steps   0.6  approx_kl 0.0131  SPS 819
iter  44/366  step   360448  return   4.679  success  0.48 (top 0.91/bot 0.00)  ep_len  419.0  hazard_steps   0.4  approx_kl 0.0122  SPS 817
iter  45/366  step   368640  return   5.142  success  0.49 (top 0.91/bot 0.00)  ep_len  415.1  hazard_steps   0.4  approx_kl 0.0077  SPS 816
iter  46/366  step   376832  return   4.392  success  0.46 (top 0.93/bot 0.00)  ep_len  427.1  hazard_steps   0.4  approx_kl 0.0046  SPS 816
iter  47/366  step   385024  return   4.776  success  0.47 (top 0.95/bot 0.00)  ep_len  423.7  hazard_steps   0.1  approx_kl 0.0079  SPS 816
iter  48/366  step   393216  return   3.996  success  0.45 (top 0.94/bot 0.00)  ep_len  431.1  hazard_steps   0.0  approx_kl 0.0045  SPS 815
iter  49/366  step   401408  return   4.089  success  0.46 (top 0.94/bot 0.00)  ep_len  427.9  hazard_steps   0.2  approx_kl 0.0125  SPS 815
iter  50/366  step   409600  return   5.131  success  0.52 (top 0.94/bot 0.00)  ep_len  406.1  hazard_steps   0.3  approx_kl 0.0086  SPS 816
iter  51/366  step   417792  return   3.670  success  0.47 (top 0.92/bot 0.00)  ep_len  424.2  hazard_steps   0.4  approx_kl 0.0065  SPS 817
iter  52/366  step   425984  return   3.685  success  0.47 (top 0.91/bot 0.00)  ep_len  424.5  hazard_steps   0.4  approx_kl 0.0066  SPS 817
iter  53/366  step   434176  return   3.695  success  0.46 (top 0.88/bot 0.00)  ep_len  428.0  hazard_steps   0.4  approx_kl 0.0098  SPS 818
iter  54/366  step   442368  return   3.672  success  0.45 (top 0.88/bot 0.00)  ep_len  431.8  hazard_steps   0.2  approx_kl 0.0114  SPS 818
iter  55/366  step   450560  return   3.989  success  0.46 (top 0.89/bot 0.00)  ep_len  428.5  hazard_steps   0.1  approx_kl 0.0039  SPS 818
iter  56/366  step   458752  return   2.770  success  0.41 (top 0.89/bot 0.00)  ep_len  447.1  hazard_steps   0.2  approx_kl 0.0067  SPS 817
iter  57/366  step   466944  return   2.865  success  0.41 (top 0.89/bot 0.00)  ep_len  447.8  hazard_steps   0.1  approx_kl 0.0067  SPS 817
iter  58/366  step   475136  return   3.788  success  0.46 (top 0.90/bot 0.00)  ep_len  431.2  hazard_steps   0.5  approx_kl 0.0090  SPS 816
iter  59/366  step   483328  return   3.365  success  0.43 (top 0.90/bot 0.00)  ep_len  442.8  hazard_steps   0.5  approx_kl 0.0070  SPS 815
iter  60/366  step   491520  return   3.493  success  0.43 (top 0.88/bot 0.00)  ep_len  442.8  hazard_steps   0.6  approx_kl 0.0091  SPS 815
iter  61/366  step   499712  return   3.604  success  0.46 (top 0.88/bot 0.01)  ep_len  435.4  hazard_steps   2.2  approx_kl 0.0034  SPS 814
iter  62/366  step   507904  return   3.797  success  0.46 (top 0.89/bot 0.01)  ep_len  435.3  hazard_steps   2.2  approx_kl 0.0061  SPS 813
iter  63/366  step   516096  return   3.446  success  0.44 (top 0.90/bot 0.01)  ep_len  441.8  hazard_steps   2.2  approx_kl 0.0083  SPS 813
iter  64/366  step   524288  return   3.349  success  0.43 (top 0.93/bot 0.01)  ep_len  445.1  hazard_steps   2.1  approx_kl 0.0070  SPS 812
iter  65/366  step   532480  return   4.244  success  0.47 (top 0.92/bot 0.01)  ep_len  430.6  hazard_steps   2.0  approx_kl 0.0110  SPS 812
iter  66/366  step   540672  return   4.790  success  0.46 (top 0.92/bot 0.01)  ep_len  431.0  hazard_steps   0.3  approx_kl 0.0124  SPS 812
iter  67/366  step   548864  return   4.388  success  0.44 (top 0.92/bot 0.01)  ep_len  438.5  hazard_steps   0.2  approx_kl 0.0095  SPS 811
iter  68/366  step   557056  return   5.666  success  0.49 (top 0.93/bot 0.01)  ep_len  420.3  hazard_steps   0.0  approx_kl 0.0082  SPS 811
iter  69/366  step   565248  return   4.642  success  0.45 (top 0.93/bot 0.01)  ep_len  434.9  hazard_steps   0.0  approx_kl 0.0105  SPS 811
iter  70/366  step   573440  return   4.354  success  0.44 (top 0.93/bot 0.01)  ep_len  437.4  hazard_steps   0.0  approx_kl 0.0050  SPS 811
iter  71/366  step   581632  return   4.218  success  0.44 (top 0.94/bot 0.00)  ep_len  437.0  hazard_steps   0.0  approx_kl 0.0061  SPS 811
iter  72/366  step   589824  return   3.269  success  0.41 (top 0.97/bot 0.00)  ep_len  447.4  hazard_steps   0.2  approx_kl 0.0040  SPS 810
iter  73/366  step   598016  return   2.779  success  0.41 (top 0.97/bot 0.00)  ep_len  447.6  hazard_steps   0.5  approx_kl 0.0064  SPS 810
iter  74/366  step   606208  return   3.420  success  0.44 (top 0.97/bot 0.00)  ep_len  436.4  hazard_steps   0.5  approx_kl 0.0060  SPS 810
iter  75/366  step   614400  return   2.485  success  0.41 (top 0.97/bot 0.00)  ep_len  447.3  hazard_steps   0.8  approx_kl 0.0049  SPS 810
iter  76/366  step   622592  return   2.651  success  0.42 (top 0.97/bot 0.00)  ep_len  444.2  hazard_steps   0.9  approx_kl 0.0036  SPS 809
iter  77/366  step   630784  return   4.429  success  0.48 (top 0.99/bot 0.00)  ep_len  423.3  hazard_steps   0.9  approx_kl 0.0039  SPS 809
iter  78/366  step   638976  return   5.996  success  0.53 (top 0.99/bot 0.00)  ep_len  404.9  hazard_steps   0.7  approx_kl 0.0101  SPS 810
iter  79/366  step   647168  return   7.120  success  0.58 (top 0.99/bot 0.00)  ep_len  386.9  hazard_steps   0.4  approx_kl 0.0129  SPS 810
iter  80/366  step   655360  return   7.974  success  0.62 (top 0.99/bot 0.00)  ep_len  371.8  hazard_steps   0.5  approx_kl 0.0139  SPS 811
iter  81/366  step   663552  return   8.292  success  0.62 (top 0.98/bot 0.00)  ep_len  373.2  hazard_steps   0.9  approx_kl 0.0079  SPS 812
iter  82/366  step   671744  return   7.400  success  0.57 (top 0.96/bot 0.00)  ep_len  390.8  hazard_steps   0.9  approx_kl 0.0062  SPS 811
iter  83/366  step   679936  return   6.614  success  0.54 (top 0.96/bot 0.00)  ep_len  401.0  hazard_steps   1.1  approx_kl 0.0058  SPS 811
iter  84/366  step   688128  return   5.800  success  0.50 (top 0.97/bot 0.00)  ep_len  415.5  hazard_steps   1.2  approx_kl 0.0073  SPS 810
iter  85/366  step   696320  return   5.674  success  0.48 (top 0.97/bot 0.00)  ep_len  422.1  hazard_steps   1.2  approx_kl 0.0080  SPS 810
iter  86/366  step   704512  return   6.802  success  0.53 (top 0.97/bot 0.00)  ep_len  401.7  hazard_steps   0.9  approx_kl 0.0031  SPS 809
iter  87/366  step   712704  return   6.767  success  0.53 (top 0.97/bot 0.00)  ep_len  405.3  hazard_steps   0.8  approx_kl 0.0077  SPS 809
iter  88/366  step   720896  return   6.745  success  0.52 (top 0.96/bot 0.00)  ep_len  409.7  hazard_steps   0.6  approx_kl 0.0053  SPS 809
iter  89/366  step   729088  return   7.483  success  0.56 (top 0.96/bot 0.00)  ep_len  394.6  hazard_steps   0.5  approx_kl 0.0100  SPS 809
iter  90/366  step   737280  return   6.807  success  0.53 (top 0.96/bot 0.00)  ep_len  406.4  hazard_steps   0.4  approx_kl 0.0064  SPS 808
iter  91/366  step   745472  return   6.083  success  0.50 (top 0.96/bot 0.00)  ep_len  417.3  hazard_steps   0.4  approx_kl 0.0121  SPS 808
iter  92/366  step   753664  return   6.694  success  0.54 (top 0.98/bot 0.00)  ep_len  398.6  hazard_steps   0.4  approx_kl 0.0053  SPS 806
iter  93/366  step   761856  return   6.162  success  0.53 (top 0.98/bot 0.00)  ep_len  402.3  hazard_steps   0.7  approx_kl 0.0091  SPS 806
iter  94/366  step   770048  return   4.835  success  0.47 (top 0.98/bot 0.00)  ep_len  424.4  hazard_steps   0.7  approx_kl 0.0056  SPS 806
iter  95/366  step   778240  return   5.110  success  0.48 (top 0.98/bot 0.00)  ep_len  420.2  hazard_steps   0.6  approx_kl 0.0041  SPS 807
iter  96/366  step   786432  return   4.918  success  0.48 (top 0.98/bot 0.00)  ep_len  420.6  hazard_steps   0.6  approx_kl 0.0057  SPS 808
iter  97/366  step   794624  return   4.034  success  0.44 (top 0.97/bot 0.00)  ep_len  435.0  hazard_steps   0.6  approx_kl 0.0136  SPS 808
iter  98/366  step   802816  return   4.301  success  0.46 (top 0.98/bot 0.00)  ep_len  427.4  hazard_steps   0.4  approx_kl 0.0131  SPS 808
iter  99/366  step   811008  return   5.046  success  0.49 (top 0.97/bot 0.00)  ep_len  416.3  hazard_steps   0.6  approx_kl 0.0087  SPS 809
iter 100/366  step   819200  return   4.372  success  0.46 (top 0.96/bot 0.00)  ep_len  427.7  hazard_steps   0.8  approx_kl 0.0072  SPS 809
iter 101/366  step   827392  return   4.600  success  0.47 (top 0.96/bot 0.00)  ep_len  423.3  hazard_steps   1.0  approx_kl 0.0159  SPS 808
iter 102/366  step   835584  return   4.068  success  0.45 (top 0.94/bot 0.00)  ep_len  430.8  hazard_steps   1.1  approx_kl 0.0059  SPS 809
iter 103/366  step   843776  return   4.342  success  0.46 (top 0.94/bot 0.00)  ep_len  426.8  hazard_steps   1.1  approx_kl 0.0049  SPS 809
iter 104/366  step   851968  return   4.837  success  0.48 (top 0.94/bot 0.00)  ep_len  418.6  hazard_steps   0.7  approx_kl 0.0073  SPS 809
iter 105/366  step   860160  return   5.624  success  0.51 (top 0.94/bot 0.00)  ep_len  407.2  hazard_steps   0.3  approx_kl 0.0080  SPS 809
iter 106/366  step   868352  return   5.207  success  0.49 (top 0.94/bot 0.00)  ep_len  415.2  hazard_steps   0.2  approx_kl 0.0044  SPS 808
iter 107/366  step   876544  return   5.616  success  0.51 (top 0.95/bot 0.00)  ep_len  408.2  hazard_steps   0.2  approx_kl 0.0097  SPS 808
iter 108/366  step   884736  return   5.574  success  0.51 (top 0.95/bot 0.00)  ep_len  408.3  hazard_steps   0.4  approx_kl 0.0085  SPS 807
iter 109/366  step   892928  return   5.668  success  0.51 (top 0.96/bot 0.00)  ep_len  409.1  hazard_steps   0.5  approx_kl 0.0075  SPS 808
iter 110/366  step   901120  return   6.271  success  0.54 (top 0.98/bot 0.00)  ep_len  398.5  hazard_steps   0.5  approx_kl 0.0061  SPS 808
iter 111/366  step   909312  return   6.567  success  0.56 (top 1.00/bot 0.00)  ep_len  390.9  hazard_steps   0.5  approx_kl 0.0053  SPS 808
iter 112/366  step   917504  return   5.674  success  0.53 (top 1.00/bot 0.00)  ep_len  403.1  hazard_steps   0.3  approx_kl 0.0069  SPS 808
iter 113/366  step   925696  return   7.676  success  0.61 (top 0.99/bot 0.00)  ep_len  374.9  hazard_steps   0.2  approx_kl 0.0055  SPS 809
iter 114/366  step   933888  return   7.331  success  0.59 (top 0.99/bot 0.00)  ep_len  382.0  hazard_steps   0.1  approx_kl 0.0105  SPS 809
iter 115/366  step   942080  return   7.335  success  0.59 (top 0.99/bot 0.00)  ep_len  381.8  hazard_steps   0.0  approx_kl 0.0064  SPS 809
iter 116/366  step   950272  return   6.934  success  0.57 (top 0.99/bot 0.00)  ep_len  390.7  hazard_steps   0.1  approx_kl 0.0093  SPS 809
iter 117/366  step   958464  return   6.991  success  0.57 (top 0.98/bot 0.00)  ep_len  389.7  hazard_steps   0.1  approx_kl 0.0096  SPS 809
iter 118/366  step   966656  return   5.709  success  0.51 (top 0.98/bot 0.00)  ep_len  409.4  hazard_steps   0.1  approx_kl 0.0093  SPS 808
iter 119/366  step   974848  return   5.228  success  0.50 (top 0.98/bot 0.00)  ep_len  412.0  hazard_steps   0.1  approx_kl 0.0084  SPS 808
iter 120/366  step   983040  return   5.727  success  0.52 (top 0.98/bot 0.00)  ep_len  403.4  hazard_steps   0.1  approx_kl 0.0045  SPS 808
iter 121/366  step   991232  return   6.202  success  0.54 (top 0.98/bot 0.00)  ep_len  394.5  hazard_steps   0.0  approx_kl 0.0067  SPS 808
iter 122/366  step   999424  return   5.797  success  0.51 (top 0.99/bot 0.00)  ep_len  406.0  hazard_steps   0.0  approx_kl 0.0079  SPS 808
iter 123/366  step  1007616  return   5.296  success  0.49 (top 0.99/bot 0.00)  ep_len  413.8  hazard_steps   0.0  approx_kl 0.0044  SPS 808
iter 124/366  step  1015808  return   4.359  success  0.45 (top 0.99/bot 0.00)  ep_len  429.0  hazard_steps   0.0  approx_kl 0.0078  SPS 808
iter 125/366  step  1024000  return   3.898  success  0.43 (top 0.99/bot 0.00)  ep_len  437.2  hazard_steps   0.0  approx_kl 0.0085  SPS 808
iter 126/366  step  1032192  return   3.730  success  0.43 (top 0.99/bot 0.00)  ep_len  437.6  hazard_steps   0.0  approx_kl 0.0075  SPS 808
iter 127/366  step  1040384  return   4.001  success  0.45 (top 1.00/bot 0.00)  ep_len  430.6  hazard_steps   0.1  approx_kl 0.0115  SPS 808
iter 128/366  step  1048576  return   5.018  success  0.50 (top 1.00/bot 0.00)  ep_len  412.5  hazard_steps   0.2  approx_kl 0.0042  SPS 809
iter 129/366  step  1056768  return   5.018  success  0.51 (top 1.00/bot 0.00)  ep_len  409.0  hazard_steps   0.3  approx_kl 0.0074  SPS 809
iter 130/366  step  1064960  return   5.892  success  0.54 (top 1.00/bot 0.00)  ep_len  397.9  hazard_steps   0.4  approx_kl 0.0097  SPS 810
iter 131/366  step  1073152  return   6.399  success  0.56 (top 1.00/bot 0.00)  ep_len  390.4  hazard_steps   0.4  approx_kl 0.0095  SPS 810
iter 132/366  step  1081344  return   6.056  success  0.54 (top 1.00/bot 0.00)  ep_len  397.7  hazard_steps   0.3  approx_kl 0.0077  SPS 810
iter 133/366  step  1089536  return   6.426  success  0.55 (top 1.00/bot 0.00)  ep_len  393.9  hazard_steps   0.2  approx_kl 0.0044  SPS 810
iter 134/366  step  1097728  return   6.363  success  0.54 (top 1.00/bot 0.00)  ep_len  398.1  hazard_steps   0.1  approx_kl 0.0080  SPS 810
iter 135/366  step  1105920  return   6.065  success  0.52 (top 1.00/bot 0.00)  ep_len  405.7  hazard_steps   0.0  approx_kl 0.0052  SPS 809
iter 136/366  step  1114112  return   4.854  success  0.46 (top 1.00/bot 0.00)  ep_len  427.8  hazard_steps   0.0  approx_kl 0.0095  SPS 809
iter 137/366  step  1122304  return   4.868  success  0.46 (top 1.00/bot 0.00)  ep_len  427.7  hazard_steps   0.0  approx_kl 0.0076  SPS 810
iter 138/366  step  1130496  return   4.498  success  0.44 (top 1.00/bot 0.00)  ep_len  434.7  hazard_steps   0.0  approx_kl 0.0106  SPS 810
iter 139/366  step  1138688  return   4.241  success  0.43 (top 0.99/bot 0.00)  ep_len  437.9  hazard_steps   0.1  approx_kl 0.0112  SPS 809
iter 140/366  step  1146880  return   4.561  success  0.45 (top 0.99/bot 0.00)  ep_len  429.6  hazard_steps   0.1  approx_kl 0.0075  SPS 809
iter 141/366  step  1155072  return   5.066  success  0.47 (top 0.99/bot 0.00)  ep_len  421.8  hazard_steps   0.1  approx_kl 0.0117  SPS 809
iter 142/366  step  1163264  return   4.041  success  0.43 (top 0.99/bot 0.00)  ep_len  436.5  hazard_steps   0.2  approx_kl 0.0064  SPS 809
iter 143/366  step  1171456  return   4.044  success  0.44 (top 0.99/bot 0.00)  ep_len  432.6  hazard_steps   0.2  approx_kl 0.0073  SPS 809
iter 144/366  step  1179648  return   5.055  success  0.49 (top 0.99/bot 0.00)  ep_len  413.8  hazard_steps   0.2  approx_kl 0.0069  SPS 809
iter 145/366  step  1187840  return   5.325  success  0.51 (top 0.99/bot 0.00)  ep_len  406.6  hazard_steps   0.2  approx_kl 0.0094  SPS 810
iter 146/366  step  1196032  return   6.666  success  0.57 (top 0.99/bot 0.00)  ep_len  384.0  hazard_steps   0.1  approx_kl 0.0090  SPS 810
iter 147/366  step  1204224  return   7.419  success  0.60 (top 0.99/bot 0.00)  ep_len  372.8  hazard_steps   0.1  approx_kl 0.0123  SPS 810
iter 148/366  step  1212416  return   6.553  success  0.57 (top 0.99/bot 0.00)  ep_len  384.0  hazard_steps   0.1  approx_kl 0.0072  SPS 810
iter 149/366  step  1220608  return   6.153  success  0.55 (top 1.00/bot 0.00)  ep_len  391.5  hazard_steps   0.2  approx_kl 0.0091  SPS 810
iter 150/366  step  1228800  return   5.516  success  0.52 (top 1.00/bot 0.00)  ep_len  401.9  hazard_steps   0.2  approx_kl 0.0126  SPS 810
iter 151/366  step  1236992  return   3.967  success  0.46 (top 1.00/bot 0.00)  ep_len  423.5  hazard_steps   0.3  approx_kl 0.0104  SPS 810
iter 152/366  step  1245184  return   4.801  success  0.49 (top 1.00/bot 0.00)  ep_len  411.6  hazard_steps   0.3  approx_kl 0.0099  SPS 810
iter 153/366  step  1253376  return   5.665  success  0.52 (top 1.00/bot 0.00)  ep_len  399.2  hazard_steps   0.3  approx_kl 0.0142  SPS 809
iter 154/366  step  1261568  return   5.629  success  0.53 (top 1.00/bot 0.00)  ep_len  395.1  hazard_steps   0.3  approx_kl 0.0091  SPS 809
iter 155/366  step  1269760  return   6.208  success  0.56 (top 1.00/bot 0.00)  ep_len  384.0  hazard_steps   0.5  approx_kl 0.0061  SPS 809
iter 156/366  step  1277952  return   6.654  success  0.58 (top 1.00/bot 0.00)  ep_len  377.2  hazard_steps   0.5  approx_kl 0.0089  SPS 809
iter 157/366  step  1286144  return   5.620  success  0.54 (top 1.00/bot 0.00)  ep_len  392.2  hazard_steps   0.7  approx_kl 0.0107  SPS 809
iter 158/366  step  1294336  return   5.133  success  0.52 (top 1.00/bot 0.00)  ep_len  400.0  hazard_steps   0.9  approx_kl 0.0125  SPS 809
iter 159/366  step  1302528  return   5.978  success  0.55 (top 1.00/bot 0.00)  ep_len  389.0  hazard_steps   0.9  approx_kl 0.0115  SPS 809
iter 160/366  step  1310720  return   6.411  success  0.56 (top 1.00/bot 0.00)  ep_len  385.2  hazard_steps   1.2  approx_kl 0.0058  SPS 809
iter 161/366  step  1318912  return   6.993  success  0.57 (top 1.00/bot 0.00)  ep_len  381.3  hazard_steps   1.1  approx_kl 0.0047  SPS 810
iter 162/366  step  1327104  return   6.575  success  0.55 (top 1.00/bot 0.00)  ep_len  389.1  hazard_steps   1.3  approx_kl 0.0090  SPS 810
iter 163/366  step  1335296  return   5.941  success  0.53 (top 1.00/bot 0.00)  ep_len  396.7  hazard_steps   1.3  approx_kl 0.0065  SPS 810
iter 164/366  step  1343488  return   4.887  success  0.48 (top 1.00/bot 0.00)  ep_len  415.4  hazard_steps   1.2  approx_kl 0.0071  SPS 810
iter 165/366  step  1351680  return   5.458  success  0.49 (top 1.00/bot 0.00)  ep_len  411.3  hazard_steps   1.0  approx_kl 0.0043  SPS 809
iter 166/366  step  1359872  return   4.142  success  0.44 (top 1.00/bot 0.00)  ep_len  429.5  hazard_steps   0.8  approx_kl 0.0072  SPS 810
iter 167/366  step  1368064  return   3.715  success  0.43 (top 1.00/bot 0.00)  ep_len  433.4  hazard_steps   0.8  approx_kl 0.0069  SPS 809
iter 168/366  step  1376256  return   4.518  success  0.45 (top 1.00/bot 0.00)  ep_len  425.8  hazard_steps   0.5  approx_kl 0.0111  SPS 810
iter 169/366  step  1384448  return   5.232  success  0.47 (top 1.00/bot 0.00)  ep_len  418.1  hazard_steps   0.5  approx_kl 0.0074  SPS 809
iter 170/366  step  1392640  return   4.269  success  0.43 (top 1.00/bot 0.00)  ep_len  433.4  hazard_steps   0.5  approx_kl 0.0053  SPS 809
iter 171/366  step  1400832  return   5.099  success  0.46 (top 1.00/bot 0.00)  ep_len  422.4  hazard_steps   0.5  approx_kl 0.0091  SPS 809
iter 172/366  step  1409024  return   5.265  success  0.45 (top 1.00/bot 0.00)  ep_len  427.9  hazard_steps   0.5  approx_kl 0.0121  SPS 808
iter 173/366  step  1417216  return   5.536  success  0.47 (top 1.00/bot 0.00)  ep_len  420.6  hazard_steps   0.5  approx_kl 0.0076  SPS 808
iter 174/366  step  1425408  return   6.062  success  0.51 (top 1.00/bot 0.00)  ep_len  405.7  hazard_steps   0.5  approx_kl 0.0120  SPS 808
iter 175/366  step  1433600  return   6.775  success  0.55 (top 1.00/bot 0.00)  ep_len  390.8  hazard_steps   0.5  approx_kl 0.0086  SPS 808
iter 176/366  step  1441792  return   7.003  success  0.56 (top 1.00/bot 0.00)  ep_len  389.8  hazard_steps   0.4  approx_kl 0.0079  SPS 809
iter 177/366  step  1449984  return   6.576  success  0.55 (top 1.00/bot 0.00)  ep_len  392.6  hazard_steps   0.2  approx_kl 0.0056  SPS 809
iter 178/366  step  1458176  return   7.474  success  0.58 (top 1.00/bot 0.00)  ep_len  380.7  hazard_steps   0.1  approx_kl 0.0093  SPS 809
iter 179/366  step  1466368  return   7.380  success  0.56 (top 1.00/bot 0.00)  ep_len  388.6  hazard_steps   0.3  approx_kl 0.0092  SPS 809
iter 180/366  step  1474560  return   7.255  success  0.56 (top 1.00/bot 0.00)  ep_len  388.3  hazard_steps   0.4  approx_kl 0.0070  SPS 809
iter 181/366  step  1482752  return   7.185  success  0.56 (top 1.00/bot 0.00)  ep_len  385.1  hazard_steps   0.4  approx_kl 0.0058  SPS 809
iter 182/366  step  1490944  return   5.783  success  0.50 (top 1.00/bot 0.00)  ep_len  408.4  hazard_steps   0.5  approx_kl 0.0118  SPS 808
iter 183/366  step  1499136  return   4.918  success  0.48 (top 1.00/bot 0.00)  ep_len  416.7  hazard_steps   0.5  approx_kl 0.0082  SPS 808
iter 184/366  step  1507328  return   4.864  success  0.51 (top 1.00/bot 0.00)  ep_len  405.1  hazard_steps   1.5  approx_kl 0.0187  SPS 808
iter 185/366  step  1515520  return   5.422  success  0.53 (top 1.00/bot 0.00)  ep_len  398.0  hazard_steps   1.4  approx_kl 0.0052  SPS 808
iter 186/366  step  1523712  return   4.753  success  0.50 (top 1.00/bot 0.00)  ep_len  408.8  hazard_steps   1.4  approx_kl 0.0108  SPS 808
iter 187/366  step  1531904  return   4.806  success  0.51 (top 1.00/bot 0.00)  ep_len  405.6  hazard_steps   1.3  approx_kl 0.0067  SPS 808
iter 188/366  step  1540096  return   4.869  success  0.50 (top 1.00/bot 0.00)  ep_len  408.3  hazard_steps   1.3  approx_kl 0.0075  SPS 808
iter 189/366  step  1548288  return   6.007  success  0.53 (top 1.00/bot 0.00)  ep_len  396.6  hazard_steps   0.1  approx_kl 0.0086  SPS 808
iter 190/366  step  1556480  return   5.728  success  0.51 (top 1.00/bot 0.00)  ep_len  403.8  hazard_steps   0.1  approx_kl 0.0063  SPS 808
iter 191/366  step  1564672  return   5.774  success  0.51 (top 1.00/bot 0.00)  ep_len  404.2  hazard_steps   0.1  approx_kl 0.0050  SPS 808
iter 192/366  step  1572864  return   6.132  success  0.52 (top 1.00/bot 0.00)  ep_len  399.3  hazard_steps   0.0  approx_kl 0.0084  SPS 808
iter 193/366  step  1581056  return   5.224  success  0.49 (top 0.99/bot 0.00)  ep_len  412.2  hazard_steps   0.1  approx_kl 0.0053  SPS 808
iter 194/366  step  1589248  return   5.499  success  0.51 (top 0.99/bot 0.00)  ep_len  404.8  hazard_steps   0.1  approx_kl 0.0063  SPS 808
iter 195/366  step  1597440  return   4.392  success  0.48 (top 0.99/bot 0.00)  ep_len  416.6  hazard_steps   0.1  approx_kl 0.0070  SPS 808
iter 196/366  step  1605632  return   4.290  success  0.47 (top 0.99/bot 0.00)  ep_len  420.2  hazard_steps   0.1  approx_kl 0.0083  SPS 808
iter 197/366  step  1613824  return   4.869  success  0.50 (top 0.99/bot 0.00)  ep_len  408.8  hazard_steps   0.1  approx_kl 0.0062  SPS 808
iter 198/366  step  1622016  return   5.849  success  0.54 (top 0.99/bot 0.00)  ep_len  393.3  hazard_steps   0.1  approx_kl 0.0096  SPS 808
iter 199/366  step  1630208  return   5.317  success  0.51 (top 0.99/bot 0.00)  ep_len  406.9  hazard_steps   0.1  approx_kl 0.0078  SPS 808
iter 200/366  step  1638400  return   5.363  success  0.50 (top 0.99/bot 0.00)  ep_len  411.0  hazard_steps   0.1  approx_kl 0.0045  SPS 808
iter 201/366  step  1646592  return   5.611  success  0.51 (top 0.99/bot 0.00)  ep_len  408.4  hazard_steps   0.1  approx_kl 0.0086  SPS 808
iter 202/366  step  1654784  return   5.508  success  0.50 (top 0.99/bot 0.00)  ep_len  412.6  hazard_steps   0.1  approx_kl 0.0060  SPS 807
iter 203/366  step  1662976  return   6.017  success  0.51 (top 1.00/bot 0.00)  ep_len  410.0  hazard_steps   0.1  approx_kl 0.0079  SPS 807
iter 204/366  step  1671168  return   5.474  success  0.49 (top 1.00/bot 0.00)  ep_len  415.2  hazard_steps   0.2  approx_kl 0.0068  SPS 808
iter 205/366  step  1679360  return   6.205  success  0.52 (top 1.00/bot 0.00)  ep_len  404.2  hazard_steps   0.1  approx_kl 0.0114  SPS 807
iter 206/366  step  1687552  return   5.738  success  0.49 (top 1.00/bot 0.00)  ep_len  414.9  hazard_steps   0.2  approx_kl 0.0075  SPS 808
iter 207/366  step  1695744  return   5.876  success  0.50 (top 1.00/bot 0.00)  ep_len  410.8  hazard_steps   0.3  approx_kl 0.0085  SPS 808
iter 208/366  step  1703936  return   5.668  success  0.49 (top 1.00/bot 0.00)  ep_len  413.8  hazard_steps   0.3  approx_kl 0.0041  SPS 808
iter 209/366  step  1712128  return   6.430  success  0.53 (top 1.00/bot 0.00)  ep_len  397.8  hazard_steps   0.3  approx_kl 0.0070  SPS 808
iter 210/366  step  1720320  return   6.222  success  0.53 (top 1.00/bot 0.00)  ep_len  396.7  hazard_steps   0.3  approx_kl 0.0029  SPS 808
iter 211/366  step  1728512  return   6.376  success  0.54 (top 1.00/bot 0.00)  ep_len  392.8  hazard_steps   0.5  approx_kl 0.0066  SPS 808
iter 212/366  step  1736704  return   6.572  success  0.54 (top 1.00/bot 0.00)  ep_len  392.0  hazard_steps   0.5  approx_kl 0.0081  SPS 808
iter 213/366  step  1744896  return   6.096  success  0.53 (top 1.00/bot 0.00)  ep_len  395.6  hazard_steps   0.6  approx_kl 0.0085  SPS 808
iter 214/366  step  1753088  return   4.883  success  0.46 (top 1.00/bot 0.00)  ep_len  423.2  hazard_steps   0.9  approx_kl 0.0072  SPS 808
iter 215/366  step  1761280  return   4.957  success  0.46 (top 1.00/bot 0.00)  ep_len  426.0  hazard_steps   1.0  approx_kl 0.0123  SPS 808
iter 216/366  step  1769472  return   5.601  success  0.47 (top 1.00/bot 0.00)  ep_len  422.6  hazard_steps   0.8  approx_kl 0.0055  SPS 808
iter 217/366  step  1777664  return   5.121  success  0.43 (top 1.00/bot 0.00)  ep_len  437.8  hazard_steps   0.8  approx_kl 0.0096  SPS 808
iter 218/366  step  1785856  return   5.238  success  0.41 (top 1.00/bot 0.00)  ep_len  445.4  hazard_steps   0.8  approx_kl 0.0076  SPS 808
iter 219/366  step  1794048  return   6.800  success  0.47 (top 1.00/bot 0.00)  ep_len  423.3  hazard_steps   0.6  approx_kl 0.0125  SPS 807
iter 220/366  step  1802240  return   6.890  success  0.47 (top 1.00/bot 0.00)  ep_len  421.9  hazard_steps   0.4  approx_kl 0.0090  SPS 807
iter 221/366  step  1810432  return   7.714  success  0.51 (top 1.00/bot 0.00)  ep_len  407.1  hazard_steps   0.5  approx_kl 0.0094  SPS 807
iter 222/366  step  1818624  return   7.893  success  0.53 (top 1.00/bot 0.00)  ep_len  400.3  hazard_steps   0.5  approx_kl 0.0067  SPS 807
iter 223/366  step  1826816  return   8.326  success  0.55 (top 0.99/bot 0.00)  ep_len  392.4  hazard_steps   0.2  approx_kl 0.0093  SPS 808
iter 224/366  step  1835008  return   8.388  success  0.55 (top 0.99/bot 0.00)  ep_len  391.6  hazard_steps   0.2  approx_kl 0.0079  SPS 808
iter 225/366  step  1843200  return   8.097  success  0.52 (top 0.99/bot 0.00)  ep_len  406.3  hazard_steps   0.2  approx_kl 0.0075  SPS 808
iter 226/366  step  1851392  return   8.203  success  0.52 (top 0.99/bot 0.00)  ep_len  405.8  hazard_steps   0.2  approx_kl 0.0076  SPS 808
iter 227/366  step  1859584  return   8.578  success  0.53 (top 0.99/bot 0.00)  ep_len  402.4  hazard_steps   0.3  approx_kl 0.0049  SPS 808
iter 228/366  step  1867776  return   9.216  success  0.56 (top 0.99/bot 0.00)  ep_len  392.1  hazard_steps   0.3  approx_kl 0.0071  SPS 808
iter 229/366  step  1875968  return   8.897  success  0.55 (top 0.99/bot 0.00)  ep_len  393.1  hazard_steps   0.4  approx_kl 0.0072  SPS 808
iter 230/366  step  1884160  return   8.398  success  0.52 (top 0.99/bot 0.00)  ep_len  403.7  hazard_steps   0.3  approx_kl 0.0062  SPS 808
iter 231/366  step  1892352  return   8.273  success  0.52 (top 0.98/bot 0.00)  ep_len  404.5  hazard_steps   0.5  approx_kl 0.0045  SPS 808
iter 232/366  step  1900544  return   7.822  success  0.49 (top 0.98/bot 0.00)  ep_len  415.4  hazard_steps   0.4  approx_kl 0.0062  SPS 808
iter 233/366  step  1908736  return   8.011  success  0.50 (top 0.98/bot 0.00)  ep_len  411.5  hazard_steps   0.4  approx_kl 0.0058  SPS 808
iter 234/366  step  1916928  return   6.704  success  0.43 (top 0.98/bot 0.00)  ep_len  437.7  hazard_steps   0.5  approx_kl 0.0094  SPS 808
iter 235/366  step  1925120  return   7.208  success  0.45 (top 0.98/bot 0.00)  ep_len  429.7  hazard_steps   0.5  approx_kl 0.0064  SPS 807
iter 236/366  step  1933312  return   7.265  success  0.46 (top 0.98/bot 0.00)  ep_len  424.3  hazard_steps   0.5  approx_kl 0.0102  SPS 807
iter 237/366  step  1941504  return   6.522  success  0.44 (top 0.98/bot 0.00)  ep_len  431.2  hazard_steps   1.4  approx_kl 0.0063  SPS 807
iter 238/366  step  1949696  return   6.136  success  0.42 (top 0.98/bot 0.00)  ep_len  437.6  hazard_steps   1.3  approx_kl 0.0051  SPS 807
iter 239/366  step  1957888  return   6.746  success  0.46 (top 0.98/bot 0.00)  ep_len  421.8  hazard_steps   1.3  approx_kl 0.0108  SPS 807
iter 240/366  step  1966080  return   5.971  success  0.41 (top 0.97/bot 0.00)  ep_len  440.6  hazard_steps   1.2  approx_kl 0.0062  SPS 808
iter 241/366  step  1974272  return   5.757  success  0.40 (top 0.97/bot 0.00)  ep_len  445.1  hazard_steps   1.1  approx_kl 0.0090  SPS 808
iter 242/366  step  1982464  return   5.553  success  0.36 (top 0.96/bot 0.00)  ep_len  460.7  hazard_steps   0.2  approx_kl 0.0082  SPS 808
iter 243/366  step  1990656  return   6.362  success  0.40 (top 0.96/bot 0.00)  ep_len  444.8  hazard_steps   0.1  approx_kl 0.0067  SPS 808
iter 244/366  step  1998848  return   6.669  success  0.41 (top 0.97/bot 0.00)  ep_len  440.7  hazard_steps   0.0  approx_kl 0.0051  SPS 808
iter 245/366  step  2007040  return   6.617  success  0.41 (top 0.98/bot 0.00)  ep_len  440.7  hazard_steps   0.0  approx_kl 0.0080  SPS 808
iter 246/366  step  2015232  return   7.310  success  0.45 (top 0.98/bot 0.00)  ep_len  424.6  hazard_steps   0.1  approx_kl 0.0096  SPS 808
iter 247/366  step  2023424  return   7.651  success  0.47 (top 0.98/bot 0.00)  ep_len  416.4  hazard_steps   0.1  approx_kl 0.0077  SPS 808
iter 248/366  step  2031616  return   7.139  success  0.45 (top 0.98/bot 0.00)  ep_len  425.6  hazard_steps   0.0  approx_kl 0.0061  SPS 808
iter 249/366  step  2039808  return   6.978  success  0.45 (top 0.97/bot 0.00)  ep_len  426.0  hazard_steps   0.1  approx_kl 0.0052  SPS 808
iter 250/366  step  2048000  return   8.092  success  0.52 (top 0.97/bot 0.00)  ep_len  398.0  hazard_steps   0.0  approx_kl 0.0040  SPS 808
iter 251/366  step  2056192  return   6.975  success  0.50 (top 0.98/bot 0.01)  ep_len  406.9  hazard_steps   0.7  approx_kl 0.0077  SPS 808
iter 252/366  step  2064384  return   6.773  success  0.51 (top 0.99/bot 0.01)  ep_len  402.4  hazard_steps   0.7  approx_kl 0.0114  SPS 808
iter 253/366  step  2072576  return   6.858  success  0.53 (top 0.99/bot 0.01)  ep_len  396.6  hazard_steps   0.7  approx_kl 0.0088  SPS 808
iter 254/366  step  2080768  return   6.779  success  0.54 (top 0.97/bot 0.01)  ep_len  392.2  hazard_steps   0.7  approx_kl 0.0077  SPS 808
iter 255/366  step  2088960  return   4.818  success  0.47 (top 0.97/bot 0.01)  ep_len  422.9  hazard_steps   0.9  approx_kl 0.0079  SPS 808
iter 256/366  step  2097152  return   6.468  success  0.53 (top 0.97/bot 0.01)  ep_len  398.7  hazard_steps   0.3  approx_kl 0.0048  SPS 808
iter 257/366  step  2105344  return   6.667  success  0.55 (top 0.97/bot 0.01)  ep_len  393.9  hazard_steps   0.3  approx_kl 0.0054  SPS 808
iter 258/366  step  2113536  return   7.139  success  0.57 (top 0.98/bot 0.01)  ep_len  383.2  hazard_steps   0.3  approx_kl 0.0036  SPS 809
iter 259/366  step  2121728  return   7.049  success  0.58 (top 0.98/bot 0.01)  ep_len  379.2  hazard_steps   0.1  approx_kl 0.0041  SPS 809
iter 260/366  step  2129920  return   6.674  success  0.57 (top 0.98/bot 0.01)  ep_len  380.8  hazard_steps   0.0  approx_kl 0.0035  SPS 808
iter 261/366  step  2138112  return   7.529  success  0.60 (top 0.98/bot 0.01)  ep_len  369.9  hazard_steps   0.0  approx_kl 0.0045  SPS 808
iter 262/366  step  2146304  return   6.612  success  0.56 (top 1.00/bot 0.00)  ep_len  383.3  hazard_steps   0.0  approx_kl 0.0071  SPS 808
iter 263/366  step  2154496  return   7.182  success  0.58 (top 1.00/bot 0.00)  ep_len  376.7  hazard_steps   0.0  approx_kl 0.0108  SPS 808
iter 264/366  step  2162688  return   7.191  success  0.57 (top 1.00/bot 0.00)  ep_len  381.8  hazard_steps   0.0  approx_kl 0.0063  SPS 808
iter 265/366  step  2170880  return   7.146  success  0.56 (top 1.00/bot 0.00)  ep_len  386.1  hazard_steps   0.0  approx_kl 0.0056  SPS 808
iter 266/366  step  2179072  return   6.567  success  0.54 (top 1.00/bot 0.00)  ep_len  394.0  hazard_steps   0.1  approx_kl 0.0032  SPS 808
iter 267/366  step  2187264  return   5.671  success  0.51 (top 1.00/bot 0.00)  ep_len  405.5  hazard_steps   0.1  approx_kl 0.0056  SPS 808
iter 268/366  step  2195456  return   6.059  success  0.53 (top 1.00/bot 0.00)  ep_len  398.3  hazard_steps   0.1  approx_kl 0.0075  SPS 808
iter 269/366  step  2203648  return   5.818  success  0.52 (top 1.00/bot 0.00)  ep_len  401.9  hazard_steps   0.2  approx_kl 0.0049  SPS 808
iter 270/366  step  2211840  return   6.490  success  0.56 (top 1.00/bot 0.00)  ep_len  387.0  hazard_steps   0.2  approx_kl 0.0050  SPS 808
iter 271/366  step  2220032  return   8.016  success  0.62 (top 1.00/bot 0.00)  ep_len  365.2  hazard_steps   0.1  approx_kl 0.0041  SPS 808
iter 272/366  step  2228224  return   6.990  success  0.57 (top 1.00/bot 0.00)  ep_len  384.0  hazard_steps   0.1  approx_kl 0.0045  SPS 808
iter 273/366  step  2236416  return   5.026  success  0.49 (top 1.00/bot 0.00)  ep_len  414.4  hazard_steps   0.1  approx_kl 0.0045  SPS 808
iter 274/366  step  2244608  return   4.868  success  0.48 (top 1.00/bot 0.00)  ep_len  419.0  hazard_steps   0.1  approx_kl 0.0033  SPS 808
iter 275/366  step  2252800  return   5.425  success  0.49 (top 1.00/bot 0.00)  ep_len  415.4  hazard_steps   0.1  approx_kl 0.0029  SPS 808
iter 276/366  step  2260992  return   3.574  success  0.41 (top 1.00/bot 0.00)  ep_len  445.1  hazard_steps   0.1  approx_kl 0.0058  SPS 808
iter 277/366  step  2269184  return   4.045  success  0.43 (top 1.00/bot 0.00)  ep_len  438.2  hazard_steps   0.1  approx_kl 0.0042  SPS 808
iter 278/366  step  2277376  return   5.160  success  0.48 (top 1.00/bot 0.00)  ep_len  419.5  hazard_steps   0.1  approx_kl 0.0040  SPS 808
iter 279/366  step  2285568  return   4.252  success  0.45 (top 1.00/bot 0.00)  ep_len  430.2  hazard_steps   0.2  approx_kl 0.0053  SPS 808
iter 280/366  step  2293760  return   4.140  success  0.45 (top 1.00/bot 0.00)  ep_len  430.0  hazard_steps   0.3  approx_kl 0.0057  SPS 808
iter 281/366  step  2301952  return   3.906  success  0.44 (top 1.00/bot 0.00)  ep_len  433.6  hazard_steps   0.4  approx_kl 0.0045  SPS 808
iter 282/366  step  2310144  return   4.610  success  0.47 (top 1.00/bot 0.00)  ep_len  422.8  hazard_steps   0.3  approx_kl 0.0056  SPS 808
iter 283/366  step  2318336  return   4.181  success  0.44 (top 1.00/bot 0.00)  ep_len  434.3  hazard_steps   0.2  approx_kl 0.0052  SPS 808
iter 284/366  step  2326528  return   3.545  success  0.40 (top 1.00/bot 0.00)  ep_len  449.9  hazard_steps   0.2  approx_kl 0.0057  SPS 808
iter 285/366  step  2334720  return   4.042  success  0.41 (top 1.00/bot 0.00)  ep_len  446.4  hazard_steps   0.4  approx_kl 0.0070  SPS 808
iter 286/366  step  2342912  return   3.996  success  0.41 (top 1.00/bot 0.00)  ep_len  447.2  hazard_steps   0.4  approx_kl 0.0065  SPS 808
iter 287/366  step  2351104  return   4.435  success  0.42 (top 1.00/bot 0.00)  ep_len  443.9  hazard_steps   0.4  approx_kl 0.0053  SPS 808
iter 288/366  step  2359296  return   4.454  success  0.42 (top 1.00/bot 0.00)  ep_len  444.7  hazard_steps   0.5  approx_kl 0.0069  SPS 808
iter 289/366  step  2367488  return   5.610  success  0.46 (top 0.99/bot 0.00)  ep_len  430.2  hazard_steps   0.5  approx_kl 0.0090  SPS 808
iter 290/366  step  2375680  return   6.579  success  0.50 (top 0.99/bot 0.00)  ep_len  415.3  hazard_steps   0.3  approx_kl 0.0116  SPS 809
iter 291/366  step  2383872  return   7.205  success  0.51 (top 0.98/bot 0.00)  ep_len  411.5  hazard_steps   0.2  approx_kl 0.0140  SPS 809
iter 292/366  step  2392064  return   8.530  success  0.55 (top 0.98/bot 0.00)  ep_len  395.3  hazard_steps   0.1  approx_kl 0.0049  SPS 809
iter 293/366  step  2400256  return   7.918  success  0.52 (top 0.98/bot 0.00)  ep_len  405.2  hazard_steps   0.1  approx_kl 0.0045  SPS 809
iter 294/366  step  2408448  return   8.384  success  0.55 (top 0.98/bot 0.00)  ep_len  393.6  hazard_steps   0.2  approx_kl 0.0066  SPS 809
iter 295/366  step  2416640  return   8.726  success  0.58 (top 0.98/bot 0.00)  ep_len  382.0  hazard_steps   0.9  approx_kl 0.0044  SPS 809
iter 296/366  step  2424832  return   9.244  success  0.60 (top 0.98/bot 0.00)  ep_len  373.4  hazard_steps   0.9  approx_kl 0.0048  SPS 809
iter 297/366  step  2433024  return   8.688  success  0.57 (top 0.98/bot 0.00)  ep_len  385.3  hazard_steps   1.0  approx_kl 0.0037  SPS 809
iter 298/366  step  2441216  return   8.417  success  0.55 (top 0.99/bot 0.00)  ep_len  392.0  hazard_steps   0.9  approx_kl 0.0086  SPS 809
iter 299/366  step  2449408  return   7.937  success  0.51 (top 0.99/bot 0.00)  ep_len  406.4  hazard_steps   0.8  approx_kl 0.0083  SPS 809
iter 300/366  step  2457600  return   7.882  success  0.49 (top 1.00/bot 0.00)  ep_len  413.3  hazard_steps   0.1  approx_kl 0.0018  SPS 808
iter 301/366  step  2465792  return   8.065  success  0.50 (top 1.00/bot 0.00)  ep_len  409.4  hazard_steps   0.1  approx_kl 0.0044  SPS 809
iter 302/366  step  2473984  return   7.731  success  0.48 (top 1.00/bot 0.00)  ep_len  415.9  hazard_steps   0.1  approx_kl 0.0033  SPS 809
iter 303/366  step  2482176  return   8.006  success  0.49 (top 1.00/bot 0.00)  ep_len  411.7  hazard_steps   0.1  approx_kl 0.0079  SPS 809
iter 304/366  step  2490368  return   9.136  success  0.55 (top 1.00/bot 0.00)  ep_len  389.1  hazard_steps   0.1  approx_kl 0.0026  SPS 809
iter 305/366  step  2498560  return   8.779  success  0.53 (top 1.00/bot 0.00)  ep_len  396.9  hazard_steps   0.1  approx_kl 0.0080  SPS 809
iter 306/366  step  2506752  return   7.662  success  0.46 (top 0.98/bot 0.00)  ep_len  423.9  hazard_steps   0.1  approx_kl 0.0058  SPS 809
iter 307/366  step  2514944  return   7.454  success  0.45 (top 0.98/bot 0.00)  ep_len  427.4  hazard_steps   0.1  approx_kl 0.0116  SPS 809
iter 308/366  step  2523136  return   7.633  success  0.46 (top 0.97/bot 0.00)  ep_len  423.5  hazard_steps   0.1  approx_kl 0.0082  SPS 809
iter 309/366  step  2531328  return   7.844  success  0.47 (top 0.97/bot 0.00)  ep_len  418.1  hazard_steps   0.1  approx_kl 0.0049  SPS 809
iter 310/366  step  2539520  return   8.953  success  0.53 (top 0.97/bot 0.00)  ep_len  393.0  hazard_steps   0.1  approx_kl 0.0036  SPS 809
iter 311/366  step  2547712  return   9.127  success  0.54 (top 0.97/bot 0.00)  ep_len  388.1  hazard_steps   0.0  approx_kl 0.0057  SPS 809
iter 312/366  step  2555904  return   9.518  success  0.56 (top 0.97/bot 0.00)  ep_len  379.7  hazard_steps   0.0  approx_kl 0.0047  SPS 809
iter 313/366  step  2564096  return   9.310  success  0.55 (top 0.96/bot 0.00)  ep_len  383.3  hazard_steps   0.0  approx_kl 0.0054  SPS 809
iter 314/366  step  2572288  return   8.765  success  0.52 (top 0.96/bot 0.00)  ep_len  394.6  hazard_steps   0.0  approx_kl 0.0063  SPS 809
iter 315/366  step  2580480  return   7.401  success  0.45 (top 0.96/bot 0.00)  ep_len  422.3  hazard_steps   0.0  approx_kl 0.0073  SPS 809
iter 316/366  step  2588672  return   7.074  success  0.43 (top 0.96/bot 0.00)  ep_len  430.2  hazard_steps   0.0  approx_kl 0.0042  SPS 809
iter 317/366  step  2596864  return   6.336  success  0.39 (top 0.97/bot 0.00)  ep_len  446.0  hazard_steps   0.1  approx_kl 0.0050  SPS 809
iter 318/366  step  2605056  return   6.066  success  0.38 (top 0.98/bot 0.00)  ep_len  450.0  hazard_steps   0.1  approx_kl 0.0038  SPS 809
iter 319/366  step  2613248  return   7.467  success  0.46 (top 0.98/bot 0.00)  ep_len  418.6  hazard_steps   0.1  approx_kl 0.0122  SPS 809
iter 320/366  step  2621440  return   7.919  success  0.48 (top 0.97/bot 0.00)  ep_len  410.7  hazard_steps   0.1  approx_kl 0.0054  SPS 809
iter 321/366  step  2629632  return   8.424  success  0.51 (top 0.97/bot 0.00)  ep_len  398.8  hazard_steps   0.1  approx_kl 0.0045  SPS 809
iter 322/366  step  2637824  return   8.982  success  0.54 (top 0.97/bot 0.00)  ep_len  387.2  hazard_steps   0.0  approx_kl 0.0098  SPS 809
iter 323/366  step  2646016  return   9.265  success  0.55 (top 0.98/bot 0.00)  ep_len  383.1  hazard_steps   0.0  approx_kl 0.0044  SPS 809
iter 324/366  step  2654208  return   8.975  success  0.53 (top 0.98/bot 0.00)  ep_len  391.0  hazard_steps   0.0  approx_kl 0.0060  SPS 809
iter 325/366  step  2662400  return   8.794  success  0.52 (top 0.99/bot 0.00)  ep_len  394.8  hazard_steps   0.0  approx_kl 0.0067  SPS 809
iter 326/366  step  2670592  return   9.001  success  0.53 (top 0.98/bot 0.00)  ep_len  390.0  hazard_steps   0.1  approx_kl 0.0067  SPS 809
iter 327/366  step  2678784  return   8.936  success  0.53 (top 0.98/bot 0.00)  ep_len  390.1  hazard_steps   0.1  approx_kl 0.0064  SPS 808
iter 328/366  step  2686976  return   8.836  success  0.54 (top 0.98/bot 0.00)  ep_len  386.1  hazard_steps   0.1  approx_kl 0.0056  SPS 808
iter 329/366  step  2695168  return   8.045  success  0.50 (top 0.99/bot 0.00)  ep_len  402.3  hazard_steps   0.1  approx_kl 0.0068  SPS 808
iter 330/366  step  2703360  return   7.935  success  0.50 (top 0.98/bot 0.00)  ep_len  402.3  hazard_steps   0.1  approx_kl 0.0104  SPS 808
iter 331/366  step  2711552  return   8.799  success  0.55 (top 0.98/bot 0.00)  ep_len  382.2  hazard_steps   0.1  approx_kl 0.0043  SPS 808
iter 332/366  step  2719744  return   8.363  success  0.53 (top 0.98/bot 0.00)  ep_len  389.9  hazard_steps   0.1  approx_kl 0.0062  SPS 808
iter 333/366  step  2727936  return   8.454  success  0.53 (top 0.98/bot 0.00)  ep_len  389.9  hazard_steps   0.1  approx_kl 0.0052  SPS 808
iter 334/366  step  2736128  return   8.643  success  0.55 (top 0.98/bot 0.00)  ep_len  381.7  hazard_steps   0.1  approx_kl 0.0034  SPS 809
iter 335/366  step  2744320  return   6.871  success  0.51 (top 0.99/bot 0.00)  ep_len  397.7  hazard_steps   0.2  approx_kl 0.0041  SPS 809
iter 336/366  step  2752512  return   7.138  success  0.54 (top 0.99/bot 0.00)  ep_len  386.4  hazard_steps   0.1  approx_kl 0.0055  SPS 809
iter 337/366  step  2760704  return   6.942  success  0.55 (top 0.98/bot 0.00)  ep_len  382.4  hazard_steps   0.2  approx_kl 0.0069  SPS 809
iter 338/366  step  2768896  return   7.282  success  0.58 (top 0.99/bot 0.00)  ep_len  371.0  hazard_steps   0.1  approx_kl 0.0028  SPS 808
iter 339/366  step  2777088  return   8.031  success  0.62 (top 0.99/bot 0.00)  ep_len  354.9  hazard_steps   0.1  approx_kl 0.0048  SPS 808
iter 340/366  step  2785280  return   7.799  success  0.62 (top 0.99/bot 0.00)  ep_len  357.3  hazard_steps   0.1  approx_kl 0.0062  SPS 808
iter 341/366  step  2793472  return   6.325  success  0.57 (top 0.99/bot 0.00)  ep_len  376.7  hazard_steps   0.1  approx_kl 0.0041  SPS 808
iter 342/366  step  2801664  return   6.664  success  0.59 (top 0.99/bot 0.00)  ep_len  369.0  hazard_steps   0.0  approx_kl 0.0045  SPS 808
iter 343/366  step  2809856  return   5.204  success  0.53 (top 0.99/bot 0.00)  ep_len  393.1  hazard_steps   0.0  approx_kl 0.0040  SPS 808
iter 344/366  step  2818048  return   5.290  success  0.53 (top 0.99/bot 0.00)  ep_len  393.5  hazard_steps   0.0  approx_kl 0.0065  SPS 808
iter 345/366  step  2826240  return   6.096  success  0.56 (top 0.99/bot 0.00)  ep_len  379.7  hazard_steps   0.0  approx_kl 0.0020  SPS 808
iter 346/366  step  2834432  return   5.466  success  0.53 (top 0.99/bot 0.00)  ep_len  393.8  hazard_steps   0.0  approx_kl 0.0040  SPS 808
iter 347/366  step  2842624  return   4.859  success  0.51 (top 0.99/bot 0.00)  ep_len  401.6  hazard_steps   0.0  approx_kl 0.0044  SPS 808
iter 348/366  step  2850816  return   5.121  success  0.52 (top 0.99/bot 0.00)  ep_len  397.2  hazard_steps   0.0  approx_kl 0.0021  SPS 808
iter 349/366  step  2859008  return   5.547  success  0.53 (top 0.99/bot 0.00)  ep_len  393.4  hazard_steps   0.0  approx_kl 0.0035  SPS 808
iter 350/366  step  2867200  return   5.566  success  0.54 (top 0.99/bot 0.00)  ep_len  387.5  hazard_steps   0.1  approx_kl 0.0049  SPS 808
iter 351/366  step  2875392  return   5.031  success  0.52 (top 0.99/bot 0.00)  ep_len  396.4  hazard_steps   0.1  approx_kl 0.0014  SPS 808
iter 352/366  step  2883584  return   5.858  success  0.55 (top 0.99/bot 0.00)  ep_len  384.7  hazard_steps   0.1  approx_kl 0.0024  SPS 808
iter 353/366  step  2891776  return   5.596  success  0.54 (top 0.99/bot 0.00)  ep_len  388.8  hazard_steps   0.1  approx_kl 0.0035  SPS 808
iter 354/366  step  2899968  return   5.141  success  0.53 (top 1.00/bot 0.00)  ep_len  392.6  hazard_steps   0.1  approx_kl 0.0016  SPS 808
iter 355/366  step  2908160  return   3.935  success  0.48 (top 1.00/bot 0.00)  ep_len  412.4  hazard_steps   0.1  approx_kl 0.0013  SPS 808
iter 356/366  step  2916352  return   5.197  success  0.53 (top 1.00/bot 0.00)  ep_len  391.6  hazard_steps   0.0  approx_kl 0.0021  SPS 808
iter 357/366  step  2924544  return   3.682  success  0.47 (top 1.00/bot 0.00)  ep_len  414.9  hazard_steps   0.0  approx_kl 0.0031  SPS 808
iter 358/366  step  2932736  return   4.518  success  0.50 (top 1.00/bot 0.00)  ep_len  403.0  hazard_steps   0.0  approx_kl 0.0055  SPS 808
iter 359/366  step  2940928  return   5.011  success  0.52 (top 1.00/bot 0.00)  ep_len  395.3  hazard_steps   0.0  approx_kl 0.0014  SPS 808
iter 360/366  step  2949120  return   5.308  success  0.53 (top 1.00/bot 0.00)  ep_len  391.2  hazard_steps   0.1  approx_kl 0.0047  SPS 808
iter 361/366  step  2957312  return   3.978  success  0.48 (top 1.00/bot 0.00)  ep_len  411.3  hazard_steps   0.1  approx_kl 0.0034  SPS 807
iter 362/366  step  2965504  return   4.356  success  0.49 (top 1.00/bot 0.00)  ep_len  407.6  hazard_steps   0.1  approx_kl 0.0023  SPS 807
iter 363/366  step  2973696  return   5.393  success  0.53 (top 1.00/bot 0.00)  ep_len  392.8  hazard_steps   0.1  approx_kl 0.0021  SPS 807
iter 364/366  step  2981888  return   6.018  success  0.55 (top 1.00/bot 0.00)  ep_len  385.0  hazard_steps   0.1  approx_kl 0.0024  SPS 807
iter 365/366  step  2990080  return   6.502  success  0.57 (top 1.00/bot 0.00)  ep_len  377.4  hazard_steps   0.0  approx_kl 0.0004  SPS 808
iter 366/366  step  2998272  return   6.190  success  0.55 (top 0.98/bot 0.00)  ep_len  385.1  hazard_steps   0.0  approx_kl 0.0003  SPS 808
saved agent to runs/m7c_agent.pt

FINAL success rate (last 100 eps): 0.55
M7 WEAK (<0.80)
