[INFO][AppLauncher]: Using device: cuda:0
[INFO][AppLauncher]: Loading experience file: /data/howard/isaac/IsaacLab/apps/isaaclab.python.headless.rendering.kit
Loading user config located at: '/data/howard/isaac/envs/isaaclab/lib/python3.11/site-packages/isaacsim/kit/data/Kit/Isaac-Sim/5.1/user.config.json'
[Info] [carb] Logging to file: /data/howard/isaac/envs/isaaclab/lib/python3.11/site-packages/isaacsim/kit/logs/Kit/Isaac-Sim/5.1/kit_20260725_011025.log
2026-07-25T01:10:25Z [143ms] [Warning] [carb.windowing-glfw.plugin] GLFW initialization failed.
2026-07-25T01:10:25Z [143ms] [Warning] [carb] Failed to startup plugin carb.windowing-glfw.plugin (interfaces: [carb::windowing::IGLContext v1.0],[carb::windowing::IWindowing v1.5]) (impl: carb.windowing-glfw.plugin)
2026-07-25T01:10:25Z [210ms] [Warning] [omni.platforminfo.plugin] failed to open the default display.  Can't verify X Server version.
2026-07-25T01:10:25Z [216ms] [Warning] [carb.cudainterop.plugin] CUDA_VISIBLE_DEVICES environment variable is set.
2026-07-25T01:10:25Z [216ms] [Warning] [carb.cudainterop.plugin] Note CUDA device enumeration and Omniverse device enumeration are different.
2026-07-25T01:10:25Z [216ms] [Warning] [carb.cudainterop.plugin] Setting CUDA_VISIBLE_DEVICES can lead to undesired behavior or crashes.
2026-07-25T01:10:26Z [566ms] [Warning] [carb.windowing-glfw.plugin] GLFW initialization failed.
2026-07-25T01:10:26Z [566ms] [Warning] [carb] Failed to startup plugin carb.windowing-glfw.plugin (interfaces: [carb::windowing::IGLContext v1.0],[carb::windowing::IWindowing v1.5]) (impl: carb.windowing-glfw.plugin)
2026-07-25T01:10:26Z [869ms] [Warning] [gpu.foundation.plugin] Skipping NVIDIA GPU due CUDA being in bad state: NVIDIA RTX 6000 Ada Generation
2026-07-25T01:10:26Z [870ms] [Warning] [gpu.foundation.plugin] Please restart your system if CUDA is known to work in your system.
2026-07-25T01:10:26Z [871ms] [Warning] [gpu.foundation.plugin] Skipping NVIDIA GPU due CUDA being in bad state: NVIDIA RTX 6000 Ada Generation
2026-07-25T01:10:26Z [871ms] [Warning] [gpu.foundation.plugin] Please restart your system if CUDA is known to work in your system.
2026-07-25T01:10:26Z [874ms] [Warning] [gpu.foundation.plugin] Skipping NVIDIA GPU due CUDA being in bad state: NVIDIA RTX 6000 Ada Generation
2026-07-25T01:10:26Z [874ms] [Warning] [gpu.foundation.plugin] Please restart your system if CUDA is known to work in your system.
2026-07-25T01:10:26Z [874ms] [Warning] [gpu.foundation.plugin] Skipping NVIDIA GPU due CUDA being in bad state: NVIDIA RTX 6000 Ada Generation
2026-07-25T01:10:26Z [874ms] [Warning] [gpu.foundation.plugin] Please restart your system if CUDA is known to work in your system.
2026-07-25T01:10:26Z [874ms] [Warning] [gpu.foundation.plugin] Skipping NVIDIA GPU due CUDA being in bad state: NVIDIA RTX 6000 Ada Generation
2026-07-25T01:10:26Z [874ms] [Warning] [gpu.foundation.plugin] Please restart your system if CUDA is known to work in your system.
2026-07-25T01:10:26Z [874ms] [Warning] [gpu.foundation.plugin] Skipping NVIDIA GPU due CUDA being in bad state: NVIDIA RTX 6000 Ada Generation
2026-07-25T01:10:26Z [874ms] [Warning] [gpu.foundation.plugin] Please restart your system if CUDA is known to work in your system.

|---------------------------------------------------------------------------------------------|
| Driver Version: 550.90.12     | Graphics API: Vulkan
|=============================================================================================|
| GPU | Name                             | Active | LDA | GPU Memory | Vendor-ID | LUID       |
|     |                                  |        |     |            | Device-ID | UUID       |
|     |                                  |        |     |            | Bus-ID    |            |
|---------------------------------------------------------------------------------------------|
| 0   | NVIDIA RTX 6000 Ada Generation   |        |     | 49386   MB | 10de      | 0          |
|     |                                  |        |     |            | 26b1      | df04a158.. |
|     |                                  |        |     |            | 1         |            |
|---------------------------------------------------------------------------------------------|
| 1   | NVIDIA RTX 6000 Ada Generation   | Yes: 0 |     | 49386   MB | 10de      | 0          |
|     |                                  |        |     |            | 26b1      | 5cfd6483.. |
|     |                                  |        |     |            | 2c        |            |
|---------------------------------------------------------------------------------------------|
| 2   | NVIDIA RTX 6000 Ada Generation   |        |     | 49386   MB | 10de      | 0          |
|     |                                  |        |     |            | 26b1      | bdb0e57d.. |
|     |                                  |        |     |            | 41        |            |
|---------------------------------------------------------------------------------------------|
| 3   | NVIDIA RTX 6000 Ada Generation   |        |     | 49386   MB | 10de      | 0          |
|     |                                  |        |     |            | 26b1      | 21e14e0d.. |
|     |                                  |        |     |            | 61        |            |
|=============================================================================================|
| OS: 22.04.5 LTS (Jammy Jellyfish) ubuntu, Version: 22.04.5, Kernel: 5.15.0-181-generic
| Processor: AMD Ryzen Threadripper PRO 5995WX 64-Cores
| Cores: 64 | Logical Cores: 128
|---------------------------------------------------------------------------------------------|
| Total Memory (MB): 515582 | Free Memory: 316022
| Total Page/Swap (MB): 10239 | Free Page/Swap: 6388
|---------------------------------------------------------------------------------------------|
2026-07-25T01:10:27Z [2,291ms] [Warning] [carb.windowing-glfw.plugin] GLFW initialization failed.
2026-07-25T01:10:27Z [2,291ms] [Warning] [carb] Failed to startup plugin carb.windowing-glfw.plugin (interfaces: [carb::windowing::IGLContext v1.0],[carb::windowing::IWindowing v1.5]) (impl: carb.windowing-glfw.plugin)
2026-07-25T01:10:27Z [2,300ms] [Warning] [carb.windowing-glfw.plugin] GLFW initialization failed.
2026-07-25T01:10:27Z [2,300ms] [Warning] [carb] Failed to startup plugin carb.windowing-glfw.plugin (interfaces: [carb::windowing::IGLContext v1.0],[carb::windowing::IWindowing v1.5]) (impl: carb.windowing-glfw.plugin)
2026-07-25T01:10:27Z [2,308ms] [Warning] [carb.windowing-glfw.plugin] GLFW initialization failed.
2026-07-25T01:10:27Z [2,308ms] [Warning] [carb] Failed to startup plugin carb.windowing-glfw.plugin (interfaces: [carb::windowing::IGLContext v1.0],[carb::windowing::IWindowing v1.5]) (impl: carb.windowing-glfw.plugin)
2026-07-25T01:10:27Z [2,316ms] [Warning] [carb.windowing-glfw.plugin] GLFW initialization failed.
2026-07-25T01:10:27Z [2,316ms] [Warning] [carb] Failed to startup plugin carb.windowing-glfw.plugin (interfaces: [carb::windowing::IGLContext v1.0],[carb::windowing::IWindowing v1.5]) (impl: carb.windowing-glfw.plugin)
2026-07-25T01:10:27Z [2,317ms] [Warning] [carb.windowing-glfw.plugin] GLFW initialization failed.
2026-07-25T01:10:27Z [2,317ms] [Warning] [carb] Failed to startup plugin carb.windowing-glfw.plugin (interfaces: [carb::windowing::IGLContext v1.0],[carb::windowing::IWindowing v1.5]) (impl: carb.windowing-glfw.plugin)
2026-07-25T01:10:27Z [2,318ms] [Warning] [carb.windowing-glfw.plugin] GLFW initialization failed.
2026-07-25T01:10:27Z [2,318ms] [Warning] [carb] Failed to startup plugin carb.windowing-glfw.plugin (interfaces: [carb::windowing::IGLContext v1.0],[carb::windowing::IWindowing v1.5]) (impl: carb.windowing-glfw.plugin)
2026-07-25T01:10:28Z [2,525ms] [Warning] [omni.log] Source: omni.hydra was already registered.
2026-07-25T01:10:28Z [2,864ms] [Warning] [carb] Acquiring non optional plugin interface which is not listed as dependency: [omni::physx::IPhysxBenchmarks v1.0] (plugin: <default plugin>), by client: omni.physics.physx.plugin. Add it to CARB_PLUGIN_IMPL_DEPS() macro of a client.
2026-07-25T01:10:28Z [2,875ms] [Warning] [omni.isaac.dynamic_control] omni.isaac.dynamic_control is deprecated as of Isaac Sim 4.5. No action is needed from end-users.
2026-07-25T01:10:30Z [5,184ms] [Warning] [pxr.Semantics] pxr.Semantics is deprecated - please use Semantics instead
2026-07-25T01:10:30Z [5,320ms] [Warning] [omni.graph.core.plugin] Found duplicate of category 'Replicator' - was 'Annotators', adding 'Fabric Reader'
2026-07-25T01:10:30Z [5,320ms] [Warning] [omni.graph.core.plugin] Category 'Replicator' not accepted on node type 'omni.replicator.core.FabricReader' in extension 'omni.replicator.core'
2026-07-25T01:10:30Z [5,321ms] [Warning] [omni.replicator.core.scripts.extension] No material configuration file, adding configuration to material settings directly.
2026-07-25T01:10:32Z [7,131ms] [Warning] [omni.kvdb.plugin] Disabling key-value database because another kit process is locking it
2026-07-25T01:10:35Z [9,826ms] [Warning] [omni.fabric.plugin] Warning: attribute viewportHandle not found for bucket id 7

2026-07-25T01:10:35Z [10,382ms] [Warning] [isaaclab.envs.direct_marl_env] Seed not set for the environment. The environment creation may not be deterministic.

[36m========================================================================================================[0m
[36m[1m[INFO][IsaacLab]: Logging to file: /data/howard/isaac/tmp/isaaclab/logs/isaaclab_2026-07-25_01-10-35.log[0m
[36m========================================================================================================[0m

[33m01:10:35 [simulation_context.py] WARNING: The `enable_external_forces_every_iteration` parameter in the PhysxCfg is set to False. If you are experiencing noisy velocities, consider enabling this flag. You may need to slightly increase the number of velocity iterations (setting it to 1 or 2 rather than 0), together with this flag, to improve the accuracy of velocity updates.[0m
[INFO]: Base environment:
	Environment device    : cuda:0
	Environment seed      : None
	Physics step-size     : 0.016666666666666666
	Rendering step-size   : 0.1
	Environment step-size : 0.1
[INFO]: Time taken for scene creation : 1.593067 seconds
[INFO]: Scene manager:  <class InteractiveScene>
	Number of environments: 64
	Environment spacing   : 12.0
	Source prim name      : /World/envs/env_0
	Global prim paths     : []
	Replicate physics     : True
[INFO]: Starting the simulation. This may take a few seconds. Please wait...
[INFO]: Time taken for simulation start : 3.669160 seconds
[INFO]: Completed setting up the environment...
init_nav: loaded 19/27 tensors from runs/nav_pretrain/nav_s1_mouth.pt
log_std frozen at [0.6231597661972046, 0.6012086868286133, 0.7243850827217102]; window 40 steps @ std 4.48 on y
condition=oracle  wire_dim=66  trainable=132,740 (encoder frozen)
2026-07-25T01:10:47Z [21,669ms] [Warning] [carb] Client gpu.foundation.plugin has acquired [gpu::unstable::IMemoryBudgetManagerFactory v0.1] 100 times. Consider accessing this interface with carb::getCachedInterface() (Performance warning)
[oracle] iter   1/366  step     8192  return     nan  success   nan (top  nan/bot  nan)  rand_succ  nan  ep_len    nan  hazard_steps   nan  approx_kl 0.0171  SPS 655
[oracle] iter   2/366  step    16384  return  17.198  success  1.00 (top 1.00/bot  nan)  rand_succ  nan  ep_len  224.8  hazard_steps   0.0  approx_kl 0.0296  SPS 654
[oracle] iter   3/366  step    24576  return  16.623  success  1.00 (top 1.00/bot 1.00)  rand_succ  nan  ep_len  282.8  hazard_steps   0.0  approx_kl 0.0471  SPS 640
[oracle] iter   4/366  step    32768  return  16.412  success  1.00 (top 1.00/bot 1.00)  rand_succ  nan  ep_len  304.0  hazard_steps   0.0  approx_kl 0.0168  SPS 641
[oracle] iter   5/366  step    40960  return   3.400  success  0.46 (top 0.67/bot 0.12)  rand_succ  nan  ep_len  466.0  hazard_steps   1.1  approx_kl 0.0608  SPS 649
[oracle] iter   6/366  step    49152  return   3.597  success  0.46 (top 0.67/bot 0.12)  rand_succ  nan  ep_len  462.8  hazard_steps   1.1  approx_kl 0.0379  SPS 651
[oracle] iter   7/366  step    57344  return   4.142  success  0.49 (top 0.71/bot 0.14)  rand_succ  nan  ep_len  445.4  hazard_steps   0.8  approx_kl 0.0210  SPS 648
[oracle] iter   8/366  step    65536  return   2.451  success  0.43 (top 0.72/bot 0.15)  rand_succ  nan  ep_len  472.6  hazard_steps   1.3  approx_kl 0.0281  SPS 651
[oracle] iter   9/366  step    73728  return   1.788  success  0.40 (top 0.74/bot 0.14)  rand_succ  nan  ep_len  477.6  hazard_steps   1.3  approx_kl 0.0423  SPS 652
[oracle] iter  10/366  step    81920  return   0.839  success  0.36 (top 0.76/bot 0.12)  rand_succ  nan  ep_len  483.1  hazard_steps   1.2  approx_kl 0.0406  SPS 653
[oracle] iter  11/366  step    90112  return   1.339  success  0.38 (top 0.76/bot 0.11)  rand_succ  nan  ep_len  476.1  hazard_steps   1.2  approx_kl 0.0359  SPS 656
[oracle] iter  12/366  step    98304  return   1.210  success  0.39 (top 0.75/bot 0.09)  rand_succ  nan  ep_len  473.6  hazard_steps   1.1  approx_kl 0.0360  SPS 653
[oracle] iter  13/366  step   106496  return   0.294  success  0.35 (top 0.75/bot 0.10)  rand_succ  nan  ep_len  489.8  hazard_steps   1.3  approx_kl 0.0199  SPS 653
[oracle] iter  14/366  step   114688  return   1.232  success  0.38 (top 0.73/bot 0.10)  rand_succ  nan  ep_len  478.9  hazard_steps   1.2  approx_kl 0.0216  SPS 652
[oracle] iter  15/366  step   122880  return  -0.241  success  0.32 (top 0.67/bot 0.08)  rand_succ  nan  ep_len  497.6  hazard_steps   1.4  approx_kl 0.0349  SPS 651
[oracle] iter  16/366  step   131072  return   0.795  success  0.36 (top 0.65/bot 0.09)  rand_succ  nan  ep_len  483.7  hazard_steps   1.2  approx_kl 0.0384  SPS 652
[oracle] iter  17/366  step   139264  return   0.768  success  0.35 (top 0.63/bot 0.12)  rand_succ  nan  ep_len  492.8  hazard_steps   1.9  approx_kl 0.0338  SPS 651
[oracle] iter  18/366  step   147456  return   1.231  success  0.36 (top 0.67/bot 0.11)  rand_succ  nan  ep_len  492.6  hazard_steps   1.9  approx_kl 0.0374  SPS 649
[oracle] iter  19/366  step   155648  return   0.867  success  0.33 (top 0.71/bot 0.09)  rand_succ  nan  ep_len  501.2  hazard_steps   1.4  approx_kl 0.0199  SPS 650
[oracle] iter  20/366  step   163840  return   1.833  success  0.37 (top 0.71/bot 0.09)  rand_succ  nan  ep_len  487.0  hazard_steps   1.2  approx_kl 0.0367  SPS 650
[oracle] iter  21/366  step   172032  return   2.681  success  0.39 (top 0.71/bot 0.11)  rand_succ  nan  ep_len  485.2  hazard_steps   0.8  approx_kl 0.0170  SPS 649
[oracle] iter  22/366  step   180224  return   2.995  success  0.41 (top 0.69/bot 0.14)  rand_succ  nan  ep_len  486.6  hazard_steps   0.9  approx_kl 0.0404  SPS 650
[oracle] iter  23/366  step   188416  return   4.000  success  0.45 (top 0.69/bot 0.16)  rand_succ  nan  ep_len  468.2  hazard_steps   0.4  approx_kl 0.0292  SPS 650
[oracle] iter  24/366  step   196608  return   3.037  success  0.41 (top 0.67/bot 0.16)  rand_succ  nan  ep_len  478.5  hazard_steps   0.5  approx_kl 0.0261  SPS 650
[oracle] iter  25/366  step   204800  return   4.698  success  0.48 (top 0.69/bot 0.15)  rand_succ  nan  ep_len  455.2  hazard_steps   0.5  approx_kl 0.0221  SPS 650
[oracle] iter  26/366  step   212992  return   3.742  success  0.45 (top 0.70/bot 0.16)  rand_succ  nan  ep_len  465.9  hazard_steps   0.9  approx_kl 0.0356  SPS 649
[oracle] iter  27/366  step   221184  return   4.024  success  0.47 (top 0.70/bot 0.18)  rand_succ  nan  ep_len  454.9  hazard_steps   1.0  approx_kl 0.0284  SPS 649
[oracle] iter  28/366  step   229376  return   3.574  success  0.45 (top 0.70/bot 0.19)  rand_succ  nan  ep_len  452.4  hazard_steps   0.8  approx_kl 0.0303  SPS 649
[oracle] iter  29/366  step   237568  return   3.187  success  0.44 (top 0.71/bot 0.17)  rand_succ  nan  ep_len  458.1  hazard_steps   0.8  approx_kl 0.0287  SPS 649
[oracle] iter  30/366  step   245760  return   3.329  success  0.45 (top 0.67/bot 0.17)  rand_succ  nan  ep_len  455.4  hazard_steps   0.8  approx_kl 0.0297  SPS 644
[oracle] iter  31/366  step   253952  return   1.747  success  0.39 (top 0.66/bot 0.19)  rand_succ  nan  ep_len  476.2  hazard_steps   1.4  approx_kl 0.0345  SPS 634
[oracle] iter  32/366  step   262144  return   2.218  success  0.41 (top 0.66/bot 0.18)  rand_succ  nan  ep_len  469.5  hazard_steps   1.2  approx_kl 0.0335  SPS 625
[oracle] iter  33/366  step   270336  return   2.452  success  0.41 (top 0.66/bot 0.18)  rand_succ  nan  ep_len  468.7  hazard_steps   1.2  approx_kl 0.0350  SPS 616
[oracle] iter  34/366  step   278528  return   2.851  success  0.42 (top 0.68/bot 0.14)  rand_succ  nan  ep_len  465.0  hazard_steps   1.1  approx_kl 0.0282  SPS 609
[oracle] iter  35/366  step   286720  return   2.659  success  0.41 (top 0.67/bot 0.13)  rand_succ  nan  ep_len  469.4  hazard_steps   0.9  approx_kl 0.0248  SPS 603
[oracle] iter  36/366  step   294912  return   3.529  success  0.44 (top 0.69/bot 0.13)  rand_succ  nan  ep_len  456.1  hazard_steps   0.4  approx_kl 0.0161  SPS 597
[oracle] iter  37/366  step   303104  return   3.647  success  0.44 (top 0.69/bot 0.12)  rand_succ  nan  ep_len  456.8  hazard_steps   0.2  approx_kl 0.0486  SPS 592
[oracle] iter  38/366  step   311296  return   2.981  success  0.41 (top 0.69/bot 0.11)  rand_succ  nan  ep_len  466.7  hazard_steps   0.2  approx_kl 0.0218  SPS 587
[oracle] iter  39/366  step   319488  return   2.525  success  0.39 (top 0.71/bot 0.08)  rand_succ  nan  ep_len  476.1  hazard_steps   0.2  approx_kl 0.0252  SPS 581
[oracle] iter  40/366  step   327680  return   1.807  success  0.35 (top 0.71/bot 0.08)  rand_succ  nan  ep_len  487.9  hazard_steps   0.2  approx_kl 0.0278  SPS 575
[oracle] iter  41/366  step   335872  return   1.385  success  0.33 (top 0.71/bot 0.06)  rand_succ  nan  ep_len  493.8  hazard_steps   0.1  approx_kl 0.0394  SPS 571
[oracle] iter  42/366  step   344064  return   2.194  success  0.36 (top 0.75/bot 0.06)  rand_succ  nan  ep_len  482.1  hazard_steps   0.1  approx_kl 0.0381  SPS 567
[oracle] iter  43/366  step   352256  return   2.550  success  0.37 (top 0.77/bot 0.06)  rand_succ  nan  ep_len  480.2  hazard_steps   0.1  approx_kl 0.0296  SPS 563
[oracle] iter  44/366  step   360448  return   2.930  success  0.38 (top 0.79/bot 0.07)  rand_succ  nan  ep_len  475.2  hazard_steps   0.2  approx_kl 0.0349  SPS 559
[oracle] iter  45/366  step   368640  return   3.463  success  0.39 (top 0.79/bot 0.07)  rand_succ  nan  ep_len  471.3  hazard_steps   0.1  approx_kl 0.0281  SPS 555
[oracle] iter  46/366  step   376832  return   5.149  success  0.46 (top 0.81/bot 0.06)  rand_succ  nan  ep_len  448.2  hazard_steps   0.1  approx_kl 0.0321  SPS 552
[oracle] iter  47/366  step   385024  return   5.882  success  0.49 (top 0.83/bot 0.06)  rand_succ  nan  ep_len  438.8  hazard_steps   0.1  approx_kl 0.0306  SPS 550
[oracle] iter  48/366  step   393216  return   5.540  success  0.48 (top 0.82/bot 0.09)  rand_succ  nan  ep_len  443.7  hazard_steps   0.1  approx_kl 0.0214  SPS 547
[oracle] iter  49/366  step   401408  return   4.593  success  0.44 (top 0.79/bot 0.08)  rand_succ  nan  ep_len  456.2  hazard_steps   0.4  approx_kl 0.0299  SPS 544
[oracle] iter  50/366  step   409600  return   4.581  success  0.44 (top 0.80/bot 0.08)  rand_succ  nan  ep_len  457.2  hazard_steps   0.3  approx_kl 0.0243  SPS 541
[oracle] iter  51/366  step   417792  return   5.840  success  0.50 (top 0.85/bot 0.08)  rand_succ  nan  ep_len  435.3  hazard_steps   0.4  approx_kl 0.0168  SPS 539
[oracle] iter  52/366  step   425984  return   5.035  success  0.46 (top 0.86/bot 0.08)  rand_succ  nan  ep_len  446.9  hazard_steps   1.6  approx_kl 0.0245  SPS 537
[oracle] iter  53/366  step   434176  return   4.564  success  0.43 (top 0.86/bot 0.09)  rand_succ  nan  ep_len  457.0  hazard_steps   1.6  approx_kl 0.0353  SPS 535
[oracle] iter  54/366  step   442368  return   5.735  success  0.48 (top 0.85/bot 0.09)  rand_succ  nan  ep_len  438.8  hazard_steps   1.8  approx_kl 0.0406  SPS 533
[oracle] iter  55/366  step   450560  return   5.857  success  0.48 (top 0.86/bot 0.07)  rand_succ  nan  ep_len  437.7  hazard_steps   1.4  approx_kl 0.0207  SPS 531
[oracle] iter  56/366  step   458752  return   5.246  success  0.45 (top 0.86/bot 0.07)  rand_succ  nan  ep_len  449.6  hazard_steps   1.4  approx_kl 0.0382  SPS 529
[oracle] iter  57/366  step   466944  return   4.702  success  0.43 (top 0.85/bot 0.08)  rand_succ  nan  ep_len  460.8  hazard_steps   1.4  approx_kl 0.0314  SPS 527
[oracle] iter  58/366  step   475136  return   4.709  success  0.43 (top 0.85/bot 0.06)  rand_succ  nan  ep_len  463.1  hazard_steps   0.1  approx_kl 0.0429  SPS 525
[oracle] iter  59/366  step   483328  return   5.875  success  0.48 (top 0.87/bot 0.07)  rand_succ  nan  ep_len  445.2  hazard_steps   0.0  approx_kl 0.0124  SPS 523
[oracle] iter  60/366  step   491520  return   6.093  success  0.48 (top 0.90/bot 0.07)  rand_succ  nan  ep_len  443.3  hazard_steps   0.0  approx_kl 0.0249  SPS 521
[oracle] iter  61/366  step   499712  return   6.664  success  0.51 (top 0.89/bot 0.07)  rand_succ  nan  ep_len  432.4  hazard_steps   0.0  approx_kl 0.0216  SPS 520
[oracle] iter  62/366  step   507904  return   6.479  success  0.50 (top 0.88/bot 0.07)  rand_succ  nan  ep_len  434.2  hazard_steps   0.0  approx_kl 0.0331  SPS 518
[oracle] iter  63/366  step   516096  return   7.071  success  0.52 (top 0.88/bot 0.08)  rand_succ  nan  ep_len  428.7  hazard_steps   0.0  approx_kl 0.0430  SPS 517
[oracle] iter  64/366  step   524288  return   5.923  success  0.47 (top 0.88/bot 0.06)  rand_succ  nan  ep_len  445.5  hazard_steps   0.0  approx_kl 0.0239  SPS 515
[oracle] iter  65/366  step   532480  return   6.855  success  0.52 (top 0.89/bot 0.05)  rand_succ  nan  ep_len  428.4  hazard_steps   0.0  approx_kl 0.0258  SPS 514
[oracle] iter  66/366  step   540672  return   7.344  success  0.54 (top 0.89/bot 0.06)  rand_succ  nan  ep_len  422.5  hazard_steps   0.0  approx_kl 0.0358  SPS 513
[oracle] iter  67/366  step   548864  return   6.726  success  0.51 (top 0.88/bot 0.06)  rand_succ  nan  ep_len  429.6  hazard_steps   0.0  approx_kl 0.0239  SPS 511
[oracle] iter  68/366  step   557056  return   6.601  success  0.50 (top 0.87/bot 0.05)  rand_succ  nan  ep_len  434.3  hazard_steps   0.0  approx_kl 0.0239  SPS 510
[oracle] iter  69/366  step   565248  return   7.304  success  0.53 (top 0.88/bot 0.05)  rand_succ  nan  ep_len  423.5  hazard_steps   0.0  approx_kl 0.0382  SPS 509
[oracle] iter  70/366  step   573440  return   6.805  success  0.50 (top 0.89/bot 0.06)  rand_succ  nan  ep_len  433.8  hazard_steps   0.0  approx_kl 0.0350  SPS 508
[oracle] iter  71/366  step   581632  return   6.423  success  0.48 (top 0.89/bot 0.05)  rand_succ  nan  ep_len  439.7  hazard_steps   0.0  approx_kl 0.0322  SPS 506
[oracle] iter  72/366  step   589824  return   6.250  success  0.47 (top 0.88/bot 0.04)  rand_succ  nan  ep_len  441.9  hazard_steps   0.0  approx_kl 0.0231  SPS 505
[oracle] iter  73/366  step   598016  return   7.537  success  0.53 (top 0.90/bot 0.04)  rand_succ  nan  ep_len  416.9  hazard_steps   0.0  approx_kl 0.0278  SPS 504
[oracle] iter  74/366  step   606208  return   6.845  success  0.49 (top 0.90/bot 0.04)  rand_succ  nan  ep_len  427.5  hazard_steps   0.0  approx_kl 0.0332  SPS 503
[oracle] iter  75/366  step   614400  return   6.936  success  0.49 (top 0.92/bot 0.03)  rand_succ  nan  ep_len  424.3  hazard_steps   0.0  approx_kl 0.0211  SPS 502
[oracle] iter  76/366  step   622592  return   6.276  success  0.45 (top 0.91/bot 0.03)  rand_succ  nan  ep_len  438.4  hazard_steps   0.0  approx_kl 0.0219  SPS 501
[oracle] iter  77/366  step   630784  return   6.024  success  0.44 (top 0.92/bot 0.02)  rand_succ  nan  ep_len  441.4  hazard_steps   0.0  approx_kl 0.0420  SPS 500
[oracle] iter  78/366  step   638976  return   5.950  success  0.44 (top 0.92/bot 0.02)  rand_succ  nan  ep_len  442.2  hazard_steps   0.0  approx_kl 0.0244  SPS 499
[oracle] iter  79/366  step   647168  return   5.523  success  0.42 (top 0.94/bot 0.02)  rand_succ  nan  ep_len  450.1  hazard_steps   0.0  approx_kl 0.0415  SPS 498
[oracle] iter  80/366  step   655360  return   5.145  success  0.40 (top 0.94/bot 0.00)  rand_succ  nan  ep_len  457.5  hazard_steps   0.0  approx_kl 0.0248  SPS 498
[oracle] iter  81/366  step   663552  return   6.099  success  0.45 (top 0.95/bot 0.00)  rand_succ  nan  ep_len  441.4  hazard_steps   0.0  approx_kl 0.0295  SPS 497
[oracle] iter  82/366  step   671744  return   6.224  success  0.45 (top 0.94/bot 0.00)  rand_succ  nan  ep_len  439.4  hazard_steps   0.0  approx_kl 0.0254  SPS 496
[oracle] iter  83/366  step   679936  return   6.131  success  0.44 (top 0.95/bot 0.00)  rand_succ  nan  ep_len  444.2  hazard_steps   0.0  approx_kl 0.0382  SPS 496
[oracle] iter  84/366  step   688128  return   5.789  success  0.43 (top 0.94/bot 0.01)  rand_succ  nan  ep_len  452.3  hazard_steps   0.0  approx_kl 0.0392  SPS 495
[oracle] iter  85/366  step   696320  return   6.063  success  0.45 (top 0.92/bot 0.01)  rand_succ  nan  ep_len  449.0  hazard_steps   0.0  approx_kl 0.0324  SPS 494
[oracle] iter  86/366  step   704512  return   6.086  success  0.45 (top 0.92/bot 0.01)  rand_succ  nan  ep_len  448.8  hazard_steps   0.0  approx_kl 0.0380  SPS 494
[oracle] iter  87/366  step   712704  return   6.454  success  0.48 (top 0.92/bot 0.01)  rand_succ  nan  ep_len  442.9  hazard_steps   0.0  approx_kl 0.0301  SPS 493
[oracle] iter  88/366  step   720896  return   6.590  success  0.49 (top 0.93/bot 0.01)  rand_succ  nan  ep_len  438.4  hazard_steps   0.0  approx_kl 0.0306  SPS 492
[oracle] iter  89/366  step   729088  return   6.428  success  0.48 (top 0.92/bot 0.01)  rand_succ  nan  ep_len  436.4  hazard_steps   0.0  approx_kl 0.0289  SPS 491
[oracle] iter  90/366  step   737280  return   6.360  success  0.47 (top 0.92/bot 0.01)  rand_succ  nan  ep_len  434.9  hazard_steps   0.0  approx_kl 0.0361  SPS 491
[oracle] iter  91/366  step   745472  return   6.745  success  0.49 (top 0.92/bot 0.01)  rand_succ  nan  ep_len  425.6  hazard_steps   0.0  approx_kl 0.0320  SPS 490
[oracle] iter  92/366  step   753664  return   6.324  success  0.47 (top 0.92/bot 0.01)  rand_succ  nan  ep_len  434.7  hazard_steps   0.0  approx_kl 0.0195  SPS 490
[oracle] iter  93/366  step   761856  return   7.216  success  0.51 (top 0.93/bot 0.01)  rand_succ  nan  ep_len  419.4  hazard_steps   0.0  approx_kl 0.0211  SPS 488
[oracle] iter  94/366  step   770048  return   6.583  success  0.48 (top 0.94/bot 0.01)  rand_succ  nan  ep_len  432.2  hazard_steps   0.0  approx_kl 0.0334  SPS 488
[oracle] iter  95/366  step   778240  return   7.018  success  0.50 (top 0.96/bot 0.00)  rand_succ  nan  ep_len  427.1  hazard_steps   0.0  approx_kl 0.0317  SPS 487
[oracle] iter  96/366  step   786432  return   7.603  success  0.53 (top 0.97/bot 0.00)  rand_succ  nan  ep_len  416.9  hazard_steps   0.0  approx_kl 0.0153  SPS 487
[oracle] iter  97/366  step   794624  return   7.204  success  0.51 (top 0.97/bot 0.00)  rand_succ  nan  ep_len  419.8  hazard_steps   0.1  approx_kl 0.0288  SPS 486
[oracle] iter  98/366  step   802816  return   6.601  success  0.48 (top 0.95/bot 0.01)  rand_succ  nan  ep_len  431.3  hazard_steps   0.1  approx_kl 0.0229  SPS 485
[oracle] iter  99/366  step   811008  return   7.246  success  0.51 (top 0.96/bot 0.01)  rand_succ  nan  ep_len  419.3  hazard_steps   0.1  approx_kl 0.0266  SPS 485
[oracle] iter 100/366  step   819200  return   6.203  success  0.46 (top 0.97/bot 0.01)  rand_succ  nan  ep_len  436.1  hazard_steps   0.5  approx_kl 0.0173  SPS 485
[oracle] iter 101/366  step   827392  return   5.695  success  0.43 (top 0.97/bot 0.01)  rand_succ  nan  ep_len  447.2  hazard_steps   0.5  approx_kl 0.0231  SPS 484
[oracle] iter 102/366  step   835584  return   5.625  success  0.43 (top 0.97/bot 0.01)  rand_succ  nan  ep_len  446.2  hazard_steps   0.9  approx_kl 0.0350  SPS 484
[oracle] iter 103/366  step   843776  return   6.816  success  0.48 (top 0.97/bot 0.01)  rand_succ  nan  ep_len  425.1  hazard_steps   0.9  approx_kl 0.0208  SPS 483
[oracle] iter 104/366  step   851968  return   6.997  success  0.49 (top 0.98/bot 0.02)  rand_succ  nan  ep_len  421.6  hazard_steps   0.9  approx_kl 0.0282  SPS 483
[oracle] iter 105/366  step   860160  return   7.860  success  0.53 (top 0.98/bot 0.02)  rand_succ  nan  ep_len  406.0  hazard_steps   0.5  approx_kl 0.0187  SPS 482
[oracle] iter 106/366  step   868352  return   7.578  success  0.52 (top 0.98/bot 0.02)  rand_succ  nan  ep_len  409.3  hazard_steps   0.8  approx_kl 0.0161  SPS 482
[oracle] iter 107/366  step   876544  return   7.870  success  0.53 (top 0.98/bot 0.01)  rand_succ  nan  ep_len  407.9  hazard_steps   0.4  approx_kl 0.0254  SPS 481
[oracle] iter 108/366  step   884736  return   7.224  success  0.50 (top 0.98/bot 0.01)  rand_succ  nan  ep_len  419.2  hazard_steps   0.4  approx_kl 0.0243  SPS 481
[oracle] iter 109/366  step   892928  return   7.458  success  0.51 (top 0.98/bot 0.01)  rand_succ  nan  ep_len  416.8  hazard_steps   0.4  approx_kl 0.0145  SPS 480
[oracle] iter 110/366  step   901120  return   7.381  success  0.51 (top 0.98/bot 0.01)  rand_succ  nan  ep_len  423.1  hazard_steps   0.4  approx_kl 0.0215  SPS 480
[oracle] iter 111/366  step   909312  return   7.563  success  0.52 (top 0.98/bot 0.01)  rand_succ  nan  ep_len  420.0  hazard_steps   0.4  approx_kl 0.0252  SPS 479
[oracle] iter 112/366  step   917504  return   7.478  success  0.51 (top 0.98/bot 0.01)  rand_succ  nan  ep_len  423.3  hazard_steps   0.1  approx_kl 0.0203  SPS 479
[oracle] iter 113/366  step   925696  return   7.885  success  0.53 (top 0.98/bot 0.01)  rand_succ  nan  ep_len  415.1  hazard_steps   0.1  approx_kl 0.0228  SPS 478
[oracle] iter 114/366  step   933888  return   7.121  success  0.52 (top 0.96/bot 0.00)  rand_succ  nan  ep_len  417.5  hazard_steps   1.3  approx_kl 0.0289  SPS 478
[oracle] iter 115/366  step   942080  return   7.110  success  0.52 (top 0.96/bot 0.00)  rand_succ  nan  ep_len  412.4  hazard_steps   1.8  approx_kl 0.0190  SPS 478
[oracle] iter 116/366  step   950272  return   7.229  success  0.53 (top 0.96/bot 0.00)  rand_succ  nan  ep_len  407.4  hazard_steps   2.1  approx_kl 0.0312  SPS 477
[oracle] iter 117/366  step   958464  return   6.987  success  0.52 (top 0.97/bot 0.00)  rand_succ  nan  ep_len  411.8  hazard_steps   2.5  approx_kl 0.0257  SPS 477
[oracle] iter 118/366  step   966656  return   6.351  success  0.49 (top 0.96/bot 0.00)  rand_succ  nan  ep_len  422.5  hazard_steps   2.4  approx_kl 0.0269  SPS 476
[oracle] iter 119/366  step   974848  return   6.765  success  0.49 (top 0.96/bot 0.00)  rand_succ  nan  ep_len  424.2  hazard_steps   1.5  approx_kl 0.0350  SPS 476
[oracle] iter 120/366  step   983040  return   7.160  success  0.51 (top 0.95/bot 0.00)  rand_succ  nan  ep_len  418.0  hazard_steps   1.0  approx_kl 0.0237  SPS 476
[oracle] iter 121/366  step   991232  return   7.269  success  0.51 (top 0.95/bot 0.00)  rand_succ  nan  ep_len  418.0  hazard_steps   0.7  approx_kl 0.0358  SPS 475
[oracle] iter 122/366  step   999424  return   7.621  success  0.53 (top 0.95/bot 0.00)  rand_succ  nan  ep_len  409.1  hazard_steps   0.4  approx_kl 0.0547  SPS 475
[oracle] iter 123/366  step  1007616  return   7.506  success  0.53 (top 0.94/bot 0.00)  rand_succ  nan  ep_len  409.8  hazard_steps   0.5  approx_kl 0.0306  SPS 475
[oracle] iter 124/366  step  1015808  return   7.220  success  0.52 (top 0.94/bot 0.00)  rand_succ  nan  ep_len  411.2  hazard_steps   0.7  approx_kl 0.0400  SPS 474
[oracle] iter 125/366  step  1024000  return   7.107  success  0.50 (top 0.94/bot 0.00)  rand_succ  nan  ep_len  417.0  hazard_steps   0.3  approx_kl 0.0369  SPS 474
[oracle] iter 126/366  step  1032192  return   6.442  success  0.47 (top 0.93/bot 0.00)  rand_succ  nan  ep_len  428.5  hazard_steps   0.3  approx_kl 0.0277  SPS 474
[oracle] iter 127/366  step  1040384  return   5.562  success  0.43 (top 0.92/bot 0.00)  rand_succ  nan  ep_len  443.4  hazard_steps   0.3  approx_kl 0.0365  SPS 474
[oracle] iter 128/366  step  1048576  return   5.636  success  0.43 (top 0.94/bot 0.00)  rand_succ  nan  ep_len  442.8  hazard_steps   0.3  approx_kl 0.0213  SPS 474
[oracle] iter 129/366  step  1056768  return   6.047  success  0.44 (top 0.93/bot 0.00)  rand_succ  nan  ep_len  438.9  hazard_steps   0.2  approx_kl 0.0314  SPS 473
[oracle] iter 130/366  step  1064960  return   5.949  success  0.43 (top 0.93/bot 0.00)  rand_succ  nan  ep_len  441.0  hazard_steps   0.0  approx_kl 0.0204  SPS 473
[oracle] iter 131/366  step  1073152  return   5.851  success  0.42 (top 0.94/bot 0.00)  rand_succ  nan  ep_len  444.4  hazard_steps   0.0  approx_kl 0.0252  SPS 472
[oracle] iter 132/366  step  1081344  return   7.364  success  0.49 (top 0.94/bot 0.00)  rand_succ  nan  ep_len  420.4  hazard_steps   0.0  approx_kl 0.0274  SPS 472
[oracle] iter 133/366  step  1089536  return   8.039  success  0.52 (top 0.95/bot 0.00)  rand_succ  nan  ep_len  410.3  hazard_steps   0.0  approx_kl 0.0270  SPS 472
[oracle] iter 134/366  step  1097728  return   8.351  success  0.54 (top 0.95/bot 0.00)  rand_succ  nan  ep_len  403.1  hazard_steps   0.0  approx_kl 0.0187  SPS 472
[oracle] iter 135/366  step  1105920  return   8.266  success  0.54 (top 0.95/bot 0.01)  rand_succ  nan  ep_len  407.6  hazard_steps   0.6  approx_kl 0.0243  SPS 471
[oracle] iter 136/366  step  1114112  return   8.195  success  0.54 (top 0.95/bot 0.01)  rand_succ  nan  ep_len  410.0  hazard_steps   0.6  approx_kl 0.0187  SPS 471
[oracle] iter 137/366  step  1122304  return   6.641  success  0.46 (top 0.96/bot 0.01)  rand_succ  nan  ep_len  438.8  hazard_steps   0.6  approx_kl 0.0186  SPS 471
[oracle] iter 138/366  step  1130496  return   5.920  success  0.43 (top 0.96/bot 0.01)  rand_succ  nan  ep_len  446.7  hazard_steps   0.6  approx_kl 0.0234  SPS 471
[oracle] iter 139/366  step  1138688  return   6.109  success  0.45 (top 0.96/bot 0.01)  rand_succ  nan  ep_len  439.8  hazard_steps   0.9  approx_kl 0.0167  SPS 470
[oracle] iter 140/366  step  1146880  return   6.750  success  0.48 (top 0.96/bot 0.01)  rand_succ  nan  ep_len  424.8  hazard_steps   0.3  approx_kl 0.0300  SPS 470
[oracle] iter 141/366  step  1155072  return   6.455  success  0.47 (top 0.94/bot 0.01)  rand_succ  nan  ep_len  429.7  hazard_steps   0.3  approx_kl 0.0368  SPS 470
[oracle] iter 142/366  step  1163264  return   6.918  success  0.50 (top 0.93/bot 0.01)  rand_succ  nan  ep_len  415.8  hazard_steps   0.3  approx_kl 0.0218  SPS 469
[oracle] iter 143/366  step  1171456  return   6.399  success  0.48 (top 0.92/bot 0.01)  rand_succ  nan  ep_len  425.1  hazard_steps   1.1  approx_kl 0.0399  SPS 469
[oracle] iter 144/366  step  1179648  return   5.639  success  0.44 (top 0.90/bot 0.01)  rand_succ  nan  ep_len  438.2  hazard_steps   1.1  approx_kl 0.0227  SPS 469
[oracle] iter 145/366  step  1187840  return   6.324  success  0.48 (top 0.90/bot 0.01)  rand_succ  nan  ep_len  427.4  hazard_steps   1.4  approx_kl 0.0247  SPS 468
[oracle] iter 146/366  step  1196032  return   6.781  success  0.50 (top 0.90/bot 0.01)  rand_succ  nan  ep_len  420.8  hazard_steps   1.5  approx_kl 0.0155  SPS 468
[oracle] iter 147/366  step  1204224  return   6.390  success  0.48 (top 0.91/bot 0.01)  rand_succ  nan  ep_len  429.5  hazard_steps   1.7  approx_kl 0.0475  SPS 468
[oracle] iter 148/366  step  1212416  return   7.104  success  0.51 (top 0.90/bot 0.01)  rand_succ  nan  ep_len  417.9  hazard_steps   0.8  approx_kl 0.0407  SPS 468
[oracle] iter 149/366  step  1220608  return   7.374  success  0.52 (top 0.90/bot 0.01)  rand_succ  nan  ep_len  413.7  hazard_steps   0.8  approx_kl 0.0233  SPS 468
[oracle] iter 150/366  step  1228800  return   7.243  success  0.50 (top 0.91/bot 0.01)  rand_succ  nan  ep_len  418.4  hazard_steps   0.2  approx_kl 0.0121  SPS 467
[oracle] iter 151/366  step  1236992  return   7.061  success  0.49 (top 0.91/bot 0.01)  rand_succ  nan  ep_len  420.6  hazard_steps   0.2  approx_kl 0.0301  SPS 467
[oracle] iter 152/366  step  1245184  return   7.168  success  0.49 (top 0.91/bot 0.01)  rand_succ  nan  ep_len  420.3  hazard_steps   0.0  approx_kl 0.0171  SPS 467
[oracle] iter 153/366  step  1253376  return   7.657  success  0.52 (top 0.94/bot 0.01)  rand_succ  nan  ep_len  407.6  hazard_steps   0.2  approx_kl 0.0183  SPS 467
[oracle] iter 154/366  step  1261568  return   7.776  success  0.52 (top 0.95/bot 0.01)  rand_succ  nan  ep_len  407.5  hazard_steps   0.2  approx_kl 0.0107  SPS 467
[oracle] iter 155/366  step  1269760  return   6.454  success  0.46 (top 0.94/bot 0.00)  rand_succ  nan  ep_len  431.3  hazard_steps   0.2  approx_kl 0.0193  SPS 467
[oracle] iter 156/366  step  1277952  return   6.988  success  0.49 (top 0.94/bot 0.00)  rand_succ  nan  ep_len  419.8  hazard_steps   0.2  approx_kl 0.0215  SPS 466
[oracle] iter 157/366  step  1286144  return   7.602  success  0.52 (top 0.95/bot 0.00)  rand_succ  nan  ep_len  407.6  hazard_steps   0.2  approx_kl 0.0249  SPS 466
[oracle] iter 158/366  step  1294336  return   8.222  success  0.55 (top 0.96/bot 0.00)  rand_succ  nan  ep_len  396.1  hazard_steps   0.1  approx_kl 0.0161  SPS 466
[oracle] iter 159/366  step  1302528  return   8.679  success  0.58 (top 0.96/bot 0.00)  rand_succ  nan  ep_len  385.0  hazard_steps   0.5  approx_kl 0.0326  SPS 466
[oracle] iter 160/366  step  1310720  return   9.041  success  0.61 (top 0.97/bot 0.00)  rand_succ  nan  ep_len  374.6  hazard_steps   1.1  approx_kl 0.0193  SPS 466
[oracle] iter 161/366  step  1318912  return   8.741  success  0.59 (top 0.97/bot 0.00)  rand_succ  nan  ep_len  381.5  hazard_steps   1.1  approx_kl 0.0205  SPS 466
[oracle] iter 162/366  step  1327104  return   7.512  success  0.53 (top 0.96/bot 0.00)  rand_succ  nan  ep_len  404.5  hazard_steps   1.1  approx_kl 0.0229  SPS 465
[oracle] iter 163/366  step  1335296  return   7.393  success  0.52 (top 0.95/bot 0.00)  rand_succ  nan  ep_len  408.8  hazard_steps   1.0  approx_kl 0.0217  SPS 465
[oracle] iter 164/366  step  1343488  return   6.410  success  0.46 (top 0.96/bot 0.00)  rand_succ  nan  ep_len  430.4  hazard_steps   0.6  approx_kl 0.0178  SPS 465
[oracle] iter 165/366  step  1351680  return   6.435  success  0.45 (top 0.96/bot 0.00)  rand_succ  nan  ep_len  433.1  hazard_steps   0.5  approx_kl 0.0333  SPS 465
[oracle] iter 166/366  step  1359872  return   7.013  success  0.47 (top 0.96/bot 0.00)  rand_succ  nan  ep_len  427.9  hazard_steps   0.0  approx_kl 0.0261  SPS 465
[oracle] iter 167/366  step  1368064  return   7.815  success  0.51 (top 0.96/bot 0.00)  rand_succ  nan  ep_len  414.6  hazard_steps   0.2  approx_kl 0.0444  SPS 465
[oracle] iter 168/366  step  1376256  return   6.769  success  0.46 (top 0.96/bot 0.00)  rand_succ  nan  ep_len  429.2  hazard_steps   2.3  approx_kl 0.0171  SPS 464
[oracle] iter 169/366  step  1384448  return   8.185  success  0.54 (top 0.96/bot 0.00)  rand_succ  nan  ep_len  400.4  hazard_steps   2.3  approx_kl 0.0350  SPS 464
[oracle] iter 170/366  step  1392640  return   8.060  success  0.54 (top 0.95/bot 0.00)  rand_succ  nan  ep_len  400.6  hazard_steps   2.6  approx_kl 0.0337  SPS 464
[oracle] iter 171/366  step  1400832  return   8.092  success  0.55 (top 0.95/bot 0.00)  rand_succ  nan  ep_len  396.2  hazard_steps   2.6  approx_kl 0.0255  SPS 464
[oracle] iter 172/366  step  1409024  return   7.895  success  0.54 (top 0.96/bot 0.00)  rand_succ  nan  ep_len  398.6  hazard_steps   1.2  approx_kl 0.0163  SPS 464
[oracle] iter 173/366  step  1417216  return   8.303  success  0.57 (top 0.96/bot 0.00)  rand_succ  nan  ep_len  389.2  hazard_steps   1.9  approx_kl 0.0299  SPS 464
[oracle] iter 174/366  step  1425408  return   8.046  success  0.56 (top 0.96/bot 0.00)  rand_succ  nan  ep_len  394.9  hazard_steps   2.0  approx_kl 0.0279  SPS 464
[oracle] iter 175/366  step  1433600  return   6.892  success  0.50 (top 0.95/bot 0.00)  rand_succ  nan  ep_len  417.0  hazard_steps   2.1  approx_kl 0.0212  SPS 463
[oracle] iter 176/366  step  1441792  return   5.461  success  0.42 (top 0.95/bot 0.00)  rand_succ  nan  ep_len  444.6  hazard_steps   2.2  approx_kl 0.0178  SPS 463
[oracle] iter 177/366  step  1449984  return   5.125  success  0.40 (top 0.95/bot 0.00)  rand_succ  nan  ep_len  449.8  hazard_steps   2.8  approx_kl 0.0274  SPS 463
[oracle] iter 178/366  step  1458176  return   5.626  success  0.41 (top 0.95/bot 0.00)  rand_succ  nan  ep_len  445.7  hazard_steps   1.3  approx_kl 0.0195  SPS 463
[oracle] iter 179/366  step  1466368  return   5.822  success  0.41 (top 0.96/bot 0.00)  rand_succ  nan  ep_len  442.4  hazard_steps   1.0  approx_kl 0.0275  SPS 463
[oracle] iter 180/366  step  1474560  return   6.242  success  0.43 (top 0.96/bot 0.00)  rand_succ  nan  ep_len  435.4  hazard_steps   0.8  approx_kl 0.0315  SPS 463
[oracle] iter 181/366  step  1482752  return   6.383  success  0.45 (top 0.94/bot 0.00)  rand_succ  nan  ep_len  426.5  hazard_steps   1.2  approx_kl 0.0271  SPS 463
[oracle] iter 182/366  step  1490944  return   6.120  success  0.44 (top 0.94/bot 0.00)  rand_succ  nan  ep_len  431.0  hazard_steps   0.9  approx_kl 0.0283  SPS 462
[oracle] iter 183/366  step  1499136  return   5.961  success  0.44 (top 0.93/bot 0.00)  rand_succ  nan  ep_len  430.9  hazard_steps   1.1  approx_kl 0.0190  SPS 462
[oracle] iter 184/366  step  1507328  return   6.939  success  0.49 (top 0.94/bot 0.00)  rand_succ  nan  ep_len  410.4  hazard_steps   1.1  approx_kl 0.0257  SPS 462
[oracle] iter 185/366  step  1515520  return   7.925  success  0.53 (top 0.94/bot 0.00)  rand_succ  nan  ep_len  394.2  hazard_steps   0.4  approx_kl 0.0263  SPS 462
[oracle] iter 186/366  step  1523712  return   8.254  success  0.55 (top 0.94/bot 0.00)  rand_succ  nan  ep_len  389.6  hazard_steps   0.7  approx_kl 0.0200  SPS 462
[oracle] iter 187/366  step  1531904  return   9.088  success  0.59 (top 0.94/bot 0.00)  rand_succ  nan  ep_len  373.8  hazard_steps   0.5  approx_kl 0.0170  SPS 462
[oracle] iter 188/366  step  1540096  return   7.951  success  0.54 (top 0.94/bot 0.00)  rand_succ  nan  ep_len  395.3  hazard_steps   0.7  approx_kl 0.0164  SPS 462
[oracle] iter 189/366  step  1548288  return   8.318  success  0.56 (top 0.97/bot 0.00)  rand_succ  nan  ep_len  389.2  hazard_steps   0.7  approx_kl 0.0318  SPS 461
[oracle] iter 190/366  step  1556480  return   7.990  success  0.54 (top 0.98/bot 0.00)  rand_succ  nan  ep_len  396.2  hazard_steps   0.7  approx_kl 0.0291  SPS 461
[oracle] iter 191/366  step  1564672  return   6.828  success  0.48 (top 0.98/bot 0.00)  rand_succ  nan  ep_len  421.4  hazard_steps   0.4  approx_kl 0.0264  SPS 461
[oracle] iter 192/366  step  1572864  return   7.817  success  0.53 (top 0.98/bot 0.00)  rand_succ  nan  ep_len  403.8  hazard_steps   0.4  approx_kl 0.0119  SPS 461
[oracle] iter 193/366  step  1581056  return   7.252  success  0.49 (top 0.98/bot 0.00)  rand_succ  nan  ep_len  418.8  hazard_steps   0.1  approx_kl 0.0114  SPS 461
[oracle] iter 194/366  step  1589248  return   6.738  success  0.47 (top 0.99/bot 0.00)  rand_succ  nan  ep_len  425.4  hazard_steps   0.4  approx_kl 0.0390  SPS 461
[oracle] iter 195/366  step  1597440  return   6.465  success  0.46 (top 0.99/bot 0.00)  rand_succ  nan  ep_len  430.1  hazard_steps   0.5  approx_kl 0.0191  SPS 461
[oracle] iter 196/366  step  1605632  return   7.225  success  0.50 (top 0.99/bot 0.00)  rand_succ  nan  ep_len  413.7  hazard_steps   1.5  approx_kl 0.0302  SPS 461
[oracle] iter 197/366  step  1613824  return   6.794  success  0.48 (top 0.99/bot 0.00)  rand_succ  nan  ep_len  421.8  hazard_steps   1.8  approx_kl 0.0185  SPS 461
[oracle] iter 198/366  step  1622016  return   6.461  success  0.46 (top 0.99/bot 0.00)  rand_succ  nan  ep_len  431.0  hazard_steps   1.8  approx_kl 0.0142  SPS 460
[oracle] iter 199/366  step  1630208  return   6.151  success  0.44 (top 0.99/bot 0.00)  rand_succ  nan  ep_len  439.3  hazard_steps   1.4  approx_kl 0.0252  SPS 460
[oracle] iter 200/366  step  1638400  return   5.955  success  0.43 (top 0.99/bot 0.00)  rand_succ  nan  ep_len  441.2  hazard_steps   1.4  approx_kl 0.0160  SPS 460
[oracle] iter 201/366  step  1646592  return   5.226  success  0.40 (top 0.98/bot 0.00)  rand_succ  nan  ep_len  450.5  hazard_steps   3.3  approx_kl 0.0286  SPS 460
[oracle] iter 202/366  step  1654784  return   5.428  success  0.41 (top 0.97/bot 0.00)  rand_succ  nan  ep_len  446.9  hazard_steps   2.8  approx_kl 0.0221  SPS 460
[oracle] iter 203/366  step  1662976  return   6.014  success  0.44 (top 0.98/bot 0.00)  rand_succ  nan  ep_len  436.3  hazard_steps   2.6  approx_kl 0.0217  SPS 460
[oracle] iter 204/366  step  1671168  return   7.229  success  0.51 (top 0.98/bot 0.00)  rand_succ  nan  ep_len  414.4  hazard_steps   2.8  approx_kl 0.0295  SPS 460
[oracle] iter 205/366  step  1679360  return   7.574  success  0.53 (top 0.98/bot 0.00)  rand_succ  nan  ep_len  406.1  hazard_steps   2.8  approx_kl 0.0154  SPS 460
[oracle] iter 206/366  step  1687552  return   7.770  success  0.53 (top 0.98/bot 0.00)  rand_succ  nan  ep_len  407.5  hazard_steps   2.1  approx_kl 0.0195  SPS 459
[oracle] iter 207/366  step  1695744  return   8.137  success  0.55 (top 0.98/bot 0.00)  rand_succ  nan  ep_len  398.4  hazard_steps   2.0  approx_kl 0.0269  SPS 459
[oracle] iter 208/366  step  1703936  return   7.682  success  0.52 (top 0.98/bot 0.00)  rand_succ  nan  ep_len  406.6  hazard_steps   2.2  approx_kl 0.0171  SPS 459
[oracle] iter 209/366  step  1712128  return   6.822  success  0.47 (top 0.97/bot 0.00)  rand_succ  nan  ep_len  425.4  hazard_steps   2.0  approx_kl 0.0199  SPS 459
[oracle] iter 210/366  step  1720320  return   5.883  success  0.42 (top 0.97/bot 0.00)  rand_succ  nan  ep_len  446.2  hazard_steps   2.2  approx_kl 0.0214  SPS 459
[oracle] iter 211/366  step  1728512  return   5.233  success  0.39 (top 0.97/bot 0.00)  rand_succ  nan  ep_len  456.7  hazard_steps   2.6  approx_kl 0.0282  SPS 459
[oracle] iter 212/366  step  1736704  return   5.952  success  0.42 (top 0.98/bot 0.00)  rand_succ  nan  ep_len  444.1  hazard_steps   2.3  approx_kl 0.0195  SPS 459
[oracle] iter 213/366  step  1744896  return   5.451  success  0.40 (top 0.99/bot 0.00)  rand_succ  nan  ep_len  451.5  hazard_steps   3.8  approx_kl 0.0108  SPS 459
[oracle] iter 214/366  step  1753088  return   7.174  success  0.49 (top 0.98/bot 0.00)  rand_succ  nan  ep_len  414.7  hazard_steps   3.6  approx_kl 0.0240  SPS 459
[oracle] iter 215/366  step  1761280  return   8.221  success  0.54 (top 0.98/bot 0.00)  rand_succ  nan  ep_len  392.0  hazard_steps   2.3  approx_kl 0.0253  SPS 459
[oracle] iter 216/366  step  1769472  return   8.305  success  0.55 (top 0.98/bot 0.00)  rand_succ  nan  ep_len  392.2  hazard_steps   2.8  approx_kl 0.0169  SPS 458
[oracle] iter 217/366  step  1777664  return   8.255  success  0.55 (top 0.97/bot 0.00)  rand_succ  nan  ep_len  395.6  hazard_steps   2.8  approx_kl 0.0201  SPS 458
[oracle] iter 218/366  step  1785856  return   8.699  success  0.58 (top 0.97/bot 0.00)  rand_succ  nan  ep_len  386.2  hazard_steps   1.4  approx_kl 0.0201  SPS 458
[oracle] iter 219/366  step  1794048  return   8.095  success  0.55 (top 0.97/bot 0.00)  rand_succ  nan  ep_len  400.7  hazard_steps   1.4  approx_kl 0.0151  SPS 458
[oracle] iter 220/366  step  1802240  return   7.921  success  0.54 (top 0.97/bot 0.00)  rand_succ  nan  ep_len  406.1  hazard_steps   1.4  approx_kl 0.0207  SPS 458
[oracle] iter 221/366  step  1810432  return   8.352  success  0.56 (top 0.97/bot 0.00)  rand_succ  nan  ep_len  397.8  hazard_steps   0.9  approx_kl 0.0172  SPS 458
[oracle] iter 222/366  step  1818624  return   7.606  success  0.53 (top 0.98/bot 0.00)  rand_succ  nan  ep_len  405.5  hazard_steps   4.2  approx_kl 0.0267  SPS 458
[oracle] iter 223/366  step  1826816  return   6.511  success  0.47 (top 0.98/bot 0.00)  rand_succ  nan  ep_len  429.3  hazard_steps   5.0  approx_kl 0.0154  SPS 458
[oracle] iter 224/366  step  1835008  return   6.793  success  0.49 (top 0.98/bot 0.00)  rand_succ  nan  ep_len  426.8  hazard_steps   7.5  approx_kl 0.0212  SPS 458
[oracle] iter 225/366  step  1843200  return   7.483  success  0.53 (top 0.98/bot 0.00)  rand_succ  nan  ep_len  411.0  hazard_steps   7.7  approx_kl 0.0235  SPS 457
[oracle] iter 226/366  step  1851392  return   7.953  success  0.55 (top 0.98/bot 0.00)  rand_succ  nan  ep_len  400.8  hazard_steps   7.2  approx_kl 0.0283  SPS 457
[oracle] iter 227/366  step  1859584  return   8.638  success  0.58 (top 0.98/bot 0.00)  rand_succ  nan  ep_len  389.0  hazard_steps   4.5  approx_kl 0.0294  SPS 457
[oracle] iter 228/366  step  1867776  return  10.105  success  0.64 (top 0.98/bot 0.00)  rand_succ  nan  ep_len  361.1  hazard_steps   0.5  approx_kl 0.0188  SPS 457
[oracle] iter 229/366  step  1875968  return   9.794  success  0.62 (top 0.98/bot 0.00)  rand_succ  nan  ep_len  361.8  hazard_steps   0.7  approx_kl 0.0212  SPS 457
[oracle] iter 230/366  step  1884160  return   9.134  success  0.58 (top 0.97/bot 0.00)  rand_succ  nan  ep_len  378.2  hazard_steps   0.7  approx_kl 0.0177  SPS 457
[oracle] iter 231/366  step  1892352  return   8.974  success  0.57 (top 0.97/bot 0.00)  rand_succ  nan  ep_len  380.9  hazard_steps   1.4  approx_kl 0.0215  SPS 457
[oracle] iter 232/366  step  1900544  return   9.454  success  0.59 (top 0.97/bot 0.00)  rand_succ  nan  ep_len  372.3  hazard_steps   1.4  approx_kl 0.0323  SPS 457
[oracle] iter 233/366  step  1908736  return   8.383  success  0.54 (top 0.96/bot 0.00)  rand_succ  nan  ep_len  395.2  hazard_steps   2.8  approx_kl 0.0176  SPS 457
[oracle] iter 234/366  step  1916928  return   8.419  success  0.54 (top 0.97/bot 0.00)  rand_succ  nan  ep_len  396.2  hazard_steps   2.6  approx_kl 0.0248  SPS 457
[oracle] iter 235/366  step  1925120  return   7.115  success  0.49 (top 0.94/bot 0.00)  rand_succ  nan  ep_len  415.3  hazard_steps   4.2  approx_kl 0.0215  SPS 456
[oracle] iter 236/366  step  1933312  return   6.889  success  0.48 (top 0.94/bot 0.00)  rand_succ  nan  ep_len  421.0  hazard_steps   3.6  approx_kl 0.0170  SPS 456
[oracle] iter 237/366  step  1941504  return   6.318  success  0.45 (top 0.93/bot 0.00)  rand_succ  nan  ep_len  433.9  hazard_steps   3.9  approx_kl 0.0303  SPS 456
[oracle] iter 238/366  step  1949696  return   6.138  success  0.45 (top 0.93/bot 0.00)  rand_succ  nan  ep_len  434.0  hazard_steps   7.9  approx_kl 0.0204  SPS 456
[oracle] iter 239/366  step  1957888  return   6.511  success  0.47 (top 0.93/bot 0.00)  rand_succ  nan  ep_len  424.2  hazard_steps   7.9  approx_kl 0.0162  SPS 456
[oracle] iter 240/366  step  1966080  return   6.703  success  0.47 (top 0.94/bot 0.00)  rand_succ  nan  ep_len  425.5  hazard_steps   7.0  approx_kl 0.0237  SPS 456
[oracle] iter 241/366  step  1974272  return   6.298  success  0.44 (top 0.94/bot 0.00)  rand_succ  nan  ep_len  434.9  hazard_steps   6.9  approx_kl 0.0213  SPS 456
[oracle] iter 242/366  step  1982464  return   5.978  success  0.42 (top 0.94/bot 0.00)  rand_succ  nan  ep_len  441.7  hazard_steps   6.6  approx_kl 0.0156  SPS 456
[oracle] iter 243/366  step  1990656  return   7.327  success  0.48 (top 0.94/bot 0.00)  rand_succ  nan  ep_len  418.3  hazard_steps   1.9  approx_kl 0.0135  SPS 456
[oracle] iter 244/366  step  1998848  return   6.312  success  0.42 (top 0.95/bot 0.00)  rand_succ  nan  ep_len  440.3  hazard_steps   1.2  approx_kl 0.0193  SPS 456
[oracle] iter 245/366  step  2007040  return   6.046  success  0.41 (top 0.94/bot 0.00)  rand_succ  nan  ep_len  442.1  hazard_steps   1.0  approx_kl 0.0178  SPS 456
[oracle] iter 246/366  step  2015232  return   6.857  success  0.45 (top 0.98/bot 0.00)  rand_succ  nan  ep_len  424.3  hazard_steps   0.6  approx_kl 0.0214  SPS 456
[oracle] iter 247/366  step  2023424  return   7.693  success  0.50 (top 0.98/bot 0.00)  rand_succ  nan  ep_len  406.1  hazard_steps   0.6  approx_kl 0.0217  SPS 455
[oracle] iter 248/366  step  2031616  return   7.700  success  0.50 (top 0.99/bot 0.00)  rand_succ  nan  ep_len  404.1  hazard_steps   0.6  approx_kl 0.0175  SPS 455
[oracle] iter 249/366  step  2039808  return   7.626  success  0.50 (top 0.98/bot 0.00)  rand_succ  nan  ep_len  403.9  hazard_steps   1.2  approx_kl 0.0139  SPS 455
[oracle] iter 250/366  step  2048000  return   7.390  success  0.49 (top 0.98/bot 0.00)  rand_succ  nan  ep_len  409.0  hazard_steps   1.7  approx_kl 0.0234  SPS 455
[oracle] iter 251/366  step  2056192  return   6.792  success  0.46 (top 0.97/bot 0.00)  rand_succ  nan  ep_len  424.8  hazard_steps   1.6  approx_kl 0.0239  SPS 455
[oracle] iter 252/366  step  2064384  return   6.803  success  0.46 (top 0.97/bot 0.00)  rand_succ  nan  ep_len  427.2  hazard_steps   1.6  approx_kl 0.0111  SPS 455
[oracle] iter 253/366  step  2072576  return   6.066  success  0.43 (top 0.96/bot 0.00)  rand_succ  nan  ep_len  438.5  hazard_steps   5.4  approx_kl 0.0133  SPS 455
[oracle] iter 254/366  step  2080768  return   6.192  success  0.43 (top 0.96/bot 0.00)  rand_succ  nan  ep_len  439.1  hazard_steps   5.4  approx_kl 0.0188  SPS 455
[oracle] iter 255/366  step  2088960  return   6.863  success  0.46 (top 0.97/bot 0.00)  rand_succ  nan  ep_len  427.1  hazard_steps   4.2  approx_kl 0.0202  SPS 455
[oracle] iter 256/366  step  2097152  return   6.881  success  0.47 (top 0.97/bot 0.00)  rand_succ  nan  ep_len  426.8  hazard_steps   6.7  approx_kl 0.0181  SPS 454
[oracle] iter 257/366  step  2105344  return   6.768  success  0.46 (top 0.97/bot 0.00)  rand_succ  nan  ep_len  427.8  hazard_steps   6.8  approx_kl 0.0225  SPS 453
[oracle] iter 258/366  step  2113536  return   7.170  success  0.47 (top 0.97/bot 0.00)  rand_succ  nan  ep_len  423.8  hazard_steps   3.0  approx_kl 0.0301  SPS 452
[oracle] iter 259/366  step  2121728  return   6.853  success  0.46 (top 0.97/bot 0.00)  rand_succ  nan  ep_len  429.0  hazard_steps   4.9  approx_kl 0.0227  SPS 451
[oracle] iter 260/366  step  2129920  return   6.478  success  0.44 (top 0.97/bot 0.00)  rand_succ  nan  ep_len  436.4  hazard_steps   5.0  approx_kl 0.0228  SPS 450
[oracle] iter 261/366  step  2138112  return   6.962  success  0.46 (top 0.97/bot 0.01)  rand_succ  nan  ep_len  423.4  hazard_steps   3.2  approx_kl 0.0129  SPS 449
[oracle] iter 262/366  step  2146304  return   7.903  success  0.51 (top 0.98/bot 0.01)  rand_succ  nan  ep_len  405.7  hazard_steps   3.1  approx_kl 0.0070  SPS 448
[oracle] iter 263/366  step  2154496  return   8.424  success  0.53 (top 0.99/bot 0.01)  rand_succ  nan  ep_len  398.4  hazard_steps   1.4  approx_kl 0.0211  SPS 447
[oracle] iter 264/366  step  2162688  return   8.214  success  0.52 (top 0.98/bot 0.01)  rand_succ  nan  ep_len  402.4  hazard_steps   1.2  approx_kl 0.0194  SPS 446
[oracle] iter 265/366  step  2170880  return   8.705  success  0.55 (top 0.98/bot 0.02)  rand_succ  nan  ep_len  391.1  hazard_steps   1.9  approx_kl 0.0273  SPS 445
[oracle] iter 266/366  step  2179072  return   7.630  success  0.50 (top 0.98/bot 0.03)  rand_succ  nan  ep_len  410.5  hazard_steps   3.0  approx_kl 0.0189  SPS 444
[oracle] iter 267/366  step  2187264  return   6.785  success  0.46 (top 0.97/bot 0.03)  rand_succ  nan  ep_len  425.7  hazard_steps   3.2  approx_kl 0.0224  SPS 443
[oracle] iter 268/366  step  2195456  return   6.706  success  0.46 (top 0.95/bot 0.03)  rand_succ  nan  ep_len  425.5  hazard_steps   3.1  approx_kl 0.0245  SPS 442
[oracle] iter 269/366  step  2203648  return   6.866  success  0.47 (top 0.95/bot 0.03)  rand_succ  nan  ep_len  423.4  hazard_steps   4.0  approx_kl 0.0150  SPS 441
[oracle] iter 270/366  step  2211840  return   6.148  success  0.43 (top 0.95/bot 0.03)  rand_succ  nan  ep_len  436.9  hazard_steps   3.2  approx_kl 0.0077  SPS 440
[oracle] iter 271/366  step  2220032  return   6.389  success  0.43 (top 0.94/bot 0.02)  rand_succ  nan  ep_len  435.1  hazard_steps   1.0  approx_kl 0.0178  SPS 439
[oracle] iter 272/366  step  2228224  return   6.969  success  0.46 (top 0.94/bot 0.02)  rand_succ  nan  ep_len  423.4  hazard_steps   0.9  approx_kl 0.0383  SPS 438
[oracle] iter 273/366  step  2236416  return   7.373  success  0.48 (top 0.93/bot 0.02)  rand_succ  nan  ep_len  415.5  hazard_steps   0.9  approx_kl 0.0189  SPS 437
[oracle] iter 274/366  step  2244608  return   7.855  success  0.50 (top 0.93/bot 0.02)  rand_succ  nan  ep_len  404.9  hazard_steps   0.0  approx_kl 0.0262  SPS 436
[oracle] iter 275/366  step  2252800  return   9.005  success  0.56 (top 0.93/bot 0.01)  rand_succ  nan  ep_len  382.5  hazard_steps   0.0  approx_kl 0.0131  SPS 435
[oracle] iter 276/366  step  2260992  return   8.618  success  0.54 (top 0.92/bot 0.00)  rand_succ  nan  ep_len  389.3  hazard_steps   0.0  approx_kl 0.0194  SPS 434
[oracle] iter 277/366  step  2269184  return   8.637  success  0.54 (top 0.95/bot 0.00)  rand_succ  nan  ep_len  391.5  hazard_steps   0.0  approx_kl 0.0110  SPS 433
[oracle] iter 278/366  step  2277376  return   7.739  success  0.49 (top 0.95/bot 0.00)  rand_succ  nan  ep_len  412.6  hazard_steps   0.0  approx_kl 0.0172  SPS 433
[oracle] iter 279/366  step  2285568  return   7.723  success  0.49 (top 0.95/bot 0.00)  rand_succ  nan  ep_len  413.1  hazard_steps   0.1  approx_kl 0.0161  SPS 432
[oracle] iter 280/366  step  2293760  return   7.004  success  0.45 (top 0.96/bot 0.00)  rand_succ  nan  ep_len  429.0  hazard_steps   0.1  approx_kl 0.0124  SPS 431
[oracle] iter 281/366  step  2301952  return   7.197  success  0.46 (top 0.97/bot 0.00)  rand_succ  nan  ep_len  425.5  hazard_steps   0.1  approx_kl 0.0200  SPS 430
[oracle] iter 282/366  step  2310144  return   6.075  success  0.41 (top 0.96/bot 0.00)  rand_succ  nan  ep_len  446.9  hazard_steps   1.9  approx_kl 0.0129  SPS 429
[oracle] iter 283/366  step  2318336  return   5.849  success  0.40 (top 0.96/bot 0.00)  rand_succ  nan  ep_len  449.9  hazard_steps   1.9  approx_kl 0.0116  SPS 429
[oracle] iter 284/366  step  2326528  return   5.871  success  0.40 (top 0.97/bot 0.00)  rand_succ  nan  ep_len  449.8  hazard_steps   1.9  approx_kl 0.0129  SPS 428
[oracle] iter 285/366  step  2334720  return   6.262  success  0.42 (top 0.98/bot 0.00)  rand_succ  nan  ep_len  440.7  hazard_steps   2.0  approx_kl 0.0192  SPS 427
[oracle] iter 286/366  step  2342912  return   6.673  success  0.44 (top 0.98/bot 0.00)  rand_succ  nan  ep_len  432.4  hazard_steps   2.0  approx_kl 0.0170  SPS 426
[oracle] iter 287/366  step  2351104  return   6.851  success  0.44 (top 0.99/bot 0.00)  rand_succ  nan  ep_len  428.8  hazard_steps   0.6  approx_kl 0.0172  SPS 426
[oracle] iter 288/366  step  2359296  return   7.847  success  0.50 (top 0.99/bot 0.02)  rand_succ  nan  ep_len  406.2  hazard_steps   1.9  approx_kl 0.0146  SPS 425
[oracle] iter 289/366  step  2367488  return   6.858  success  0.45 (top 0.99/bot 0.02)  rand_succ  nan  ep_len  424.4  hazard_steps   2.1  approx_kl 0.0156  SPS 424
[oracle] iter 290/366  step  2375680  return   5.970  success  0.41 (top 0.99/bot 0.02)  rand_succ  nan  ep_len  440.1  hazard_steps   4.3  approx_kl 0.0202  SPS 423
[oracle] iter 291/366  step  2383872  return   6.461  success  0.44 (top 0.99/bot 0.02)  rand_succ  nan  ep_len  431.3  hazard_steps   5.4  approx_kl 0.0267  SPS 423
[oracle] iter 292/366  step  2392064  return   6.794  success  0.47 (top 0.99/bot 0.02)  rand_succ  nan  ep_len  421.3  hazard_steps   8.6  approx_kl 0.0220  SPS 422
[oracle] iter 293/366  step  2400256  return   6.979  success  0.47 (top 0.98/bot 0.02)  rand_succ  nan  ep_len  418.0  hazard_steps   7.2  approx_kl 0.0133  SPS 421
[oracle] iter 294/366  step  2408448  return   7.733  success  0.51 (top 0.96/bot 0.02)  rand_succ  nan  ep_len  401.9  hazard_steps   7.1  approx_kl 0.0077  SPS 420
[oracle] iter 295/366  step  2416640  return   7.601  success  0.50 (top 0.95/bot 0.02)  rand_succ  nan  ep_len  409.9  hazard_steps   5.1  approx_kl 0.0118  SPS 419
[oracle] iter 296/366  step  2424832  return   7.969  success  0.52 (top 0.94/bot 0.02)  rand_succ  nan  ep_len  399.9  hazard_steps   3.8  approx_kl 0.0118  SPS 419
[oracle] iter 297/366  step  2433024  return   6.874  success  0.45 (top 0.92/bot 0.02)  rand_succ  nan  ep_len  425.0  hazard_steps   0.3  approx_kl 0.0257  SPS 418
[oracle] iter 298/366  step  2441216  return   6.916  success  0.45 (top 0.92/bot 0.00)  rand_succ  nan  ep_len  424.5  hazard_steps   0.3  approx_kl 0.0178  SPS 417
[oracle] iter 299/366  step  2449408  return   6.773  success  0.44 (top 0.92/bot 0.00)  rand_succ  nan  ep_len  429.9  hazard_steps   0.5  approx_kl 0.0088  SPS 417
[oracle] iter 300/366  step  2457600  return   7.123  success  0.46 (top 0.91/bot 0.00)  rand_succ  nan  ep_len  418.9  hazard_steps   0.2  approx_kl 0.0116  SPS 416
[oracle] iter 301/366  step  2465792  return   6.585  success  0.43 (top 0.91/bot 0.00)  rand_succ  nan  ep_len  430.9  hazard_steps   1.8  approx_kl 0.0074  SPS 415
[oracle] iter 302/366  step  2473984  return   6.456  success  0.43 (top 0.90/bot 0.00)  rand_succ  nan  ep_len  431.3  hazard_steps   2.9  approx_kl 0.0314  SPS 415
[oracle] iter 303/366  step  2482176  return   6.898  success  0.46 (top 0.89/bot 0.00)  rand_succ  nan  ep_len  419.9  hazard_steps   3.2  approx_kl 0.0139  SPS 414
[oracle] iter 304/366  step  2490368  return   6.548  success  0.44 (top 0.89/bot 0.00)  rand_succ  nan  ep_len  427.6  hazard_steps   3.0  approx_kl 0.0136  SPS 414
[oracle] iter 305/366  step  2498560  return   7.647  success  0.50 (top 0.90/bot 0.00)  rand_succ  nan  ep_len  404.4  hazard_steps   3.0  approx_kl 0.0119  SPS 413
[oracle] iter 306/366  step  2506752  return   8.112  success  0.52 (top 0.90/bot 0.00)  rand_succ  nan  ep_len  395.3  hazard_steps   0.8  approx_kl 0.0149  SPS 412
[oracle] iter 307/366  step  2514944  return   8.244  success  0.53 (top 0.91/bot 0.01)  rand_succ  nan  ep_len  395.9  hazard_steps   1.5  approx_kl 0.0151  SPS 412
[oracle] iter 308/366  step  2523136  return   7.490  success  0.49 (top 0.89/bot 0.01)  rand_succ  nan  ep_len  410.7  hazard_steps   1.4  approx_kl 0.0140  SPS 411
[oracle] iter 309/366  step  2531328  return   7.597  success  0.50 (top 0.87/bot 0.01)  rand_succ  nan  ep_len  406.9  hazard_steps   1.6  approx_kl 0.0060  SPS 410
[oracle] iter 310/366  step  2539520  return   6.363  success  0.44 (top 0.86/bot 0.01)  rand_succ  nan  ep_len  431.1  hazard_steps   1.8  approx_kl 0.0170  SPS 410
[oracle] iter 311/366  step  2547712  return   6.228  success  0.43 (top 0.87/bot 0.01)  rand_succ  nan  ep_len  436.2  hazard_steps   2.2  approx_kl 0.0073  SPS 409
[oracle] iter 312/366  step  2555904  return   6.383  success  0.43 (top 0.85/bot 0.01)  rand_succ  nan  ep_len  432.8  hazard_steps   1.9  approx_kl 0.0224  SPS 409
[oracle] iter 313/366  step  2564096  return   6.318  success  0.43 (top 0.86/bot 0.01)  rand_succ  nan  ep_len  434.2  hazard_steps   1.7  approx_kl 0.0121  SPS 408
[oracle] iter 314/366  step  2572288  return   6.417  success  0.43 (top 0.86/bot 0.01)  rand_succ  nan  ep_len  433.0  hazard_steps   1.5  approx_kl 0.0158  SPS 407
[oracle] iter 315/366  step  2580480  return   6.882  success  0.46 (top 0.86/bot 0.01)  rand_succ  nan  ep_len  421.6  hazard_steps   1.7  approx_kl 0.0132  SPS 407
[oracle] iter 316/366  step  2588672  return   6.630  success  0.45 (top 0.84/bot 0.01)  rand_succ  nan  ep_len  425.1  hazard_steps   1.2  approx_kl 0.0121  SPS 406
[oracle] iter 317/366  step  2596864  return   6.486  success  0.45 (top 0.84/bot 0.00)  rand_succ  nan  ep_len  425.4  hazard_steps   1.5  approx_kl 0.0094  SPS 406
[oracle] iter 318/366  step  2605056  return   7.467  success  0.50 (top 0.89/bot 0.00)  rand_succ  nan  ep_len  403.7  hazard_steps   1.6  approx_kl 0.0059  SPS 405
[oracle] iter 319/366  step  2613248  return   7.716  success  0.51 (top 0.89/bot 0.00)  rand_succ  nan  ep_len  399.2  hazard_steps   1.6  approx_kl 0.0112  SPS 405
[oracle] iter 320/366  step  2621440  return   7.388  success  0.48 (top 0.89/bot 0.00)  rand_succ  nan  ep_len  409.5  hazard_steps   1.2  approx_kl 0.0141  SPS 404
[oracle] iter 321/366  step  2629632  return   8.070  success  0.51 (top 0.90/bot 0.00)  rand_succ  nan  ep_len  397.5  hazard_steps   1.2  approx_kl 0.0053  SPS 403
[oracle] iter 322/366  step  2637824  return   8.000  success  0.51 (top 0.90/bot 0.01)  rand_succ  nan  ep_len  399.1  hazard_steps   2.2  approx_kl 0.0092  SPS 403
[oracle] iter 323/366  step  2646016  return   7.832  success  0.51 (top 0.91/bot 0.02)  rand_succ  nan  ep_len  402.2  hazard_steps   3.2  approx_kl 0.0270  SPS 402
[oracle] iter 324/366  step  2654208  return   6.164  success  0.42 (top 0.92/bot 0.02)  rand_succ  nan  ep_len  437.7  hazard_steps   3.3  approx_kl 0.0101  SPS 402
[oracle] iter 325/366  step  2662400  return   6.830  success  0.46 (top 0.93/bot 0.02)  rand_succ  nan  ep_len  424.0  hazard_steps   3.6  approx_kl 0.0082  SPS 401
[oracle] iter 326/366  step  2670592  return   6.959  success  0.48 (top 0.94/bot 0.02)  rand_succ  nan  ep_len  420.4  hazard_steps   4.4  approx_kl 0.0114  SPS 401
[oracle] iter 327/366  step  2678784  return   6.625  success  0.45 (top 0.94/bot 0.02)  rand_succ  nan  ep_len  430.1  hazard_steps   2.7  approx_kl 0.0162  SPS 400
[oracle] iter 328/366  step  2686976  return   7.532  success  0.49 (top 0.94/bot 0.02)  rand_succ  nan  ep_len  413.1  hazard_steps   1.6  approx_kl 0.0097  SPS 400
[oracle] iter 329/366  step  2695168  return   7.917  success  0.52 (top 0.92/bot 0.02)  rand_succ  nan  ep_len  404.6  hazard_steps   2.9  approx_kl 0.0064  SPS 399
[oracle] iter 330/366  step  2703360  return   7.944  success  0.52 (top 0.92/bot 0.02)  rand_succ  nan  ep_len  403.3  hazard_steps   2.8  approx_kl 0.0117  SPS 399
[oracle] iter 331/366  step  2711552  return   7.405  success  0.48 (top 0.91/bot 0.02)  rand_succ  nan  ep_len  414.9  hazard_steps   2.0  approx_kl 0.0139  SPS 398
[oracle] iter 332/366  step  2719744  return   7.910  success  0.51 (top 0.92/bot 0.01)  rand_succ  nan  ep_len  406.1  hazard_steps   1.9  approx_kl 0.0154  SPS 398
[oracle] iter 333/366  step  2727936  return   6.689  success  0.45 (top 0.93/bot 0.01)  rand_succ  nan  ep_len  429.9  hazard_steps   3.6  approx_kl 0.0247  SPS 397
[oracle] iter 334/366  step  2736128  return   7.268  success  0.49 (top 0.92/bot 0.00)  rand_succ  nan  ep_len  416.9  hazard_steps   4.0  approx_kl 0.0145  SPS 397
[oracle] iter 335/366  step  2744320  return   6.914  success  0.48 (top 0.93/bot 0.01)  rand_succ  nan  ep_len  422.3  hazard_steps   6.9  approx_kl 0.0130  SPS 396
[oracle] iter 336/366  step  2752512  return   7.340  success  0.51 (top 0.93/bot 0.01)  rand_succ  nan  ep_len  410.7  hazard_steps   7.5  approx_kl 0.0102  SPS 396
[oracle] iter 337/366  step  2760704  return   8.185  success  0.55 (top 0.93/bot 0.01)  rand_succ  nan  ep_len  392.6  hazard_steps   7.2  approx_kl 0.0098  SPS 395
[oracle] iter 338/366  step  2768896  return   8.743  success  0.57 (top 0.94/bot 0.01)  rand_succ  nan  ep_len  380.4  hazard_steps   5.6  approx_kl 0.0112  SPS 395
[oracle] iter 339/366  step  2777088  return   8.199  success  0.54 (top 0.96/bot 0.01)  rand_succ  nan  ep_len  394.0  hazard_steps   6.5  approx_kl 0.0113  SPS 394
[oracle] iter 340/366  step  2785280  return   8.866  success  0.56 (top 0.97/bot 0.01)  rand_succ  nan  ep_len  384.9  hazard_steps   2.8  approx_kl 0.0068  SPS 394
[oracle] iter 341/366  step  2793472  return   8.855  success  0.56 (top 0.97/bot 0.01)  rand_succ  nan  ep_len  384.2  hazard_steps   2.5  approx_kl 0.0147  SPS 393
[oracle] iter 342/366  step  2801664  return   9.115  success  0.58 (top 0.97/bot 0.01)  rand_succ  nan  ep_len  375.5  hazard_steps   3.4  approx_kl 0.0121  SPS 393
[oracle] iter 343/366  step  2809856  return   9.429  success  0.59 (top 0.97/bot 0.01)  rand_succ  nan  ep_len  369.6  hazard_steps   2.3  approx_kl 0.0111  SPS 392
[oracle] iter 344/366  step  2818048  return   9.546  success  0.60 (top 0.97/bot 0.01)  rand_succ  nan  ep_len  364.4  hazard_steps   2.7  approx_kl 0.0250  SPS 392
[oracle] iter 345/366  step  2826240  return   9.786  success  0.61 (top 0.97/bot 0.01)  rand_succ  nan  ep_len  363.4  hazard_steps   2.1  approx_kl 0.0177  SPS 391
[oracle] iter 346/366  step  2834432  return   9.789  success  0.60 (top 0.98/bot 0.01)  rand_succ  nan  ep_len  369.2  hazard_steps   1.2  approx_kl 0.0067  SPS 391
[oracle] iter 347/366  step  2842624  return   8.556  success  0.54 (top 0.96/bot 0.00)  rand_succ  nan  ep_len  394.7  hazard_steps   1.3  approx_kl 0.0172  SPS 390
[oracle] iter 348/366  step  2850816  return   8.229  success  0.52 (top 0.95/bot 0.00)  rand_succ  nan  ep_len  403.4  hazard_steps   0.9  approx_kl 0.0118  SPS 390
[oracle] iter 349/366  step  2859008  return   7.778  success  0.50 (top 0.94/bot 0.00)  rand_succ  nan  ep_len  411.7  hazard_steps   1.7  approx_kl 0.0126  SPS 390
[oracle] iter 350/366  step  2867200  return   6.937  success  0.46 (top 0.95/bot 0.00)  rand_succ  nan  ep_len  425.8  hazard_steps   3.8  approx_kl 0.0130  SPS 389
[oracle] iter 351/366  step  2875392  return   6.077  success  0.42 (top 0.95/bot 0.00)  rand_succ  nan  ep_len  440.2  hazard_steps   4.8  approx_kl 0.0103  SPS 389
[oracle] iter 352/366  step  2883584  return   5.489  success  0.39 (top 0.95/bot 0.00)  rand_succ  nan  ep_len  452.5  hazard_steps   4.7  approx_kl 0.0172  SPS 388
[oracle] iter 353/366  step  2891776  return   5.540  success  0.39 (top 0.94/bot 0.00)  rand_succ  nan  ep_len  450.7  hazard_steps   4.7  approx_kl 0.0142  SPS 388
[oracle] iter 354/366  step  2899968  return   5.759  success  0.40 (top 0.93/bot 0.00)  rand_succ  nan  ep_len  444.8  hazard_steps   4.6  approx_kl 0.0140  SPS 387
[oracle] iter 355/366  step  2908160  return   5.344  success  0.37 (top 0.90/bot 0.00)  rand_succ  nan  ep_len  454.8  hazard_steps   2.7  approx_kl 0.0110  SPS 387
[oracle] iter 356/366  step  2916352  return   6.132  success  0.40 (top 0.89/bot 0.00)  rand_succ  nan  ep_len  443.1  hazard_steps   0.6  approx_kl 0.0074  SPS 387
[oracle] iter 357/366  step  2924544  return   6.846  success  0.45 (top 0.88/bot 0.00)  rand_succ  nan  ep_len  424.2  hazard_steps   0.9  approx_kl 0.0085  SPS 386
[oracle] iter 358/366  step  2932736  return   5.570  success  0.40 (top 0.90/bot 0.00)  rand_succ  nan  ep_len  442.9  hazard_steps   4.9  approx_kl 0.0026  SPS 386
[oracle] iter 359/366  step  2940928  return   6.487  success  0.45 (top 0.91/bot 0.00)  rand_succ  nan  ep_len  426.8  hazard_steps   4.4  approx_kl 0.0034  SPS 385
[oracle] iter 360/366  step  2949120  return   7.402  success  0.50 (top 0.92/bot 0.00)  rand_succ  nan  ep_len  407.9  hazard_steps   4.5  approx_kl 0.0010  SPS 385
[oracle] iter 361/366  step  2957312  return   7.760  success  0.52 (top 0.93/bot 0.00)  rand_succ  nan  ep_len  400.8  hazard_steps   4.8  approx_kl 0.0026  SPS 385
[oracle] iter 362/366  step  2965504  return   8.177  success  0.53 (top 0.93/bot 0.00)  rand_succ  nan  ep_len  396.4  hazard_steps   4.4  approx_kl 0.0010  SPS 384
[oracle] iter 363/366  step  2973696  return   8.118  success  0.51 (top 0.93/bot 0.00)  rand_succ  nan  ep_len  404.9  hazard_steps   0.6  approx_kl 0.0007  SPS 384
[oracle] iter 364/366  step  2981888  return   8.141  success  0.51 (top 0.95/bot 0.01)  rand_succ  nan  ep_len  402.9  hazard_steps   1.1  approx_kl 0.0002  SPS 383
[oracle] iter 365/366  step  2990080  return   7.898  success  0.50 (top 0.97/bot 0.01)  rand_succ  nan  ep_len  406.4  hazard_steps   1.2  approx_kl 0.0005  SPS 383
[oracle] iter 366/366  step  2998272  return   7.552  success  0.48 (top 0.97/bot 0.01)  rand_succ  nan  ep_len  412.9  hazard_steps   1.1  approx_kl 0.0000  SPS 383

[oracle/seed1] FINAL success 0.480  hazard_steps 1.14  rand_spawn_success nan
saved policy -> runs/race_v7/oracle.pt
wrote run json -> runs/race_v7/oracle.json
