[INFO][AppLauncher]: Using device: cuda:0
[INFO][AppLauncher]: Loading experience file: /data/howard/isaac/IsaacLab/apps/isaaclab.python.headless.rendering.kit
Loading user config located at: '/data/howard/isaac/envs/isaaclab/lib/python3.11/site-packages/isaacsim/kit/data/Kit/Isaac-Sim/5.1/user.config.json'
[Info] [carb] Logging to file: /data/howard/isaac/envs/isaaclab/lib/python3.11/site-packages/isaacsim/kit/logs/Kit/Isaac-Sim/5.1/kit_20260725_011025.log
2026-07-25T01:10:25Z [146ms] [Warning] [carb.windowing-glfw.plugin] GLFW initialization failed.
2026-07-25T01:10:25Z [146ms] [Warning] [carb] Failed to startup plugin carb.windowing-glfw.plugin (interfaces: [carb::windowing::IGLContext v1.0],[carb::windowing::IWindowing v1.5]) (impl: carb.windowing-glfw.plugin)
2026-07-25T01:10:25Z [213ms] [Warning] [omni.platforminfo.plugin] failed to open the default display.  Can't verify X Server version.
2026-07-25T01:10:25Z [218ms] [Warning] [carb.cudainterop.plugin] CUDA_VISIBLE_DEVICES environment variable is set.
2026-07-25T01:10:25Z [218ms] [Warning] [carb.cudainterop.plugin] Note CUDA device enumeration and Omniverse device enumeration are different.
2026-07-25T01:10:25Z [218ms] [Warning] [carb.cudainterop.plugin] Setting CUDA_VISIBLE_DEVICES can lead to undesired behavior or crashes.
2026-07-25T01:10:26Z [595ms] [Warning] [carb.windowing-glfw.plugin] GLFW initialization failed.
2026-07-25T01:10:26Z [595ms] [Warning] [carb] Failed to startup plugin carb.windowing-glfw.plugin (interfaces: [carb::windowing::IGLContext v1.0],[carb::windowing::IWindowing v1.5]) (impl: carb.windowing-glfw.plugin)
2026-07-25T01:10:26Z [881ms] [Warning] [gpu.foundation.plugin] Skipping NVIDIA GPU due CUDA being in bad state: NVIDIA RTX 6000 Ada Generation
2026-07-25T01:10:26Z [882ms] [Warning] [gpu.foundation.plugin] Please restart your system if CUDA is known to work in your system.
2026-07-25T01:10:26Z [882ms] [Warning] [gpu.foundation.plugin] Skipping NVIDIA GPU due CUDA being in bad state: NVIDIA RTX 6000 Ada Generation
2026-07-25T01:10:26Z [882ms] [Warning] [gpu.foundation.plugin] Please restart your system if CUDA is known to work in your system.
2026-07-25T01:10:26Z [882ms] [Warning] [gpu.foundation.plugin] Skipping NVIDIA GPU due CUDA being in bad state: NVIDIA RTX 6000 Ada Generation
2026-07-25T01:10:26Z [882ms] [Warning] [gpu.foundation.plugin] Please restart your system if CUDA is known to work in your system.
2026-07-25T01:10:26Z [882ms] [Warning] [gpu.foundation.plugin] Skipping NVIDIA GPU due CUDA being in bad state: NVIDIA RTX 6000 Ada Generation
2026-07-25T01:10:26Z [882ms] [Warning] [gpu.foundation.plugin] Please restart your system if CUDA is known to work in your system.
2026-07-25T01:10:26Z [882ms] [Warning] [gpu.foundation.plugin] Skipping NVIDIA GPU due CUDA being in bad state: NVIDIA RTX 6000 Ada Generation
2026-07-25T01:10:26Z [882ms] [Warning] [gpu.foundation.plugin] Please restart your system if CUDA is known to work in your system.
2026-07-25T01:10:26Z [882ms] [Warning] [gpu.foundation.plugin] Skipping NVIDIA GPU due CUDA being in bad state: NVIDIA RTX 6000 Ada Generation
2026-07-25T01:10:26Z [882ms] [Warning] [gpu.foundation.plugin] Please restart your system if CUDA is known to work in your system.

|---------------------------------------------------------------------------------------------|
| Driver Version: 550.90.12     | Graphics API: Vulkan
|=============================================================================================|
| GPU | Name                             | Active | LDA | GPU Memory | Vendor-ID | LUID       |
|     |                                  |        |     |            | Device-ID | UUID       |
|     |                                  |        |     |            | Bus-ID    |            |
|---------------------------------------------------------------------------------------------|
| 0   | NVIDIA RTX 6000 Ada Generation   |        |     | 49386   MB | 10de      | 0          |
|     |                                  |        |     |            | 26b1      | df04a158.. |
|     |                                  |        |     |            | 1         |            |
|---------------------------------------------------------------------------------------------|
| 1   | NVIDIA RTX 6000 Ada Generation   |        |     | 49386   MB | 10de      | 0          |
|     |                                  |        |     |            | 26b1      | 5cfd6483.. |
|     |                                  |        |     |            | 2c        |            |
|---------------------------------------------------------------------------------------------|
| 2   | NVIDIA RTX 6000 Ada Generation   |        |     | 49386   MB | 10de      | 0          |
|     |                                  |        |     |            | 26b1      | bdb0e57d.. |
|     |                                  |        |     |            | 41        |            |
|---------------------------------------------------------------------------------------------|
| 3   | NVIDIA RTX 6000 Ada Generation   | Yes: 0 |     | 49386   MB | 10de      | 0          |
|     |                                  |        |     |            | 26b1      | 21e14e0d.. |
|     |                                  |        |     |            | 61        |            |
|=============================================================================================|
| OS: 22.04.5 LTS (Jammy Jellyfish) ubuntu, Version: 22.04.5, Kernel: 5.15.0-181-generic
| Processor: AMD Ryzen Threadripper PRO 5995WX 64-Cores
| Cores: 64 | Logical Cores: 128
|---------------------------------------------------------------------------------------------|
| Total Memory (MB): 515582 | Free Memory: 316020
| Total Page/Swap (MB): 10239 | Free Page/Swap: 6388
|---------------------------------------------------------------------------------------------|
2026-07-25T01:10:27Z [2,364ms] [Warning] [carb.windowing-glfw.plugin] GLFW initialization failed.
2026-07-25T01:10:27Z [2,364ms] [Warning] [carb] Failed to startup plugin carb.windowing-glfw.plugin (interfaces: [carb::windowing::IGLContext v1.0],[carb::windowing::IWindowing v1.5]) (impl: carb.windowing-glfw.plugin)
2026-07-25T01:10:27Z [2,375ms] [Warning] [carb.windowing-glfw.plugin] GLFW initialization failed.
2026-07-25T01:10:27Z [2,375ms] [Warning] [carb] Failed to startup plugin carb.windowing-glfw.plugin (interfaces: [carb::windowing::IGLContext v1.0],[carb::windowing::IWindowing v1.5]) (impl: carb.windowing-glfw.plugin)
2026-07-25T01:10:27Z [2,381ms] [Warning] [carb.windowing-glfw.plugin] GLFW initialization failed.
2026-07-25T01:10:27Z [2,381ms] [Warning] [carb] Failed to startup plugin carb.windowing-glfw.plugin (interfaces: [carb::windowing::IGLContext v1.0],[carb::windowing::IWindowing v1.5]) (impl: carb.windowing-glfw.plugin)
2026-07-25T01:10:27Z [2,389ms] [Warning] [carb.windowing-glfw.plugin] GLFW initialization failed.
2026-07-25T01:10:27Z [2,389ms] [Warning] [carb] Failed to startup plugin carb.windowing-glfw.plugin (interfaces: [carb::windowing::IGLContext v1.0],[carb::windowing::IWindowing v1.5]) (impl: carb.windowing-glfw.plugin)
2026-07-25T01:10:27Z [2,390ms] [Warning] [carb.windowing-glfw.plugin] GLFW initialization failed.
2026-07-25T01:10:27Z [2,390ms] [Warning] [carb] Failed to startup plugin carb.windowing-glfw.plugin (interfaces: [carb::windowing::IGLContext v1.0],[carb::windowing::IWindowing v1.5]) (impl: carb.windowing-glfw.plugin)
2026-07-25T01:10:27Z [2,391ms] [Warning] [carb.windowing-glfw.plugin] GLFW initialization failed.
2026-07-25T01:10:27Z [2,391ms] [Warning] [carb] Failed to startup plugin carb.windowing-glfw.plugin (interfaces: [carb::windowing::IGLContext v1.0],[carb::windowing::IWindowing v1.5]) (impl: carb.windowing-glfw.plugin)
2026-07-25T01:10:28Z [2,616ms] [Warning] [omni.log] Source: omni.hydra was already registered.
2026-07-25T01:10:28Z [2,946ms] [Warning] [carb] Acquiring non optional plugin interface which is not listed as dependency: [omni::physx::IPhysxBenchmarks v1.0] (plugin: <default plugin>), by client: omni.physics.physx.plugin. Add it to CARB_PLUGIN_IMPL_DEPS() macro of a client.
2026-07-25T01:10:28Z [2,958ms] [Warning] [omni.isaac.dynamic_control] omni.isaac.dynamic_control is deprecated as of Isaac Sim 4.5. No action is needed from end-users.
2026-07-25T01:10:30Z [5,365ms] [Warning] [pxr.Semantics] pxr.Semantics is deprecated - please use Semantics instead
2026-07-25T01:10:30Z [5,512ms] [Warning] [omni.graph.core.plugin] Found duplicate of category 'Replicator' - was 'Annotators', adding 'Fabric Reader'
2026-07-25T01:10:30Z [5,512ms] [Warning] [omni.graph.core.plugin] Category 'Replicator' not accepted on node type 'omni.replicator.core.FabricReader' in extension 'omni.replicator.core'
2026-07-25T01:10:30Z [5,513ms] [Warning] [omni.replicator.core.scripts.extension] No material configuration file, adding configuration to material settings directly.
2026-07-25T01:10:32Z [7,137ms] [Warning] [omni.kvdb.plugin] Disabling key-value database because another kit process is locking it
2026-07-25T01:10:35Z [9,763ms] [Warning] [omni.fabric.plugin] Warning: attribute viewportHandle not found for bucket id 7

2026-07-25T01:10:35Z [10,322ms] [Warning] [isaaclab.envs.direct_marl_env] Seed not set for the environment. The environment creation may not be deterministic.

[36m========================================================================================================[0m
[36m[1m[INFO][IsaacLab]: Logging to file: /data/howard/isaac/tmp/isaaclab/logs/isaaclab_2026-07-25_01-10-35.log[0m
[36m========================================================================================================[0m

[33m01:10:35 [simulation_context.py] WARNING: The `enable_external_forces_every_iteration` parameter in the PhysxCfg is set to False. If you are experiencing noisy velocities, consider enabling this flag. You may need to slightly increase the number of velocity iterations (setting it to 1 or 2 rather than 0), together with this flag, to improve the accuracy of velocity updates.[0m
[INFO]: Base environment:
	Environment device    : cuda:0
	Environment seed      : None
	Physics step-size     : 0.016666666666666666
	Rendering step-size   : 0.1
	Environment step-size : 0.1
[INFO]: Time taken for scene creation : 1.628218 seconds
[INFO]: Scene manager:  <class InteractiveScene>
	Number of environments: 64
	Environment spacing   : 12.0
	Source prim name      : /World/envs/env_0
	Global prim paths     : []
	Replicate physics     : True
[INFO]: Starting the simulation. This may take a few seconds. Please wait...
[INFO]: Time taken for simulation start : 3.931440 seconds
[INFO]: Completed setting up the environment...
init_nav: loaded 19/27 tensors from runs/nav_pretrain/nav_s1_mouth.pt
log_std frozen at [0.6231597661972046, 0.6012086868286133, 0.7243850827217102]; window 40 steps @ std 4.48 on y
condition=z_t  wire_dim=66  trainable=132,740 (encoder frozen)
2026-07-25T01:10:49Z [24,054ms] [Warning] [carb] Client gpu.foundation.plugin has acquired [gpu::unstable::IMemoryBudgetManagerFactory v0.1] 100 times. Consider accessing this interface with carb::getCachedInterface() (Performance warning)
[z_t] iter   1/366  step     8192  return     nan  success   nan (top  nan/bot  nan)  rand_succ  nan  ep_len    nan  hazard_steps   nan  approx_kl 0.0198  SPS 431
[z_t] iter   2/366  step    16384  return  17.147  success  1.00 (top 1.00/bot  nan)  rand_succ  nan  ep_len  230.9  hazard_steps   0.0  approx_kl 0.0417  SPS 428
[z_t] iter   3/366  step    24576  return  16.713  success  1.00 (top 1.00/bot 1.00)  rand_succ  nan  ep_len  274.1  hazard_steps   0.0  approx_kl 0.0582  SPS 419
[z_t] iter   4/366  step    32768  return  16.433  success  1.00 (top 1.00/bot 1.00)  rand_succ  nan  ep_len  302.0  hazard_steps   0.0  approx_kl 0.0317  SPS 419
[z_t] iter   5/366  step    40960  return   4.140  success  0.51 (top 0.70/bot 0.19)  rand_succ  nan  ep_len  446.5  hazard_steps   1.1  approx_kl 0.0257  SPS 420
[z_t] iter   6/366  step    49152  return   4.626  success  0.53 (top 0.72/bot 0.19)  rand_succ  nan  ep_len  442.0  hazard_steps   1.1  approx_kl 0.0310  SPS 422
[z_t] iter   7/366  step    57344  return   4.452  success  0.52 (top 0.75/bot 0.20)  rand_succ  nan  ep_len  440.5  hazard_steps   1.2  approx_kl 0.0395  SPS 421
[z_t] iter   8/366  step    65536  return   3.577  success  0.49 (top 0.76/bot 0.24)  rand_succ  nan  ep_len  459.0  hazard_steps   1.9  approx_kl 0.0375  SPS 422
[z_t] iter   9/366  step    73728  return   3.079  success  0.47 (top 0.78/bot 0.26)  rand_succ  nan  ep_len  462.9  hazard_steps   1.9  approx_kl 0.0438  SPS 422
[z_t] iter  10/366  step    81920  return   1.750  success  0.41 (top 0.72/bot 0.22)  rand_succ  nan  ep_len  476.8  hazard_steps   1.6  approx_kl 0.0240  SPS 423
[z_t] iter  11/366  step    90112  return   3.088  success  0.47 (top 0.73/bot 0.21)  rand_succ  nan  ep_len  457.6  hazard_steps   1.5  approx_kl 0.0224  SPS 423
[z_t] iter  12/366  step    98304  return   2.443  success  0.45 (top 0.70/bot 0.20)  rand_succ  nan  ep_len  462.1  hazard_steps   1.5  approx_kl 0.0423  SPS 421
[z_t] iter  13/366  step   106496  return   2.607  success  0.46 (top 0.70/bot 0.20)  rand_succ  nan  ep_len  458.3  hazard_steps   1.5  approx_kl 0.0224  SPS 421
[z_t] iter  14/366  step   114688  return   2.172  success  0.44 (top 0.66/bot 0.20)  rand_succ  nan  ep_len  459.8  hazard_steps   0.7  approx_kl 0.0340  SPS 421
[z_t] iter  15/366  step   122880  return   1.415  success  0.41 (top 0.62/bot 0.19)  rand_succ  nan  ep_len  469.2  hazard_steps   0.8  approx_kl 0.0265  SPS 421
[z_t] iter  16/366  step   131072  return   1.219  success  0.40 (top 0.67/bot 0.18)  rand_succ  nan  ep_len  467.3  hazard_steps   0.6  approx_kl 0.0266  SPS 419
[z_t] iter  17/366  step   139264  return   1.227  success  0.40 (top 0.65/bot 0.21)  rand_succ  nan  ep_len  471.1  hazard_steps   0.5  approx_kl 0.0201  SPS 419
[z_t] iter  18/366  step   147456  return   3.076  success  0.47 (top 0.67/bot 0.24)  rand_succ  nan  ep_len  448.1  hazard_steps   0.6  approx_kl 0.0267  SPS 419
[z_t] iter  19/366  step   155648  return   1.815  success  0.42 (top 0.64/bot 0.24)  rand_succ  nan  ep_len  463.4  hazard_steps   0.5  approx_kl 0.0285  SPS 420
[z_t] iter  20/366  step   163840  return   2.774  success  0.46 (top 0.64/bot 0.19)  rand_succ  nan  ep_len  448.2  hazard_steps   0.4  approx_kl 0.0230  SPS 419
[z_t] iter  21/366  step   172032  return   0.597  success  0.38 (top 0.64/bot 0.19)  rand_succ  nan  ep_len  475.2  hazard_steps   0.5  approx_kl 0.0340  SPS 419
[z_t] iter  22/366  step   180224  return   1.624  success  0.42 (top 0.62/bot 0.20)  rand_succ  nan  ep_len  464.2  hazard_steps   1.2  approx_kl 0.0386  SPS 419
[z_t] iter  23/366  step   188416  return   2.253  success  0.44 (top 0.64/bot 0.22)  rand_succ  nan  ep_len  454.3  hazard_steps   1.2  approx_kl 0.0292  SPS 419
[z_t] iter  24/366  step   196608  return   1.396  success  0.40 (top 0.63/bot 0.21)  rand_succ  nan  ep_len  470.2  hazard_steps   1.1  approx_kl 0.0216  SPS 419
[z_t] iter  25/366  step   204800  return   2.425  success  0.44 (top 0.67/bot 0.22)  rand_succ  nan  ep_len  458.6  hazard_steps   1.1  approx_kl 0.0447  SPS 419
[z_t] iter  26/366  step   212992  return   2.388  success  0.43 (top 0.64/bot 0.22)  rand_succ  nan  ep_len  464.3  hazard_steps   1.1  approx_kl 0.0505  SPS 418
[z_t] iter  27/366  step   221184  return   3.644  success  0.48 (top 0.66/bot 0.20)  rand_succ  nan  ep_len  446.9  hazard_steps   0.5  approx_kl 0.0240  SPS 418
[z_t] iter  28/366  step   229376  return   2.680  success  0.44 (top 0.68/bot 0.20)  rand_succ  nan  ep_len  456.8  hazard_steps   0.3  approx_kl 0.0283  SPS 418
[z_t] iter  29/366  step   237568  return   1.766  success  0.40 (top 0.63/bot 0.16)  rand_succ  nan  ep_len  470.3  hazard_steps   0.3  approx_kl 0.0310  SPS 418
[z_t] iter  30/366  step   245760  return   2.364  success  0.42 (top 0.65/bot 0.15)  rand_succ  nan  ep_len  465.6  hazard_steps   0.2  approx_kl 0.0233  SPS 418
[z_t] iter  31/366  step   253952  return   2.755  success  0.44 (top 0.69/bot 0.16)  rand_succ  nan  ep_len  458.6  hazard_steps   0.3  approx_kl 0.0140  SPS 418
[z_t] iter  32/366  step   262144  return   2.200  success  0.42 (top 0.71/bot 0.16)  rand_succ  nan  ep_len  464.7  hazard_steps   0.3  approx_kl 0.0279  SPS 418
[z_t] iter  33/366  step   270336  return   2.598  success  0.43 (top 0.68/bot 0.17)  rand_succ  nan  ep_len  457.5  hazard_steps   0.3  approx_kl 0.0265  SPS 418
[z_t] iter  34/366  step   278528  return   2.607  success  0.44 (top 0.68/bot 0.15)  rand_succ  nan  ep_len  457.7  hazard_steps   0.4  approx_kl 0.0287  SPS 418
[z_t] iter  35/366  step   286720  return   2.057  success  0.42 (top 0.70/bot 0.15)  rand_succ  nan  ep_len  461.9  hazard_steps   1.0  approx_kl 0.0258  SPS 418
[z_t] iter  36/366  step   294912  return   3.020  success  0.45 (top 0.72/bot 0.14)  rand_succ  nan  ep_len  451.8  hazard_steps   1.0  approx_kl 0.0269  SPS 419
[z_t] iter  37/366  step   303104  return   3.136  success  0.44 (top 0.71/bot 0.14)  rand_succ  nan  ep_len  457.2  hazard_steps   0.8  approx_kl 0.0182  SPS 419
[z_t] iter  38/366  step   311296  return   3.350  success  0.44 (top 0.73/bot 0.13)  rand_succ  nan  ep_len  456.0  hazard_steps   0.8  approx_kl 0.0348  SPS 419
[z_t] iter  39/366  step   319488  return   4.247  success  0.47 (top 0.76/bot 0.13)  rand_succ  nan  ep_len  445.5  hazard_steps   0.9  approx_kl 0.0419  SPS 419
[z_t] iter  40/366  step   327680  return   3.362  success  0.44 (top 0.74/bot 0.13)  rand_succ  nan  ep_len  458.0  hazard_steps   0.5  approx_kl 0.0227  SPS 418
[z_t] iter  41/366  step   335872  return   2.961  success  0.43 (top 0.70/bot 0.12)  rand_succ  nan  ep_len  463.2  hazard_steps   0.6  approx_kl 0.0230  SPS 419
[z_t] iter  42/366  step   344064  return   1.416  success  0.36 (top 0.69/bot 0.11)  rand_succ  nan  ep_len  481.0  hazard_steps   0.8  approx_kl 0.0277  SPS 419
[z_t] iter  43/366  step   352256  return   0.898  success  0.34 (top 0.68/bot 0.10)  rand_succ  nan  ep_len  488.5  hazard_steps   1.1  approx_kl 0.0320  SPS 419
[z_t] iter  44/366  step   360448  return  -0.066  success  0.31 (top 0.65/bot 0.09)  rand_succ  nan  ep_len  499.2  hazard_steps   1.4  approx_kl 0.0383  SPS 418
[z_t] iter  45/366  step   368640  return  -0.901  success  0.27 (top 0.66/bot 0.09)  rand_succ  nan  ep_len  514.2  hazard_steps   1.3  approx_kl 0.0345  SPS 418
[z_t] iter  46/366  step   376832  return   0.954  success  0.34 (top 0.70/bot 0.08)  rand_succ  nan  ep_len  492.6  hazard_steps   1.4  approx_kl 0.0239  SPS 418
[z_t] iter  47/366  step   385024  return   1.072  success  0.34 (top 0.68/bot 0.08)  rand_succ  nan  ep_len  491.2  hazard_steps   1.2  approx_kl 0.0394  SPS 418
[z_t] iter  48/366  step   393216  return   0.809  success  0.35 (top 0.68/bot 0.05)  rand_succ  nan  ep_len  488.6  hazard_steps   1.7  approx_kl 0.0258  SPS 418
[z_t] iter  49/366  step   401408  return   1.153  success  0.35 (top 0.69/bot 0.05)  rand_succ  nan  ep_len  487.0  hazard_steps   1.6  approx_kl 0.0346  SPS 418
[z_t] iter  50/366  step   409600  return   2.053  success  0.38 (top 0.69/bot 0.03)  rand_succ  nan  ep_len  475.6  hazard_steps   1.3  approx_kl 0.0219  SPS 418
[z_t] iter  51/366  step   417792  return   2.292  success  0.39 (top 0.69/bot 0.03)  rand_succ  nan  ep_len  467.0  hazard_steps   1.9  approx_kl 0.0322  SPS 417
[z_t] iter  52/366  step   425984  return   1.707  success  0.37 (top 0.69/bot 0.03)  rand_succ  nan  ep_len  471.4  hazard_steps   2.4  approx_kl 0.0654  SPS 417
[z_t] iter  53/366  step   434176  return   3.266  success  0.42 (top 0.76/bot 0.03)  rand_succ  nan  ep_len  458.2  hazard_steps   2.2  approx_kl 0.0249  SPS 417
[z_t] iter  54/366  step   442368  return   4.152  success  0.46 (top 0.79/bot 0.03)  rand_succ  nan  ep_len  444.6  hazard_steps   2.0  approx_kl 0.0185  SPS 417
[z_t] iter  55/366  step   450560  return   4.474  success  0.47 (top 0.84/bot 0.03)  rand_succ  nan  ep_len  443.0  hazard_steps   2.0  approx_kl 0.0309  SPS 417
[z_t] iter  56/366  step   458752  return   4.607  success  0.48 (top 0.85/bot 0.02)  rand_succ  nan  ep_len  436.3  hazard_steps   1.9  approx_kl 0.0175  SPS 417
[z_t] iter  57/366  step   466944  return   4.580  success  0.47 (top 0.85/bot 0.02)  rand_succ  nan  ep_len  440.9  hazard_steps   1.6  approx_kl 0.0221  SPS 417
[z_t] iter  58/366  step   475136  return   4.147  success  0.44 (top 0.83/bot 0.03)  rand_succ  nan  ep_len  452.9  hazard_steps   1.3  approx_kl 0.0358  SPS 417
[z_t] iter  59/366  step   483328  return   3.111  success  0.39 (top 0.85/bot 0.03)  rand_succ  nan  ep_len  462.8  hazard_steps   0.8  approx_kl 0.0319  SPS 417
[z_t] iter  60/366  step   491520  return   3.158  success  0.40 (top 0.83/bot 0.05)  rand_succ  nan  ep_len  462.0  hazard_steps   0.9  approx_kl 0.0300  SPS 417
[z_t] iter  61/366  step   499712  return   3.584  success  0.41 (top 0.84/bot 0.05)  rand_succ  nan  ep_len  462.2  hazard_steps   0.8  approx_kl 0.0137  SPS 417
[z_t] iter  62/366  step   507904  return   4.125  success  0.43 (top 0.86/bot 0.06)  rand_succ  nan  ep_len  461.2  hazard_steps   0.3  approx_kl 0.0468  SPS 417
[z_t] iter  63/366  step   516096  return   3.941  success  0.43 (top 0.86/bot 0.06)  rand_succ  nan  ep_len  464.6  hazard_steps   0.3  approx_kl 0.0403  SPS 416
[z_t] iter  64/366  step   524288  return   4.105  success  0.44 (top 0.87/bot 0.06)  rand_succ  nan  ep_len  461.4  hazard_steps   0.4  approx_kl 0.0372  SPS 416
[z_t] iter  65/366  step   532480  return   3.630  success  0.42 (top 0.84/bot 0.05)  rand_succ  nan  ep_len  468.1  hazard_steps   0.7  approx_kl 0.0223  SPS 416
[z_t] iter  66/366  step   540672  return   4.135  success  0.44 (top 0.85/bot 0.05)  rand_succ  nan  ep_len  456.6  hazard_steps   0.7  approx_kl 0.0270  SPS 416
[z_t] iter  67/366  step   548864  return   3.489  success  0.41 (top 0.85/bot 0.05)  rand_succ  nan  ep_len  464.0  hazard_steps   1.1  approx_kl 0.0400  SPS 416
[z_t] iter  68/366  step   557056  return   2.489  success  0.36 (top 0.83/bot 0.05)  rand_succ  nan  ep_len  479.5  hazard_steps   0.8  approx_kl 0.0195  SPS 416
[z_t] iter  69/366  step   565248  return   3.057  success  0.39 (top 0.82/bot 0.04)  rand_succ  nan  ep_len  466.3  hazard_steps   0.9  approx_kl 0.0398  SPS 416
[z_t] iter  70/366  step   573440  return   4.287  success  0.43 (top 0.84/bot 0.04)  rand_succ  nan  ep_len  451.8  hazard_steps   0.5  approx_kl 0.0223  SPS 416
[z_t] iter  71/366  step   581632  return   4.280  success  0.44 (top 0.86/bot 0.02)  rand_succ  nan  ep_len  448.8  hazard_steps   0.5  approx_kl 0.0400  SPS 416
[z_t] iter  72/366  step   589824  return   5.056  success  0.47 (top 0.86/bot 0.01)  rand_succ  nan  ep_len  437.8  hazard_steps   0.1  approx_kl 0.0215  SPS 416
[z_t] iter  73/366  step   598016  return   6.217  success  0.52 (top 0.85/bot 0.01)  rand_succ  nan  ep_len  418.7  hazard_steps   0.1  approx_kl 0.0317  SPS 416
[z_t] iter  74/366  step   606208  return   5.582  success  0.49 (top 0.86/bot 0.00)  rand_succ  nan  ep_len  428.2  hazard_steps   0.1  approx_kl 0.0280  SPS 415
[z_t] iter  75/366  step   614400  return   5.089  success  0.47 (top 0.86/bot 0.00)  rand_succ  nan  ep_len  435.2  hazard_steps   0.0  approx_kl 0.0168  SPS 416
[z_t] iter  76/366  step   622592  return   4.921  success  0.46 (top 0.88/bot 0.01)  rand_succ  nan  ep_len  442.4  hazard_steps   0.0  approx_kl 0.0247  SPS 416
[z_t] iter  77/366  step   630784  return   4.806  success  0.45 (top 0.86/bot 0.02)  rand_succ  nan  ep_len  446.5  hazard_steps   0.0  approx_kl 0.0239  SPS 415
[z_t] iter  78/366  step   638976  return   4.121  success  0.42 (top 0.84/bot 0.02)  rand_succ  nan  ep_len  459.6  hazard_steps   0.0  approx_kl 0.0432  SPS 416
[z_t] iter  79/366  step   647168  return   3.012  success  0.38 (top 0.86/bot 0.03)  rand_succ  nan  ep_len  476.4  hazard_steps   0.0  approx_kl 0.0399  SPS 416
[z_t] iter  80/366  step   655360  return   3.261  success  0.39 (top 0.85/bot 0.04)  rand_succ  nan  ep_len  474.1  hazard_steps   0.0  approx_kl 0.0277  SPS 416
[z_t] iter  81/366  step   663552  return   3.713  success  0.41 (top 0.86/bot 0.04)  rand_succ  nan  ep_len  467.4  hazard_steps   0.1  approx_kl 0.0192  SPS 416
[z_t] iter  82/366  step   671744  return   3.422  success  0.40 (top 0.84/bot 0.04)  rand_succ  nan  ep_len  467.1  hazard_steps   0.1  approx_kl 0.0205  SPS 416
[z_t] iter  83/366  step   679936  return   3.536  success  0.41 (top 0.84/bot 0.05)  rand_succ  nan  ep_len  461.9  hazard_steps   0.6  approx_kl 0.0243  SPS 416
[z_t] iter  84/366  step   688128  return   3.990  success  0.44 (top 0.80/bot 0.05)  rand_succ  nan  ep_len  450.3  hazard_steps   1.8  approx_kl 0.0283  SPS 416
[z_t] iter  85/366  step   696320  return   4.312  success  0.45 (top 0.80/bot 0.05)  rand_succ  nan  ep_len  442.7  hazard_steps   1.8  approx_kl 0.0317  SPS 415
[z_t] iter  86/366  step   704512  return   3.955  success  0.44 (top 0.79/bot 0.05)  rand_succ  nan  ep_len  446.1  hazard_steps   1.8  approx_kl 0.0192  SPS 415
[z_t] iter  87/366  step   712704  return   3.664  success  0.42 (top 0.78/bot 0.05)  rand_succ  nan  ep_len  453.3  hazard_steps   1.8  approx_kl 0.0331  SPS 416
[z_t] iter  88/366  step   720896  return   3.538  success  0.41 (top 0.77/bot 0.03)  rand_succ  nan  ep_len  458.4  hazard_steps   1.8  approx_kl 0.0290  SPS 416
[z_t] iter  89/366  step   729088  return   3.875  success  0.42 (top 0.77/bot 0.03)  rand_succ  nan  ep_len  451.9  hazard_steps   0.2  approx_kl 0.0295  SPS 416
[z_t] iter  90/366  step   737280  return   4.014  success  0.41 (top 0.79/bot 0.03)  rand_succ  nan  ep_len  453.5  hazard_steps   0.8  approx_kl 0.0201  SPS 415
[z_t] iter  91/366  step   745472  return   2.899  success  0.36 (top 0.77/bot 0.02)  rand_succ  nan  ep_len  471.6  hazard_steps   1.3  approx_kl 0.0253  SPS 415
[z_t] iter  92/366  step   753664  return   4.075  success  0.41 (top 0.77/bot 0.01)  rand_succ  nan  ep_len  454.8  hazard_steps   1.3  approx_kl 0.0326  SPS 415
[z_t] iter  93/366  step   761856  return   3.433  success  0.39 (top 0.76/bot 0.01)  rand_succ  nan  ep_len  460.2  hazard_steps   4.8  approx_kl 0.0592  SPS 415
[z_t] iter  94/366  step   770048  return   3.597  success  0.38 (top 0.78/bot 0.01)  rand_succ  nan  ep_len  462.7  hazard_steps   4.8  approx_kl 0.0176  SPS 415
[z_t] iter  95/366  step   778240  return   4.287  success  0.41 (top 0.81/bot 0.01)  rand_succ  nan  ep_len  454.4  hazard_steps   4.0  approx_kl 0.0153  SPS 415
[z_t] iter  96/366  step   786432  return   4.953  success  0.44 (top 0.81/bot 0.01)  rand_succ  nan  ep_len  451.1  hazard_steps   4.6  approx_kl 0.0228  SPS 415
[z_t] iter  97/366  step   794624  return   5.013  success  0.44 (top 0.82/bot 0.02)  rand_succ  nan  ep_len  453.4  hazard_steps   4.1  approx_kl 0.0230  SPS 415
[z_t] iter  98/366  step   802816  return   6.146  success  0.48 (top 0.84/bot 0.02)  rand_succ  nan  ep_len  439.9  hazard_steps   0.6  approx_kl 0.0492  SPS 415
[z_t] iter  99/366  step   811008  return   6.786  success  0.52 (top 0.84/bot 0.02)  rand_succ  nan  ep_len  430.8  hazard_steps   0.6  approx_kl 0.0260  SPS 415
[z_t] iter 100/366  step   819200  return   6.645  success  0.52 (top 0.85/bot 0.02)  rand_succ  nan  ep_len  426.2  hazard_steps   1.1  approx_kl 0.0309  SPS 415
[z_t] iter 101/366  step   827392  return   6.516  success  0.51 (top 0.86/bot 0.02)  rand_succ  nan  ep_len  427.5  hazard_steps   1.1  approx_kl 0.0431  SPS 415
[z_t] iter 102/366  step   835584  return   5.413  success  0.45 (top 0.84/bot 0.02)  rand_succ  nan  ep_len  443.8  hazard_steps   0.5  approx_kl 0.0330  SPS 415
[z_t] iter 103/366  step   843776  return   5.629  success  0.46 (top 0.85/bot 0.03)  rand_succ  nan  ep_len  442.6  hazard_steps   0.5  approx_kl 0.0406  SPS 415
[z_t] iter 104/366  step   851968  return   4.688  success  0.41 (top 0.86/bot 0.03)  rand_succ  nan  ep_len  455.5  hazard_steps   0.5  approx_kl 0.0187  SPS 415
[z_t] iter 105/366  step   860160  return   5.540  success  0.44 (top 0.88/bot 0.03)  rand_succ  nan  ep_len  446.5  hazard_steps   0.5  approx_kl 0.0223  SPS 415
[z_t] iter 106/366  step   868352  return   6.197  success  0.47 (top 0.86/bot 0.04)  rand_succ  nan  ep_len  437.8  hazard_steps   0.7  approx_kl 0.0350  SPS 415
[z_t] iter 107/366  step   876544  return   6.830  success  0.50 (top 0.87/bot 0.05)  rand_succ  nan  ep_len  430.6  hazard_steps   0.7  approx_kl 0.0252  SPS 415
[z_t] iter 108/366  step   884736  return   6.633  success  0.48 (top 0.87/bot 0.04)  rand_succ  nan  ep_len  432.3  hazard_steps   1.2  approx_kl 0.0347  SPS 415
[z_t] iter 109/366  step   892928  return   6.838  success  0.49 (top 0.87/bot 0.04)  rand_succ  nan  ep_len  426.0  hazard_steps   2.1  approx_kl 0.0205  SPS 415
[z_t] iter 110/366  step   901120  return   6.810  success  0.50 (top 0.86/bot 0.04)  rand_succ  nan  ep_len  421.1  hazard_steps   2.9  approx_kl 0.0154  SPS 415
[z_t] iter 111/366  step   909312  return   6.384  success  0.48 (top 0.87/bot 0.04)  rand_succ  nan  ep_len  430.1  hazard_steps   2.2  approx_kl 0.0280  SPS 415
[z_t] iter 112/366  step   917504  return   5.610  success  0.45 (top 0.88/bot 0.04)  rand_succ  nan  ep_len  439.5  hazard_steps   2.4  approx_kl 0.0318  SPS 415
[z_t] iter 113/366  step   925696  return   5.795  success  0.47 (top 0.88/bot 0.04)  rand_succ  nan  ep_len  430.9  hazard_steps   2.4  approx_kl 0.0244  SPS 415
[z_t] iter 114/366  step   933888  return   6.422  success  0.50 (top 0.88/bot 0.03)  rand_succ  nan  ep_len  422.2  hazard_steps   1.7  approx_kl 0.0341  SPS 415
[z_t] iter 115/366  step   942080  return   5.431  success  0.46 (top 0.86/bot 0.03)  rand_succ  nan  ep_len  436.9  hazard_steps   1.0  approx_kl 0.0166  SPS 415
[z_t] iter 116/366  step   950272  return   6.307  success  0.50 (top 0.87/bot 0.04)  rand_succ  nan  ep_len  421.5  hazard_steps   1.5  approx_kl 0.0377  SPS 415
[z_t] iter 117/366  step   958464  return   6.750  success  0.52 (top 0.88/bot 0.03)  rand_succ  nan  ep_len  413.5  hazard_steps   1.9  approx_kl 0.0258  SPS 415
[z_t] iter 118/366  step   966656  return   7.351  success  0.54 (top 0.89/bot 0.03)  rand_succ  nan  ep_len  402.6  hazard_steps   1.9  approx_kl 0.0164  SPS 415
[z_t] iter 119/366  step   974848  return   6.918  success  0.51 (top 0.89/bot 0.01)  rand_succ  nan  ep_len  415.6  hazard_steps   1.3  approx_kl 0.0254  SPS 415
[z_t] iter 120/366  step   983040  return   6.491  success  0.48 (top 0.89/bot 0.02)  rand_succ  nan  ep_len  427.9  hazard_steps   1.1  approx_kl 0.0305  SPS 415
[z_t] iter 121/366  step   991232  return   6.007  success  0.45 (top 0.88/bot 0.02)  rand_succ  nan  ep_len  439.9  hazard_steps   1.1  approx_kl 0.0367  SPS 415
[z_t] iter 122/366  step   999424  return   5.342  success  0.41 (top 0.84/bot 0.02)  rand_succ  nan  ep_len  449.3  hazard_steps   1.1  approx_kl 0.0270  SPS 415
[z_t] iter 123/366  step  1007616  return   5.439  success  0.41 (top 0.85/bot 0.02)  rand_succ  nan  ep_len  452.2  hazard_steps   0.7  approx_kl 0.0367  SPS 415
[z_t] iter 124/366  step  1015808  return   5.534  success  0.43 (top 0.85/bot 0.04)  rand_succ  nan  ep_len  451.3  hazard_steps   1.0  approx_kl 0.0283  SPS 415
[z_t] iter 125/366  step  1024000  return   6.023  success  0.46 (top 0.87/bot 0.04)  rand_succ  nan  ep_len  436.5  hazard_steps   1.0  approx_kl 0.0173  SPS 415
[z_t] iter 126/366  step  1032192  return   5.808  success  0.45 (top 0.86/bot 0.04)  rand_succ  nan  ep_len  439.8  hazard_steps   0.9  approx_kl 0.0243  SPS 415
[z_t] iter 127/366  step  1040384  return   6.828  success  0.50 (top 0.87/bot 0.04)  rand_succ  nan  ep_len  425.1  hazard_steps   0.4  approx_kl 0.0298  SPS 415
[z_t] iter 128/366  step  1048576  return   7.137  success  0.51 (top 0.87/bot 0.04)  rand_succ  nan  ep_len  422.5  hazard_steps   0.2  approx_kl 0.0125  SPS 415
[z_t] iter 129/366  step  1056768  return   6.104  success  0.46 (top 0.88/bot 0.04)  rand_succ  nan  ep_len  432.2  hazard_steps   0.4  approx_kl 0.0268  SPS 415
[z_t] iter 130/366  step  1064960  return   5.558  success  0.44 (top 0.88/bot 0.03)  rand_succ  nan  ep_len  442.9  hazard_steps   0.8  approx_kl 0.0297  SPS 415
[z_t] iter 131/366  step  1073152  return   6.485  success  0.48 (top 0.90/bot 0.03)  rand_succ  nan  ep_len  426.4  hazard_steps   0.8  approx_kl 0.0191  SPS 415
[z_t] iter 132/366  step  1081344  return   6.489  success  0.48 (top 0.92/bot 0.03)  rand_succ  nan  ep_len  421.8  hazard_steps   1.4  approx_kl 0.0181  SPS 415
[z_t] iter 133/366  step  1089536  return   7.350  success  0.52 (top 0.93/bot 0.03)  rand_succ  nan  ep_len  408.6  hazard_steps   1.4  approx_kl 0.0205  SPS 415
[z_t] iter 134/366  step  1097728  return   6.756  success  0.49 (top 0.90/bot 0.03)  rand_succ  nan  ep_len  420.4  hazard_steps   1.4  approx_kl 0.0608  SPS 415
[z_t] iter 135/366  step  1105920  return   6.917  success  0.49 (top 0.87/bot 0.01)  rand_succ  nan  ep_len  418.7  hazard_steps   1.1  approx_kl 0.0227  SPS 415
[z_t] iter 136/366  step  1114112  return   6.574  success  0.48 (top 0.84/bot 0.01)  rand_succ  nan  ep_len  420.4  hazard_steps   0.7  approx_kl 0.0324  SPS 415
[z_t] iter 137/366  step  1122304  return   5.861  success  0.45 (top 0.83/bot 0.01)  rand_succ  nan  ep_len  431.8  hazard_steps   0.3  approx_kl 0.0432  SPS 415
[z_t] iter 138/366  step  1130496  return   5.322  success  0.42 (top 0.81/bot 0.01)  rand_succ  nan  ep_len  439.5  hazard_steps   0.3  approx_kl 0.0329  SPS 415
[z_t] iter 139/366  step  1138688  return   5.846  success  0.45 (top 0.81/bot 0.01)  rand_succ  nan  ep_len  430.3  hazard_steps   0.3  approx_kl 0.0371  SPS 415
[z_t] iter 140/366  step  1146880  return   6.167  success  0.46 (top 0.81/bot 0.01)  rand_succ  nan  ep_len  427.0  hazard_steps   0.9  approx_kl 0.0405  SPS 415
[z_t] iter 141/366  step  1155072  return   4.719  success  0.39 (top 0.78/bot 0.01)  rand_succ  nan  ep_len  454.9  hazard_steps   0.9  approx_kl 0.0428  SPS 415
[z_t] iter 142/366  step  1163264  return   4.485  success  0.37 (top 0.78/bot 0.01)  rand_succ  nan  ep_len  464.6  hazard_steps   0.7  approx_kl 0.0260  SPS 415
[z_t] iter 143/366  step  1171456  return   5.155  success  0.40 (top 0.76/bot 0.01)  rand_succ  nan  ep_len  454.1  hazard_steps   0.6  approx_kl 0.0214  SPS 415
[z_t] iter 144/366  step  1179648  return   5.678  success  0.42 (top 0.81/bot 0.01)  rand_succ  nan  ep_len  448.0  hazard_steps   0.6  approx_kl 0.0266  SPS 415
[z_t] iter 145/366  step  1187840  return   6.387  success  0.46 (top 0.83/bot 0.01)  rand_succ  nan  ep_len  432.4  hazard_steps   0.0  approx_kl 0.0235  SPS 415
[z_t] iter 146/366  step  1196032  return   7.235  success  0.51 (top 0.85/bot 0.01)  rand_succ  nan  ep_len  416.6  hazard_steps   0.1  approx_kl 0.0262  SPS 415
[z_t] iter 147/366  step  1204224  return   7.508  success  0.53 (top 0.87/bot 0.01)  rand_succ  nan  ep_len  410.0  hazard_steps   0.3  approx_kl 0.0190  SPS 415
[z_t] iter 148/366  step  1212416  return   7.049  success  0.51 (top 0.87/bot 0.01)  rand_succ  nan  ep_len  418.1  hazard_steps   0.3  approx_kl 0.0226  SPS 415
[z_t] iter 149/366  step  1220608  return   6.457  success  0.48 (top 0.85/bot 0.01)  rand_succ  nan  ep_len  428.9  hazard_steps   0.3  approx_kl 0.0389  SPS 415
[z_t] iter 150/366  step  1228800  return   5.628  success  0.44 (top 0.85/bot 0.01)  rand_succ  nan  ep_len  443.6  hazard_steps   0.3  approx_kl 0.0153  SPS 415
[z_t] iter 151/366  step  1236992  return   5.061  success  0.40 (top 0.85/bot 0.01)  rand_succ  nan  ep_len  457.2  hazard_steps   0.3  approx_kl 0.0249  SPS 415
[z_t] iter 152/366  step  1245184  return   4.527  success  0.37 (top 0.90/bot 0.01)  rand_succ  nan  ep_len  467.8  hazard_steps   0.2  approx_kl 0.0396  SPS 415
[z_t] iter 153/366  step  1253376  return   4.920  success  0.38 (top 0.91/bot 0.01)  rand_succ  nan  ep_len  462.2  hazard_steps   0.0  approx_kl 0.0259  SPS 415
[z_t] iter 154/366  step  1261568  return   5.064  success  0.39 (top 0.92/bot 0.01)  rand_succ  nan  ep_len  458.5  hazard_steps   0.0  approx_kl 0.0277  SPS 415
[z_t] iter 155/366  step  1269760  return   4.501  success  0.37 (top 0.92/bot 0.02)  rand_succ  nan  ep_len  467.5  hazard_steps   0.0  approx_kl 0.0300  SPS 415
[z_t] iter 156/366  step  1277952  return   4.812  success  0.40 (top 0.89/bot 0.04)  rand_succ  nan  ep_len  457.1  hazard_steps   1.2  approx_kl 0.0214  SPS 415
[z_t] iter 157/366  step  1286144  return   5.220  success  0.43 (top 0.89/bot 0.04)  rand_succ  nan  ep_len  450.0  hazard_steps   1.2  approx_kl 0.0275  SPS 415
[z_t] iter 158/366  step  1294336  return   4.893  success  0.42 (top 0.86/bot 0.05)  rand_succ  nan  ep_len  454.1  hazard_steps   1.3  approx_kl 0.0215  SPS 415
[z_t] iter 159/366  step  1302528  return   4.187  success  0.40 (top 0.85/bot 0.06)  rand_succ  nan  ep_len  464.6  hazard_steps   1.4  approx_kl 0.0204  SPS 415
[z_t] iter 160/366  step  1310720  return   4.740  success  0.42 (top 0.86/bot 0.05)  rand_succ  nan  ep_len  456.6  hazard_steps   1.4  approx_kl 0.0288  SPS 415
[z_t] iter 161/366  step  1318912  return   5.201  success  0.44 (top 0.88/bot 0.06)  rand_succ  nan  ep_len  452.1  hazard_steps   1.4  approx_kl 0.0242  SPS 415
[z_t] iter 162/366  step  1327104  return   5.563  success  0.45 (top 0.87/bot 0.06)  rand_succ  nan  ep_len  447.0  hazard_steps   0.2  approx_kl 0.0230  SPS 415
[z_t] iter 163/366  step  1335296  return   4.980  success  0.42 (top 0.87/bot 0.06)  rand_succ  nan  ep_len  458.4  hazard_steps   0.2  approx_kl 0.0290  SPS 415
[z_t] iter 164/366  step  1343488  return   6.005  success  0.46 (top 0.86/bot 0.06)  rand_succ  nan  ep_len  444.4  hazard_steps   0.2  approx_kl 0.0446  SPS 415
[z_t] iter 165/366  step  1351680  return   5.060  success  0.41 (top 0.84/bot 0.05)  rand_succ  nan  ep_len  460.7  hazard_steps   0.0  approx_kl 0.0233  SPS 415
[z_t] iter 166/366  step  1359872  return   5.246  success  0.42 (top 0.83/bot 0.05)  rand_succ  nan  ep_len  459.6  hazard_steps   0.2  approx_kl 0.0433  SPS 415
[z_t] iter 167/366  step  1368064  return   5.887  success  0.44 (top 0.86/bot 0.03)  rand_succ  nan  ep_len  449.2  hazard_steps   0.8  approx_kl 0.0343  SPS 415
[z_t] iter 168/366  step  1376256  return   6.386  success  0.47 (top 0.87/bot 0.03)  rand_succ  nan  ep_len  439.9  hazard_steps   1.6  approx_kl 0.0376  SPS 415
[z_t] iter 169/366  step  1384448  return   7.281  success  0.51 (top 0.90/bot 0.04)  rand_succ  nan  ep_len  425.9  hazard_steps   1.8  approx_kl 0.0137  SPS 415
[z_t] iter 170/366  step  1392640  return   8.912  success  0.59 (top 0.92/bot 0.04)  rand_succ  nan  ep_len  398.1  hazard_steps   2.4  approx_kl 0.0198  SPS 415
[z_t] iter 171/366  step  1400832  return   9.053  success  0.59 (top 0.91/bot 0.04)  rand_succ  nan  ep_len  396.2  hazard_steps   2.2  approx_kl 0.0231  SPS 415
[z_t] iter 172/366  step  1409024  return   8.196  success  0.55 (top 0.90/bot 0.03)  rand_succ  nan  ep_len  409.1  hazard_steps   1.6  approx_kl 0.0412  SPS 415
[z_t] iter 173/366  step  1417216  return   8.383  success  0.55 (top 0.92/bot 0.03)  rand_succ  nan  ep_len  405.9  hazard_steps   0.9  approx_kl 0.0289  SPS 415
[z_t] iter 174/366  step  1425408  return   7.731  success  0.52 (top 0.94/bot 0.03)  rand_succ  nan  ep_len  417.5  hazard_steps   0.6  approx_kl 0.0146  SPS 415
[z_t] iter 175/366  step  1433600  return   6.453  success  0.46 (top 0.94/bot 0.03)  rand_succ  nan  ep_len  439.8  hazard_steps   0.6  approx_kl 0.0291  SPS 415
[z_t] iter 176/366  step  1441792  return   6.907  success  0.48 (top 0.93/bot 0.03)  rand_succ  nan  ep_len  431.8  hazard_steps   0.0  approx_kl 0.0179  SPS 415
[z_t] iter 177/366  step  1449984  return   6.998  success  0.48 (top 0.92/bot 0.03)  rand_succ  nan  ep_len  431.2  hazard_steps   0.0  approx_kl 0.0178  SPS 415
[z_t] iter 178/366  step  1458176  return   6.057  success  0.43 (top 0.92/bot 0.03)  rand_succ  nan  ep_len  451.5  hazard_steps   0.0  approx_kl 0.0226  SPS 415
[z_t] iter 179/366  step  1466368  return   5.943  success  0.42 (top 0.92/bot 0.02)  rand_succ  nan  ep_len  453.6  hazard_steps   0.0  approx_kl 0.0133  SPS 415
[z_t] iter 180/366  step  1474560  return   6.613  success  0.46 (top 0.92/bot 0.02)  rand_succ  nan  ep_len  438.7  hazard_steps   0.7  approx_kl 0.0133  SPS 415
[z_t] iter 181/366  step  1482752  return   6.299  success  0.44 (top 0.92/bot 0.01)  rand_succ  nan  ep_len  446.0  hazard_steps   0.8  approx_kl 0.0193  SPS 415
[z_t] iter 182/366  step  1490944  return   6.467  success  0.45 (top 0.93/bot 0.01)  rand_succ  nan  ep_len  439.7  hazard_steps   0.8  approx_kl 0.0229  SPS 415
[z_t] iter 183/366  step  1499136  return   6.682  success  0.47 (top 0.93/bot 0.01)  rand_succ  nan  ep_len  432.1  hazard_steps   0.8  approx_kl 0.0231  SPS 415
[z_t] iter 184/366  step  1507328  return   6.735  success  0.47 (top 0.93/bot 0.01)  rand_succ  nan  ep_len  430.5  hazard_steps   0.8  approx_kl 0.0177  SPS 415
[z_t] iter 185/366  step  1515520  return   6.202  success  0.44 (top 0.92/bot 0.01)  rand_succ  nan  ep_len  442.0  hazard_steps   0.1  approx_kl 0.0154  SPS 415
[z_t] iter 186/366  step  1523712  return   6.340  success  0.44 (top 0.93/bot 0.01)  rand_succ  nan  ep_len  441.7  hazard_steps   0.0  approx_kl 0.0295  SPS 415
[z_t] iter 187/366  step  1531904  return   6.360  success  0.44 (top 0.94/bot 0.01)  rand_succ  nan  ep_len  445.7  hazard_steps   0.0  approx_kl 0.0136  SPS 415
[z_t] iter 188/366  step  1540096  return   6.584  success  0.45 (top 0.94/bot 0.01)  rand_succ  nan  ep_len  443.4  hazard_steps   0.0  approx_kl 0.0260  SPS 415
[z_t] iter 189/366  step  1548288  return   7.017  success  0.48 (top 0.94/bot 0.02)  rand_succ  nan  ep_len  434.4  hazard_steps   0.0  approx_kl 0.0173  SPS 415
[z_t] iter 190/366  step  1556480  return   7.071  success  0.49 (top 0.94/bot 0.01)  rand_succ  nan  ep_len  428.6  hazard_steps   0.0  approx_kl 0.0162  SPS 415
[z_t] iter 191/366  step  1564672  return   7.371  success  0.51 (top 0.93/bot 0.02)  rand_succ  nan  ep_len  418.5  hazard_steps   0.9  approx_kl 0.0125  SPS 415
[z_t] iter 192/366  step  1572864  return   7.395  success  0.51 (top 0.93/bot 0.02)  rand_succ  nan  ep_len  414.7  hazard_steps   0.9  approx_kl 0.0155  SPS 415
[z_t] iter 193/366  step  1581056  return   7.745  success  0.53 (top 0.93/bot 0.02)  rand_succ  nan  ep_len  407.6  hazard_steps   0.9  approx_kl 0.0303  SPS 415
[z_t] iter 194/366  step  1589248  return   6.920  success  0.49 (top 0.92/bot 0.02)  rand_succ  nan  ep_len  421.0  hazard_steps   1.1  approx_kl 0.0149  SPS 415
[z_t] iter 195/366  step  1597440  return   6.403  success  0.47 (top 0.92/bot 0.03)  rand_succ  nan  ep_len  429.1  hazard_steps   1.9  approx_kl 0.0234  SPS 415
[z_t] iter 196/366  step  1605632  return   6.168  success  0.45 (top 0.92/bot 0.03)  rand_succ  nan  ep_len  436.0  hazard_steps   0.9  approx_kl 0.0145  SPS 415
[z_t] iter 197/366  step  1613824  return   5.578  success  0.43 (top 0.92/bot 0.03)  rand_succ  nan  ep_len  442.9  hazard_steps   1.7  approx_kl 0.0216  SPS 415
[z_t] iter 198/366  step  1622016  return   6.249  success  0.47 (top 0.92/bot 0.03)  rand_succ  nan  ep_len  425.2  hazard_steps   1.7  approx_kl 0.0149  SPS 415
[z_t] iter 199/366  step  1630208  return   6.373  success  0.47 (top 0.90/bot 0.02)  rand_succ  nan  ep_len  425.2  hazard_steps   1.6  approx_kl 0.0208  SPS 415
[z_t] iter 200/366  step  1638400  return   6.086  success  0.44 (top 0.89/bot 0.02)  rand_succ  nan  ep_len  435.3  hazard_steps   0.8  approx_kl 0.0179  SPS 415
[z_t] iter 201/366  step  1646592  return   6.675  success  0.47 (top 0.88/bot 0.02)  rand_succ  nan  ep_len  423.8  hazard_steps   0.8  approx_kl 0.0221  SPS 415
[z_t] iter 202/366  step  1654784  return   7.715  success  0.51 (top 0.91/bot 0.01)  rand_succ  nan  ep_len  410.5  hazard_steps   0.0  approx_kl 0.0229  SPS 415
[z_t] iter 203/366  step  1662976  return   7.256  success  0.48 (top 0.89/bot 0.01)  rand_succ  nan  ep_len  424.1  hazard_steps   0.0  approx_kl 0.0187  SPS 415
[z_t] iter 204/366  step  1671168  return   6.863  success  0.46 (top 0.89/bot 0.01)  rand_succ  nan  ep_len  429.6  hazard_steps   1.1  approx_kl 0.0269  SPS 415
[z_t] iter 205/366  step  1679360  return   7.645  success  0.51 (top 0.88/bot 0.01)  rand_succ  nan  ep_len  411.8  hazard_steps   1.1  approx_kl 0.0245  SPS 415
[z_t] iter 206/366  step  1687552  return   6.937  success  0.48 (top 0.88/bot 0.00)  rand_succ  nan  ep_len  422.9  hazard_steps   1.1  approx_kl 0.0214  SPS 415
[z_t] iter 207/366  step  1695744  return   5.889  success  0.43 (top 0.87/bot 0.00)  rand_succ  nan  ep_len  440.3  hazard_steps   1.1  approx_kl 0.0157  SPS 415
[z_t] iter 208/366  step  1703936  return   6.033  success  0.44 (top 0.87/bot 0.00)  rand_succ  nan  ep_len  441.4  hazard_steps   1.1  approx_kl 0.0148  SPS 415
[z_t] iter 209/366  step  1712128  return   5.870  success  0.43 (top 0.87/bot 0.00)  rand_succ  nan  ep_len  444.4  hazard_steps   1.1  approx_kl 0.0158  SPS 415
[z_t] iter 210/366  step  1720320  return   6.369  success  0.45 (top 0.88/bot 0.01)  rand_succ  nan  ep_len  437.3  hazard_steps   1.1  approx_kl 0.0299  SPS 415
[z_t] iter 211/366  step  1728512  return   4.996  success  0.38 (top 0.87/bot 0.01)  rand_succ  nan  ep_len  464.5  hazard_steps   1.1  approx_kl 0.0189  SPS 415
[z_t] iter 212/366  step  1736704  return   4.600  success  0.36 (top 0.87/bot 0.01)  rand_succ  nan  ep_len  472.0  hazard_steps   1.6  approx_kl 0.0241  SPS 415
[z_t] iter 213/366  step  1744896  return   4.808  success  0.37 (top 0.87/bot 0.01)  rand_succ  nan  ep_len  466.3  hazard_steps   1.6  approx_kl 0.0119  SPS 415
[z_t] iter 214/366  step  1753088  return   4.453  success  0.35 (top 0.87/bot 0.01)  rand_succ  nan  ep_len  470.9  hazard_steps   1.6  approx_kl 0.0237  SPS 415
[z_t] iter 215/366  step  1761280  return   4.421  success  0.35 (top 0.87/bot 0.01)  rand_succ  nan  ep_len  468.4  hazard_steps   0.5  approx_kl 0.0265  SPS 415
[z_t] iter 216/366  step  1769472  return   5.343  success  0.40 (top 0.88/bot 0.01)  rand_succ  nan  ep_len  448.3  hazard_steps   0.5  approx_kl 0.0257  SPS 415
[z_t] iter 217/366  step  1777664  return   6.305  success  0.45 (top 0.89/bot 0.01)  rand_succ  nan  ep_len  432.5  hazard_steps   0.0  approx_kl 0.0088  SPS 415
[z_t] iter 218/366  step  1785856  return   6.779  success  0.48 (top 0.89/bot 0.01)  rand_succ  nan  ep_len  421.9  hazard_steps   0.0  approx_kl 0.0220  SPS 415
[z_t] iter 219/366  step  1794048  return   6.397  success  0.47 (top 0.89/bot 0.01)  rand_succ  nan  ep_len  425.8  hazard_steps   0.0  approx_kl 0.0174  SPS 415
[z_t] iter 220/366  step  1802240  return   6.374  success  0.48 (top 0.88/bot 0.00)  rand_succ  nan  ep_len  423.8  hazard_steps   0.4  approx_kl 0.0270  SPS 414
[z_t] iter 221/366  step  1810432  return   5.612  success  0.45 (top 0.87/bot 0.00)  rand_succ  nan  ep_len  434.0  hazard_steps   0.4  approx_kl 0.0116  SPS 414
[z_t] iter 222/366  step  1818624  return   4.724  success  0.40 (top 0.85/bot 0.00)  rand_succ  nan  ep_len  455.5  hazard_steps   0.4  approx_kl 0.0273  SPS 414
[z_t] iter 223/366  step  1826816  return   4.593  success  0.40 (top 0.85/bot 0.00)  rand_succ  nan  ep_len  453.6  hazard_steps   0.4  approx_kl 0.0211  SPS 414
[z_t] iter 224/366  step  1835008  return   4.548  success  0.39 (top 0.83/bot 0.01)  rand_succ  nan  ep_len  460.2  hazard_steps   1.0  approx_kl 0.0368  SPS 414
[z_t] iter 225/366  step  1843200  return   4.635  success  0.39 (top 0.82/bot 0.01)  rand_succ  nan  ep_len  459.0  hazard_steps   0.6  approx_kl 0.0155  SPS 414
[z_t] iter 226/366  step  1851392  return   5.285  success  0.42 (top 0.81/bot 0.01)  rand_succ  nan  ep_len  450.8  hazard_steps   0.6  approx_kl 0.0202  SPS 414
[z_t] iter 227/366  step  1859584  return   5.951  success  0.45 (top 0.80/bot 0.01)  rand_succ  nan  ep_len  438.0  hazard_steps   0.6  approx_kl 0.0140  SPS 414
[z_t] iter 228/366  step  1867776  return   6.636  success  0.48 (top 0.79/bot 0.01)  rand_succ  nan  ep_len  427.4  hazard_steps   0.6  approx_kl 0.0193  SPS 414
[z_t] iter 229/366  step  1875968  return   5.978  success  0.45 (top 0.79/bot 0.01)  rand_succ  nan  ep_len  437.2  hazard_steps   0.0  approx_kl 0.0234  SPS 414
[z_t] iter 230/366  step  1884160  return   6.604  success  0.48 (top 0.78/bot 0.01)  rand_succ  nan  ep_len  425.7  hazard_steps   0.0  approx_kl 0.0179  SPS 414
[z_t] iter 231/366  step  1892352  return   6.151  success  0.46 (top 0.79/bot 0.01)  rand_succ  nan  ep_len  430.5  hazard_steps   0.0  approx_kl 0.0208  SPS 414
[z_t] iter 232/366  step  1900544  return   6.688  success  0.48 (top 0.81/bot 0.01)  rand_succ  nan  ep_len  423.1  hazard_steps   0.0  approx_kl 0.0348  SPS 414
[z_t] iter 233/366  step  1908736  return   6.098  success  0.46 (top 0.80/bot 0.01)  rand_succ  nan  ep_len  432.4  hazard_steps   0.0  approx_kl 0.0163  SPS 414
[z_t] iter 234/366  step  1916928  return   6.415  success  0.47 (top 0.81/bot 0.01)  rand_succ  nan  ep_len  426.8  hazard_steps   0.0  approx_kl 0.0227  SPS 413
[z_t] iter 235/366  step  1925120  return   6.747  success  0.49 (top 0.80/bot 0.01)  rand_succ  nan  ep_len  419.1  hazard_steps   0.0  approx_kl 0.0185  SPS 412
[z_t] iter 236/366  step  1933312  return   7.095  success  0.51 (top 0.81/bot 0.01)  rand_succ  nan  ep_len  416.5  hazard_steps   0.7  approx_kl 0.0219  SPS 412
[z_t] iter 237/366  step  1941504  return   6.849  success  0.50 (top 0.81/bot 0.01)  rand_succ  nan  ep_len  419.9  hazard_steps   0.7  approx_kl 0.0244  SPS 411
[z_t] iter 238/366  step  1949696  return   7.509  success  0.53 (top 0.80/bot 0.01)  rand_succ  nan  ep_len  406.2  hazard_steps   0.7  approx_kl 0.0161  SPS 410
[z_t] iter 239/366  step  1957888  return   7.394  success  0.53 (top 0.79/bot 0.01)  rand_succ  nan  ep_len  408.4  hazard_steps   0.7  approx_kl 0.0100  SPS 409
[z_t] iter 240/366  step  1966080  return   6.420  success  0.48 (top 0.79/bot 0.01)  rand_succ  nan  ep_len  427.8  hazard_steps   0.7  approx_kl 0.0373  SPS 408
[z_t] iter 241/366  step  1974272  return   6.088  success  0.46 (top 0.79/bot 0.01)  rand_succ  nan  ep_len  434.0  hazard_steps   0.7  approx_kl 0.0221  SPS 408
[z_t] iter 242/366  step  1982464  return   5.691  success  0.44 (top 0.81/bot 0.01)  rand_succ  nan  ep_len  442.2  hazard_steps   0.0  approx_kl 0.0142  SPS 407
[z_t] iter 243/366  step  1990656  return   4.297  success  0.37 (top 0.80/bot 0.01)  rand_succ  nan  ep_len  473.0  hazard_steps   0.0  approx_kl 0.0171  SPS 406
[z_t] iter 244/366  step  1998848  return   4.434  success  0.38 (top 0.78/bot 0.01)  rand_succ  nan  ep_len  469.6  hazard_steps   0.0  approx_kl 0.0212  SPS 405
[z_t] iter 245/366  step  2007040  return   5.172  success  0.41 (top 0.79/bot 0.01)  rand_succ  nan  ep_len  453.4  hazard_steps   0.0  approx_kl 0.0228  SPS 405
[z_t] iter 246/366  step  2015232  return   5.630  success  0.44 (top 0.78/bot 0.01)  rand_succ  nan  ep_len  445.9  hazard_steps   0.0  approx_kl 0.0087  SPS 404
[z_t] iter 247/366  step  2023424  return   6.332  success  0.48 (top 0.81/bot 0.01)  rand_succ  nan  ep_len  431.9  hazard_steps   0.0  approx_kl 0.0157  SPS 403
[z_t] iter 248/366  step  2031616  return   7.773  success  0.55 (top 0.86/bot 0.01)  rand_succ  nan  ep_len  402.7  hazard_steps   0.0  approx_kl 0.0182  SPS 402
[z_t] iter 249/366  step  2039808  return   7.808  success  0.55 (top 0.86/bot 0.01)  rand_succ  nan  ep_len  408.2  hazard_steps   1.1  approx_kl 0.0168  SPS 402
[z_t] iter 250/366  step  2048000  return   7.561  success  0.55 (top 0.87/bot 0.01)  rand_succ  nan  ep_len  414.9  hazard_steps   1.1  approx_kl 0.0275  SPS 401
[z_t] iter 251/366  step  2056192  return   7.005  success  0.53 (top 0.85/bot 0.02)  rand_succ  nan  ep_len  423.2  hazard_steps   1.7  approx_kl 0.0261  SPS 400
[z_t] iter 252/366  step  2064384  return   6.011  success  0.47 (top 0.85/bot 0.02)  rand_succ  nan  ep_len  440.6  hazard_steps   2.5  approx_kl 0.0178  SPS 399
[z_t] iter 253/366  step  2072576  return   6.586  success  0.50 (top 0.89/bot 0.02)  rand_succ  nan  ep_len  429.9  hazard_steps   2.5  approx_kl 0.0115  SPS 399
[z_t] iter 254/366  step  2080768  return   5.528  success  0.44 (top 0.90/bot 0.02)  rand_succ  nan  ep_len  448.7  hazard_steps   1.7  approx_kl 0.0128  SPS 398
[z_t] iter 255/366  step  2088960  return   5.077  success  0.42 (top 0.90/bot 0.03)  rand_succ  nan  ep_len  456.7  hazard_steps   2.0  approx_kl 0.0199  SPS 398
[z_t] iter 256/366  step  2097152  return   4.529  success  0.37 (top 0.91/bot 0.03)  rand_succ  nan  ep_len  474.7  hazard_steps   1.6  approx_kl 0.0118  SPS 397
[z_t] iter 257/366  step  2105344  return   5.064  success  0.40 (top 0.90/bot 0.04)  rand_succ  nan  ep_len  462.3  hazard_steps   2.5  approx_kl 0.0123  SPS 396
[z_t] iter 258/366  step  2113536  return   5.278  success  0.42 (top 0.90/bot 0.04)  rand_succ  nan  ep_len  457.5  hazard_steps   2.0  approx_kl 0.0206  SPS 396
[z_t] iter 259/366  step  2121728  return   4.354  success  0.38 (top 0.89/bot 0.03)  rand_succ  nan  ep_len  473.2  hazard_steps   2.0  approx_kl 0.0105  SPS 395
[z_t] iter 260/366  step  2129920  return   3.806  success  0.35 (top 0.87/bot 0.03)  rand_succ  nan  ep_len  478.9  hazard_steps   2.0  approx_kl 0.0107  SPS 394
[z_t] iter 261/366  step  2138112  return   4.001  success  0.36 (top 0.86/bot 0.02)  rand_succ  nan  ep_len  473.0  hazard_steps   1.9  approx_kl 0.0286  SPS 394
[z_t] iter 262/366  step  2146304  return   4.478  success  0.38 (top 0.87/bot 0.02)  rand_succ  nan  ep_len  464.8  hazard_steps   0.6  approx_kl 0.0154  SPS 393
[z_t] iter 263/366  step  2154496  return   5.284  success  0.42 (top 0.87/bot 0.02)  rand_succ  nan  ep_len  448.2  hazard_steps   0.6  approx_kl 0.0186  SPS 393
[z_t] iter 264/366  step  2162688  return   5.448  success  0.42 (top 0.88/bot 0.02)  rand_succ  nan  ep_len  447.3  hazard_steps   0.7  approx_kl 0.0247  SPS 392
[z_t] iter 265/366  step  2170880  return   4.730  success  0.39 (top 0.87/bot 0.01)  rand_succ  nan  ep_len  461.7  hazard_steps   0.7  approx_kl 0.0094  SPS 391
[z_t] iter 266/366  step  2179072  return   5.438  success  0.42 (top 0.86/bot 0.01)  rand_succ  nan  ep_len  448.9  hazard_steps   0.7  approx_kl 0.0231  SPS 391
[z_t] iter 267/366  step  2187264  return   4.949  success  0.40 (top 0.82/bot 0.01)  rand_succ  nan  ep_len  452.4  hazard_steps   0.8  approx_kl 0.0194  SPS 390
[z_t] iter 268/366  step  2195456  return   5.499  success  0.43 (top 0.84/bot 0.01)  rand_succ  nan  ep_len  442.4  hazard_steps   0.8  approx_kl 0.0185  SPS 390
[z_t] iter 269/366  step  2203648  return   6.160  success  0.46 (top 0.86/bot 0.02)  rand_succ  nan  ep_len  435.6  hazard_steps   1.0  approx_kl 0.0221  SPS 389
[z_t] iter 270/366  step  2211840  return   6.573  success  0.48 (top 0.87/bot 0.02)  rand_succ  nan  ep_len  429.1  hazard_steps   1.0  approx_kl 0.0186  SPS 388
[z_t] iter 271/366  step  2220032  return   6.947  success  0.49 (top 0.89/bot 0.02)  rand_succ  nan  ep_len  424.4  hazard_steps   1.0  approx_kl 0.0119  SPS 388
[z_t] iter 272/366  step  2228224  return   7.530  success  0.52 (top 0.87/bot 0.02)  rand_succ  nan  ep_len  413.6  hazard_steps   0.3  approx_kl 0.0108  SPS 387
[z_t] iter 273/366  step  2236416  return   7.999  success  0.54 (top 0.89/bot 0.02)  rand_succ  nan  ep_len  405.4  hazard_steps   0.3  approx_kl 0.0429  SPS 387
[z_t] iter 274/366  step  2244608  return   7.083  success  0.49 (top 0.87/bot 0.02)  rand_succ  nan  ep_len  420.7  hazard_steps   0.0  approx_kl 0.0110  SPS 386
[z_t] iter 275/366  step  2252800  return   6.639  success  0.46 (top 0.87/bot 0.02)  rand_succ  nan  ep_len  425.7  hazard_steps   0.0  approx_kl 0.0127  SPS 386
[z_t] iter 276/366  step  2260992  return   6.565  success  0.45 (top 0.88/bot 0.02)  rand_succ  nan  ep_len  433.2  hazard_steps   0.0  approx_kl 0.0141  SPS 385
[z_t] iter 277/366  step  2269184  return   6.729  success  0.46 (top 0.91/bot 0.02)  rand_succ  nan  ep_len  427.6  hazard_steps   0.0  approx_kl 0.0223  SPS 385
[z_t] iter 278/366  step  2277376  return   5.087  success  0.38 (top 0.86/bot 0.01)  rand_succ  nan  ep_len  460.0  hazard_steps   0.0  approx_kl 0.0125  SPS 384
[z_t] iter 279/366  step  2285568  return   4.833  success  0.37 (top 0.86/bot 0.01)  rand_succ  nan  ep_len  463.4  hazard_steps   0.5  approx_kl 0.0111  SPS 383
[z_t] iter 280/366  step  2293760  return   5.282  success  0.40 (top 0.85/bot 0.00)  rand_succ  nan  ep_len  453.5  hazard_steps   0.5  approx_kl 0.0127  SPS 383
[z_t] iter 281/366  step  2301952  return   5.105  success  0.40 (top 0.84/bot 0.00)  rand_succ  nan  ep_len  454.6  hazard_steps   0.5  approx_kl 0.0143  SPS 383
[z_t] iter 282/366  step  2310144  return   4.844  success  0.38 (top 0.85/bot 0.00)  rand_succ  nan  ep_len  459.4  hazard_steps   0.5  approx_kl 0.0208  SPS 382
[z_t] iter 283/366  step  2318336  return   5.469  success  0.41 (top 0.85/bot 0.00)  rand_succ  nan  ep_len  450.7  hazard_steps   0.5  approx_kl 0.0143  SPS 382
[z_t] iter 284/366  step  2326528  return   5.342  success  0.40 (top 0.86/bot 0.00)  rand_succ  nan  ep_len  453.8  hazard_steps   0.0  approx_kl 0.0236  SPS 381
[z_t] iter 285/366  step  2334720  return   5.378  success  0.40 (top 0.85/bot 0.00)  rand_succ  nan  ep_len  454.0  hazard_steps   0.0  approx_kl 0.0288  SPS 381
[z_t] iter 286/366  step  2342912  return   5.918  success  0.43 (top 0.88/bot 0.00)  rand_succ  nan  ep_len  443.6  hazard_steps   0.0  approx_kl 0.0163  SPS 380
[z_t] iter 287/366  step  2351104  return   5.732  success  0.41 (top 0.89/bot 0.00)  rand_succ  nan  ep_len  449.0  hazard_steps   0.0  approx_kl 0.0148  SPS 380
[z_t] iter 288/366  step  2359296  return   5.543  success  0.40 (top 0.89/bot 0.00)  rand_succ  nan  ep_len  452.0  hazard_steps   0.0  approx_kl 0.0213  SPS 379
[z_t] iter 289/366  step  2367488  return   5.655  success  0.41 (top 0.90/bot 0.00)  rand_succ  nan  ep_len  447.3  hazard_steps   0.0  approx_kl 0.0149  SPS 379
[z_t] iter 290/366  step  2375680  return   5.907  success  0.42 (top 0.91/bot 0.00)  rand_succ  nan  ep_len  442.0  hazard_steps   0.0  approx_kl 0.0134  SPS 378
[z_t] iter 291/366  step  2383872  return   5.849  success  0.42 (top 0.91/bot 0.00)  rand_succ  nan  ep_len  444.3  hazard_steps   0.0  approx_kl 0.0145  SPS 378
[z_t] iter 292/366  step  2392064  return   5.358  success  0.40 (top 0.89/bot 0.00)  rand_succ  nan  ep_len  453.7  hazard_steps   0.0  approx_kl 0.0122  SPS 377
[z_t] iter 293/366  step  2400256  return   5.518  success  0.42 (top 0.90/bot 0.00)  rand_succ  nan  ep_len  452.5  hazard_steps   0.0  approx_kl 0.0078  SPS 377
[z_t] iter 294/366  step  2408448  return   6.059  success  0.45 (top 0.89/bot 0.00)  rand_succ  nan  ep_len  445.2  hazard_steps   0.0  approx_kl 0.0145  SPS 377
[z_t] iter 295/366  step  2416640  return   5.486  success  0.42 (top 0.88/bot 0.00)  rand_succ  nan  ep_len  459.1  hazard_steps   0.0  approx_kl 0.0068  SPS 376
[z_t] iter 296/366  step  2424832  return   5.597  success  0.43 (top 0.89/bot 0.00)  rand_succ  nan  ep_len  457.4  hazard_steps   0.0  approx_kl 0.0146  SPS 376
[z_t] iter 297/366  step  2433024  return   5.924  success  0.45 (top 0.88/bot 0.00)  rand_succ  nan  ep_len  448.6  hazard_steps   0.0  approx_kl 0.0124  SPS 375
[z_t] iter 298/366  step  2441216  return   6.143  success  0.45 (top 0.86/bot 0.00)  rand_succ  nan  ep_len  443.2  hazard_steps   0.4  approx_kl 0.0300  SPS 375
[z_t] iter 299/366  step  2449408  return   5.861  success  0.44 (top 0.84/bot 0.00)  rand_succ  nan  ep_len  444.7  hazard_steps   0.4  approx_kl 0.0091  SPS 374
[z_t] iter 300/366  step  2457600  return   6.238  success  0.46 (top 0.85/bot 0.00)  rand_succ  nan  ep_len  433.7  hazard_steps   0.4  approx_kl 0.0263  SPS 374
[z_t] iter 301/366  step  2465792  return   5.432  success  0.43 (top 0.86/bot 0.00)  rand_succ  nan  ep_len  447.2  hazard_steps   0.4  approx_kl 0.0141  SPS 373
[z_t] iter 302/366  step  2473984  return   4.970  success  0.41 (top 0.85/bot 0.00)  rand_succ  nan  ep_len  454.0  hazard_steps   0.4  approx_kl 0.0271  SPS 373
[z_t] iter 303/366  step  2482176  return   5.603  success  0.45 (top 0.84/bot 0.00)  rand_succ  nan  ep_len  441.3  hazard_steps   0.9  approx_kl 0.0204  SPS 372
[z_t] iter 304/366  step  2490368  return   5.710  success  0.45 (top 0.84/bot 0.00)  rand_succ  nan  ep_len  439.7  hazard_steps   0.9  approx_kl 0.0161  SPS 372
[z_t] iter 305/366  step  2498560  return   6.465  success  0.48 (top 0.84/bot 0.01)  rand_succ  nan  ep_len  429.2  hazard_steps   1.6  approx_kl 0.0145  SPS 372
[z_t] iter 306/366  step  2506752  return   7.392  success  0.52 (top 0.84/bot 0.02)  rand_succ  nan  ep_len  415.6  hazard_steps   2.9  approx_kl 0.0157  SPS 371
[z_t] iter 307/366  step  2514944  return   7.469  success  0.52 (top 0.85/bot 0.02)  rand_succ  nan  ep_len  415.1  hazard_steps   2.9  approx_kl 0.0178  SPS 371
[z_t] iter 308/366  step  2523136  return   7.259  success  0.50 (top 0.87/bot 0.02)  rand_succ  nan  ep_len  427.8  hazard_steps   3.0  approx_kl 0.0074  SPS 370
[z_t] iter 309/366  step  2531328  return   7.017  success  0.49 (top 0.87/bot 0.02)  rand_succ  nan  ep_len  431.8  hazard_steps   2.1  approx_kl 0.0131  SPS 370
[z_t] iter 310/366  step  2539520  return   6.308  success  0.46 (top 0.88/bot 0.02)  rand_succ  nan  ep_len  445.4  hazard_steps   2.1  approx_kl 0.0081  SPS 370
[z_t] iter 311/366  step  2547712  return   6.213  success  0.46 (top 0.89/bot 0.03)  rand_succ  nan  ep_len  442.2  hazard_steps   0.4  approx_kl 0.0101  SPS 369
[z_t] iter 312/366  step  2555904  return   5.456  success  0.43 (top 0.89/bot 0.03)  rand_succ  nan  ep_len  455.7  hazard_steps   1.0  approx_kl 0.0180  SPS 369
[z_t] iter 313/366  step  2564096  return   5.743  success  0.45 (top 0.90/bot 0.03)  rand_succ  nan  ep_len  441.7  hazard_steps   0.9  approx_kl 0.0083  SPS 368
[z_t] iter 314/366  step  2572288  return   6.722  success  0.50 (top 0.93/bot 0.03)  rand_succ  nan  ep_len  422.2  hazard_steps   0.9  approx_kl 0.0150  SPS 368
[z_t] iter 315/366  step  2580480  return   6.735  success  0.50 (top 0.91/bot 0.03)  rand_succ  nan  ep_len  425.2  hazard_steps   0.9  approx_kl 0.0055  SPS 368
[z_t] iter 316/366  step  2588672  return   6.058  success  0.47 (top 0.88/bot 0.02)  rand_succ  nan  ep_len  434.6  hazard_steps   0.6  approx_kl 0.0072  SPS 367
[z_t] iter 317/366  step  2596864  return   5.634  success  0.45 (top 0.87/bot 0.01)  rand_succ  nan  ep_len  440.5  hazard_steps   2.1  approx_kl 0.0201  SPS 367
[z_t] iter 318/366  step  2605056  return   5.982  success  0.47 (top 0.86/bot 0.01)  rand_succ  nan  ep_len  429.2  hazard_steps   1.6  approx_kl 0.0153  SPS 367
[z_t] iter 319/366  step  2613248  return   5.343  success  0.44 (top 0.87/bot 0.01)  rand_succ  nan  ep_len  439.5  hazard_steps   2.0  approx_kl 0.0066  SPS 366
[z_t] iter 320/366  step  2621440  return   5.650  success  0.46 (top 0.87/bot 0.01)  rand_succ  nan  ep_len  429.3  hazard_steps   2.3  approx_kl 0.0192  SPS 366
[z_t] iter 321/366  step  2629632  return   6.235  success  0.48 (top 0.88/bot 0.02)  rand_succ  nan  ep_len  422.6  hazard_steps   2.9  approx_kl 0.0089  SPS 366
[z_t] iter 322/366  step  2637824  return   6.150  success  0.48 (top 0.88/bot 0.01)  rand_succ  nan  ep_len  423.3  hazard_steps   2.9  approx_kl 0.0073  SPS 365
[z_t] iter 323/366  step  2646016  return   5.800  success  0.46 (top 0.86/bot 0.01)  rand_succ  nan  ep_len  430.6  hazard_steps   1.3  approx_kl 0.0065  SPS 365
[z_t] iter 324/366  step  2654208  return   5.843  success  0.45 (top 0.86/bot 0.01)  rand_succ  nan  ep_len  435.1  hazard_steps   0.9  approx_kl 0.0055  SPS 365
[z_t] iter 325/366  step  2662400  return   5.863  success  0.44 (top 0.88/bot 0.01)  rand_succ  nan  ep_len  439.9  hazard_steps   0.6  approx_kl 0.0108  SPS 364
[z_t] iter 326/366  step  2670592  return   5.939  success  0.45 (top 0.88/bot 0.01)  rand_succ  nan  ep_len  432.3  hazard_steps   0.0  approx_kl 0.0159  SPS 364
[z_t] iter 327/366  step  2678784  return   6.543  success  0.48 (top 0.89/bot 0.01)  rand_succ  nan  ep_len  420.8  hazard_steps   0.6  approx_kl 0.0090  SPS 363
[z_t] iter 328/366  step  2686976  return   7.415  success  0.52 (top 0.90/bot 0.01)  rand_succ  nan  ep_len  409.1  hazard_steps   1.2  approx_kl 0.0112  SPS 363
[z_t] iter 329/366  step  2695168  return   7.571  success  0.54 (top 0.92/bot 0.01)  rand_succ  nan  ep_len  404.9  hazard_steps   1.2  approx_kl 0.0158  SPS 363
[z_t] iter 330/366  step  2703360  return   5.820  success  0.46 (top 0.91/bot 0.01)  rand_succ  nan  ep_len  436.0  hazard_steps   1.7  approx_kl 0.0100  SPS 362
[z_t] iter 331/366  step  2711552  return   5.602  success  0.45 (top 0.91/bot 0.01)  rand_succ  nan  ep_len  441.1  hazard_steps   1.8  approx_kl 0.0054  SPS 362
[z_t] iter 332/366  step  2719744  return   4.945  success  0.41 (top 0.90/bot 0.00)  rand_succ  nan  ep_len  456.4  hazard_steps   2.2  approx_kl 0.0109  SPS 362
[z_t] iter 333/366  step  2727936  return   4.083  success  0.37 (top 0.88/bot 0.01)  rand_succ  nan  ep_len  471.9  hazard_steps   2.8  approx_kl 0.0098  SPS 362
[z_t] iter 334/366  step  2736128  return   3.354  success  0.33 (top 0.88/bot 0.01)  rand_succ  nan  ep_len  485.4  hazard_steps   2.6  approx_kl 0.0175  SPS 361
[z_t] iter 335/366  step  2744320  return   2.974  success  0.30 (top 0.89/bot 0.01)  rand_succ  nan  ep_len  493.5  hazard_steps   2.5  approx_kl 0.0070  SPS 361
[z_t] iter 336/366  step  2752512  return   3.722  success  0.34 (top 0.88/bot 0.01)  rand_succ  nan  ep_len  478.6  hazard_steps   2.1  approx_kl 0.0123  SPS 361
[z_t] iter 337/366  step  2760704  return   4.365  success  0.37 (top 0.88/bot 0.01)  rand_succ  nan  ep_len  462.5  hazard_steps   2.0  approx_kl 0.0036  SPS 360
[z_t] iter 338/366  step  2768896  return   4.462  success  0.38 (top 0.88/bot 0.01)  rand_succ  nan  ep_len  459.1  hazard_steps   0.7  approx_kl 0.0052  SPS 360
[z_t] iter 339/366  step  2777088  return   4.654  success  0.38 (top 0.88/bot 0.01)  rand_succ  nan  ep_len  461.1  hazard_steps   0.7  approx_kl 0.0112  SPS 360
[z_t] iter 340/366  step  2785280  return   5.294  success  0.41 (top 0.89/bot 0.01)  rand_succ  nan  ep_len  449.4  hazard_steps   0.3  approx_kl 0.0049  SPS 359
[z_t] iter 341/366  step  2793472  return   5.237  success  0.42 (top 0.88/bot 0.01)  rand_succ  nan  ep_len  444.4  hazard_steps   0.8  approx_kl 0.0128  SPS 359
[z_t] iter 342/366  step  2801664  return   4.620  success  0.39 (top 0.87/bot 0.02)  rand_succ  nan  ep_len  457.4  hazard_steps   1.3  approx_kl 0.0047  SPS 359
[z_t] iter 343/366  step  2809856  return   5.896  success  0.45 (top 0.88/bot 0.01)  rand_succ  nan  ep_len  435.6  hazard_steps   1.3  approx_kl 0.0066  SPS 359
[z_t] iter 344/366  step  2818048  return   6.151  success  0.47 (top 0.88/bot 0.01)  rand_succ  nan  ep_len  428.5  hazard_steps   1.4  approx_kl 0.0102  SPS 358
[z_t] iter 345/366  step  2826240  return   6.522  success  0.49 (top 0.90/bot 0.01)  rand_succ  nan  ep_len  419.8  hazard_steps   1.4  approx_kl 0.0141  SPS 358
[z_t] iter 346/366  step  2834432  return   5.807  success  0.44 (top 0.91/bot 0.01)  rand_succ  nan  ep_len  438.2  hazard_steps   1.0  approx_kl 0.0143  SPS 358
[z_t] iter 347/366  step  2842624  return   5.466  success  0.42 (top 0.91/bot 0.01)  rand_succ  nan  ep_len  445.0  hazard_steps   1.2  approx_kl 0.0085  SPS 357
[z_t] iter 348/366  step  2850816  return   6.935  success  0.49 (top 0.91/bot 0.01)  rand_succ  nan  ep_len  419.6  hazard_steps   1.2  approx_kl 0.0116  SPS 357
[z_t] iter 349/366  step  2859008  return   6.758  success  0.48 (top 0.92/bot 0.01)  rand_succ  nan  ep_len  420.7  hazard_steps   0.9  approx_kl 0.0081  SPS 357
[z_t] iter 350/366  step  2867200  return   6.939  success  0.49 (top 0.92/bot 0.01)  rand_succ  nan  ep_len  417.3  hazard_steps   1.4  approx_kl 0.0070  SPS 357
[z_t] iter 351/366  step  2875392  return   6.741  success  0.48 (top 0.92/bot 0.02)  rand_succ  nan  ep_len  422.7  hazard_steps   2.1  approx_kl 0.0041  SPS 356
[z_t] iter 352/366  step  2883584  return   7.355  success  0.51 (top 0.92/bot 0.02)  rand_succ  nan  ep_len  411.6  hazard_steps   1.4  approx_kl 0.0111  SPS 356
[z_t] iter 353/366  step  2891776  return   6.784  success  0.48 (top 0.93/bot 0.01)  rand_succ  nan  ep_len  427.4  hazard_steps   1.4  approx_kl 0.0043  SPS 356
[z_t] iter 354/366  step  2899968  return   6.334  success  0.45 (top 0.94/bot 0.01)  rand_succ  nan  ep_len  438.4  hazard_steps   1.2  approx_kl 0.0202  SPS 356
[z_t] iter 355/366  step  2908160  return   6.050  success  0.44 (top 0.94/bot 0.01)  rand_succ  nan  ep_len  443.6  hazard_steps   1.2  approx_kl 0.0185  SPS 355
[z_t] iter 356/366  step  2916352  return   6.482  success  0.46 (top 0.93/bot 0.01)  rand_succ  nan  ep_len  435.6  hazard_steps   0.0  approx_kl 0.0148  SPS 355
[z_t] iter 357/366  step  2924544  return   7.208  success  0.50 (top 0.95/bot 0.01)  rand_succ  nan  ep_len  421.0  hazard_steps   0.0  approx_kl 0.0096  SPS 355
[z_t] iter 358/366  step  2932736  return   6.388  success  0.46 (top 0.94/bot 0.01)  rand_succ  nan  ep_len  432.3  hazard_steps   0.0  approx_kl 0.0154  SPS 355
[z_t] iter 359/366  step  2940928  return   6.541  success  0.48 (top 0.94/bot 0.01)  rand_succ  nan  ep_len  426.1  hazard_steps   0.5  approx_kl 0.0119  SPS 354
[z_t] iter 360/366  step  2949120  return   5.980  success  0.45 (top 0.94/bot 0.01)  rand_succ  nan  ep_len  439.7  hazard_steps   0.5  approx_kl 0.0069  SPS 354
[z_t] iter 361/366  step  2957312  return   6.020  success  0.45 (top 0.94/bot 0.00)  rand_succ  nan  ep_len  437.7  hazard_steps   0.5  approx_kl 0.0066  SPS 354
[z_t] iter 362/366  step  2965504  return   5.191  success  0.42 (top 0.93/bot 0.02)  rand_succ  nan  ep_len  452.1  hazard_steps   1.8  approx_kl 0.0065  SPS 354
[z_t] iter 363/366  step  2973696  return   5.209  success  0.42 (top 0.93/bot 0.02)  rand_succ  nan  ep_len  452.9  hazard_steps   1.8  approx_kl 0.0115  SPS 354
[z_t] iter 364/366  step  2981888  return   6.262  success  0.47 (top 0.93/bot 0.03)  rand_succ  nan  ep_len  432.7  hazard_steps   1.9  approx_kl 0.0050  SPS 353
[z_t] iter 365/366  step  2990080  return   6.428  success  0.48 (top 0.91/bot 0.03)  rand_succ  nan  ep_len  428.5  hazard_steps   2.8  approx_kl 0.0020  SPS 353
[z_t] iter 366/366  step  2998272  return   6.304  success  0.47 (top 0.91/bot 0.03)  rand_succ  nan  ep_len  432.9  hazard_steps   2.3  approx_kl 0.0017  SPS 353

[z_t/seed1] FINAL success 0.470  hazard_steps 2.29  rand_spawn_success nan
saved policy -> runs/race_v7/z_t.pt
wrote run json -> runs/race_v7/z_t.json
