[INFO][AppLauncher]: Using device: cuda:0
[INFO][AppLauncher]: Loading experience file: /data/howard/isaac/IsaacLab/apps/isaaclab.python.headless.rendering.kit
Loading user config located at: '/data/howard/isaac/envs/isaaclab/lib/python3.11/site-packages/isaacsim/kit/data/Kit/Isaac-Sim/5.1/user.config.json'
[Info] [carb] Logging to file: /data/howard/isaac/envs/isaaclab/lib/python3.11/site-packages/isaacsim/kit/logs/Kit/Isaac-Sim/5.1/kit_20260714_204555.log
2026-07-14T20:45:55Z [140ms] [Warning] [carb.windowing-glfw.plugin] GLFW initialization failed.
2026-07-14T20:45:55Z [140ms] [Warning] [carb] Failed to startup plugin carb.windowing-glfw.plugin (interfaces: [carb::windowing::IGLContext v1.0],[carb::windowing::IWindowing v1.5]) (impl: carb.windowing-glfw.plugin)
2026-07-14T20:45:56Z [204ms] [Warning] [omni.platforminfo.plugin] failed to open the default display.  Can't verify X Server version.
2026-07-14T20:45:56Z [206ms] [Warning] [carb.cudainterop.plugin] CUDA_VISIBLE_DEVICES environment variable is set.
2026-07-14T20:45:56Z [206ms] [Warning] [carb.cudainterop.plugin] Note CUDA device enumeration and Omniverse device enumeration are different.
2026-07-14T20:45:56Z [206ms] [Warning] [carb.cudainterop.plugin] Setting CUDA_VISIBLE_DEVICES can lead to undesired behavior or crashes.
2026-07-14T20:45:56Z [689ms] [Warning] [carb.windowing-glfw.plugin] GLFW initialization failed.
2026-07-14T20:45:56Z [689ms] [Warning] [carb] Failed to startup plugin carb.windowing-glfw.plugin (interfaces: [carb::windowing::IGLContext v1.0],[carb::windowing::IWindowing v1.5]) (impl: carb.windowing-glfw.plugin)
2026-07-14T20:45:56Z [831ms] [Warning] [gpu.foundation.plugin] Skipping NVIDIA GPU due CUDA being in bad state: NVIDIA RTX 6000 Ada Generation
2026-07-14T20:45:56Z [831ms] [Warning] [gpu.foundation.plugin] Please restart your system if CUDA is known to work in your system.
2026-07-14T20:45:56Z [831ms] [Warning] [gpu.foundation.plugin] Skipping NVIDIA GPU due CUDA being in bad state: NVIDIA RTX 6000 Ada Generation
2026-07-14T20:45:56Z [831ms] [Warning] [gpu.foundation.plugin] Please restart your system if CUDA is known to work in your system.
2026-07-14T20:45:56Z [831ms] [Warning] [gpu.foundation.plugin] Skipping NVIDIA GPU due CUDA being in bad state: NVIDIA RTX 6000 Ada Generation
2026-07-14T20:45:56Z [831ms] [Warning] [gpu.foundation.plugin] Please restart your system if CUDA is known to work in your system.
2026-07-14T20:45:56Z [832ms] [Warning] [gpu.foundation.plugin] Skipping NVIDIA GPU due CUDA being in bad state: NVIDIA RTX 6000 Ada Generation
2026-07-14T20:45:56Z [832ms] [Warning] [gpu.foundation.plugin] Please restart your system if CUDA is known to work in your system.
2026-07-14T20:45:56Z [832ms] [Warning] [gpu.foundation.plugin] Skipping NVIDIA GPU due CUDA being in bad state: NVIDIA RTX 6000 Ada Generation
2026-07-14T20:45:56Z [832ms] [Warning] [gpu.foundation.plugin] Please restart your system if CUDA is known to work in your system.
2026-07-14T20:45:56Z [832ms] [Warning] [gpu.foundation.plugin] Skipping NVIDIA GPU due CUDA being in bad state: NVIDIA RTX 6000 Ada Generation
2026-07-14T20:45:56Z [832ms] [Warning] [gpu.foundation.plugin] Please restart your system if CUDA is known to work in your system.

|---------------------------------------------------------------------------------------------|
| Driver Version: 550.90.12     | Graphics API: Vulkan
|=============================================================================================|
| GPU | Name                             | Active | LDA | GPU Memory | Vendor-ID | LUID       |
|     |                                  |        |     |            | Device-ID | UUID       |
|     |                                  |        |     |            | Bus-ID    |            |
|---------------------------------------------------------------------------------------------|
| 0   | NVIDIA RTX 6000 Ada Generation   |        |     | 49386   MB | 10de      | 0          |
|     |                                  |        |     |            | 26b1      | df04a158.. |
|     |                                  |        |     |            | 1         |            |
|---------------------------------------------------------------------------------------------|
| 1   | NVIDIA RTX 6000 Ada Generation   | Yes: 0 |     | 49386   MB | 10de      | 0          |
|     |                                  |        |     |            | 26b1      | 5cfd6483.. |
|     |                                  |        |     |            | 2c        |            |
|---------------------------------------------------------------------------------------------|
| 2   | NVIDIA RTX 6000 Ada Generation   |        |     | 49386   MB | 10de      | 0          |
|     |                                  |        |     |            | 26b1      | bdb0e57d.. |
|     |                                  |        |     |            | 41        |            |
|---------------------------------------------------------------------------------------------|
| 3   | NVIDIA RTX 6000 Ada Generation   |        |     | 49386   MB | 10de      | 0          |
|     |                                  |        |     |            | 26b1      | 21e14e0d.. |
|     |                                  |        |     |            | 61        |            |
|=============================================================================================|
| OS: 22.04.5 LTS (Jammy Jellyfish) ubuntu, Version: 22.04.5, Kernel: 5.15.0-181-generic
| Processor: AMD Ryzen Threadripper PRO 5995WX 64-Cores
| Cores: 64 | Logical Cores: 128
|---------------------------------------------------------------------------------------------|
| Total Memory (MB): 515582 | Free Memory: 481402
| Total Page/Swap (MB): 10239 | Free Page/Swap: 8617
|---------------------------------------------------------------------------------------------|
2026-07-14T20:45:57Z [1,932ms] [Warning] [carb.windowing-glfw.plugin] GLFW initialization failed.
2026-07-14T20:45:57Z [1,932ms] [Warning] [carb] Failed to startup plugin carb.windowing-glfw.plugin (interfaces: [carb::windowing::IGLContext v1.0],[carb::windowing::IWindowing v1.5]) (impl: carb.windowing-glfw.plugin)
2026-07-14T20:45:57Z [1,942ms] [Warning] [carb.windowing-glfw.plugin] GLFW initialization failed.
2026-07-14T20:45:57Z [1,942ms] [Warning] [carb] Failed to startup plugin carb.windowing-glfw.plugin (interfaces: [carb::windowing::IGLContext v1.0],[carb::windowing::IWindowing v1.5]) (impl: carb.windowing-glfw.plugin)
2026-07-14T20:45:57Z [1,947ms] [Warning] [carb.windowing-glfw.plugin] GLFW initialization failed.
2026-07-14T20:45:57Z [1,947ms] [Warning] [carb] Failed to startup plugin carb.windowing-glfw.plugin (interfaces: [carb::windowing::IGLContext v1.0],[carb::windowing::IWindowing v1.5]) (impl: carb.windowing-glfw.plugin)
2026-07-14T20:45:57Z [1,956ms] [Warning] [carb.windowing-glfw.plugin] GLFW initialization failed.
2026-07-14T20:45:57Z [1,956ms] [Warning] [carb] Failed to startup plugin carb.windowing-glfw.plugin (interfaces: [carb::windowing::IGLContext v1.0],[carb::windowing::IWindowing v1.5]) (impl: carb.windowing-glfw.plugin)
2026-07-14T20:45:57Z [1,957ms] [Warning] [carb.windowing-glfw.plugin] GLFW initialization failed.
2026-07-14T20:45:57Z [1,957ms] [Warning] [carb] Failed to startup plugin carb.windowing-glfw.plugin (interfaces: [carb::windowing::IGLContext v1.0],[carb::windowing::IWindowing v1.5]) (impl: carb.windowing-glfw.plugin)
2026-07-14T20:45:57Z [1,958ms] [Warning] [carb.windowing-glfw.plugin] GLFW initialization failed.
2026-07-14T20:45:57Z [1,958ms] [Warning] [carb] Failed to startup plugin carb.windowing-glfw.plugin (interfaces: [carb::windowing::IGLContext v1.0],[carb::windowing::IWindowing v1.5]) (impl: carb.windowing-glfw.plugin)
2026-07-14T20:45:57Z [2,165ms] [Warning] [omni.log] Source: omni.hydra was already registered.
2026-07-14T20:45:58Z [2,452ms] [Warning] [carb] Acquiring non optional plugin interface which is not listed as dependency: [omni::physx::IPhysxBenchmarks v1.0] (plugin: <default plugin>), by client: omni.physics.physx.plugin. Add it to CARB_PLUGIN_IMPL_DEPS() macro of a client.
2026-07-14T20:45:58Z [2,464ms] [Warning] [omni.isaac.dynamic_control] omni.isaac.dynamic_control is deprecated as of Isaac Sim 4.5. No action is needed from end-users.
2026-07-14T20:46:00Z [4,379ms] [Warning] [pxr.Semantics] pxr.Semantics is deprecated - please use Semantics instead
2026-07-14T20:46:00Z [4,501ms] [Warning] [omni.graph.core.plugin] Found duplicate of category 'Replicator' - was 'Annotators', adding 'Fabric Reader'
2026-07-14T20:46:00Z [4,501ms] [Warning] [omni.graph.core.plugin] Category 'Replicator' not accepted on node type 'omni.replicator.core.FabricReader' in extension 'omni.replicator.core'
2026-07-14T20:46:00Z [4,502ms] [Warning] [omni.replicator.core.scripts.extension] No material configuration file, adding configuration to material settings directly.
2026-07-14T20:46:01Z [5,841ms] [Warning] [omni.kvdb.plugin] Disabling key-value database because another kit process is locking it
2026-07-14T20:46:03Z [7,984ms] [Warning] [omni.fabric.plugin] Warning: attribute viewportHandle not found for bucket id 7

2026-07-14T20:46:04Z [8,458ms] [Warning] [isaaclab.envs.direct_marl_env] Seed not set for the environment. The environment creation may not be deterministic.

[36m========================================================================================================[0m
[36m[1m[INFO][IsaacLab]: Logging to file: /data/howard/isaac/tmp/isaaclab/logs/isaaclab_2026-07-14_20-46-04.log[0m
[36m========================================================================================================[0m

[33m20:46:04 [simulation_context.py] WARNING: The `enable_external_forces_every_iteration` parameter in the PhysxCfg is set to False. If you are experiencing noisy velocities, consider enabling this flag. You may need to slightly increase the number of velocity iterations (setting it to 1 or 2 rather than 0), together with this flag, to improve the accuracy of velocity updates.[0m
[INFO]: Base environment:
	Environment device    : cuda:0
	Environment seed      : None
	Physics step-size     : 0.016666666666666666
	Rendering step-size   : 0.1
	Environment step-size : 0.1
[INFO]: Time taken for scene creation : 1.397407 seconds
[INFO]: Scene manager:  <class InteractiveScene>
	Number of environments: 64
	Environment spacing   : 12.0
	Source prim name      : /World/envs/env_0
	Global prim paths     : []
	Replicate physics     : True
[INFO]: Starting the simulation. This may take a few seconds. Please wait...
[INFO]: Time taken for simulation start : 2.980556 seconds
[INFO]: Completed setting up the environment...
condition=none  wire_dim=0  trainable=74,631 (encoder frozen)
2026-07-14T20:46:13Z [17,452ms] [Warning] [carb] Client gpu.foundation.plugin has acquired [gpu::unstable::IMemoryBudgetManagerFactory v0.1] 100 times. Consider accessing this interface with carb::getCachedInterface() (Performance warning)
[none] iter   1/366  step     8192  return     nan  success   nan (top  nan/bot  nan)  ep_len    nan  hazard_steps   nan  approx_kl 0.0089  SPS 847
[none] iter   2/366  step    16384  return     nan  success   nan (top  nan/bot  nan)  ep_len    nan  hazard_steps   nan  approx_kl 0.0128  SPS 878
[none] iter   3/366  step    24576  return     nan  success   nan (top  nan/bot  nan)  ep_len    nan  hazard_steps   nan  approx_kl 0.0438  SPS 792
[none] iter   4/366  step    32768  return     nan  success   nan (top  nan/bot  nan)  ep_len    nan  hazard_steps   nan  approx_kl 0.0162  SPS 714
[none] iter   5/366  step    40960  return  -5.428  success  0.00 (top 0.00/bot 0.00)  ep_len  599.0  hazard_steps   0.0  approx_kl 0.0143  SPS 671
[none] iter   6/366  step    49152  return  -5.428  success  0.00 (top 0.00/bot 0.00)  ep_len  599.0  hazard_steps   0.0  approx_kl 0.0122  SPS 648
[none] iter   7/366  step    57344  return  -5.428  success  0.00 (top 0.00/bot 0.00)  ep_len  599.0  hazard_steps   0.0  approx_kl 0.0076  SPS 634
[none] iter   8/366  step    65536  return  -5.428  success  0.00 (top 0.00/bot 0.00)  ep_len  599.0  hazard_steps   0.0  approx_kl 0.0092  SPS 619
[none] iter   9/366  step    73728  return  -5.428  success  0.00 (top 0.00/bot 0.00)  ep_len  599.0  hazard_steps   0.0  approx_kl 0.0125  SPS 607
[none] iter  10/366  step    81920  return  -4.494  success  0.00 (top 0.00/bot 0.00)  ep_len  599.0  hazard_steps   0.0  approx_kl 0.0055  SPS 600
[none] iter  11/366  step    90112  return  -4.494  success  0.00 (top 0.00/bot 0.00)  ep_len  599.0  hazard_steps   0.0  approx_kl 0.0055  SPS 595
[none] iter  12/366  step    98304  return  -4.494  success  0.00 (top 0.00/bot 0.00)  ep_len  599.0  hazard_steps   0.0  approx_kl 0.0297  SPS 589
[none] iter  13/366  step   106496  return  -4.494  success  0.00 (top 0.00/bot 0.00)  ep_len  599.0  hazard_steps   0.0  approx_kl 0.0088  SPS 586
[none] iter  14/366  step   114688  return  -4.494  success  0.00 (top 0.00/bot 0.00)  ep_len  599.0  hazard_steps   0.0  approx_kl 0.0058  SPS 583
[none] iter  15/366  step   122880  return  -4.209  success  0.00 (top 0.00/bot 0.00)  ep_len  599.0  hazard_steps   6.7  approx_kl 0.0085  SPS 581
[none] iter  16/366  step   131072  return  -4.209  success  0.00 (top 0.00/bot 0.00)  ep_len  599.0  hazard_steps   6.7  approx_kl 0.0052  SPS 578
[none] iter  17/366  step   139264  return  -4.209  success  0.00 (top 0.00/bot 0.00)  ep_len  599.0  hazard_steps   6.7  approx_kl 0.0072  SPS 576
[none] iter  18/366  step   147456  return  -4.209  success  0.00 (top 0.00/bot 0.00)  ep_len  599.0  hazard_steps   6.7  approx_kl 0.0126  SPS 573
[none] iter  19/366  step   155648  return  -4.495  success  0.00 (top 0.00/bot 0.00)  ep_len  599.0  hazard_steps  20.1  approx_kl 0.0086  SPS 571
[none] iter  20/366  step   163840  return  -4.495  success  0.00 (top 0.00/bot 0.00)  ep_len  599.0  hazard_steps  20.1  approx_kl 0.0087  SPS 569
[none] iter  21/366  step   172032  return  -4.495  success  0.00 (top 0.00/bot 0.00)  ep_len  599.0  hazard_steps  20.1  approx_kl 0.0078  SPS 568
[none] iter  22/366  step   180224  return  -4.495  success  0.00 (top 0.00/bot 0.00)  ep_len  599.0  hazard_steps  20.1  approx_kl 0.0082  SPS 566
[none] iter  23/366  step   188416  return  -4.495  success  0.00 (top 0.00/bot 0.00)  ep_len  599.0  hazard_steps  20.1  approx_kl 0.0060  SPS 565
[none] iter  24/366  step   196608  return  -3.350  success  0.00 (top 0.00/bot 0.00)  ep_len  599.0  hazard_steps  14.8  approx_kl 0.0062  SPS 565
[none] iter  25/366  step   204800  return  -3.350  success  0.00 (top 0.00/bot 0.00)  ep_len  599.0  hazard_steps  14.8  approx_kl 0.0047  SPS 564
[none] iter  26/366  step   212992  return  -3.350  success  0.00 (top 0.00/bot 0.00)  ep_len  599.0  hazard_steps  14.8  approx_kl 0.0113  SPS 564
[none] iter  27/366  step   221184  return  -3.350  success  0.00 (top 0.00/bot 0.00)  ep_len  599.0  hazard_steps  14.8  approx_kl 0.0047  SPS 564
[none] iter  28/366  step   229376  return  -2.513  success  0.04 (top 0.00/bot 0.04)  ep_len  595.8  hazard_steps  12.6  approx_kl 0.0067  SPS 564
[none] iter  29/366  step   237568  return  -1.808  success  0.04 (top 0.00/bot 0.04)  ep_len  595.8  hazard_steps   5.8  approx_kl 0.0079  SPS 564
[none] iter  30/366  step   245760  return  -1.808  success  0.04 (top 0.00/bot 0.04)  ep_len  595.8  hazard_steps   5.8  approx_kl 0.0025  SPS 564
[none] iter  31/366  step   253952  return  -1.808  success  0.04 (top 0.00/bot 0.04)  ep_len  595.8  hazard_steps   5.8  approx_kl 0.0158  SPS 564
[none] iter  32/366  step   262144  return  -1.613  success  0.05 (top 0.00/bot 0.05)  ep_len  594.6  hazard_steps   5.8  approx_kl 0.0070  SPS 564
[none] iter  33/366  step   270336  return  -2.742  success  0.01 (top 0.00/bot 0.05)  ep_len  597.9  hazard_steps   9.8  approx_kl 0.0138  SPS 564
[none] iter  34/366  step   278528  return  -2.742  success  0.01 (top 0.00/bot 0.05)  ep_len  597.9  hazard_steps   9.8  approx_kl 0.0093  SPS 563
[none] iter  35/366  step   286720  return  -2.742  success  0.01 (top 0.00/bot 0.05)  ep_len  597.9  hazard_steps   9.8  approx_kl 0.0062  SPS 563
[none] iter  36/366  step   294912  return  -2.486  success  0.03 (top 0.00/bot 0.07)  ep_len  593.3  hazard_steps   9.8  approx_kl 0.0103  SPS 562
[none] iter  37/366  step   303104  return  -2.572  success  0.03 (top 0.00/bot 0.07)  ep_len  593.3  hazard_steps  10.9  approx_kl 0.0102  SPS 561
[none] iter  38/366  step   311296  return  -2.403  success  0.02 (top 0.00/bot 0.05)  ep_len  594.5  hazard_steps  14.7  approx_kl 0.0051  SPS 560
[none] iter  39/366  step   319488  return  -2.403  success  0.02 (top 0.00/bot 0.05)  ep_len  594.5  hazard_steps  14.7  approx_kl 0.0127  SPS 560
[none] iter  40/366  step   327680  return  -2.206  success  0.03 (top 0.00/bot 0.05)  ep_len  592.0  hazard_steps  14.7  approx_kl 0.0113  SPS 560
[none] iter  41/366  step   335872  return  -1.191  success  0.07 (top 0.00/bot 0.08)  ep_len  583.1  hazard_steps  12.4  approx_kl 0.0024  SPS 559
[none] iter  42/366  step   344064  return  -1.110  success  0.07 (top 0.00/bot 0.08)  ep_len  583.1  hazard_steps  11.5  approx_kl 0.0084  SPS 558
[none] iter  43/366  step   352256  return  -1.056  success  0.06 (top 0.00/bot 0.08)  ep_len  585.4  hazard_steps  13.5  approx_kl 0.0144  SPS 558
[none] iter  44/366  step   360448  return  -1.056  success  0.06 (top 0.00/bot 0.08)  ep_len  585.4  hazard_steps  13.5  approx_kl 0.0066  SPS 558
[none] iter  45/366  step   368640  return  -0.265  success  0.11 (top 0.01/bot 0.12)  ep_len  572.0  hazard_steps  15.1  approx_kl 0.0066  SPS 557
[none] iter  46/366  step   376832  return   0.174  success  0.15 (top 0.02/bot 0.15)  ep_len  566.5  hazard_steps  15.2  approx_kl 0.0036  SPS 556
[none] iter  47/366  step   385024  return  -0.074  success  0.11 (top 0.02/bot 0.14)  ep_len  575.9  hazard_steps  14.8  approx_kl 0.0077  SPS 556
[none] iter  48/366  step   393216  return   0.611  success  0.15 (top 0.03/bot 0.17)  ep_len  566.6  hazard_steps  14.0  approx_kl 0.0055  SPS 556
[none] iter  49/366  step   401408  return   1.031  success  0.18 (top 0.05/bot 0.18)  ep_len  561.9  hazard_steps  13.5  approx_kl 0.0083  SPS 556
[none] iter  50/366  step   409600  return   1.912  success  0.23 (top 0.06/bot 0.22)  ep_len  549.5  hazard_steps  14.2  approx_kl 0.0060  SPS 555
[none] iter  51/366  step   417792  return   2.954  success  0.28 (top 0.09/bot 0.24)  ep_len  540.7  hazard_steps  10.7  approx_kl 0.0109  SPS 554
[none] iter  52/366  step   425984  return   1.351  success  0.18 (top 0.09/bot 0.23)  ep_len  560.9  hazard_steps  11.4  approx_kl 0.0031  SPS 554
[none] iter  53/366  step   434176  return   1.998  success  0.21 (top 0.11/bot 0.22)  ep_len  554.8  hazard_steps  10.0  approx_kl 0.0060  SPS 553
[none] iter  54/366  step   442368  return   3.107  success  0.28 (top 0.15/bot 0.24)  ep_len  536.8  hazard_steps  10.9  approx_kl 0.0078  SPS 553
[none] iter  55/366  step   450560  return   4.884  success  0.38 (top 0.19/bot 0.30)  ep_len  513.9  hazard_steps  10.9  approx_kl 0.0033  SPS 552
[none] iter  56/366  step   458752  return   4.399  success  0.35 (top 0.19/bot 0.34)  ep_len  519.0  hazard_steps  10.9  approx_kl 0.0067  SPS 552
[none] iter  57/366  step   466944  return   4.551  success  0.33 (top 0.23/bot 0.33)  ep_len  520.7  hazard_steps  10.5  approx_kl 0.0083  SPS 552
[none] iter  58/366  step   475136  return   5.488  success  0.38 (top 0.24/bot 0.35)  ep_len  507.5  hazard_steps  10.1  approx_kl 0.0045  SPS 551
[none] iter  59/366  step   483328  return   7.342  success  0.49 (top 0.33/bot 0.38)  ep_len  480.9  hazard_steps   7.9  approx_kl 0.0033  SPS 550
[none] iter  60/366  step   491520  return   6.798  success  0.48 (top 0.38/bot 0.43)  ep_len  485.1  hazard_steps   8.9  approx_kl 0.0048  SPS 549
[none] iter  61/366  step   499712  return   6.341  success  0.45 (top 0.37/bot 0.43)  ep_len  487.8  hazard_steps   9.9  approx_kl 0.0049  SPS 549
[none] iter  62/366  step   507904  return   9.142  success  0.62 (top 0.44/bot 0.44)  ep_len  444.5  hazard_steps   7.8  approx_kl 0.0064  SPS 548
[none] iter  63/366  step   516096  return   9.068  success  0.63 (top 0.47/bot 0.47)  ep_len  442.4  hazard_steps   9.5  approx_kl 0.0076  SPS 548
[none] iter  64/366  step   524288  return   9.144  success  0.63 (top 0.54/bot 0.54)  ep_len  437.1  hazard_steps   7.1  approx_kl 0.0046  SPS 547
[none] iter  65/366  step   532480  return   7.952  success  0.57 (top 0.53/bot 0.55)  ep_len  450.7  hazard_steps   8.2  approx_kl 0.0046  SPS 546
[none] iter  66/366  step   540672  return   7.652  success  0.55 (top 0.55/bot 0.53)  ep_len  453.2  hazard_steps   7.9  approx_kl 0.0079  SPS 546
[none] iter  67/366  step   548864  return   7.964  success  0.62 (top 0.62/bot 0.50)  ep_len  435.3  hazard_steps  11.9  approx_kl 0.0109  SPS 546
[none] iter  68/366  step   557056  return   7.236  success  0.59 (top 0.64/bot 0.55)  ep_len  442.9  hazard_steps  13.3  approx_kl 0.0081  SPS 545
[none] iter  69/366  step   565248  return   5.436  success  0.49 (top 0.65/bot 0.48)  ep_len  470.1  hazard_steps  13.5  approx_kl 0.0073  SPS 545
[none] iter  70/366  step   573440  return   6.125  success  0.55 (top 0.67/bot 0.48)  ep_len  457.6  hazard_steps  17.1  approx_kl 0.0064  SPS 545
[none] iter  71/366  step   581632  return   5.980  success  0.54 (top 0.66/bot 0.49)  ep_len  461.3  hazard_steps  16.9  approx_kl 0.0060  SPS 545
[none] iter  72/366  step   589824  return   6.011  success  0.55 (top 0.66/bot 0.48)  ep_len  460.7  hazard_steps  19.2  approx_kl 0.0040  SPS 544
[none] iter  73/366  step   598016  return   5.569  success  0.53 (top 0.65/bot 0.44)  ep_len  467.2  hazard_steps  21.1  approx_kl 0.0080  SPS 544
[none] iter  74/366  step   606208  return   5.975  success  0.56 (top 0.68/bot 0.42)  ep_len  462.3  hazard_steps  24.1  approx_kl 0.0054  SPS 544
[none] iter  75/366  step   614400  return   5.823  success  0.56 (top 0.69/bot 0.43)  ep_len  464.3  hazard_steps  24.1  approx_kl 0.0072  SPS 543
[none] iter  76/366  step   622592  return   5.358  success  0.54 (top 0.66/bot 0.46)  ep_len  472.5  hazard_steps  23.9  approx_kl 0.0081  SPS 543
[none] iter  77/366  step   630784  return   5.855  success  0.57 (top 0.68/bot 0.47)  ep_len  462.9  hazard_steps  23.1  approx_kl 0.0053  SPS 543
[none] iter  78/366  step   638976  return   5.206  success  0.54 (top 0.67/bot 0.43)  ep_len  471.2  hazard_steps  19.1  approx_kl 0.0116  SPS 542
[none] iter  79/366  step   647168  return   4.832  success  0.52 (top 0.67/bot 0.43)  ep_len  476.2  hazard_steps  19.0  approx_kl 0.0052  SPS 542
[none] iter  80/366  step   655360  return   4.560  success  0.50 (top 0.66/bot 0.41)  ep_len  476.2  hazard_steps  17.0  approx_kl 0.0036  SPS 542
[none] iter  81/366  step   663552  return   4.936  success  0.51 (top 0.68/bot 0.40)  ep_len  470.3  hazard_steps  16.4  approx_kl 0.0054  SPS 542
[none] iter  82/366  step   671744  return   5.094  success  0.51 (top 0.69/bot 0.39)  ep_len  462.5  hazard_steps  15.2  approx_kl 0.0078  SPS 541
[none] iter  83/366  step   679936  return   5.226  success  0.53 (top 0.69/bot 0.36)  ep_len  455.9  hazard_steps  14.5  approx_kl 0.0033  SPS 541
[none] iter  84/366  step   688128  return   5.170  success  0.54 (top 0.70/bot 0.37)  ep_len  444.6  hazard_steps  17.4  approx_kl 0.0054  SPS 540
[none] iter  85/366  step   696320  return   4.319  success  0.52 (top 0.69/bot 0.34)  ep_len  452.1  hazard_steps  18.6  approx_kl 0.0104  SPS 540
[none] iter  86/366  step   704512  return   4.355  success  0.55 (top 0.71/bot 0.35)  ep_len  443.9  hazard_steps  21.6  approx_kl 0.0040  SPS 539
[none] iter  87/366  step   712704  return   3.134  success  0.52 (top 0.73/bot 0.30)  ep_len  451.5  hazard_steps  22.3  approx_kl 0.0034  SPS 539
[none] iter  88/366  step   720896  return   2.808  success  0.50 (top 0.71/bot 0.32)  ep_len  459.0  hazard_steps  23.5  approx_kl 0.0065  SPS 539
[none] iter  89/366  step   729088  return   3.484  success  0.52 (top 0.75/bot 0.29)  ep_len  455.1  hazard_steps  19.9  approx_kl 0.0045  SPS 538
[none] iter  90/366  step   737280  return   4.844  success  0.59 (top 0.77/bot 0.36)  ep_len  447.7  hazard_steps  24.1  approx_kl 0.0025  SPS 538
[none] iter  91/366  step   745472  return   5.194  success  0.62 (top 0.77/bot 0.42)  ep_len  435.8  hazard_steps  25.0  approx_kl 0.0043  SPS 538
[none] iter  92/366  step   753664  return   6.695  success  0.67 (top 0.79/bot 0.42)  ep_len  419.1  hazard_steps  25.8  approx_kl 0.0055  SPS 538
[none] iter  93/366  step   761856  return   7.648  success  0.70 (top 0.77/bot 0.44)  ep_len  411.1  hazard_steps  24.2  approx_kl 0.0052  SPS 538
[none] iter  94/366  step   770048  return   7.839  success  0.72 (top 0.78/bot 0.45)  ep_len  406.1  hazard_steps  26.4  approx_kl 0.0095  SPS 538
[none] iter  95/366  step   778240  return   7.442  success  0.67 (top 0.78/bot 0.43)  ep_len  411.0  hazard_steps  22.8  approx_kl 0.0044  SPS 538
[none] iter  96/366  step   786432  return   7.201  success  0.62 (top 0.81/bot 0.41)  ep_len  420.4  hazard_steps  17.1  approx_kl 0.0091  SPS 538
[none] iter  97/366  step   794624  return   6.260  success  0.52 (top 0.82/bot 0.36)  ep_len  449.7  hazard_steps  11.4  approx_kl 0.0046  SPS 538
[none] iter  98/366  step   802816  return   6.360  success  0.52 (top 0.83/bot 0.37)  ep_len  444.9  hazard_steps   9.6  approx_kl 0.0042  SPS 538
[none] iter  99/366  step   811008  return   4.922  success  0.43 (top 0.83/bot 0.31)  ep_len  468.4  hazard_steps   6.8  approx_kl 0.0065  SPS 538
[none] iter 100/366  step   819200  return   5.147  success  0.42 (top 0.83/bot 0.29)  ep_len  470.2  hazard_steps   4.0  approx_kl 0.0078  SPS 538
[none] iter 101/366  step   827392  return   5.170  success  0.41 (top 0.82/bot 0.26)  ep_len  468.7  hazard_steps   2.8  approx_kl 0.0055  SPS 538
[none] iter 102/366  step   835584  return   4.900  success  0.40 (top 0.81/bot 0.17)  ep_len  469.4  hazard_steps   2.9  approx_kl 0.0105  SPS 538
[none] iter 103/366  step   843776  return   4.606  success  0.39 (top 0.81/bot 0.11)  ep_len  470.8  hazard_steps   2.1  approx_kl 0.0083  SPS 538
[none] iter 104/366  step   851968  return   3.982  success  0.35 (top 0.81/bot 0.07)  ep_len  482.9  hazard_steps   1.3  approx_kl 0.0144  SPS 538
[none] iter 105/366  step   860160  return   4.264  success  0.37 (top 0.83/bot 0.04)  ep_len  472.0  hazard_steps   1.2  approx_kl 0.0140  SPS 538
[none] iter 106/366  step   868352  return   3.844  success  0.34 (top 0.80/bot 0.03)  ep_len  477.9  hazard_steps   0.5  approx_kl 0.0055  SPS 538
[none] iter 107/366  step   876544  return   3.676  success  0.34 (top 0.79/bot 0.03)  ep_len  479.5  hazard_steps   0.5  approx_kl 0.0047  SPS 538
[none] iter 108/366  step   884736  return   4.690  success  0.38 (top 0.79/bot 0.02)  ep_len  466.7  hazard_steps   0.0  approx_kl 0.0043  SPS 538
[none] iter 109/366  step   892928  return   5.055  success  0.39 (top 0.79/bot 0.01)  ep_len  464.5  hazard_steps   0.1  approx_kl 0.0097  SPS 537
[none] iter 110/366  step   901120  return   5.262  success  0.41 (top 0.80/bot 0.01)  ep_len  457.3  hazard_steps   0.1  approx_kl 0.0045  SPS 537
[none] iter 111/366  step   909312  return   5.599  success  0.42 (top 0.83/bot 0.00)  ep_len  456.1  hazard_steps   0.3  approx_kl 0.0065  SPS 537
[none] iter 112/366  step   917504  return   6.190  success  0.46 (top 0.83/bot 0.00)  ep_len  441.4  hazard_steps   0.3  approx_kl 0.0050  SPS 537
[none] iter 113/366  step   925696  return   6.299  success  0.46 (top 0.85/bot 0.00)  ep_len  437.0  hazard_steps   0.3  approx_kl 0.0067  SPS 537
[none] iter 114/366  step   933888  return   6.377  success  0.47 (top 0.84/bot 0.00)  ep_len  430.9  hazard_steps   0.2  approx_kl 0.0054  SPS 537
[none] iter 115/366  step   942080  return   6.032  success  0.46 (top 0.83/bot 0.00)  ep_len  434.9  hazard_steps   0.1  approx_kl 0.0073  SPS 537
[none] iter 116/366  step   950272  return   6.594  success  0.49 (top 0.84/bot 0.00)  ep_len  425.7  hazard_steps   0.0  approx_kl 0.0081  SPS 537
[none] iter 117/366  step   958464  return   6.519  success  0.48 (top 0.87/bot 0.00)  ep_len  429.1  hazard_steps   0.2  approx_kl 0.0026  SPS 537
[none] iter 118/366  step   966656  return   5.240  success  0.42 (top 0.85/bot 0.00)  ep_len  449.6  hazard_steps   0.2  approx_kl 0.0060  SPS 537
[none] iter 119/366  step   974848  return   4.908  success  0.41 (top 0.81/bot 0.00)  ep_len  451.2  hazard_steps   0.6  approx_kl 0.0102  SPS 536
[none] iter 120/366  step   983040  return   5.037  success  0.41 (top 0.80/bot 0.00)  ep_len  451.1  hazard_steps   0.6  approx_kl 0.0045  SPS 536
[none] iter 121/366  step   991232  return   6.157  success  0.46 (top 0.79/bot 0.00)  ep_len  429.9  hazard_steps   0.6  approx_kl 0.0029  SPS 536
[none] iter 122/366  step   999424  return   5.669  success  0.45 (top 0.78/bot 0.00)  ep_len  432.4  hazard_steps   0.5  approx_kl 0.0074  SPS 536
[none] iter 123/366  step  1007616  return   7.199  success  0.53 (top 0.80/bot 0.00)  ep_len  402.2  hazard_steps   0.8  approx_kl 0.0109  SPS 536
[none] iter 124/366  step  1015808  return   7.299  success  0.53 (top 0.80/bot 0.00)  ep_len  402.9  hazard_steps   0.4  approx_kl 0.0118  SPS 536
[none] iter 125/366  step  1024000  return   7.187  success  0.54 (top 0.79/bot 0.02)  ep_len  405.5  hazard_steps   1.8  approx_kl 0.0030  SPS 536
[none] iter 126/366  step  1032192  return   5.784  success  0.48 (top 0.79/bot 0.04)  ep_len  432.2  hazard_steps   3.0  approx_kl 0.0044  SPS 536
[none] iter 127/366  step  1040384  return   4.868  success  0.45 (top 0.79/bot 0.04)  ep_len  443.2  hazard_steps   3.2  approx_kl 0.0043  SPS 536
[none] iter 128/366  step  1048576  return   5.179  success  0.46 (top 0.84/bot 0.04)  ep_len  439.8  hazard_steps   2.8  approx_kl 0.0040  SPS 536
[none] iter 129/366  step  1056768  return   4.499  success  0.46 (top 0.84/bot 0.08)  ep_len  449.4  hazard_steps   5.8  approx_kl 0.0028  SPS 536
[none] iter 130/366  step  1064960  return   2.955  success  0.41 (top 0.82/bot 0.08)  ep_len  464.5  hazard_steps   5.0  approx_kl 0.0088  SPS 535
[none] iter 131/366  step  1073152  return   2.648  success  0.40 (top 0.83/bot 0.08)  ep_len  460.1  hazard_steps   3.2  approx_kl 0.0022  SPS 535
[none] iter 132/366  step  1081344  return   3.867  success  0.46 (top 0.83/bot 0.08)  ep_len  435.9  hazard_steps   3.0  approx_kl 0.0040  SPS 535
[none] iter 133/366  step  1089536  return   2.954  success  0.44 (top 0.85/bot 0.08)  ep_len  442.7  hazard_steps   3.0  approx_kl 0.0046  SPS 535
[none] iter 134/366  step  1097728  return   2.109  success  0.41 (top 0.84/bot 0.08)  ep_len  447.0  hazard_steps   1.6  approx_kl 0.0092  SPS 535
[none] iter 135/366  step  1105920  return   2.005  success  0.39 (top 0.84/bot 0.06)  ep_len  450.2  hazard_steps   0.0  approx_kl 0.0066  SPS 535
[none] iter 136/366  step  1114112  return   3.256  success  0.44 (top 0.84/bot 0.04)  ep_len  433.7  hazard_steps   0.0  approx_kl 0.0049  SPS 535
[none] iter 137/366  step  1122304  return   3.048  success  0.42 (top 0.84/bot 0.04)  ep_len  441.2  hazard_steps   0.0  approx_kl 0.0037  SPS 535
[none] iter 138/366  step  1130496  return   2.944  success  0.42 (top 0.85/bot 0.05)  ep_len  443.8  hazard_steps   1.5  approx_kl 0.0047  SPS 535
[none] iter 139/366  step  1138688  return   3.172  success  0.43 (top 0.84/bot 0.03)  ep_len  444.7  hazard_steps   1.5  approx_kl 0.0055  SPS 535
[none] iter 140/366  step  1146880  return   3.601  success  0.45 (top 0.83/bot 0.02)  ep_len  438.6  hazard_steps   1.5  approx_kl 0.0063  SPS 534
[none] iter 141/366  step  1155072  return   3.038  success  0.43 (top 0.83/bot 0.02)  ep_len  446.3  hazard_steps   1.5  approx_kl 0.0069  SPS 535
[none] iter 142/366  step  1163264  return   2.510  success  0.41 (top 0.82/bot 0.03)  ep_len  452.3  hazard_steps   2.1  approx_kl 0.0096  SPS 535
[none] iter 143/366  step  1171456  return   1.517  success  0.37 (top 0.81/bot 0.03)  ep_len  467.9  hazard_steps   2.1  approx_kl 0.0067  SPS 534
[none] iter 144/366  step  1179648  return   2.193  success  0.38 (top 0.79/bot 0.03)  ep_len  460.9  hazard_steps   0.6  approx_kl 0.0047  SPS 534
[none] iter 145/366  step  1187840  return   2.975  success  0.40 (top 0.76/bot 0.03)  ep_len  448.8  hazard_steps   0.7  approx_kl 0.0046  SPS 534
[none] iter 146/366  step  1196032  return   2.741  success  0.40 (top 0.76/bot 0.04)  ep_len  452.0  hazard_steps   1.7  approx_kl 0.0094  SPS 534
[none] iter 147/366  step  1204224  return   2.725  success  0.40 (top 0.78/bot 0.05)  ep_len  451.9  hazard_steps   1.7  approx_kl 0.0092  SPS 534
[none] iter 148/366  step  1212416  return   2.775  success  0.41 (top 0.77/bot 0.06)  ep_len  448.2  hazard_steps   2.3  approx_kl 0.0092  SPS 534
[none] iter 149/366  step  1220608  return   3.464  success  0.44 (top 0.78/bot 0.05)  ep_len  435.7  hazard_steps   2.3  approx_kl 0.0043  SPS 534
[none] iter 150/366  step  1228800  return   2.541  success  0.41 (top 0.76/bot 0.04)  ep_len  448.4  hazard_steps   2.2  approx_kl 0.0037  SPS 534
[none] iter 151/366  step  1236992  return   2.909  success  0.43 (top 0.77/bot 0.05)  ep_len  444.6  hazard_steps   3.0  approx_kl 0.0035  SPS 534
[none] iter 152/366  step  1245184  return   2.767  success  0.42 (top 0.78/bot 0.04)  ep_len  444.5  hazard_steps   2.3  approx_kl 0.0034  SPS 534
[none] iter 153/366  step  1253376  return   2.876  success  0.43 (top 0.79/bot 0.05)  ep_len  438.6  hazard_steps   2.5  approx_kl 0.0040  SPS 534
[none] iter 154/366  step  1261568  return   3.305  success  0.45 (top 0.83/bot 0.05)  ep_len  430.9  hazard_steps   2.5  approx_kl 0.0037  SPS 533
[none] iter 155/366  step  1269760  return   3.457  success  0.46 (top 0.84/bot 0.05)  ep_len  427.8  hazard_steps   2.5  approx_kl 0.0106  SPS 533
[none] iter 156/366  step  1277952  return   3.090  success  0.44 (top 0.85/bot 0.05)  ep_len  433.0  hazard_steps   0.9  approx_kl 0.0051  SPS 533
[none] iter 157/366  step  1286144  return   3.961  success  0.47 (top 0.83/bot 0.04)  ep_len  421.0  hazard_steps   0.9  approx_kl 0.0028  SPS 533
[none] iter 158/366  step  1294336  return   4.930  success  0.50 (top 0.83/bot 0.04)  ep_len  409.1  hazard_steps   0.0  approx_kl 0.0065  SPS 533
[none] iter 159/366  step  1302528  return   4.631  success  0.48 (top 0.81/bot 0.04)  ep_len  416.5  hazard_steps   0.0  approx_kl 0.0072  SPS 533
[none] iter 160/366  step  1310720  return   4.508  success  0.48 (top 0.82/bot 0.03)  ep_len  416.4  hazard_steps   2.2  approx_kl 0.0039  SPS 533
[none] iter 161/366  step  1318912  return   2.762  success  0.42 (top 0.80/bot 0.03)  ep_len  439.4  hazard_steps   2.2  approx_kl 0.0061  SPS 533
[none] iter 162/366  step  1327104  return   1.824  success  0.38 (top 0.82/bot 0.02)  ep_len  452.4  hazard_steps   2.2  approx_kl 0.0073  SPS 533
[none] iter 163/366  step  1335296  return   2.327  success  0.41 (top 0.82/bot 0.02)  ep_len  440.3  hazard_steps   2.2  approx_kl 0.0028  SPS 533
[none] iter 164/366  step  1343488  return   0.198  success  0.33 (top 0.79/bot 0.01)  ep_len  470.7  hazard_steps   2.2  approx_kl 0.0062  SPS 533
[none] iter 165/366  step  1351680  return  -0.154  success  0.32 (top 0.78/bot 0.01)  ep_len  475.4  hazard_steps   0.0  approx_kl 0.0048  SPS 532
[none] iter 166/366  step  1359872  return   1.386  success  0.38 (top 0.80/bot 0.02)  ep_len  455.2  hazard_steps   3.1  approx_kl 0.0085  SPS 532
[none] iter 167/366  step  1368064  return   2.586  success  0.42 (top 0.77/bot 0.02)  ep_len  438.8  hazard_steps   3.1  approx_kl 0.0065  SPS 532
[none] iter 168/366  step  1376256  return   2.481  success  0.42 (top 0.79/bot 0.02)  ep_len  442.2  hazard_steps   3.7  approx_kl 0.0068  SPS 532
[none] iter 169/366  step  1384448  return   3.472  success  0.46 (top 0.78/bot 0.02)  ep_len  427.0  hazard_steps   3.8  approx_kl 0.0124  SPS 532
[none] iter 170/366  step  1392640  return   4.063  success  0.48 (top 0.80/bot 0.02)  ep_len  418.6  hazard_steps   3.8  approx_kl 0.0031  SPS 532
[none] iter 171/366  step  1400832  return   3.415  success  0.45 (top 0.77/bot 0.02)  ep_len  429.8  hazard_steps   1.6  approx_kl 0.0053  SPS 532
[none] iter 172/366  step  1409024  return   2.983  success  0.44 (top 0.80/bot 0.03)  ep_len  431.6  hazard_steps   1.6  approx_kl 0.0036  SPS 532
[none] iter 173/366  step  1417216  return   2.438  success  0.41 (top 0.78/bot 0.03)  ep_len  443.4  hazard_steps   1.6  approx_kl 0.0029  SPS 532
[none] iter 174/366  step  1425408  return   1.386  success  0.35 (top 0.77/bot 0.03)  ep_len  463.2  hazard_steps   1.0  approx_kl 0.0056  SPS 532
[none] iter 175/366  step  1433600  return   1.617  success  0.35 (top 0.75/bot 0.03)  ep_len  462.4  hazard_steps   1.0  approx_kl 0.0034  SPS 532
[none] iter 176/366  step  1441792  return   1.399  success  0.33 (top 0.73/bot 0.03)  ep_len  470.5  hazard_steps   1.0  approx_kl 0.0047  SPS 532
[none] iter 177/366  step  1449984  return   2.324  success  0.36 (top 0.73/bot 0.03)  ep_len  458.7  hazard_steps   0.7  approx_kl 0.0082  SPS 532
[none] iter 178/366  step  1458176  return   1.700  success  0.33 (top 0.72/bot 0.02)  ep_len  470.0  hazard_steps   0.0  approx_kl 0.0054  SPS 532
[none] iter 179/366  step  1466368  return   2.155  success  0.36 (top 0.74/bot 0.01)  ep_len  459.0  hazard_steps   0.0  approx_kl 0.0062  SPS 533
[none] iter 180/366  step  1474560  return   2.315  success  0.36 (top 0.71/bot 0.01)  ep_len  458.6  hazard_steps   0.0  approx_kl 0.0065  SPS 533
[none] iter 181/366  step  1482752  return   1.853  success  0.34 (top 0.72/bot 0.01)  ep_len  466.5  hazard_steps   0.0  approx_kl 0.0060  SPS 533
[none] iter 182/366  step  1490944  return   2.593  success  0.37 (top 0.74/bot 0.01)  ep_len  454.7  hazard_steps   0.0  approx_kl 0.0044  SPS 533
[none] iter 183/366  step  1499136  return   2.576  success  0.36 (top 0.70/bot 0.00)  ep_len  458.8  hazard_steps   0.0  approx_kl 0.0071  SPS 533
[none] iter 184/366  step  1507328  return   1.577  success  0.30 (top 0.67/bot 0.00)  ep_len  481.7  hazard_steps   0.0  approx_kl 0.0059  SPS 533
[none] iter 185/366  step  1515520  return   3.098  success  0.36 (top 0.70/bot 0.00)  ep_len  458.0  hazard_steps   0.0  approx_kl 0.0022  SPS 533
[none] iter 186/366  step  1523712  return   3.966  success  0.40 (top 0.73/bot 0.00)  ep_len  442.1  hazard_steps   0.0  approx_kl 0.0064  SPS 533
[none] iter 187/366  step  1531904  return   3.539  success  0.38 (top 0.73/bot 0.00)  ep_len  449.3  hazard_steps   0.0  approx_kl 0.0084  SPS 532
[none] iter 188/366  step  1540096  return   3.837  success  0.40 (top 0.73/bot 0.00)  ep_len  442.0  hazard_steps   0.3  approx_kl 0.0080  SPS 532
[none] iter 189/366  step  1548288  return   5.567  success  0.48 (top 0.71/bot 0.01)  ep_len  413.9  hazard_steps   0.9  approx_kl 0.0019  SPS 532
[none] iter 190/366  step  1556480  return   4.391  success  0.43 (top 0.72/bot 0.01)  ep_len  433.3  hazard_steps   0.9  approx_kl 0.0052  SPS 532
[none] iter 191/366  step  1564672  return   5.048  success  0.46 (top 0.71/bot 0.01)  ep_len  422.1  hazard_steps   0.9  approx_kl 0.0031  SPS 532
[none] iter 192/366  step  1572864  return   3.786  success  0.42 (top 0.72/bot 0.01)  ep_len  438.1  hazard_steps   0.9  approx_kl 0.0037  SPS 532
[none] iter 193/366  step  1581056  return   3.898  success  0.43 (top 0.77/bot 0.01)  ep_len  434.7  hazard_steps   0.9  approx_kl 0.0031  SPS 532
[none] iter 194/366  step  1589248  return   3.410  success  0.42 (top 0.77/bot 0.02)  ep_len  437.9  hazard_steps   0.6  approx_kl 0.0061  SPS 532
[none] iter 195/366  step  1597440  return   3.900  success  0.44 (top 0.79/bot 0.02)  ep_len  431.3  hazard_steps   0.6  approx_kl 0.0070  SPS 532
[none] iter 196/366  step  1605632  return   4.292  success  0.47 (top 0.81/bot 0.03)  ep_len  421.1  hazard_steps   1.2  approx_kl 0.0033  SPS 532
[none] iter 197/366  step  1613824  return   4.470  success  0.48 (top 0.81/bot 0.04)  ep_len  420.8  hazard_steps   1.8  approx_kl 0.0054  SPS 532
[none] iter 198/366  step  1622016  return   3.488  success  0.45 (top 0.80/bot 0.05)  ep_len  435.3  hazard_steps   2.4  approx_kl 0.0023  SPS 532
[none] iter 199/366  step  1630208  return   3.094  success  0.45 (top 0.81/bot 0.05)  ep_len  435.4  hazard_steps   2.4  approx_kl 0.0044  SPS 532
[none] iter 200/366  step  1638400  return   2.976  success  0.45 (top 0.81/bot 0.04)  ep_len  432.6  hazard_steps   1.9  approx_kl 0.0048  SPS 532
[none] iter 201/366  step  1646592  return   1.333  success  0.38 (top 0.82/bot 0.04)  ep_len  459.3  hazard_steps   1.9  approx_kl 0.0029  SPS 532
[none] iter 202/366  step  1654784  return   0.715  success  0.35 (top 0.83/bot 0.04)  ep_len  469.1  hazard_steps   1.3  approx_kl 0.0047  SPS 532
[none] iter 203/366  step  1662976  return   1.422  success  0.37 (top 0.83/bot 0.05)  ep_len  455.6  hazard_steps   0.7  approx_kl 0.0031  SPS 532
[none] iter 204/366  step  1671168  return   1.921  success  0.39 (top 0.82/bot 0.05)  ep_len  446.9  hazard_steps   0.7  approx_kl 0.0040  SPS 532
[none] iter 205/366  step  1679360  return   2.050  success  0.39 (top 0.83/bot 0.04)  ep_len  447.4  hazard_steps   0.7  approx_kl 0.0022  SPS 532
[none] iter 206/366  step  1687552  return   1.755  success  0.38 (top 0.83/bot 0.03)  ep_len  453.8  hazard_steps   0.6  approx_kl 0.0033  SPS 532
[none] iter 207/366  step  1695744  return   2.348  success  0.41 (top 0.84/bot 0.02)  ep_len  442.3  hazard_steps   0.6  approx_kl 0.0040  SPS 532
[none] iter 208/366  step  1703936  return   1.692  success  0.38 (top 0.83/bot 0.01)  ep_len  452.3  hazard_steps   0.0  approx_kl 0.0053  SPS 532
[none] iter 209/366  step  1712128  return   2.434  success  0.42 (top 0.84/bot 0.02)  ep_len  440.2  hazard_steps   0.5  approx_kl 0.0034  SPS 532
[none] iter 210/366  step  1720320  return   3.391  success  0.46 (top 0.85/bot 0.02)  ep_len  424.1  hazard_steps   0.5  approx_kl 0.0042  SPS 532
[none] iter 211/366  step  1728512  return   4.794  success  0.52 (top 0.86/bot 0.02)  ep_len  398.2  hazard_steps   0.5  approx_kl 0.0063  SPS 532
[none] iter 212/366  step  1736704  return   3.425  success  0.47 (top 0.85/bot 0.02)  ep_len  417.4  hazard_steps   0.7  approx_kl 0.0069  SPS 532
[none] iter 213/366  step  1744896  return   5.113  success  0.53 (top 0.86/bot 0.02)  ep_len  394.3  hazard_steps   0.7  approx_kl 0.0055  SPS 532
[none] iter 214/366  step  1753088  return   5.177  success  0.52 (top 0.87/bot 0.01)  ep_len  394.3  hazard_steps   0.1  approx_kl 0.0019  SPS 532
[none] iter 215/366  step  1761280  return   4.719  success  0.50 (top 0.88/bot 0.01)  ep_len  402.0  hazard_steps   0.1  approx_kl 0.0054  SPS 532
[none] iter 216/366  step  1769472  return   4.280  success  0.48 (top 0.87/bot 0.01)  ep_len  410.3  hazard_steps   0.0  approx_kl 0.0072  SPS 532
[none] iter 217/366  step  1777664  return   4.483  success  0.50 (top 0.86/bot 0.02)  ep_len  406.5  hazard_steps   1.4  approx_kl 0.0072  SPS 532
[none] iter 218/366  step  1785856  return   4.529  success  0.51 (top 0.88/bot 0.02)  ep_len  402.3  hazard_steps   1.4  approx_kl 0.0083  SPS 532
[none] iter 219/366  step  1794048  return   4.083  success  0.50 (top 0.89/bot 0.03)  ep_len  410.5  hazard_steps   2.0  approx_kl 0.0050  SPS 532
[none] iter 220/366  step  1802240  return   4.612  success  0.52 (top 0.87/bot 0.03)  ep_len  402.9  hazard_steps   2.0  approx_kl 0.0021  SPS 532
[none] iter 221/366  step  1810432  return   4.507  success  0.51 (top 0.89/bot 0.02)  ep_len  407.8  hazard_steps   1.2  approx_kl 0.0039  SPS 532
[none] iter 222/366  step  1818624  return   5.750  success  0.55 (top 0.91/bot 0.02)  ep_len  389.0  hazard_steps   0.7  approx_kl 0.0049  SPS 532
[none] iter 223/366  step  1826816  return   5.154  success  0.53 (top 0.89/bot 0.02)  ep_len  397.3  hazard_steps   0.7  approx_kl 0.0059  SPS 532
[none] iter 224/366  step  1835008  return   5.103  success  0.53 (top 0.90/bot 0.03)  ep_len  395.5  hazard_steps   0.6  approx_kl 0.0047  SPS 532
[none] iter 225/366  step  1843200  return   5.213  success  0.54 (top 0.90/bot 0.03)  ep_len  391.4  hazard_steps   0.6  approx_kl 0.0034  SPS 531
[none] iter 226/366  step  1851392  return   4.473  success  0.51 (top 0.92/bot 0.03)  ep_len  402.6  hazard_steps   0.6  approx_kl 0.0033  SPS 531
[none] iter 227/366  step  1859584  return   4.545  success  0.51 (top 0.92/bot 0.03)  ep_len  401.7  hazard_steps   0.6  approx_kl 0.0032  SPS 531
[none] iter 228/366  step  1867776  return   4.709  success  0.51 (top 0.93/bot 0.03)  ep_len  400.9  hazard_steps   0.6  approx_kl 0.0024  SPS 531
[none] iter 229/366  step  1875968  return   4.676  success  0.51 (top 0.93/bot 0.03)  ep_len  401.7  hazard_steps   1.2  approx_kl 0.0052  SPS 531
[none] iter 230/366  step  1884160  return   3.503  success  0.46 (top 0.91/bot 0.02)  ep_len  420.8  hazard_steps   1.2  approx_kl 0.0045  SPS 531
[none] iter 231/366  step  1892352  return   4.263  success  0.48 (top 0.89/bot 0.02)  ep_len  413.2  hazard_steps   2.8  approx_kl 0.0034  SPS 531
[none] iter 232/366  step  1900544  return   3.994  success  0.47 (top 0.90/bot 0.02)  ep_len  417.4  hazard_steps   2.8  approx_kl 0.0018  SPS 531
[none] iter 233/366  step  1908736  return   3.893  success  0.47 (top 0.90/bot 0.02)  ep_len  417.9  hazard_steps   3.2  approx_kl 0.0075  SPS 531
[none] iter 234/366  step  1916928  return   2.881  success  0.43 (top 0.88/bot 0.01)  ep_len  433.4  hazard_steps   3.2  approx_kl 0.0027  SPS 530
[none] iter 235/366  step  1925120  return   4.383  success  0.48 (top 0.88/bot 0.01)  ep_len  411.8  hazard_steps   2.1  approx_kl 0.0073  SPS 530
[none] iter 236/366  step  1933312  return   3.432  success  0.45 (top 0.88/bot 0.01)  ep_len  423.6  hazard_steps   2.1  approx_kl 0.0012  SPS 530
[none] iter 237/366  step  1941504  return   2.846  success  0.43 (top 0.88/bot 0.01)  ep_len  431.4  hazard_steps   0.4  approx_kl 0.0066  SPS 529
[none] iter 238/366  step  1949696  return   2.781  success  0.43 (top 0.87/bot 0.01)  ep_len  431.6  hazard_steps   0.0  approx_kl 0.0022  SPS 529
[none] iter 239/366  step  1957888  return   3.120  success  0.44 (top 0.87/bot 0.01)  ep_len  427.6  hazard_steps   0.0  approx_kl 0.0035  SPS 529
[none] iter 240/366  step  1966080  return   2.078  success  0.40 (top 0.88/bot 0.00)  ep_len  443.2  hazard_steps   0.3  approx_kl 0.0044  SPS 528
[none] iter 241/366  step  1974272  return   2.680  success  0.42 (top 0.90/bot 0.00)  ep_len  435.3  hazard_steps   0.3  approx_kl 0.0035  SPS 528
[none] iter 242/366  step  1982464  return   2.660  success  0.41 (top 0.91/bot 0.00)  ep_len  439.3  hazard_steps   0.3  approx_kl 0.0039  SPS 528
[none] iter 243/366  step  1990656  return   3.108  success  0.43 (top 0.91/bot 0.00)  ep_len  431.8  hazard_steps   0.3  approx_kl 0.0029  SPS 528
[none] iter 244/366  step  1998848  return   3.970  success  0.46 (top 0.93/bot 0.00)  ep_len  420.0  hazard_steps   0.3  approx_kl 0.0022  SPS 527
[none] iter 245/366  step  2007040  return   4.500  success  0.48 (top 0.94/bot 0.00)  ep_len  412.3  hazard_steps   0.0  approx_kl 0.0042  SPS 527
[none] iter 246/366  step  2015232  return   5.226  success  0.51 (top 0.94/bot 0.00)  ep_len  401.6  hazard_steps   0.0  approx_kl 0.0039  SPS 527
[none] iter 247/366  step  2023424  return   3.767  success  0.46 (top 0.94/bot 0.00)  ep_len  420.7  hazard_steps   0.0  approx_kl 0.0033  SPS 527
[none] iter 248/366  step  2031616  return   3.497  success  0.45 (top 0.94/bot 0.00)  ep_len  425.4  hazard_steps   0.0  approx_kl 0.0024  SPS 526
[none] iter 249/366  step  2039808  return   3.783  success  0.46 (top 0.95/bot 0.00)  ep_len  421.4  hazard_steps   0.0  approx_kl 0.0034  SPS 526
[none] iter 250/366  step  2048000  return   2.348  success  0.40 (top 0.95/bot 0.00)  ep_len  444.5  hazard_steps   0.0  approx_kl 0.0037  SPS 526
[none] iter 251/366  step  2056192  return   1.691  success  0.38 (top 0.95/bot 0.00)  ep_len  450.8  hazard_steps   0.0  approx_kl 0.0026  SPS 526
[none] iter 252/366  step  2064384  return   2.101  success  0.39 (top 0.96/bot 0.00)  ep_len  447.2  hazard_steps   0.0  approx_kl 0.0033  SPS 526
[none] iter 253/366  step  2072576  return   2.715  success  0.41 (top 0.93/bot 0.00)  ep_len  438.2  hazard_steps   0.0  approx_kl 0.0014  SPS 525
[none] iter 254/366  step  2080768  return   3.356  success  0.44 (top 0.93/bot 0.00)  ep_len  427.5  hazard_steps   0.0  approx_kl 0.0044  SPS 525
[none] iter 255/366  step  2088960  return   3.845  success  0.47 (top 0.93/bot 0.00)  ep_len  415.7  hazard_steps   0.0  approx_kl 0.0012  SPS 525
[none] iter 256/366  step  2097152  return   4.220  success  0.47 (top 0.93/bot 0.00)  ep_len  415.9  hazard_steps   0.0  approx_kl 0.0019  SPS 525
[none] iter 257/366  step  2105344  return   4.337  success  0.48 (top 0.92/bot 0.00)  ep_len  411.9  hazard_steps   0.0  approx_kl 0.0030  SPS 525
[none] iter 258/366  step  2113536  return   2.960  success  0.42 (top 0.89/bot 0.00)  ep_len  436.0  hazard_steps   0.0  approx_kl 0.0031  SPS 524
[none] iter 259/366  step  2121728  return   3.016  success  0.41 (top 0.87/bot 0.00)  ep_len  438.1  hazard_steps   0.0  approx_kl 0.0029  SPS 524
[none] iter 260/366  step  2129920  return   2.658  success  0.40 (top 0.87/bot 0.00)  ep_len  442.5  hazard_steps   0.0  approx_kl 0.0026  SPS 524
[none] iter 261/366  step  2138112  return   3.178  success  0.42 (top 0.84/bot 0.00)  ep_len  434.9  hazard_steps   0.0  approx_kl 0.0030  SPS 524
[none] iter 262/366  step  2146304  return   2.726  success  0.40 (top 0.83/bot 0.00)  ep_len  442.3  hazard_steps   0.0  approx_kl 0.0033  SPS 523
[none] iter 263/366  step  2154496  return   4.098  success  0.44 (top 0.82/bot 0.00)  ep_len  426.8  hazard_steps   0.0  approx_kl 0.0040  SPS 523
[none] iter 264/366  step  2162688  return   4.678  success  0.47 (top 0.80/bot 0.00)  ep_len  414.4  hazard_steps   0.0  approx_kl 0.0041  SPS 523
[none] iter 265/366  step  2170880  return   4.901  success  0.47 (top 0.80/bot 0.00)  ep_len  414.5  hazard_steps   0.0  approx_kl 0.0040  SPS 523
[none] iter 266/366  step  2179072  return   5.456  success  0.49 (top 0.83/bot 0.00)  ep_len  408.2  hazard_steps   0.0  approx_kl 0.0053  SPS 522
[none] iter 267/366  step  2187264  return   6.804  success  0.55 (top 0.87/bot 0.00)  ep_len  384.3  hazard_steps   0.0  approx_kl 0.0047  SPS 522
[none] iter 268/366  step  2195456  return   5.600  success  0.51 (top 0.87/bot 0.00)  ep_len  399.8  hazard_steps   0.0  approx_kl 0.0065  SPS 522
[none] iter 269/366  step  2203648  return   5.733  success  0.52 (top 0.88/bot 0.00)  ep_len  399.8  hazard_steps   0.0  approx_kl 0.0036  SPS 522
[none] iter 270/366  step  2211840  return   4.481  success  0.47 (top 0.88/bot 0.00)  ep_len  419.0  hazard_steps   0.0  approx_kl 0.0028  SPS 522
[none] iter 271/366  step  2220032  return   3.906  success  0.44 (top 0.88/bot 0.00)  ep_len  429.1  hazard_steps   0.0  approx_kl 0.0035  SPS 521
[none] iter 272/366  step  2228224  return   2.402  success  0.38 (top 0.86/bot 0.00)  ep_len  453.7  hazard_steps   0.0  approx_kl 0.0025  SPS 521
[none] iter 273/366  step  2236416  return   2.928  success  0.40 (top 0.89/bot 0.00)  ep_len  445.6  hazard_steps   0.0  approx_kl 0.0023  SPS 521
[none] iter 274/366  step  2244608  return   3.720  success  0.44 (top 0.91/bot 0.00)  ep_len  425.9  hazard_steps   0.0  approx_kl 0.0046  SPS 521
[none] iter 275/366  step  2252800  return   4.570  success  0.48 (top 0.90/bot 0.00)  ep_len  410.1  hazard_steps   0.0  approx_kl 0.0032  SPS 521
[none] iter 276/366  step  2260992  return   4.125  success  0.47 (top 0.89/bot 0.00)  ep_len  414.5  hazard_steps   0.0  approx_kl 0.0035  SPS 520
[none] iter 277/366  step  2269184  return   4.403  success  0.49 (top 0.89/bot 0.00)  ep_len  408.7  hazard_steps   0.0  approx_kl 0.0040  SPS 520
[none] iter 278/366  step  2277376  return   4.219  success  0.48 (top 0.88/bot 0.00)  ep_len  412.9  hazard_steps   0.0  approx_kl 0.0066  SPS 520
[none] iter 279/366  step  2285568  return   3.503  success  0.44 (top 0.87/bot 0.00)  ep_len  428.6  hazard_steps   0.0  approx_kl 0.0021  SPS 520
[none] iter 280/366  step  2293760  return   2.910  success  0.41 (top 0.84/bot 0.00)  ep_len  440.9  hazard_steps   0.0  approx_kl 0.0019  SPS 520
[none] iter 281/366  step  2301952  return   3.428  success  0.42 (top 0.84/bot 0.00)  ep_len  436.7  hazard_steps   0.0  approx_kl 0.0056  SPS 519
[none] iter 282/366  step  2310144  return   3.118  success  0.41 (top 0.86/bot 0.00)  ep_len  438.6  hazard_steps   0.0  approx_kl 0.0034  SPS 519
[none] iter 283/366  step  2318336  return   3.650  success  0.43 (top 0.86/bot 0.00)  ep_len  431.4  hazard_steps   0.0  approx_kl 0.0026  SPS 519
[none] iter 284/366  step  2326528  return   4.916  success  0.48 (top 0.85/bot 0.00)  ep_len  412.3  hazard_steps   0.0  approx_kl 0.0034  SPS 519
[none] iter 285/366  step  2334720  return   4.478  success  0.47 (top 0.81/bot 0.00)  ep_len  416.3  hazard_steps   0.0  approx_kl 0.0033  SPS 519
[none] iter 286/366  step  2342912  return   4.795  success  0.49 (top 0.82/bot 0.00)  ep_len  408.2  hazard_steps   0.0  approx_kl 0.0032  SPS 519
[none] iter 287/366  step  2351104  return   4.529  success  0.48 (top 0.82/bot 0.00)  ep_len  411.9  hazard_steps   0.0  approx_kl 0.0049  SPS 518
[none] iter 288/366  step  2359296  return   4.417  success  0.47 (top 0.82/bot 0.00)  ep_len  415.3  hazard_steps   0.0  approx_kl 0.0033  SPS 518
[none] iter 289/366  step  2367488  return   3.546  success  0.43 (top 0.83/bot 0.00)  ep_len  430.2  hazard_steps   0.0  approx_kl 0.0020  SPS 518
[none] iter 290/366  step  2375680  return   1.534  success  0.35 (top 0.84/bot 0.00)  ep_len  461.4  hazard_steps   0.0  approx_kl 0.0038  SPS 518
[none] iter 291/366  step  2383872  return   0.638  success  0.32 (top 0.83/bot 0.00)  ep_len  473.7  hazard_steps   0.1  approx_kl 0.0011  SPS 518
[none] iter 292/366  step  2392064  return   0.971  success  0.33 (top 0.86/bot 0.00)  ep_len  469.2  hazard_steps   0.1  approx_kl 0.0023  SPS 518
[none] iter 293/366  step  2400256  return   1.190  success  0.34 (top 0.86/bot 0.00)  ep_len  465.2  hazard_steps   0.1  approx_kl 0.0017  SPS 517
[none] iter 294/366  step  2408448  return   2.078  success  0.39 (top 0.86/bot 0.00)  ep_len  446.3  hazard_steps   0.1  approx_kl 0.0038  SPS 517
[none] iter 295/366  step  2416640  return   3.385  success  0.45 (top 0.87/bot 0.00)  ep_len  422.1  hazard_steps   0.1  approx_kl 0.0023  SPS 517
[none] iter 296/366  step  2424832  return   4.963  success  0.51 (top 0.90/bot 0.00)  ep_len  398.6  hazard_steps   0.0  approx_kl 0.0033  SPS 517
[none] iter 297/366  step  2433024  return   4.611  success  0.50 (top 0.92/bot 0.00)  ep_len  402.9  hazard_steps   0.0  approx_kl 0.0034  SPS 516
[none] iter 298/366  step  2441216  return   4.265  success  0.49 (top 0.91/bot 0.00)  ep_len  407.2  hazard_steps   0.0  approx_kl 0.0046  SPS 516
[none] iter 299/366  step  2449408  return   3.984  success  0.48 (top 0.91/bot 0.00)  ep_len  410.6  hazard_steps   0.0  approx_kl 0.0027  SPS 516
[none] iter 300/366  step  2457600  return   3.896  success  0.47 (top 0.91/bot 0.00)  ep_len  414.9  hazard_steps   0.0  approx_kl 0.0041  SPS 516
[none] iter 301/366  step  2465792  return   3.780  success  0.46 (top 0.92/bot 0.00)  ep_len  419.0  hazard_steps   0.0  approx_kl 0.0044  SPS 516
[none] iter 302/366  step  2473984  return   3.729  success  0.46 (top 0.89/bot 0.00)  ep_len  418.2  hazard_steps   0.0  approx_kl 0.0044  SPS 516
[none] iter 303/366  step  2482176  return   5.545  success  0.52 (top 0.89/bot 0.00)  ep_len  394.4  hazard_steps   0.0  approx_kl 0.0020  SPS 515
[none] iter 304/366  step  2490368  return   6.100  success  0.54 (top 0.88/bot 0.00)  ep_len  386.5  hazard_steps   0.0  approx_kl 0.0014  SPS 515
[none] iter 305/366  step  2498560  return   7.812  success  0.61 (top 0.89/bot 0.00)  ep_len  358.9  hazard_steps   0.0  approx_kl 0.0022  SPS 515
[none] iter 306/366  step  2506752  return   7.197  success  0.59 (top 0.89/bot 0.00)  ep_len  366.6  hazard_steps   0.0  approx_kl 0.0035  SPS 515
[none] iter 307/366  step  2514944  return   6.556  success  0.56 (top 0.88/bot 0.00)  ep_len  378.8  hazard_steps   0.0  approx_kl 0.0038  SPS 515
[none] iter 308/366  step  2523136  return   4.527  success  0.49 (top 0.89/bot 0.00)  ep_len  406.8  hazard_steps   0.0  approx_kl 0.0036  SPS 515
[none] iter 309/366  step  2531328  return   3.267  success  0.44 (top 0.90/bot 0.00)  ep_len  426.2  hazard_steps   0.0  approx_kl 0.0035  SPS 515
[none] iter 310/366  step  2539520  return   3.002  success  0.43 (top 0.91/bot 0.00)  ep_len  429.8  hazard_steps   0.0  approx_kl 0.0023  SPS 514
[none] iter 311/366  step  2547712  return   2.429  success  0.40 (top 0.92/bot 0.00)  ep_len  441.1  hazard_steps   0.0  approx_kl 0.0020  SPS 514
[none] iter 312/366  step  2555904  return   2.463  success  0.41 (top 0.92/bot 0.00)  ep_len  436.7  hazard_steps   0.0  approx_kl 0.0030  SPS 514
[none] iter 313/366  step  2564096  return   3.875  success  0.46 (top 0.92/bot 0.00)  ep_len  416.4  hazard_steps   0.0  approx_kl 0.0030  SPS 514
[none] iter 314/366  step  2572288  return   4.407  success  0.48 (top 0.90/bot 0.00)  ep_len  408.6  hazard_steps   0.0  approx_kl 0.0025  SPS 514
[none] iter 315/366  step  2580480  return   5.121  success  0.50 (top 0.87/bot 0.00)  ep_len  400.3  hazard_steps   0.0  approx_kl 0.0058  SPS 514
[none] iter 316/366  step  2588672  return   4.988  success  0.50 (top 0.87/bot 0.00)  ep_len  400.1  hazard_steps   0.1  approx_kl 0.0031  SPS 514
[none] iter 317/366  step  2596864  return   5.076  success  0.50 (top 0.87/bot 0.00)  ep_len  400.1  hazard_steps   0.1  approx_kl 0.0039  SPS 513
[none] iter 318/366  step  2605056  return   5.127  success  0.50 (top 0.88/bot 0.00)  ep_len  400.4  hazard_steps   0.1  approx_kl 0.0056  SPS 513
[none] iter 319/366  step  2613248  return   4.146  success  0.46 (top 0.85/bot 0.00)  ep_len  416.3  hazard_steps   0.1  approx_kl 0.0028  SPS 513
[none] iter 320/366  step  2621440  return   3.446  success  0.43 (top 0.84/bot 0.00)  ep_len  428.3  hazard_steps   0.2  approx_kl 0.0055  SPS 513
[none] iter 321/366  step  2629632  return   3.093  success  0.42 (top 0.82/bot 0.00)  ep_len  432.4  hazard_steps   0.2  approx_kl 0.0039  SPS 513
[none] iter 322/366  step  2637824  return   2.979  success  0.40 (top 0.81/bot 0.00)  ep_len  440.6  hazard_steps   0.2  approx_kl 0.0041  SPS 513
[none] iter 323/366  step  2646016  return   2.597  success  0.38 (top 0.78/bot 0.00)  ep_len  448.1  hazard_steps   0.2  approx_kl 0.0033  SPS 513
[none] iter 324/366  step  2654208  return   1.959  success  0.36 (top 0.78/bot 0.00)  ep_len  455.6  hazard_steps   0.2  approx_kl 0.0081  SPS 513
[none] iter 325/366  step  2662400  return   3.164  success  0.40 (top 0.80/bot 0.00)  ep_len  439.4  hazard_steps   0.0  approx_kl 0.0054  SPS 513
[none] iter 326/366  step  2670592  return   3.867  success  0.42 (top 0.80/bot 0.00)  ep_len  431.1  hazard_steps   0.0  approx_kl 0.0040  SPS 513
[none] iter 327/366  step  2678784  return   3.228  success  0.40 (top 0.75/bot 0.00)  ep_len  439.1  hazard_steps   0.0  approx_kl 0.0022  SPS 513
[none] iter 328/366  step  2686976  return   3.432  success  0.41 (top 0.75/bot 0.00)  ep_len  435.0  hazard_steps   0.0  approx_kl 0.0033  SPS 513
[none] iter 329/366  step  2695168  return   3.022  success  0.38 (top 0.71/bot 0.00)  ep_len  447.1  hazard_steps   0.0  approx_kl 0.0044  SPS 513
[none] iter 330/366  step  2703360  return   2.799  success  0.37 (top 0.72/bot 0.00)  ep_len  451.2  hazard_steps   0.0  approx_kl 0.0061  SPS 513
[none] iter 331/366  step  2711552  return   3.084  success  0.39 (top 0.74/bot 0.00)  ep_len  446.6  hazard_steps   0.0  approx_kl 0.0045  SPS 513
[none] iter 332/366  step  2719744  return   2.755  success  0.38 (top 0.72/bot 0.00)  ep_len  450.8  hazard_steps   0.0  approx_kl 0.0036  SPS 513
[none] iter 333/366  step  2727936  return   3.138  success  0.40 (top 0.74/bot 0.00)  ep_len  444.1  hazard_steps   0.0  approx_kl 0.0054  SPS 512
[none] iter 334/366  step  2736128  return   3.954  success  0.44 (top 0.75/bot 0.00)  ep_len  430.9  hazard_steps   0.0  approx_kl 0.0040  SPS 512
[none] iter 335/366  step  2744320  return   2.888  success  0.41 (top 0.72/bot 0.00)  ep_len  443.3  hazard_steps   0.0  approx_kl 0.0042  SPS 512
[none] iter 336/366  step  2752512  return   2.563  success  0.41 (top 0.70/bot 0.01)  ep_len  446.3  hazard_steps   0.6  approx_kl 0.0010  SPS 512
[none] iter 337/366  step  2760704  return   2.204  success  0.39 (top 0.73/bot 0.01)  ep_len  451.0  hazard_steps   0.6  approx_kl 0.0060  SPS 512
[none] iter 338/366  step  2768896  return   1.917  success  0.38 (top 0.75/bot 0.01)  ep_len  453.4  hazard_steps   0.5  approx_kl 0.0089  SPS 512
[none] iter 339/366  step  2777088  return   1.259  success  0.36 (top 0.77/bot 0.01)  ep_len  461.1  hazard_steps   0.5  approx_kl 0.0036  SPS 512
[none] iter 340/366  step  2785280  return   1.016  success  0.35 (top 0.79/bot 0.01)  ep_len  463.1  hazard_steps   0.5  approx_kl 0.0011  SPS 512
[none] iter 341/366  step  2793472  return   2.669  success  0.41 (top 0.82/bot 0.01)  ep_len  440.9  hazard_steps   0.5  approx_kl 0.0029  SPS 512
[none] iter 342/366  step  2801664  return   2.456  success  0.40 (top 0.84/bot 0.01)  ep_len  441.6  hazard_steps   0.0  approx_kl 0.0054  SPS 512
[none] iter 343/366  step  2809856  return   2.978  success  0.41 (top 0.83/bot 0.01)  ep_len  437.6  hazard_steps   0.0  approx_kl 0.0049  SPS 512
[none] iter 344/366  step  2818048  return   2.215  success  0.37 (top 0.84/bot 0.01)  ep_len  453.5  hazard_steps   0.0  approx_kl 0.0088  SPS 511
[none] iter 345/366  step  2826240  return   1.750  success  0.35 (top 0.83/bot 0.00)  ep_len  461.6  hazard_steps   0.0  approx_kl 0.0015  SPS 511
[none] iter 346/366  step  2834432  return   1.746  success  0.35 (top 0.83/bot 0.00)  ep_len  461.1  hazard_steps   0.0  approx_kl 0.0026  SPS 511
[none] iter 347/366  step  2842624  return  -0.125  success  0.27 (top 0.82/bot 0.00)  ep_len  491.4  hazard_steps   0.0  approx_kl 0.0027  SPS 511
[none] iter 348/366  step  2850816  return  -1.068  success  0.23 (top 0.81/bot 0.00)  ep_len  507.2  hazard_steps   0.0  approx_kl 0.0049  SPS 511
[none] iter 349/366  step  2859008  return  -1.164  success  0.23 (top 0.79/bot 0.00)  ep_len  507.2  hazard_steps   0.0  approx_kl 0.0061  SPS 511
[none] iter 350/366  step  2867200  return   0.161  success  0.27 (top 0.80/bot 0.00)  ep_len  492.8  hazard_steps   0.0  approx_kl 0.0049  SPS 511
[none] iter 351/366  step  2875392  return   1.742  success  0.33 (top 0.79/bot 0.00)  ep_len  468.8  hazard_steps   0.0  approx_kl 0.0006  SPS 511
[none] iter 352/366  step  2883584  return   1.934  success  0.33 (top 0.75/bot 0.00)  ep_len  471.4  hazard_steps   0.0  approx_kl 0.0042  SPS 511
[none] iter 353/366  step  2891776  return   4.249  success  0.41 (top 0.74/bot 0.00)  ep_len  439.8  hazard_steps   0.0  approx_kl 0.0039  SPS 511
[none] iter 354/366  step  2899968  return   4.086  success  0.41 (top 0.70/bot 0.00)  ep_len  439.8  hazard_steps   0.0  approx_kl 0.0007  SPS 511
[none] iter 355/366  step  2908160  return   3.383  success  0.38 (top 0.70/bot 0.00)  ep_len  455.1  hazard_steps   0.0  approx_kl 0.0008  SPS 510
[none] iter 356/366  step  2916352  return   2.936  success  0.37 (top 0.70/bot 0.00)  ep_len  457.6  hazard_steps   0.0  approx_kl 0.0006  SPS 510
[none] iter 357/366  step  2924544  return   1.809  success  0.34 (top 0.70/bot 0.00)  ep_len  474.1  hazard_steps   0.0  approx_kl 0.0008  SPS 510
[none] iter 358/366  step  2932736  return   0.899  success  0.31 (top 0.71/bot 0.00)  ep_len  483.7  hazard_steps   0.0  approx_kl 0.0007  SPS 510
[none] iter 359/366  step  2940928  return   0.667  success  0.31 (top 0.73/bot 0.00)  ep_len  483.7  hazard_steps   0.0  approx_kl 0.0023  SPS 510
[none] iter 360/366  step  2949120  return   1.743  success  0.36 (top 0.77/bot 0.00)  ep_len  461.4  hazard_steps   0.0  approx_kl 0.0016  SPS 510
[none] iter 361/366  step  2957312  return   2.832  success  0.40 (top 0.75/bot 0.00)  ep_len  445.3  hazard_steps   0.0  approx_kl 0.0007  SPS 510
[none] iter 362/366  step  2965504  return   3.094  success  0.40 (top 0.75/bot 0.00)  ep_len  450.1  hazard_steps   0.0  approx_kl 0.0004  SPS 510
[none] iter 363/366  step  2973696  return   2.139  success  0.35 (top 0.71/bot 0.00)  ep_len  465.1  hazard_steps   0.0  approx_kl 0.0001  SPS 510
[none] iter 364/366  step  2981888  return   3.957  success  0.42 (top 0.74/bot 0.00)  ep_len  437.9  hazard_steps   0.0  approx_kl 0.0000  SPS 510
[none] iter 365/366  step  2990080  return   4.306  success  0.43 (top 0.73/bot 0.00)  ep_len  434.0  hazard_steps   0.0  approx_kl 0.0001  SPS 510
[none] iter 366/366  step  2998272  return   2.503  success  0.36 (top 0.71/bot 0.00)  ep_len  460.6  hazard_steps   0.0  approx_kl 0.0000  SPS 510

[none/seed1] FINAL success 0.360  hazard_steps 0.00
saved policy -> runs/race_v3/none_s1.pt
wrote run json -> runs/race_v3/none_s1.json
