[INFO][AppLauncher]: Using device: cuda:0
[INFO][AppLauncher]: Loading experience file: /data/howard/isaac/IsaacLab/apps/isaaclab.python.headless.rendering.kit
Loading user config located at: '/data/howard/isaac/envs/isaaclab/lib/python3.11/site-packages/isaacsim/kit/data/Kit/Isaac-Sim/5.1/user.config.json'
[Info] [carb] Logging to file: /data/howard/isaac/envs/isaaclab/lib/python3.11/site-packages/isaacsim/kit/logs/Kit/Isaac-Sim/5.1/kit_20260714_231455.log
2026-07-14T23:14:55Z [137ms] [Warning] [carb.windowing-glfw.plugin] GLFW initialization failed.
2026-07-14T23:14:55Z [137ms] [Warning] [carb] Failed to startup plugin carb.windowing-glfw.plugin (interfaces: [carb::windowing::IGLContext v1.0],[carb::windowing::IWindowing v1.5]) (impl: carb.windowing-glfw.plugin)
2026-07-14T23:14:55Z [200ms] [Warning] [omni.platforminfo.plugin] failed to open the default display.  Can't verify X Server version.
2026-07-14T23:14:55Z [202ms] [Warning] [carb.cudainterop.plugin] CUDA_VISIBLE_DEVICES environment variable is set.
2026-07-14T23:14:55Z [202ms] [Warning] [carb.cudainterop.plugin] Note CUDA device enumeration and Omniverse device enumeration are different.
2026-07-14T23:14:55Z [202ms] [Warning] [carb.cudainterop.plugin] Setting CUDA_VISIBLE_DEVICES can lead to undesired behavior or crashes.
2026-07-14T23:14:55Z [529ms] [Warning] [carb.windowing-glfw.plugin] GLFW initialization failed.
2026-07-14T23:14:55Z [529ms] [Warning] [carb] Failed to startup plugin carb.windowing-glfw.plugin (interfaces: [carb::windowing::IGLContext v1.0],[carb::windowing::IWindowing v1.5]) (impl: carb.windowing-glfw.plugin)
2026-07-14T23:14:55Z [662ms] [Warning] [gpu.foundation.plugin] Skipping NVIDIA GPU due CUDA being in bad state: NVIDIA RTX 6000 Ada Generation
2026-07-14T23:14:55Z [662ms] [Warning] [gpu.foundation.plugin] Please restart your system if CUDA is known to work in your system.
2026-07-14T23:14:55Z [663ms] [Warning] [gpu.foundation.plugin] Skipping NVIDIA GPU due CUDA being in bad state: NVIDIA RTX 6000 Ada Generation
2026-07-14T23:14:55Z [663ms] [Warning] [gpu.foundation.plugin] Please restart your system if CUDA is known to work in your system.
2026-07-14T23:14:55Z [663ms] [Warning] [gpu.foundation.plugin] Skipping NVIDIA GPU due CUDA being in bad state: NVIDIA RTX 6000 Ada Generation
2026-07-14T23:14:55Z [663ms] [Warning] [gpu.foundation.plugin] Please restart your system if CUDA is known to work in your system.
2026-07-14T23:14:55Z [663ms] [Warning] [gpu.foundation.plugin] Skipping NVIDIA GPU due CUDA being in bad state: NVIDIA RTX 6000 Ada Generation
2026-07-14T23:14:55Z [663ms] [Warning] [gpu.foundation.plugin] Please restart your system if CUDA is known to work in your system.
2026-07-14T23:14:55Z [663ms] [Warning] [gpu.foundation.plugin] Skipping NVIDIA GPU due CUDA being in bad state: NVIDIA RTX 6000 Ada Generation
2026-07-14T23:14:55Z [663ms] [Warning] [gpu.foundation.plugin] Please restart your system if CUDA is known to work in your system.
2026-07-14T23:14:55Z [663ms] [Warning] [gpu.foundation.plugin] Skipping NVIDIA GPU due CUDA being in bad state: NVIDIA RTX 6000 Ada Generation
2026-07-14T23:14:55Z [663ms] [Warning] [gpu.foundation.plugin] Please restart your system if CUDA is known to work in your system.

|---------------------------------------------------------------------------------------------|
| Driver Version: 550.90.12     | Graphics API: Vulkan
|=============================================================================================|
| GPU | Name                             | Active | LDA | GPU Memory | Vendor-ID | LUID       |
|     |                                  |        |     |            | Device-ID | UUID       |
|     |                                  |        |     |            | Bus-ID    |            |
|---------------------------------------------------------------------------------------------|
| 0   | NVIDIA RTX 6000 Ada Generation   |        |     | 49386   MB | 10de      | 0          |
|     |                                  |        |     |            | 26b1      | df04a158.. |
|     |                                  |        |     |            | 1         |            |
|---------------------------------------------------------------------------------------------|
| 1   | NVIDIA RTX 6000 Ada Generation   | Yes: 0 |     | 49386   MB | 10de      | 0          |
|     |                                  |        |     |            | 26b1      | 5cfd6483.. |
|     |                                  |        |     |            | 2c        |            |
|---------------------------------------------------------------------------------------------|
| 2   | NVIDIA RTX 6000 Ada Generation   |        |     | 49386   MB | 10de      | 0          |
|     |                                  |        |     |            | 26b1      | bdb0e57d.. |
|     |                                  |        |     |            | 41        |            |
|---------------------------------------------------------------------------------------------|
| 3   | NVIDIA RTX 6000 Ada Generation   |        |     | 49386   MB | 10de      | 0          |
|     |                                  |        |     |            | 26b1      | 21e14e0d.. |
|     |                                  |        |     |            | 61        |            |
|=============================================================================================|
| OS: 22.04.5 LTS (Jammy Jellyfish) ubuntu, Version: 22.04.5, Kernel: 5.15.0-181-generic
| Processor: AMD Ryzen Threadripper PRO 5995WX 64-Cores
| Cores: 64 | Logical Cores: 128
|---------------------------------------------------------------------------------------------|
| Total Memory (MB): 515582 | Free Memory: 468049
| Total Page/Swap (MB): 10239 | Free Page/Swap: 8583
|---------------------------------------------------------------------------------------------|
2026-07-14T23:14:56Z [1,630ms] [Warning] [carb.windowing-glfw.plugin] GLFW initialization failed.
2026-07-14T23:14:56Z [1,630ms] [Warning] [carb] Failed to startup plugin carb.windowing-glfw.plugin (interfaces: [carb::windowing::IGLContext v1.0],[carb::windowing::IWindowing v1.5]) (impl: carb.windowing-glfw.plugin)
2026-07-14T23:14:56Z [1,639ms] [Warning] [carb.windowing-glfw.plugin] GLFW initialization failed.
2026-07-14T23:14:56Z [1,639ms] [Warning] [carb] Failed to startup plugin carb.windowing-glfw.plugin (interfaces: [carb::windowing::IGLContext v1.0],[carb::windowing::IWindowing v1.5]) (impl: carb.windowing-glfw.plugin)
2026-07-14T23:14:56Z [1,644ms] [Warning] [carb.windowing-glfw.plugin] GLFW initialization failed.
2026-07-14T23:14:56Z [1,644ms] [Warning] [carb] Failed to startup plugin carb.windowing-glfw.plugin (interfaces: [carb::windowing::IGLContext v1.0],[carb::windowing::IWindowing v1.5]) (impl: carb.windowing-glfw.plugin)
2026-07-14T23:14:56Z [1,652ms] [Warning] [carb.windowing-glfw.plugin] GLFW initialization failed.
2026-07-14T23:14:56Z [1,652ms] [Warning] [carb] Failed to startup plugin carb.windowing-glfw.plugin (interfaces: [carb::windowing::IGLContext v1.0],[carb::windowing::IWindowing v1.5]) (impl: carb.windowing-glfw.plugin)
2026-07-14T23:14:56Z [1,653ms] [Warning] [carb.windowing-glfw.plugin] GLFW initialization failed.
2026-07-14T23:14:56Z [1,653ms] [Warning] [carb] Failed to startup plugin carb.windowing-glfw.plugin (interfaces: [carb::windowing::IGLContext v1.0],[carb::windowing::IWindowing v1.5]) (impl: carb.windowing-glfw.plugin)
2026-07-14T23:14:56Z [1,654ms] [Warning] [carb.windowing-glfw.plugin] GLFW initialization failed.
2026-07-14T23:14:56Z [1,654ms] [Warning] [carb] Failed to startup plugin carb.windowing-glfw.plugin (interfaces: [carb::windowing::IGLContext v1.0],[carb::windowing::IWindowing v1.5]) (impl: carb.windowing-glfw.plugin)
2026-07-14T23:14:57Z [1,853ms] [Warning] [omni.log] Source: omni.hydra was already registered.
2026-07-14T23:14:57Z [2,140ms] [Warning] [carb] Acquiring non optional plugin interface which is not listed as dependency: [omni::physx::IPhysxBenchmarks v1.0] (plugin: <default plugin>), by client: omni.physics.physx.plugin. Add it to CARB_PLUGIN_IMPL_DEPS() macro of a client.
2026-07-14T23:14:57Z [2,150ms] [Warning] [omni.isaac.dynamic_control] omni.isaac.dynamic_control is deprecated as of Isaac Sim 4.5. No action is needed from end-users.
2026-07-14T23:14:59Z [4,082ms] [Warning] [pxr.Semantics] pxr.Semantics is deprecated - please use Semantics instead
2026-07-14T23:14:59Z [4,189ms] [Warning] [omni.graph.core.plugin] Found duplicate of category 'Replicator' - was 'Annotators', adding 'Fabric Reader'
2026-07-14T23:14:59Z [4,189ms] [Warning] [omni.graph.core.plugin] Category 'Replicator' not accepted on node type 'omni.replicator.core.FabricReader' in extension 'omni.replicator.core'
2026-07-14T23:14:59Z [4,190ms] [Warning] [omni.replicator.core.scripts.extension] No material configuration file, adding configuration to material settings directly.
2026-07-14T23:15:00Z [5,550ms] [Warning] [omni.kvdb.plugin] Disabling key-value database because another kit process is locking it
2026-07-14T23:15:02Z [7,740ms] [Warning] [omni.fabric.plugin] Warning: attribute viewportHandle not found for bucket id 7

2026-07-14T23:15:03Z [8,254ms] [Warning] [isaaclab.envs.direct_marl_env] Seed not set for the environment. The environment creation may not be deterministic.

[36m========================================================================================================[0m
[36m[1m[INFO][IsaacLab]: Logging to file: /data/howard/isaac/tmp/isaaclab/logs/isaaclab_2026-07-14_23-15-03.log[0m
[36m========================================================================================================[0m

[33m23:15:03 [simulation_context.py] WARNING: The `enable_external_forces_every_iteration` parameter in the PhysxCfg is set to False. If you are experiencing noisy velocities, consider enabling this flag. You may need to slightly increase the number of velocity iterations (setting it to 1 or 2 rather than 0), together with this flag, to improve the accuracy of velocity updates.[0m
[INFO]: Base environment:
	Environment device    : cuda:0
	Environment seed      : None
	Physics step-size     : 0.016666666666666666
	Rendering step-size   : 0.1
	Environment step-size : 0.1
[INFO]: Time taken for scene creation : 1.421102 seconds
[INFO]: Scene manager:  <class InteractiveScene>
	Number of environments: 64
	Environment spacing   : 12.0
	Source prim name      : /World/envs/env_0
	Global prim paths     : []
	Replicate physics     : True
[INFO]: Starting the simulation. This may take a few seconds. Please wait...
[INFO]: Time taken for simulation start : 2.984539 seconds
[INFO]: Completed setting up the environment...
condition=none  wire_dim=0  trainable=74,631 (encoder frozen)
2026-07-14T23:15:12Z [17,438ms] [Warning] [carb] Client gpu.foundation.plugin has acquired [gpu::unstable::IMemoryBudgetManagerFactory v0.1] 100 times. Consider accessing this interface with carb::getCachedInterface() (Performance warning)
[none] iter   1/366  step     8192  return     nan  success   nan (top  nan/bot  nan)  ep_len    nan  hazard_steps   nan  approx_kl 0.0076  SPS 817
[none] iter   2/366  step    16384  return     nan  success   nan (top  nan/bot  nan)  ep_len    nan  hazard_steps   nan  approx_kl 0.0128  SPS 806
[none] iter   3/366  step    24576  return     nan  success   nan (top  nan/bot  nan)  ep_len    nan  hazard_steps   nan  approx_kl 0.0467  SPS 681
[none] iter   4/366  step    32768  return     nan  success   nan (top  nan/bot  nan)  ep_len    nan  hazard_steps   nan  approx_kl 0.0249  SPS 626
[none] iter   5/366  step    40960  return  -5.386  success  0.00 (top 0.00/bot 0.00)  ep_len  599.0  hazard_steps   0.0  approx_kl 0.0127  SPS 605
[none] iter   6/366  step    49152  return  -5.386  success  0.00 (top 0.00/bot 0.00)  ep_len  599.0  hazard_steps   0.0  approx_kl 0.0251  SPS 582
[none] iter   7/366  step    57344  return  -5.386  success  0.00 (top 0.00/bot 0.00)  ep_len  599.0  hazard_steps   0.0  approx_kl 0.0127  SPS 568
[none] iter   8/366  step    65536  return  -5.386  success  0.00 (top 0.00/bot 0.00)  ep_len  599.0  hazard_steps   0.0  approx_kl 0.0066  SPS 557
[none] iter   9/366  step    73728  return  -5.386  success  0.00 (top 0.00/bot 0.00)  ep_len  599.0  hazard_steps   0.0  approx_kl 0.0044  SPS 550
[none] iter  10/366  step    81920  return  -5.243  success  0.00 (top 0.00/bot 0.00)  ep_len  599.0  hazard_steps   0.0  approx_kl 0.0174  SPS 544
[none] iter  11/366  step    90112  return  -5.243  success  0.00 (top 0.00/bot 0.00)  ep_len  599.0  hazard_steps   0.0  approx_kl 0.0071  SPS 537
[none] iter  12/366  step    98304  return  -5.243  success  0.00 (top 0.00/bot 0.00)  ep_len  599.0  hazard_steps   0.0  approx_kl 0.0051  SPS 532
[none] iter  13/366  step   106496  return  -5.243  success  0.00 (top 0.00/bot 0.00)  ep_len  599.0  hazard_steps   0.0  approx_kl 0.0227  SPS 530
[none] iter  14/366  step   114688  return  -5.243  success  0.00 (top 0.00/bot 0.00)  ep_len  599.0  hazard_steps   0.0  approx_kl 0.0226  SPS 529
[none] iter  15/366  step   122880  return  -4.747  success  0.00 (top 0.00/bot 0.00)  ep_len  599.0  hazard_steps   0.0  approx_kl 0.0143  SPS 526
[none] iter  16/366  step   131072  return  -4.747  success  0.00 (top 0.00/bot 0.00)  ep_len  599.0  hazard_steps   0.0  approx_kl 0.0196  SPS 524
[none] iter  17/366  step   139264  return  -4.747  success  0.00 (top 0.00/bot 0.00)  ep_len  599.0  hazard_steps   0.0  approx_kl 0.0091  SPS 521
[none] iter  18/366  step   147456  return  -4.747  success  0.00 (top 0.00/bot 0.00)  ep_len  599.0  hazard_steps   0.0  approx_kl 0.0051  SPS 520
[none] iter  19/366  step   155648  return  -4.455  success  0.00 (top 0.00/bot 0.00)  ep_len  599.0  hazard_steps  11.5  approx_kl 0.0051  SPS 518
[none] iter  20/366  step   163840  return  -4.455  success  0.00 (top 0.00/bot 0.00)  ep_len  599.0  hazard_steps  11.5  approx_kl 0.0068  SPS 517
[none] iter  21/366  step   172032  return  -4.455  success  0.00 (top 0.00/bot 0.00)  ep_len  599.0  hazard_steps  11.5  approx_kl 0.0145  SPS 515
[none] iter  22/366  step   180224  return  -4.455  success  0.00 (top 0.00/bot 0.00)  ep_len  599.0  hazard_steps  11.5  approx_kl 0.0031  SPS 514
[none] iter  23/366  step   188416  return  -4.455  success  0.00 (top 0.00/bot 0.00)  ep_len  599.0  hazard_steps  11.5  approx_kl 0.0104  SPS 513
[none] iter  24/366  step   196608  return  -4.095  success  0.00 (top 0.00/bot 0.00)  ep_len  599.0  hazard_steps  16.3  approx_kl 0.0034  SPS 513
[none] iter  25/366  step   204800  return  -4.095  success  0.00 (top 0.00/bot 0.00)  ep_len  599.0  hazard_steps  16.3  approx_kl 0.0090  SPS 512
[none] iter  26/366  step   212992  return  -4.095  success  0.00 (top 0.00/bot 0.00)  ep_len  599.0  hazard_steps  16.3  approx_kl 0.0031  SPS 511
[none] iter  27/366  step   221184  return  -4.095  success  0.00 (top 0.00/bot 0.00)  ep_len  599.0  hazard_steps  16.3  approx_kl 0.0071  SPS 510
[none] iter  28/366  step   229376  return  -3.977  success  0.01 (top 0.01/bot 0.00)  ep_len  598.5  hazard_steps  17.2  approx_kl 0.0107  SPS 510
[none] iter  29/366  step   237568  return  -4.417  success  0.01 (top 0.01/bot 0.00)  ep_len  598.5  hazard_steps  25.8  approx_kl 0.0085  SPS 510
[none] iter  30/366  step   245760  return  -4.417  success  0.01 (top 0.01/bot 0.00)  ep_len  598.5  hazard_steps  25.8  approx_kl 0.0075  SPS 510
[none] iter  31/366  step   253952  return  -4.417  success  0.01 (top 0.01/bot 0.00)  ep_len  598.5  hazard_steps  25.8  approx_kl 0.0056  SPS 510
[none] iter  32/366  step   262144  return  -4.417  success  0.01 (top 0.01/bot 0.00)  ep_len  598.5  hazard_steps  25.8  approx_kl 0.0093  SPS 510
[none] iter  33/366  step   270336  return  -4.728  success  0.00 (top 0.01/bot 0.00)  ep_len  599.0  hazard_steps  43.2  approx_kl 0.0034  SPS 509
[none] iter  34/366  step   278528  return  -4.728  success  0.00 (top 0.01/bot 0.00)  ep_len  599.0  hazard_steps  43.2  approx_kl 0.0073  SPS 510
[none] iter  35/366  step   286720  return  -4.728  success  0.00 (top 0.01/bot 0.00)  ep_len  599.0  hazard_steps  43.2  approx_kl 0.0091  SPS 509
[none] iter  36/366  step   294912  return  -4.728  success  0.00 (top 0.01/bot 0.00)  ep_len  599.0  hazard_steps  43.2  approx_kl 0.0064  SPS 509
[none] iter  37/366  step   303104  return  -4.486  success  0.02 (top 0.02/bot 0.01)  ep_len  596.8  hazard_steps  44.0  approx_kl 0.0072  SPS 509
[none] iter  38/366  step   311296  return  -5.666  success  0.02 (top 0.02/bot 0.01)  ep_len  596.8  hazard_steps  52.4  approx_kl 0.0087  SPS 508
[none] iter  39/366  step   319488  return  -5.666  success  0.02 (top 0.02/bot 0.01)  ep_len  596.8  hazard_steps  52.4  approx_kl 0.0082  SPS 508
[none] iter  40/366  step   327680  return  -5.666  success  0.02 (top 0.02/bot 0.01)  ep_len  596.8  hazard_steps  52.4  approx_kl 0.0091  SPS 508
[none] iter  41/366  step   335872  return  -5.683  success  0.02 (top 0.02/bot 0.01)  ep_len  596.8  hazard_steps  51.7  approx_kl 0.0040  SPS 507
[none] iter  42/366  step   344064  return  -5.543  success  0.03 (top 0.02/bot 0.02)  ep_len  595.4  hazard_steps  49.9  approx_kl 0.0103  SPS 506
[none] iter  43/366  step   352256  return  -5.133  success  0.01 (top 0.01/bot 0.02)  ep_len  597.7  hazard_steps  34.4  approx_kl 0.0056  SPS 506
[none] iter  44/366  step   360448  return  -5.133  success  0.01 (top 0.01/bot 0.02)  ep_len  597.7  hazard_steps  34.4  approx_kl 0.0089  SPS 506
[none] iter  45/366  step   368640  return  -5.133  success  0.01 (top 0.01/bot 0.02)  ep_len  597.7  hazard_steps  34.4  approx_kl 0.0067  SPS 505
[none] iter  46/366  step   376832  return  -5.125  success  0.01 (top 0.01/bot 0.02)  ep_len  597.7  hazard_steps  34.4  approx_kl 0.0056  SPS 505
[none] iter  47/366  step   385024  return  -3.915  success  0.01 (top 0.01/bot 0.03)  ep_len  598.5  hazard_steps  11.1  approx_kl 0.0072  SPS 504
[none] iter  48/366  step   393216  return  -3.915  success  0.01 (top 0.01/bot 0.03)  ep_len  598.5  hazard_steps  11.1  approx_kl 0.0032  SPS 505
[none] iter  49/366  step   401408  return  -3.915  success  0.01 (top 0.01/bot 0.03)  ep_len  598.5  hazard_steps  11.1  approx_kl 0.0064  SPS 504
[none] iter  50/366  step   409600  return  -3.915  success  0.01 (top 0.01/bot 0.03)  ep_len  598.5  hazard_steps  11.1  approx_kl 0.0091  SPS 504
[none] iter  51/366  step   417792  return  -3.440  success  0.03 (top 0.01/bot 0.05)  ep_len  596.5  hazard_steps   8.2  approx_kl 0.0061  SPS 504
[none] iter  52/366  step   425984  return  -3.447  success  0.02 (top 0.00/bot 0.03)  ep_len  597.0  hazard_steps   2.0  approx_kl 0.0050  SPS 503
[none] iter  53/366  step   434176  return  -3.447  success  0.02 (top 0.00/bot 0.03)  ep_len  597.0  hazard_steps   2.0  approx_kl 0.0309  SPS 503
[none] iter  54/366  step   442368  return  -3.447  success  0.02 (top 0.00/bot 0.03)  ep_len  597.0  hazard_steps   2.0  approx_kl 0.0088  SPS 503
[none] iter  55/366  step   450560  return  -3.306  success  0.03 (top 0.00/bot 0.04)  ep_len  595.4  hazard_steps   2.8  approx_kl 0.0054  SPS 503
[none] iter  56/366  step   458752  return  -3.224  success  0.04 (top 0.00/bot 0.05)  ep_len  594.4  hazard_steps   2.9  approx_kl 0.0134  SPS 503
[none] iter  57/366  step   466944  return  -3.217  success  0.02 (top 0.00/bot 0.05)  ep_len  596.4  hazard_steps   6.1  approx_kl 0.0071  SPS 503
[none] iter  58/366  step   475136  return  -3.217  success  0.02 (top 0.00/bot 0.05)  ep_len  596.4  hazard_steps   6.1  approx_kl 0.0042  SPS 503
[none] iter  59/366  step   483328  return  -3.217  success  0.02 (top 0.00/bot 0.05)  ep_len  596.4  hazard_steps   6.1  approx_kl 0.0050  SPS 503
[none] iter  60/366  step   491520  return  -2.821  success  0.04 (top 0.00/bot 0.07)  ep_len  594.0  hazard_steps   6.1  approx_kl 0.0081  SPS 502
[none] iter  61/366  step   499712  return  -2.232  success  0.08 (top 0.00/bot 0.12)  ep_len  593.9  hazard_steps   2.8  approx_kl 0.0164  SPS 502
[none] iter  62/366  step   507904  return  -2.232  success  0.08 (top 0.00/bot 0.12)  ep_len  593.9  hazard_steps   2.8  approx_kl 0.0068  SPS 502
[none] iter  63/366  step   516096  return  -2.232  success  0.08 (top 0.00/bot 0.12)  ep_len  593.9  hazard_steps   2.8  approx_kl 0.0027  SPS 502
[none] iter  64/366  step   524288  return  -1.618  success  0.11 (top 0.00/bot 0.14)  ep_len  589.7  hazard_steps   2.1  approx_kl 0.0027  SPS 502
[none] iter  65/366  step   532480  return  -0.302  success  0.19 (top 0.00/bot 0.21)  ep_len  580.5  hazard_steps   1.6  approx_kl 0.0065  SPS 501
[none] iter  66/366  step   540672  return  -1.330  success  0.12 (top 0.00/bot 0.22)  ep_len  585.1  hazard_steps   0.0  approx_kl 0.0092  SPS 501
[none] iter  67/366  step   548864  return  -1.330  success  0.12 (top 0.00/bot 0.22)  ep_len  585.1  hazard_steps   0.0  approx_kl 0.0122  SPS 501
[none] iter  68/366  step   557056  return  -0.873  success  0.14 (top 0.01/bot 0.23)  ep_len  581.7  hazard_steps   0.0  approx_kl 0.0093  SPS 501
[none] iter  69/366  step   565248  return  -0.638  success  0.15 (top 0.02/bot 0.23)  ep_len  579.8  hazard_steps   0.0  approx_kl 0.0065  SPS 501
[none] iter  70/366  step   573440  return   1.426  success  0.26 (top 0.06/bot 0.28)  ep_len  571.1  hazard_steps   0.8  approx_kl 0.0079  SPS 500
[none] iter  71/366  step   581632  return  -0.882  success  0.14 (top 0.06/bot 0.28)  ep_len  584.9  hazard_steps   0.8  approx_kl 0.0092  SPS 500
[none] iter  72/366  step   589824  return   0.116  success  0.19 (top 0.11/bot 0.28)  ep_len  571.3  hazard_steps   0.8  approx_kl 0.0085  SPS 500
[none] iter  73/366  step   598016  return   1.692  success  0.28 (top 0.19/bot 0.29)  ep_len  552.4  hazard_steps   0.8  approx_kl 0.0039  SPS 500
[none] iter  74/366  step   606208  return   3.411  success  0.37 (top 0.28/bot 0.29)  ep_len  536.9  hazard_steps   0.8  approx_kl 0.0081  SPS 499
[none] iter  75/366  step   614400  return   1.943  success  0.26 (top 0.29/bot 0.22)  ep_len  546.7  hazard_steps   0.0  approx_kl 0.0037  SPS 499
[none] iter  76/366  step   622592  return   2.339  success  0.28 (top 0.32/bot 0.22)  ep_len  540.0  hazard_steps   0.0  approx_kl 0.0081  SPS 499
[none] iter  77/366  step   630784  return   3.971  success  0.36 (top 0.40/bot 0.22)  ep_len  524.0  hazard_steps   0.0  approx_kl 0.0032  SPS 499
[none] iter  78/366  step   638976  return   5.450  success  0.43 (top 0.47/bot 0.21)  ep_len  509.1  hazard_steps   0.0  approx_kl 0.0058  SPS 498
[none] iter  79/366  step   647168  return   4.212  success  0.35 (top 0.52/bot 0.15)  ep_len  526.8  hazard_steps   0.0  approx_kl 0.0087  SPS 498
[none] iter  80/366  step   655360  return   3.517  success  0.30 (top 0.53/bot 0.10)  ep_len  534.9  hazard_steps   0.0  approx_kl 0.0073  SPS 498
[none] iter  81/366  step   663552  return   3.971  success  0.32 (top 0.55/bot 0.10)  ep_len  529.7  hazard_steps   0.0  approx_kl 0.0045  SPS 498
[none] iter  82/366  step   671744  return   5.502  success  0.41 (top 0.64/bot 0.10)  ep_len  506.0  hazard_steps   0.0  approx_kl 0.0095  SPS 498
[none] iter  83/366  step   679936  return   4.278  success  0.34 (top 0.65/bot 0.08)  ep_len  521.8  hazard_steps   0.0  approx_kl 0.0059  SPS 497
[none] iter  84/366  step   688128  return   3.608  success  0.30 (top 0.61/bot 0.03)  ep_len  529.1  hazard_steps   0.0  approx_kl 0.0075  SPS 497
[none] iter  85/366  step   696320  return   2.233  success  0.22 (top 0.56/bot 0.02)  ep_len  545.0  hazard_steps   0.0  approx_kl 0.0068  SPS 497
[none] iter  86/366  step   704512  return   2.539  success  0.24 (top 0.55/bot 0.02)  ep_len  535.2  hazard_steps   0.0  approx_kl 0.0063  SPS 497
[none] iter  87/366  step   712704  return   2.549  success  0.24 (top 0.53/bot 0.01)  ep_len  533.7  hazard_steps   0.0  approx_kl 0.0066  SPS 497
[none] iter  88/366  step   720896  return   2.035  success  0.21 (top 0.49/bot 0.00)  ep_len  538.8  hazard_steps   0.0  approx_kl 0.0075  SPS 496
[none] iter  89/366  step   729088  return   1.508  success  0.18 (top 0.49/bot 0.00)  ep_len  546.1  hazard_steps   0.0  approx_kl 0.0078  SPS 496
[none] iter  90/366  step   737280  return   1.877  success  0.20 (top 0.48/bot 0.00)  ep_len  539.8  hazard_steps   0.0  approx_kl 0.0054  SPS 496
[none] iter  91/366  step   745472  return   1.691  success  0.19 (top 0.44/bot 0.00)  ep_len  542.4  hazard_steps   0.0  approx_kl 0.0089  SPS 496
[none] iter  92/366  step   753664  return   1.509  success  0.18 (top 0.41/bot 0.00)  ep_len  543.3  hazard_steps   0.0  approx_kl 0.0107  SPS 496
[none] iter  93/366  step   761856  return   0.761  success  0.14 (top 0.38/bot 0.00)  ep_len  555.1  hazard_steps   0.0  approx_kl 0.0171  SPS 496
[none] iter  94/366  step   770048  return   0.561  success  0.13 (top 0.34/bot 0.00)  ep_len  557.8  hazard_steps   0.0  approx_kl 0.0057  SPS 495
[none] iter  95/366  step   778240  return   0.376  success  0.12 (top 0.30/bot 0.00)  ep_len  561.0  hazard_steps   0.0  approx_kl 0.0047  SPS 495
[none] iter  96/366  step   786432  return  -0.373  success  0.08 (top 0.26/bot 0.00)  ep_len  573.5  hazard_steps   0.0  approx_kl 0.0137  SPS 495
[none] iter  97/366  step   794624  return  -0.933  success  0.05 (top 0.26/bot 0.00)  ep_len  583.2  hazard_steps   0.0  approx_kl 0.0083  SPS 495
[none] iter  98/366  step   802816  return  -0.756  success  0.06 (top 0.27/bot 0.00)  ep_len  580.4  hazard_steps   0.0  approx_kl 0.0069  SPS 495
[none] iter  99/366  step   811008  return  -0.562  success  0.07 (top 0.26/bot 0.00)  ep_len  577.1  hazard_steps   0.0  approx_kl 0.0056  SPS 495
[none] iter 100/366  step   819200  return  -0.392  success  0.08 (top 0.25/bot 0.00)  ep_len  576.1  hazard_steps   0.0  approx_kl 0.0160  SPS 495
[none] iter 101/366  step   827392  return  -0.497  success  0.08 (top 0.23/bot 0.00)  ep_len  576.3  hazard_steps   0.0  approx_kl 0.0059  SPS 495
[none] iter 102/366  step   835584  return  -0.506  success  0.08 (top 0.21/bot 0.00)  ep_len  576.3  hazard_steps   0.0  approx_kl 0.0058  SPS 495
[none] iter 103/366  step   843776  return  -0.332  success  0.09 (top 0.22/bot 0.00)  ep_len  574.0  hazard_steps   0.0  approx_kl 0.0040  SPS 495
[none] iter 104/366  step   851968  return   0.049  success  0.11 (top 0.19/bot 0.00)  ep_len  567.6  hazard_steps   0.0  approx_kl 0.0052  SPS 495
[none] iter 105/366  step   860160  return   0.023  success  0.11 (top 0.19/bot 0.00)  ep_len  568.8  hazard_steps   0.0  approx_kl 0.0080  SPS 495
[none] iter 106/366  step   868352  return  -0.158  success  0.10 (top 0.17/bot 0.00)  ep_len  572.1  hazard_steps   0.0  approx_kl 0.0077  SPS 495
[none] iter 107/366  step   876544  return  -0.489  success  0.08 (top 0.18/bot 0.00)  ep_len  576.1  hazard_steps   0.0  approx_kl 0.0028  SPS 495
[none] iter 108/366  step   884736  return  -0.390  success  0.08 (top 0.17/bot 0.00)  ep_len  576.7  hazard_steps   0.0  approx_kl 0.0062  SPS 495
[none] iter 109/366  step   892928  return  -0.200  success  0.09 (top 0.18/bot 0.00)  ep_len  573.7  hazard_steps   0.0  approx_kl 0.0053  SPS 495
[none] iter 110/366  step   901120  return  -0.365  success  0.08 (top 0.19/bot 0.00)  ep_len  576.2  hazard_steps   0.0  approx_kl 0.0059  SPS 495
[none] iter 111/366  step   909312  return  -0.722  success  0.06 (top 0.19/bot 0.00)  ep_len  581.2  hazard_steps   0.0  approx_kl 0.0047  SPS 495
[none] iter 112/366  step   917504  return  -0.893  success  0.05 (top 0.18/bot 0.00)  ep_len  584.4  hazard_steps   0.0  approx_kl 0.0039  SPS 495
[none] iter 113/366  step   925696  return  -0.909  success  0.05 (top 0.18/bot 0.00)  ep_len  584.4  hazard_steps   0.0  approx_kl 0.0071  SPS 495
[none] iter 114/366  step   933888  return  -1.102  success  0.04 (top 0.18/bot 0.00)  ep_len  587.1  hazard_steps   0.0  approx_kl 0.0060  SPS 495
[none] iter 115/366  step   942080  return  -0.763  success  0.06 (top 0.18/bot 0.00)  ep_len  584.7  hazard_steps   0.0  approx_kl 0.0094  SPS 495
[none] iter 116/366  step   950272  return  -0.771  success  0.06 (top 0.19/bot 0.00)  ep_len  585.1  hazard_steps   0.0  approx_kl 0.0077  SPS 495
[none] iter 117/366  step   958464  return  -0.419  success  0.08 (top 0.18/bot 0.00)  ep_len  579.7  hazard_steps   0.0  approx_kl 0.0159  SPS 495
[none] iter 118/366  step   966656  return  -0.630  success  0.07 (top 0.17/bot 0.00)  ep_len  582.6  hazard_steps   0.0  approx_kl 0.0060  SPS 494
[none] iter 119/366  step   974848  return  -0.636  success  0.07 (top 0.15/bot 0.00)  ep_len  582.6  hazard_steps   0.0  approx_kl 0.0065  SPS 494
[none] iter 120/366  step   983040  return  -0.454  success  0.08 (top 0.13/bot 0.00)  ep_len  580.1  hazard_steps   0.0  approx_kl 0.0029  SPS 494
[none] iter 121/366  step   991232  return  -0.330  success  0.09 (top 0.15/bot 0.00)  ep_len  575.5  hazard_steps   0.0  approx_kl 0.0169  SPS 494
[none] iter 122/366  step   999424  return  -0.665  success  0.07 (top 0.14/bot 0.00)  ep_len  578.5  hazard_steps   0.0  approx_kl 0.0041  SPS 494
[none] iter 123/366  step  1007616  return  -0.842  success  0.06 (top 0.12/bot 0.00)  ep_len  581.0  hazard_steps   0.0  approx_kl 0.0031  SPS 494
[none] iter 124/366  step  1015808  return  -1.412  success  0.03 (top 0.12/bot 0.00)  ep_len  589.7  hazard_steps   0.0  approx_kl 0.0052  SPS 494
[none] iter 125/366  step  1024000  return  -1.218  success  0.04 (top 0.11/bot 0.00)  ep_len  586.0  hazard_steps   0.0  approx_kl 0.0056  SPS 494
[none] iter 126/366  step  1032192  return  -1.036  success  0.05 (top 0.12/bot 0.00)  ep_len  583.3  hazard_steps   0.0  approx_kl 0.0062  SPS 494
[none] iter 127/366  step  1040384  return  -0.846  success  0.06 (top 0.11/bot 0.00)  ep_len  579.8  hazard_steps   0.0  approx_kl 0.0037  SPS 494
[none] iter 128/366  step  1048576  return  -0.958  success  0.05 (top 0.11/bot 0.00)  ep_len  582.5  hazard_steps   0.0  approx_kl 0.0117  SPS 494
[none] iter 129/366  step  1056768  return  -0.969  success  0.05 (top 0.09/bot 0.00)  ep_len  582.9  hazard_steps   0.0  approx_kl 0.0140  SPS 494
[none] iter 130/366  step  1064960  return  -0.978  success  0.05 (top 0.08/bot 0.00)  ep_len  582.9  hazard_steps   0.0  approx_kl 0.0058  SPS 494
[none] iter 131/366  step  1073152  return  -0.765  success  0.06 (top 0.09/bot 0.00)  ep_len  579.4  hazard_steps   0.0  approx_kl 0.0098  SPS 493
[none] iter 132/366  step  1081344  return  -0.565  success  0.07 (top 0.11/bot 0.00)  ep_len  576.8  hazard_steps   0.0  approx_kl 0.0071  SPS 493
[none] iter 133/366  step  1089536  return  -0.403  success  0.08 (top 0.13/bot 0.00)  ep_len  572.5  hazard_steps   0.0  approx_kl 0.0036  SPS 493
[none] iter 134/366  step  1097728  return  -0.041  success  0.10 (top 0.14/bot 0.00)  ep_len  566.2  hazard_steps   0.0  approx_kl 0.0084  SPS 493
[none] iter 135/366  step  1105920  return  -0.047  success  0.10 (top 0.15/bot 0.00)  ep_len  566.6  hazard_steps   0.0  approx_kl 0.0076  SPS 493
[none] iter 136/366  step  1114112  return   0.697  success  0.14 (top 0.19/bot 0.00)  ep_len  553.7  hazard_steps   0.0  approx_kl 0.0085  SPS 493
[none] iter 137/366  step  1122304  return   0.879  success  0.15 (top 0.20/bot 0.00)  ep_len  550.5  hazard_steps   0.0  approx_kl 0.0048  SPS 493
[none] iter 138/366  step  1130496  return   1.241  success  0.17 (top 0.23/bot 0.00)  ep_len  543.4  hazard_steps   0.0  approx_kl 0.0061  SPS 493
[none] iter 139/366  step  1138688  return   1.036  success  0.16 (top 0.24/bot 0.00)  ep_len  546.7  hazard_steps   0.0  approx_kl 0.0081  SPS 493
[none] iter 140/366  step  1146880  return   1.046  success  0.16 (top 0.26/bot 0.00)  ep_len  547.1  hazard_steps   0.0  approx_kl 0.0063  SPS 493
[none] iter 141/366  step  1155072  return   0.853  success  0.15 (top 0.25/bot 0.00)  ep_len  550.3  hazard_steps   0.0  approx_kl 0.0040  SPS 492
[none] iter 142/366  step  1163264  return   1.228  success  0.17 (top 0.27/bot 0.00)  ep_len  543.5  hazard_steps   0.0  approx_kl 0.0099  SPS 492
[none] iter 143/366  step  1171456  return   0.664  success  0.14 (top 0.28/bot 0.00)  ep_len  553.2  hazard_steps   0.0  approx_kl 0.0044  SPS 492
[none] iter 144/366  step  1179648  return   0.474  success  0.13 (top 0.29/bot 0.00)  ep_len  556.3  hazard_steps   0.0  approx_kl 0.0051  SPS 492
[none] iter 145/366  step  1187840  return   0.470  success  0.13 (top 0.29/bot 0.00)  ep_len  556.8  hazard_steps   0.0  approx_kl 0.0049  SPS 492
[none] iter 146/366  step  1196032  return   1.013  success  0.16 (top 0.32/bot 0.00)  ep_len  549.5  hazard_steps   0.0  approx_kl 0.0038  SPS 492
[none] iter 147/366  step  1204224  return   0.641  success  0.14 (top 0.30/bot 0.00)  ep_len  555.8  hazard_steps   0.0  approx_kl 0.0157  SPS 492
[none] iter 148/366  step  1212416  return   0.633  success  0.14 (top 0.30/bot 0.00)  ep_len  556.3  hazard_steps   0.0  approx_kl 0.0024  SPS 492
[none] iter 149/366  step  1220608  return   0.816  success  0.15 (top 0.30/bot 0.00)  ep_len  553.3  hazard_steps   0.0  approx_kl 0.0133  SPS 492
[none] iter 150/366  step  1228800  return   1.365  success  0.18 (top 0.31/bot 0.00)  ep_len  544.5  hazard_steps   0.0  approx_kl 0.0129  SPS 492
[none] iter 151/366  step  1236992  return   0.991  success  0.16 (top 0.29/bot 0.00)  ep_len  551.1  hazard_steps   0.0  approx_kl 0.0040  SPS 492
[none] iter 152/366  step  1245184  return   1.165  success  0.17 (top 0.30/bot 0.00)  ep_len  549.1  hazard_steps   0.0  approx_kl 0.0069  SPS 491
[none] iter 153/366  step  1253376  return   1.178  success  0.17 (top 0.31/bot 0.00)  ep_len  547.6  hazard_steps   0.0  approx_kl 0.0044  SPS 491
[none] iter 154/366  step  1261568  return   0.993  success  0.16 (top 0.30/bot 0.00)  ep_len  550.6  hazard_steps   0.0  approx_kl 0.0037  SPS 491
[none] iter 155/366  step  1269760  return   1.378  success  0.18 (top 0.31/bot 0.00)  ep_len  542.9  hazard_steps   0.0  approx_kl 0.0057  SPS 491
[none] iter 156/366  step  1277952  return   1.377  success  0.18 (top 0.33/bot 0.00)  ep_len  542.9  hazard_steps   0.0  approx_kl 0.0103  SPS 491
[none] iter 157/366  step  1286144  return   1.206  success  0.17 (top 0.35/bot 0.00)  ep_len  544.6  hazard_steps   0.0  approx_kl 0.0121  SPS 491
[none] iter 158/366  step  1294336  return   0.654  success  0.14 (top 0.32/bot 0.00)  ep_len  553.4  hazard_steps   0.0  approx_kl 0.0060  SPS 491
[none] iter 159/366  step  1302528  return   0.844  success  0.15 (top 0.32/bot 0.00)  ep_len  549.9  hazard_steps   0.0  approx_kl 0.0188  SPS 491
[none] iter 160/366  step  1310720  return   1.602  success  0.19 (top 0.37/bot 0.00)  ep_len  535.8  hazard_steps   0.0  approx_kl 0.0067  SPS 491
[none] iter 161/366  step  1318912  return   1.979  success  0.21 (top 0.38/bot 0.00)  ep_len  529.0  hazard_steps   0.0  approx_kl 0.0051  SPS 491
[none] iter 162/366  step  1327104  return   1.590  success  0.19 (top 0.37/bot 0.00)  ep_len  537.0  hazard_steps   0.0  approx_kl 0.0134  SPS 491
[none] iter 163/366  step  1335296  return   1.773  success  0.20 (top 0.38/bot 0.00)  ep_len  534.1  hazard_steps   0.0  approx_kl 0.0048  SPS 491
[none] iter 164/366  step  1343488  return   2.339  success  0.23 (top 0.40/bot 0.00)  ep_len  523.7  hazard_steps   0.0  approx_kl 0.0061  SPS 491
[none] iter 165/366  step  1351680  return   2.888  success  0.26 (top 0.42/bot 0.00)  ep_len  515.1  hazard_steps   0.0  approx_kl 0.0044  SPS 490
[none] iter 166/366  step  1359872  return   2.134  success  0.22 (top 0.41/bot 0.00)  ep_len  528.9  hazard_steps   0.0  approx_kl 0.0071  SPS 490
[none] iter 167/366  step  1368064  return   2.330  success  0.23 (top 0.44/bot 0.00)  ep_len  524.7  hazard_steps   0.0  approx_kl 0.0037  SPS 490
[none] iter 168/366  step  1376256  return   2.897  success  0.26 (top 0.47/bot 0.00)  ep_len  514.5  hazard_steps   0.0  approx_kl 0.0101  SPS 490
[none] iter 169/366  step  1384448  return   2.885  success  0.26 (top 0.46/bot 0.00)  ep_len  515.9  hazard_steps   0.0  approx_kl 0.0063  SPS 490
[none] iter 170/366  step  1392640  return   2.505  success  0.24 (top 0.48/bot 0.00)  ep_len  523.5  hazard_steps   0.0  approx_kl 0.0114  SPS 490
[none] iter 171/366  step  1400832  return   2.895  success  0.26 (top 0.54/bot 0.00)  ep_len  515.4  hazard_steps   0.0  approx_kl 0.0031  SPS 490
[none] iter 172/366  step  1409024  return   3.653  success  0.30 (top 0.58/bot 0.00)  ep_len  501.5  hazard_steps   0.0  approx_kl 0.0068  SPS 490
[none] iter 173/366  step  1417216  return   3.442  success  0.29 (top 0.54/bot 0.00)  ep_len  507.9  hazard_steps   0.0  approx_kl 0.0074  SPS 490
[none] iter 174/366  step  1425408  return   3.823  success  0.31 (top 0.56/bot 0.00)  ep_len  500.3  hazard_steps   0.0  approx_kl 0.0056  SPS 490
[none] iter 175/366  step  1433600  return   4.216  success  0.33 (top 0.58/bot 0.00)  ep_len  491.9  hazard_steps   0.0  approx_kl 0.0040  SPS 490
[none] iter 176/366  step  1441792  return   4.239  success  0.33 (top 0.56/bot 0.00)  ep_len  491.4  hazard_steps   0.0  approx_kl 0.0095  SPS 490
[none] iter 177/366  step  1449984  return   4.048  success  0.32 (top 0.57/bot 0.00)  ep_len  496.4  hazard_steps   0.0  approx_kl 0.0058  SPS 490
[none] iter 178/366  step  1458176  return   3.821  success  0.31 (top 0.61/bot 0.00)  ep_len  503.6  hazard_steps   0.0  approx_kl 0.0065  SPS 489
[none] iter 179/366  step  1466368  return   4.373  success  0.34 (top 0.61/bot 0.00)  ep_len  494.7  hazard_steps   0.0  approx_kl 0.0039  SPS 489
[none] iter 180/366  step  1474560  return   3.994  success  0.32 (top 0.60/bot 0.00)  ep_len  504.8  hazard_steps   0.0  approx_kl 0.0096  SPS 489
[none] iter 181/366  step  1482752  return   3.981  success  0.32 (top 0.61/bot 0.00)  ep_len  506.7  hazard_steps   0.0  approx_kl 0.0061  SPS 489
[none] iter 182/366  step  1490944  return   5.242  success  0.39 (top 0.64/bot 0.00)  ep_len  487.5  hazard_steps   0.0  approx_kl 0.0050  SPS 489
[none] iter 183/366  step  1499136  return   4.884  success  0.37 (top 0.63/bot 0.00)  ep_len  492.5  hazard_steps   0.0  approx_kl 0.0035  SPS 489
[none] iter 184/366  step  1507328  return   6.544  success  0.46 (top 0.71/bot 0.00)  ep_len  465.9  hazard_steps   0.0  approx_kl 0.0045  SPS 489
[none] iter 185/366  step  1515520  return   6.569  success  0.46 (top 0.73/bot 0.00)  ep_len  462.1  hazard_steps   0.0  approx_kl 0.0073  SPS 489
[none] iter 186/366  step  1523712  return   7.355  success  0.50 (top 0.78/bot 0.00)  ep_len  444.9  hazard_steps   0.0  approx_kl 0.0034  SPS 489
[none] iter 187/366  step  1531904  return   7.586  success  0.51 (top 0.82/bot 0.00)  ep_len  437.2  hazard_steps   0.0  approx_kl 0.0099  SPS 489
[none] iter 188/366  step  1540096  return   8.150  success  0.54 (top 0.83/bot 0.00)  ep_len  427.2  hazard_steps   0.0  approx_kl 0.0068  SPS 489
[none] iter 189/366  step  1548288  return   7.840  success  0.52 (top 0.86/bot 0.00)  ep_len  430.4  hazard_steps   0.0  approx_kl 0.0042  SPS 489
[none] iter 190/366  step  1556480  return   7.315  success  0.49 (top 0.85/bot 0.00)  ep_len  437.2  hazard_steps   0.0  approx_kl 0.0050  SPS 489
[none] iter 191/366  step  1564672  return   6.569  success  0.45 (top 0.87/bot 0.00)  ep_len  450.6  hazard_steps   0.0  approx_kl 0.0045  SPS 489
[none] iter 192/366  step  1572864  return   6.567  success  0.45 (top 0.88/bot 0.00)  ep_len  450.6  hazard_steps   0.0  approx_kl 0.0074  SPS 489
[none] iter 193/366  step  1581056  return   6.588  success  0.45 (top 0.89/bot 0.00)  ep_len  448.9  hazard_steps   0.0  approx_kl 0.0047  SPS 489
[none] iter 194/366  step  1589248  return   6.937  success  0.47 (top 0.88/bot 0.00)  ep_len  442.8  hazard_steps   0.0  approx_kl 0.0079  SPS 489
[none] iter 195/366  step  1597440  return   7.486  success  0.50 (top 0.91/bot 0.00)  ep_len  433.4  hazard_steps   0.0  approx_kl 0.0046  SPS 489
[none] iter 196/366  step  1605632  return   8.044  success  0.53 (top 0.91/bot 0.00)  ep_len  424.1  hazard_steps   0.0  approx_kl 0.0049  SPS 489
[none] iter 197/366  step  1613824  return   8.418  success  0.55 (top 0.91/bot 0.00)  ep_len  418.4  hazard_steps   0.0  approx_kl 0.0042  SPS 489
[none] iter 198/366  step  1622016  return   7.677  success  0.51 (top 0.93/bot 0.00)  ep_len  431.8  hazard_steps   0.0  approx_kl 0.0045  SPS 488
[none] iter 199/366  step  1630208  return   7.491  success  0.50 (top 0.96/bot 0.00)  ep_len  434.2  hazard_steps   0.0  approx_kl 0.0052  SPS 488
[none] iter 200/366  step  1638400  return   7.334  success  0.49 (top 0.95/bot 0.00)  ep_len  436.9  hazard_steps   0.0  approx_kl 0.0041  SPS 488
[none] iter 201/366  step  1646592  return   8.282  success  0.54 (top 0.97/bot 0.00)  ep_len  417.6  hazard_steps   0.0  approx_kl 0.0054  SPS 488
[none] iter 202/366  step  1654784  return   8.453  success  0.55 (top 0.96/bot 0.00)  ep_len  414.5  hazard_steps   0.0  approx_kl 0.0054  SPS 488
[none] iter 203/366  step  1662976  return   8.490  success  0.55 (top 0.95/bot 0.00)  ep_len  414.8  hazard_steps   0.0  approx_kl 0.0063  SPS 488
[none] iter 204/366  step  1671168  return   8.338  success  0.54 (top 0.94/bot 0.00)  ep_len  415.3  hazard_steps   0.0  approx_kl 0.0056  SPS 488
[none] iter 205/366  step  1679360  return   7.985  success  0.52 (top 0.93/bot 0.00)  ep_len  422.6  hazard_steps   0.0  approx_kl 0.0036  SPS 488
[none] iter 206/366  step  1687552  return   7.773  success  0.51 (top 0.92/bot 0.00)  ep_len  426.0  hazard_steps   0.0  approx_kl 0.0066  SPS 488
[none] iter 207/366  step  1695744  return   7.410  success  0.49 (top 0.91/bot 0.00)  ep_len  431.1  hazard_steps   0.0  approx_kl 0.0074  SPS 488
[none] iter 208/366  step  1703936  return   6.823  success  0.46 (top 0.91/bot 0.00)  ep_len  441.0  hazard_steps   0.0  approx_kl 0.0024  SPS 488
[none] iter 209/366  step  1712128  return   6.989  success  0.47 (top 0.91/bot 0.00)  ep_len  437.0  hazard_steps   0.0  approx_kl 0.0021  SPS 488
[none] iter 210/366  step  1720320  return   7.735  success  0.51 (top 0.93/bot 0.00)  ep_len  421.0  hazard_steps   0.0  approx_kl 0.0031  SPS 488
[none] iter 211/366  step  1728512  return   7.574  success  0.50 (top 0.93/bot 0.00)  ep_len  422.7  hazard_steps   0.0  approx_kl 0.0062  SPS 488
[none] iter 212/366  step  1736704  return   7.941  success  0.52 (top 0.93/bot 0.00)  ep_len  419.6  hazard_steps   0.0  approx_kl 0.0033  SPS 487
[none] iter 213/366  step  1744896  return   7.396  success  0.49 (top 0.94/bot 0.00)  ep_len  428.7  hazard_steps   0.0  approx_kl 0.0046  SPS 487
[none] iter 214/366  step  1753088  return   7.382  success  0.49 (top 0.94/bot 0.00)  ep_len  430.1  hazard_steps   0.0  approx_kl 0.0081  SPS 487
[none] iter 215/366  step  1761280  return   6.980  success  0.47 (top 0.94/bot 0.00)  ep_len  438.5  hazard_steps   0.0  approx_kl 0.0066  SPS 487
[none] iter 216/366  step  1769472  return   6.990  success  0.47 (top 0.96/bot 0.00)  ep_len  437.9  hazard_steps   0.0  approx_kl 0.0043  SPS 487
[none] iter 217/366  step  1777664  return   6.248  success  0.43 (top 0.94/bot 0.00)  ep_len  450.4  hazard_steps   0.0  approx_kl 0.0039  SPS 487
[none] iter 218/366  step  1785856  return   5.879  success  0.41 (top 0.95/bot 0.00)  ep_len  456.5  hazard_steps   0.0  approx_kl 0.0057  SPS 487
[none] iter 219/366  step  1794048  return   5.728  success  0.40 (top 0.94/bot 0.00)  ep_len  459.0  hazard_steps   0.0  approx_kl 0.0065  SPS 487
[none] iter 220/366  step  1802240  return   6.111  success  0.42 (top 0.94/bot 0.00)  ep_len  451.5  hazard_steps   0.0  approx_kl 0.0042  SPS 487
[none] iter 221/366  step  1810432  return   5.923  success  0.41 (top 0.93/bot 0.00)  ep_len  456.3  hazard_steps   0.0  approx_kl 0.0047  SPS 487
[none] iter 222/366  step  1818624  return   5.489  success  0.39 (top 0.93/bot 0.00)  ep_len  466.2  hazard_steps   0.0  approx_kl 0.0054  SPS 487
[none] iter 223/366  step  1826816  return   5.873  success  0.41 (top 0.92/bot 0.00)  ep_len  458.1  hazard_steps   0.0  approx_kl 0.0036  SPS 487
[none] iter 224/366  step  1835008  return   5.684  success  0.40 (top 0.92/bot 0.00)  ep_len  461.7  hazard_steps   0.0  approx_kl 0.0038  SPS 487
[none] iter 225/366  step  1843200  return   5.862  success  0.41 (top 0.92/bot 0.00)  ep_len  457.7  hazard_steps   0.0  approx_kl 0.0040  SPS 487
[none] iter 226/366  step  1851392  return   5.896  success  0.41 (top 0.94/bot 0.00)  ep_len  454.5  hazard_steps   0.0  approx_kl 0.0057  SPS 487
[none] iter 227/366  step  1859584  return   6.494  success  0.44 (top 0.93/bot 0.00)  ep_len  441.1  hazard_steps   0.0  approx_kl 0.0072  SPS 487
[none] iter 228/366  step  1867776  return   6.133  success  0.42 (top 0.92/bot 0.00)  ep_len  448.3  hazard_steps   0.0  approx_kl 0.0032  SPS 486
[none] iter 229/366  step  1875968  return   6.316  success  0.43 (top 0.93/bot 0.00)  ep_len  444.9  hazard_steps   0.0  approx_kl 0.0051  SPS 486
[none] iter 230/366  step  1884160  return   6.889  success  0.46 (top 0.94/bot 0.00)  ep_len  434.3  hazard_steps   0.0  approx_kl 0.0039  SPS 486
[none] iter 231/366  step  1892352  return   6.110  success  0.42 (top 0.95/bot 0.00)  ep_len  452.2  hazard_steps   0.0  approx_kl 0.0040  SPS 486
[none] iter 232/366  step  1900544  return   6.297  success  0.43 (top 0.95/bot 0.00)  ep_len  448.6  hazard_steps   0.0  approx_kl 0.0035  SPS 486
[none] iter 233/366  step  1908736  return   6.486  success  0.44 (top 0.95/bot 0.00)  ep_len  445.8  hazard_steps   0.0  approx_kl 0.0037  SPS 486
[none] iter 234/366  step  1916928  return   6.683  success  0.45 (top 0.95/bot 0.00)  ep_len  441.2  hazard_steps   0.0  approx_kl 0.0050  SPS 486
[none] iter 235/366  step  1925120  return   6.305  success  0.43 (top 0.95/bot 0.00)  ep_len  448.4  hazard_steps   0.0  approx_kl 0.0053  SPS 486
[none] iter 236/366  step  1933312  return   6.341  success  0.43 (top 0.95/bot 0.00)  ep_len  443.8  hazard_steps   0.0  approx_kl 0.0051  SPS 486
[none] iter 237/366  step  1941504  return   6.905  success  0.46 (top 0.95/bot 0.00)  ep_len  433.4  hazard_steps   0.0  approx_kl 0.0042  SPS 486
[none] iter 238/366  step  1949696  return   7.073  success  0.47 (top 0.95/bot 0.00)  ep_len  430.3  hazard_steps   0.0  approx_kl 0.0061  SPS 486
[none] iter 239/366  step  1957888  return   7.272  success  0.48 (top 0.97/bot 0.00)  ep_len  425.0  hazard_steps   0.0  approx_kl 0.0067  SPS 486
[none] iter 240/366  step  1966080  return   7.275  success  0.48 (top 0.97/bot 0.00)  ep_len  424.8  hazard_steps   0.0  approx_kl 0.0063  SPS 486
[none] iter 241/366  step  1974272  return   6.532  success  0.44 (top 0.96/bot 0.00)  ep_len  438.5  hazard_steps   0.0  approx_kl 0.0026  SPS 485
[none] iter 242/366  step  1982464  return   6.530  success  0.44 (top 0.96/bot 0.00)  ep_len  438.1  hazard_steps   0.0  approx_kl 0.0049  SPS 485
[none] iter 243/366  step  1990656  return   6.511  success  0.44 (top 0.96/bot 0.00)  ep_len  439.8  hazard_steps   0.0  approx_kl 0.0031  SPS 485
[none] iter 244/366  step  1998848  return   5.570  success  0.39 (top 0.96/bot 0.00)  ep_len  457.4  hazard_steps   0.0  approx_kl 0.0056  SPS 485
[none] iter 245/366  step  2007040  return   5.188  success  0.37 (top 0.97/bot 0.00)  ep_len  465.5  hazard_steps   0.0  approx_kl 0.0043  SPS 485
[none] iter 246/366  step  2015232  return   5.938  success  0.41 (top 0.97/bot 0.00)  ep_len  451.1  hazard_steps   0.0  approx_kl 0.0052  SPS 485
[none] iter 247/366  step  2023424  return   6.109  success  0.42 (top 0.98/bot 0.00)  ep_len  448.1  hazard_steps   0.0  approx_kl 0.0043  SPS 485
[none] iter 248/366  step  2031616  return   5.734  success  0.40 (top 0.99/bot 0.00)  ep_len  454.3  hazard_steps   0.0  approx_kl 0.0042  SPS 485
[none] iter 249/366  step  2039808  return   6.681  success  0.45 (top 0.99/bot 0.00)  ep_len  435.9  hazard_steps   0.0  approx_kl 0.0044  SPS 485
[none] iter 250/366  step  2048000  return   7.814  success  0.51 (top 0.99/bot 0.00)  ep_len  414.5  hazard_steps   0.0  approx_kl 0.0050  SPS 485
[none] iter 251/366  step  2056192  return   7.636  success  0.50 (top 0.98/bot 0.00)  ep_len  417.6  hazard_steps   0.0  approx_kl 0.0063  SPS 485
[none] iter 252/366  step  2064384  return   6.882  success  0.46 (top 0.97/bot 0.00)  ep_len  431.8  hazard_steps   0.0  approx_kl 0.0060  SPS 485
[none] iter 253/366  step  2072576  return   6.130  success  0.42 (top 0.97/bot 0.00)  ep_len  445.9  hazard_steps   0.0  approx_kl 0.0037  SPS 485
[none] iter 254/366  step  2080768  return   6.693  success  0.45 (top 0.97/bot 0.00)  ep_len  435.7  hazard_steps   0.0  approx_kl 0.0036  SPS 485
[none] iter 255/366  step  2088960  return   5.559  success  0.39 (top 0.97/bot 0.00)  ep_len  457.1  hazard_steps   0.0  approx_kl 0.0026  SPS 485
[none] iter 256/366  step  2097152  return   5.547  success  0.39 (top 0.97/bot 0.00)  ep_len  456.8  hazard_steps   0.0  approx_kl 0.0050  SPS 485
[none] iter 257/366  step  2105344  return   7.049  success  0.47 (top 0.97/bot 0.00)  ep_len  429.8  hazard_steps   0.0  approx_kl 0.0063  SPS 485
[none] iter 258/366  step  2113536  return   8.570  success  0.55 (top 0.97/bot 0.00)  ep_len  400.2  hazard_steps   0.0  approx_kl 0.0030  SPS 485
[none] iter 259/366  step  2121728  return   8.190  success  0.53 (top 0.97/bot 0.00)  ep_len  408.4  hazard_steps   0.0  approx_kl 0.0070  SPS 485
[none] iter 260/366  step  2129920  return   8.958  success  0.57 (top 0.97/bot 0.00)  ep_len  393.6  hazard_steps   0.0  approx_kl 0.0022  SPS 485
[none] iter 261/366  step  2138112  return   8.778  success  0.56 (top 0.97/bot 0.00)  ep_len  397.1  hazard_steps   0.0  approx_kl 0.0038  SPS 485
[none] iter 262/366  step  2146304  return   7.470  success  0.49 (top 0.99/bot 0.00)  ep_len  420.8  hazard_steps   0.0  approx_kl 0.0056  SPS 485
[none] iter 263/366  step  2154496  return   6.713  success  0.45 (top 0.99/bot 0.00)  ep_len  435.2  hazard_steps   0.0  approx_kl 0.0032  SPS 485
[none] iter 264/366  step  2162688  return   6.706  success  0.45 (top 0.99/bot 0.00)  ep_len  435.4  hazard_steps   0.0  approx_kl 0.0045  SPS 485
[none] iter 265/366  step  2170880  return   6.494  success  0.44 (top 0.99/bot 0.00)  ep_len  439.7  hazard_steps   0.0  approx_kl 0.0031  SPS 485
[none] iter 266/366  step  2179072  return   6.294  success  0.43 (top 0.99/bot 0.00)  ep_len  443.4  hazard_steps   0.0  approx_kl 0.0030  SPS 485
[none] iter 267/366  step  2187264  return   6.672  success  0.45 (top 0.99/bot 0.00)  ep_len  436.0  hazard_steps   0.0  approx_kl 0.0075  SPS 485
[none] iter 268/366  step  2195456  return   7.813  success  0.51 (top 0.99/bot 0.00)  ep_len  414.0  hazard_steps   0.0  approx_kl 0.0042  SPS 485
[none] iter 269/366  step  2203648  return   7.057  success  0.47 (top 0.99/bot 0.00)  ep_len  427.6  hazard_steps   0.0  approx_kl 0.0042  SPS 485
[none] iter 270/366  step  2211840  return   7.627  success  0.50 (top 0.99/bot 0.00)  ep_len  415.9  hazard_steps   0.0  approx_kl 0.0029  SPS 485
[none] iter 271/366  step  2220032  return   7.619  success  0.50 (top 0.99/bot 0.00)  ep_len  417.3  hazard_steps   0.0  approx_kl 0.0052  SPS 485
[none] iter 272/366  step  2228224  return   7.799  success  0.51 (top 0.98/bot 0.00)  ep_len  413.6  hazard_steps   0.0  approx_kl 0.0071  SPS 485
[none] iter 273/366  step  2236416  return   7.593  success  0.50 (top 0.98/bot 0.00)  ep_len  419.2  hazard_steps   0.0  approx_kl 0.0040  SPS 485
[none] iter 274/366  step  2244608  return   8.734  success  0.56 (top 0.96/bot 0.00)  ep_len  399.2  hazard_steps   0.0  approx_kl 0.0048  SPS 485
[none] iter 275/366  step  2252800  return   8.154  success  0.53 (top 0.96/bot 0.00)  ep_len  410.9  hazard_steps   0.0  approx_kl 0.0037  SPS 485
[none] iter 276/366  step  2260992  return   7.595  success  0.50 (top 0.96/bot 0.00)  ep_len  420.4  hazard_steps   0.0  approx_kl 0.0038  SPS 484
[none] iter 277/366  step  2269184  return   7.404  success  0.49 (top 0.96/bot 0.00)  ep_len  423.9  hazard_steps   0.0  approx_kl 0.0030  SPS 484
[none] iter 278/366  step  2277376  return   7.034  success  0.47 (top 0.96/bot 0.00)  ep_len  431.4  hazard_steps   0.0  approx_kl 0.0026  SPS 484
[none] iter 279/366  step  2285568  return   6.661  success  0.45 (top 0.96/bot 0.00)  ep_len  436.5  hazard_steps   0.0  approx_kl 0.0035  SPS 484
[none] iter 280/366  step  2293760  return   6.674  success  0.45 (top 0.96/bot 0.00)  ep_len  436.5  hazard_steps   0.0  approx_kl 0.0038  SPS 484
[none] iter 281/366  step  2301952  return   7.047  success  0.47 (top 0.96/bot 0.00)  ep_len  429.3  hazard_steps   0.0  approx_kl 0.0048  SPS 484
[none] iter 282/366  step  2310144  return   7.617  success  0.50 (top 0.97/bot 0.00)  ep_len  419.2  hazard_steps   0.0  approx_kl 0.0044  SPS 484
[none] iter 283/366  step  2318336  return   7.401  success  0.49 (top 0.97/bot 0.00)  ep_len  423.9  hazard_steps   0.0  approx_kl 0.0036  SPS 484
[none] iter 284/366  step  2326528  return   7.202  success  0.48 (top 0.97/bot 0.00)  ep_len  429.1  hazard_steps   0.0  approx_kl 0.0029  SPS 484
[none] iter 285/366  step  2334720  return   6.948  success  0.47 (top 0.98/bot 0.00)  ep_len  432.8  hazard_steps   0.0  approx_kl 0.0030  SPS 484
[none] iter 286/366  step  2342912  return   7.329  success  0.49 (top 0.98/bot 0.00)  ep_len  426.4  hazard_steps   0.0  approx_kl 0.0034  SPS 484
[none] iter 287/366  step  2351104  return   7.697  success  0.51 (top 0.98/bot 0.00)  ep_len  419.7  hazard_steps   0.0  approx_kl 0.0030  SPS 484
[none] iter 288/366  step  2359296  return   7.537  success  0.50 (top 0.98/bot 0.00)  ep_len  421.8  hazard_steps   0.0  approx_kl 0.0042  SPS 484
[none] iter 289/366  step  2367488  return   8.072  success  0.53 (top 0.96/bot 0.00)  ep_len  409.6  hazard_steps   0.0  approx_kl 0.0028  SPS 484
[none] iter 290/366  step  2375680  return   8.505  success  0.55 (top 0.96/bot 0.00)  ep_len  401.8  hazard_steps   0.0  approx_kl 0.0040  SPS 484
[none] iter 291/366  step  2383872  return   8.498  success  0.55 (top 0.96/bot 0.00)  ep_len  401.2  hazard_steps   0.0  approx_kl 0.0036  SPS 484
[none] iter 292/366  step  2392064  return   7.881  success  0.52 (top 0.95/bot 0.00)  ep_len  411.2  hazard_steps   0.0  approx_kl 0.0024  SPS 484
[none] iter 293/366  step  2400256  return   7.691  success  0.51 (top 0.96/bot 0.00)  ep_len  414.7  hazard_steps   0.0  approx_kl 0.0036  SPS 484
[none] iter 294/366  step  2408448  return   7.166  success  0.48 (top 0.96/bot 0.00)  ep_len  425.1  hazard_steps   0.0  approx_kl 0.0020  SPS 484
[none] iter 295/366  step  2416640  return   6.981  success  0.47 (top 0.97/bot 0.00)  ep_len  428.6  hazard_steps   0.0  approx_kl 0.0039  SPS 484
[none] iter 296/366  step  2424832  return   7.357  success  0.49 (top 0.97/bot 0.00)  ep_len  422.6  hazard_steps   0.0  approx_kl 0.0058  SPS 484
[none] iter 297/366  step  2433024  return   7.229  success  0.48 (top 0.97/bot 0.00)  ep_len  426.3  hazard_steps   0.0  approx_kl 0.0020  SPS 484
[none] iter 298/366  step  2441216  return   6.974  success  0.47 (top 0.96/bot 0.00)  ep_len  430.6  hazard_steps   0.0  approx_kl 0.0033  SPS 484
[none] iter 299/366  step  2449408  return   7.917  success  0.52 (top 0.97/bot 0.00)  ep_len  412.7  hazard_steps   0.0  approx_kl 0.0021  SPS 484
[none] iter 300/366  step  2457600  return   8.291  success  0.54 (top 0.97/bot 0.00)  ep_len  406.4  hazard_steps   0.0  approx_kl 0.0046  SPS 484
[none] iter 301/366  step  2465792  return   8.313  success  0.54 (top 0.97/bot 0.00)  ep_len  403.9  hazard_steps   0.0  approx_kl 0.0042  SPS 484
[none] iter 302/366  step  2473984  return   8.681  success  0.56 (top 0.98/bot 0.00)  ep_len  398.3  hazard_steps   0.0  approx_kl 0.0045  SPS 484
[none] iter 303/366  step  2482176  return   9.305  success  0.59 (top 0.98/bot 0.00)  ep_len  386.5  hazard_steps   0.0  approx_kl 0.0035  SPS 484
[none] iter 304/366  step  2490368  return   9.523  success  0.60 (top 0.97/bot 0.00)  ep_len  382.0  hazard_steps   0.0  approx_kl 0.0032  SPS 484
[none] iter 305/366  step  2498560  return  10.081  success  0.63 (top 0.97/bot 0.00)  ep_len  372.6  hazard_steps   0.0  approx_kl 0.0028  SPS 484
[none] iter 306/366  step  2506752  return  10.066  success  0.63 (top 0.98/bot 0.00)  ep_len  373.2  hazard_steps   0.0  approx_kl 0.0032  SPS 484
[none] iter 307/366  step  2514944  return   9.454  success  0.60 (top 0.97/bot 0.00)  ep_len  383.5  hazard_steps   0.0  approx_kl 0.0041  SPS 484
[none] iter 308/366  step  2523136  return   7.744  success  0.51 (top 0.98/bot 0.00)  ep_len  415.5  hazard_steps   0.0  approx_kl 0.0031  SPS 484
[none] iter 309/366  step  2531328  return   7.747  success  0.51 (top 0.98/bot 0.00)  ep_len  414.8  hazard_steps   0.0  approx_kl 0.0035  SPS 484
[none] iter 310/366  step  2539520  return   7.330  success  0.49 (top 0.95/bot 0.00)  ep_len  421.9  hazard_steps   0.0  approx_kl 0.0047  SPS 483
[none] iter 311/366  step  2547712  return   7.526  success  0.50 (top 0.95/bot 0.00)  ep_len  418.0  hazard_steps   0.0  approx_kl 0.0047  SPS 484
[none] iter 312/366  step  2555904  return   7.718  success  0.51 (top 0.94/bot 0.00)  ep_len  414.3  hazard_steps   0.0  approx_kl 0.0043  SPS 484
[none] iter 313/366  step  2564096  return   8.251  success  0.54 (top 0.93/bot 0.00)  ep_len  402.8  hazard_steps   0.0  approx_kl 0.0027  SPS 484
[none] iter 314/366  step  2572288  return   7.868  success  0.52 (top 0.94/bot 0.00)  ep_len  410.4  hazard_steps   0.0  approx_kl 0.0024  SPS 483
[none] iter 315/366  step  2580480  return   7.343  success  0.49 (top 0.94/bot 0.00)  ep_len  419.8  hazard_steps   0.0  approx_kl 0.0048  SPS 483
[none] iter 316/366  step  2588672  return   6.935  success  0.47 (top 0.95/bot 0.00)  ep_len  430.3  hazard_steps   0.0  approx_kl 0.0025  SPS 483
[none] iter 317/366  step  2596864  return   7.751  success  0.51 (top 0.95/bot 0.00)  ep_len  414.8  hazard_steps   0.0  approx_kl 0.0025  SPS 483
[none] iter 318/366  step  2605056  return   8.001  success  0.52 (top 0.95/bot 0.00)  ep_len  410.9  hazard_steps   0.0  approx_kl 0.0035  SPS 483
[none] iter 319/366  step  2613248  return   8.188  success  0.53 (top 0.96/bot 0.00)  ep_len  408.1  hazard_steps   0.0  approx_kl 0.0055  SPS 483
[none] iter 320/366  step  2621440  return   7.811  success  0.51 (top 0.97/bot 0.00)  ep_len  416.0  hazard_steps   0.0  approx_kl 0.0034  SPS 483
[none] iter 321/366  step  2629632  return   8.221  success  0.53 (top 0.97/bot 0.00)  ep_len  405.4  hazard_steps   0.0  approx_kl 0.0049  SPS 483
[none] iter 322/366  step  2637824  return   8.229  success  0.53 (top 0.99/bot 0.00)  ep_len  404.6  hazard_steps   0.0  approx_kl 0.0051  SPS 483
[none] iter 323/366  step  2646016  return   9.175  success  0.58 (top 0.99/bot 0.00)  ep_len  385.5  hazard_steps   0.0  approx_kl 0.0033  SPS 483
[none] iter 324/366  step  2654208  return   9.363  success  0.59 (top 0.98/bot 0.00)  ep_len  381.8  hazard_steps   0.0  approx_kl 0.0040  SPS 483
[none] iter 325/366  step  2662400  return   9.936  success  0.62 (top 0.97/bot 0.00)  ep_len  370.3  hazard_steps   0.0  approx_kl 0.0032  SPS 483
[none] iter 326/366  step  2670592  return   9.926  success  0.62 (top 0.98/bot 0.00)  ep_len  370.7  hazard_steps   0.0  approx_kl 0.0027  SPS 483
[none] iter 327/366  step  2678784  return   9.931  success  0.62 (top 0.98/bot 0.00)  ep_len  370.5  hazard_steps   0.0  approx_kl 0.0022  SPS 483
[none] iter 328/366  step  2686976  return   9.909  success  0.62 (top 0.98/bot 0.00)  ep_len  372.2  hazard_steps   0.0  approx_kl 0.0033  SPS 483
[none] iter 329/366  step  2695168  return   9.525  success  0.60 (top 0.98/bot 0.00)  ep_len  380.4  hazard_steps   0.0  approx_kl 0.0026  SPS 483
[none] iter 330/366  step  2703360  return   8.396  success  0.54 (top 0.98/bot 0.00)  ep_len  401.6  hazard_steps   0.0  approx_kl 0.0024  SPS 483
[none] iter 331/366  step  2711552  return   8.725  success  0.56 (top 0.97/bot 0.00)  ep_len  394.2  hazard_steps   0.0  approx_kl 0.0034  SPS 483
[none] iter 332/366  step  2719744  return   7.963  success  0.52 (top 0.98/bot 0.00)  ep_len  409.1  hazard_steps   0.0  approx_kl 0.0049  SPS 483
[none] iter 333/366  step  2727936  return   7.600  success  0.50 (top 0.99/bot 0.00)  ep_len  415.1  hazard_steps   0.0  approx_kl 0.0027  SPS 483
[none] iter 334/366  step  2736128  return   7.784  success  0.51 (top 0.99/bot 0.00)  ep_len  411.4  hazard_steps   0.0  approx_kl 0.0055  SPS 483
[none] iter 335/366  step  2744320  return   7.532  success  0.50 (top 0.99/bot 0.00)  ep_len  415.3  hazard_steps   0.0  approx_kl 0.0048  SPS 483
[none] iter 336/366  step  2752512  return   7.987  success  0.52 (top 0.99/bot 0.00)  ep_len  407.0  hazard_steps   0.0  approx_kl 0.0038  SPS 483
[none] iter 337/366  step  2760704  return   8.369  success  0.54 (top 0.99/bot 0.00)  ep_len  399.3  hazard_steps   0.0  approx_kl 0.0030  SPS 483
[none] iter 338/366  step  2768896  return   8.344  success  0.54 (top 0.99/bot 0.00)  ep_len  401.2  hazard_steps   0.0  approx_kl 0.0053  SPS 484
[none] iter 339/366  step  2777088  return   7.968  success  0.52 (top 0.98/bot 0.00)  ep_len  408.5  hazard_steps   0.0  approx_kl 0.0044  SPS 484
[none] iter 340/366  step  2785280  return   8.029  success  0.52 (top 0.98/bot 0.00)  ep_len  407.9  hazard_steps   0.0  approx_kl 0.0072  SPS 484
[none] iter 341/366  step  2793472  return   7.434  success  0.49 (top 0.99/bot 0.00)  ep_len  420.2  hazard_steps   0.0  approx_kl 0.0038  SPS 483
[none] iter 342/366  step  2801664  return   7.640  success  0.50 (top 0.98/bot 0.00)  ep_len  416.0  hazard_steps   0.0  approx_kl 0.0049  SPS 483
[none] iter 343/366  step  2809856  return   7.660  success  0.50 (top 0.98/bot 0.00)  ep_len  413.3  hazard_steps   0.0  approx_kl 0.0040  SPS 483
[none] iter 344/366  step  2818048  return   7.645  success  0.50 (top 0.97/bot 0.00)  ep_len  414.6  hazard_steps   0.0  approx_kl 0.0020  SPS 483
[none] iter 345/366  step  2826240  return   8.026  success  0.52 (top 0.97/bot 0.00)  ep_len  406.6  hazard_steps   0.0  approx_kl 0.0018  SPS 483
[none] iter 346/366  step  2834432  return   7.862  success  0.51 (top 0.97/bot 0.00)  ep_len  409.1  hazard_steps   0.0  approx_kl 0.0033  SPS 483
[none] iter 347/366  step  2842624  return   7.266  success  0.48 (top 0.97/bot 0.00)  ep_len  420.6  hazard_steps   0.0  approx_kl 0.0065  SPS 483
[none] iter 348/366  step  2850816  return   8.039  success  0.52 (top 0.97/bot 0.00)  ep_len  405.2  hazard_steps   0.0  approx_kl 0.0048  SPS 483
[none] iter 349/366  step  2859008  return   8.258  success  0.53 (top 0.98/bot 0.00)  ep_len  400.1  hazard_steps   0.0  approx_kl 0.0060  SPS 483
[none] iter 350/366  step  2867200  return   7.866  success  0.51 (top 0.97/bot 0.00)  ep_len  408.4  hazard_steps   0.0  approx_kl 0.0044  SPS 483
[none] iter 351/366  step  2875392  return   8.041  success  0.52 (top 0.98/bot 0.00)  ep_len  404.8  hazard_steps   0.0  approx_kl 0.0033  SPS 483
[none] iter 352/366  step  2883584  return   7.471  success  0.49 (top 0.98/bot 0.00)  ep_len  416.3  hazard_steps   0.0  approx_kl 0.0006  SPS 483
[none] iter 353/366  step  2891776  return   6.895  success  0.46 (top 0.97/bot 0.00)  ep_len  428.7  hazard_steps   0.0  approx_kl 0.0033  SPS 483
[none] iter 354/366  step  2899968  return   6.513  success  0.44 (top 0.98/bot 0.00)  ep_len  436.2  hazard_steps   0.0  approx_kl 0.0019  SPS 483
[none] iter 355/366  step  2908160  return   6.150  success  0.42 (top 0.98/bot 0.00)  ep_len  442.5  hazard_steps   0.0  approx_kl 0.0021  SPS 483
[none] iter 356/366  step  2916352  return   7.107  success  0.47 (top 0.98/bot 0.00)  ep_len  424.1  hazard_steps   0.0  approx_kl 0.0027  SPS 483
[none] iter 357/366  step  2924544  return   8.055  success  0.52 (top 0.98/bot 0.00)  ep_len  405.6  hazard_steps   0.0  approx_kl 0.0018  SPS 483
[none] iter 358/366  step  2932736  return   7.686  success  0.50 (top 0.98/bot 0.00)  ep_len  411.9  hazard_steps   0.0  approx_kl 0.0016  SPS 483
[none] iter 359/366  step  2940928  return   7.500  success  0.49 (top 0.97/bot 0.00)  ep_len  415.8  hazard_steps   0.0  approx_kl 0.0027  SPS 483
[none] iter 360/366  step  2949120  return   8.043  success  0.52 (top 0.97/bot 0.00)  ep_len  407.7  hazard_steps   0.0  approx_kl 0.0010  SPS 483
[none] iter 361/366  step  2957312  return   8.411  success  0.54 (top 0.98/bot 0.00)  ep_len  401.9  hazard_steps   0.0  approx_kl 0.0003  SPS 483
[none] iter 362/366  step  2965504  return   7.075  success  0.47 (top 0.98/bot 0.00)  ep_len  428.3  hazard_steps   0.0  approx_kl 0.0005  SPS 483
[none] iter 363/366  step  2973696  return   6.885  success  0.46 (top 0.99/bot 0.00)  ep_len  432.2  hazard_steps   0.0  approx_kl 0.0013  SPS 483
[none] iter 364/366  step  2981888  return   7.630  success  0.50 (top 0.99/bot 0.00)  ep_len  417.9  hazard_steps   0.0  approx_kl 0.0009  SPS 483
[none] iter 365/366  step  2990080  return   8.424  success  0.54 (top 0.99/bot 0.00)  ep_len  399.7  hazard_steps   0.0  approx_kl 0.0002  SPS 483
[none] iter 366/366  step  2998272  return   8.627  success  0.55 (top 0.99/bot 0.00)  ep_len  394.8  hazard_steps   0.0  approx_kl 0.0000  SPS 483

[none/seed1] FINAL success 0.550  hazard_steps 0.00
saved policy -> runs/race_v4/none_s1.pt
wrote run json -> runs/race_v4/none_s1.json
