[INFO][AppLauncher]: Using device: cuda:0
[INFO][AppLauncher]: Loading experience file: /data/howard/isaac/IsaacLab/apps/isaaclab.python.headless.rendering.kit
Loading user config located at: '/data/howard/isaac/envs/isaaclab/lib/python3.11/site-packages/isaacsim/kit/data/Kit/Isaac-Sim/5.1/user.config.json'
[Info] [carb] Logging to file: /data/howard/isaac/envs/isaaclab/lib/python3.11/site-packages/isaacsim/kit/logs/Kit/Isaac-Sim/5.1/kit_20260714_231555.log
2026-07-14T23:15:55Z [143ms] [Warning] [carb.windowing-glfw.plugin] GLFW initialization failed.
2026-07-14T23:15:55Z [143ms] [Warning] [carb] Failed to startup plugin carb.windowing-glfw.plugin (interfaces: [carb::windowing::IGLContext v1.0],[carb::windowing::IWindowing v1.5]) (impl: carb.windowing-glfw.plugin)
2026-07-14T23:15:55Z [213ms] [Warning] [omni.platforminfo.plugin] failed to open the default display.  Can't verify X Server version.
2026-07-14T23:15:55Z [214ms] [Warning] [carb.cudainterop.plugin] CUDA_VISIBLE_DEVICES environment variable is set.
2026-07-14T23:15:55Z [214ms] [Warning] [carb.cudainterop.plugin] Note CUDA device enumeration and Omniverse device enumeration are different.
2026-07-14T23:15:55Z [214ms] [Warning] [carb.cudainterop.plugin] Setting CUDA_VISIBLE_DEVICES can lead to undesired behavior or crashes.
2026-07-14T23:15:55Z [514ms] [Warning] [carb.windowing-glfw.plugin] GLFW initialization failed.
2026-07-14T23:15:55Z [514ms] [Warning] [carb] Failed to startup plugin carb.windowing-glfw.plugin (interfaces: [carb::windowing::IGLContext v1.0],[carb::windowing::IWindowing v1.5]) (impl: carb.windowing-glfw.plugin)
2026-07-14T23:15:55Z [672ms] [Warning] [gpu.foundation.plugin] Skipping NVIDIA GPU due CUDA being in bad state: NVIDIA RTX 6000 Ada Generation
2026-07-14T23:15:55Z [672ms] [Warning] [gpu.foundation.plugin] Please restart your system if CUDA is known to work in your system.
2026-07-14T23:15:55Z [672ms] [Warning] [gpu.foundation.plugin] Skipping NVIDIA GPU due CUDA being in bad state: NVIDIA RTX 6000 Ada Generation
2026-07-14T23:15:55Z [672ms] [Warning] [gpu.foundation.plugin] Please restart your system if CUDA is known to work in your system.
2026-07-14T23:15:55Z [673ms] [Warning] [gpu.foundation.plugin] Skipping NVIDIA GPU due CUDA being in bad state: NVIDIA RTX 6000 Ada Generation
2026-07-14T23:15:55Z [673ms] [Warning] [gpu.foundation.plugin] Please restart your system if CUDA is known to work in your system.
2026-07-14T23:15:55Z [673ms] [Warning] [gpu.foundation.plugin] Skipping NVIDIA GPU due CUDA being in bad state: NVIDIA RTX 6000 Ada Generation
2026-07-14T23:15:55Z [673ms] [Warning] [gpu.foundation.plugin] Please restart your system if CUDA is known to work in your system.
2026-07-14T23:15:55Z [673ms] [Warning] [gpu.foundation.plugin] Skipping NVIDIA GPU due CUDA being in bad state: NVIDIA RTX 6000 Ada Generation
2026-07-14T23:15:55Z [673ms] [Warning] [gpu.foundation.plugin] Please restart your system if CUDA is known to work in your system.
2026-07-14T23:15:55Z [673ms] [Warning] [gpu.foundation.plugin] Skipping NVIDIA GPU due CUDA being in bad state: NVIDIA RTX 6000 Ada Generation
2026-07-14T23:15:55Z [673ms] [Warning] [gpu.foundation.plugin] Please restart your system if CUDA is known to work in your system.

|---------------------------------------------------------------------------------------------|
| Driver Version: 550.90.12     | Graphics API: Vulkan
|=============================================================================================|
| GPU | Name                             | Active | LDA | GPU Memory | Vendor-ID | LUID       |
|     |                                  |        |     |            | Device-ID | UUID       |
|     |                                  |        |     |            | Bus-ID    |            |
|---------------------------------------------------------------------------------------------|
| 0   | NVIDIA RTX 6000 Ada Generation   |        |     | 49386   MB | 10de      | 0          |
|     |                                  |        |     |            | 26b1      | df04a158.. |
|     |                                  |        |     |            | 1         |            |
|---------------------------------------------------------------------------------------------|
| 1   | NVIDIA RTX 6000 Ada Generation   |        |     | 49386   MB | 10de      | 0          |
|     |                                  |        |     |            | 26b1      | 5cfd6483.. |
|     |                                  |        |     |            | 2c        |            |
|---------------------------------------------------------------------------------------------|
| 2   | NVIDIA RTX 6000 Ada Generation   |        |     | 49386   MB | 10de      | 0          |
|     |                                  |        |     |            | 26b1      | bdb0e57d.. |
|     |                                  |        |     |            | 41        |            |
|---------------------------------------------------------------------------------------------|
| 3   | NVIDIA RTX 6000 Ada Generation   | Yes: 0 |     | 49386   MB | 10de      | 0          |
|     |                                  |        |     |            | 26b1      | 21e14e0d.. |
|     |                                  |        |     |            | 61        |            |
|=============================================================================================|
| OS: 22.04.5 LTS (Jammy Jellyfish) ubuntu, Version: 22.04.5, Kernel: 5.15.0-181-generic
| Processor: AMD Ryzen Threadripper PRO 5995WX 64-Cores
| Cores: 64 | Logical Cores: 128
|---------------------------------------------------------------------------------------------|
| Total Memory (MB): 515582 | Free Memory: 451625
| Total Page/Swap (MB): 10239 | Free Page/Swap: 8583
|---------------------------------------------------------------------------------------------|
2026-07-14T23:15:56Z [1,577ms] [Warning] [carb.windowing-glfw.plugin] GLFW initialization failed.
2026-07-14T23:15:56Z [1,577ms] [Warning] [carb] Failed to startup plugin carb.windowing-glfw.plugin (interfaces: [carb::windowing::IGLContext v1.0],[carb::windowing::IWindowing v1.5]) (impl: carb.windowing-glfw.plugin)
2026-07-14T23:15:56Z [1,586ms] [Warning] [carb.windowing-glfw.plugin] GLFW initialization failed.
2026-07-14T23:15:56Z [1,586ms] [Warning] [carb] Failed to startup plugin carb.windowing-glfw.plugin (interfaces: [carb::windowing::IGLContext v1.0],[carb::windowing::IWindowing v1.5]) (impl: carb.windowing-glfw.plugin)
2026-07-14T23:15:56Z [1,592ms] [Warning] [carb.windowing-glfw.plugin] GLFW initialization failed.
2026-07-14T23:15:56Z [1,592ms] [Warning] [carb] Failed to startup plugin carb.windowing-glfw.plugin (interfaces: [carb::windowing::IGLContext v1.0],[carb::windowing::IWindowing v1.5]) (impl: carb.windowing-glfw.plugin)
2026-07-14T23:15:56Z [1,600ms] [Warning] [carb.windowing-glfw.plugin] GLFW initialization failed.
2026-07-14T23:15:56Z [1,600ms] [Warning] [carb] Failed to startup plugin carb.windowing-glfw.plugin (interfaces: [carb::windowing::IGLContext v1.0],[carb::windowing::IWindowing v1.5]) (impl: carb.windowing-glfw.plugin)
2026-07-14T23:15:56Z [1,601ms] [Warning] [carb.windowing-glfw.plugin] GLFW initialization failed.
2026-07-14T23:15:56Z [1,601ms] [Warning] [carb] Failed to startup plugin carb.windowing-glfw.plugin (interfaces: [carb::windowing::IGLContext v1.0],[carb::windowing::IWindowing v1.5]) (impl: carb.windowing-glfw.plugin)
2026-07-14T23:15:56Z [1,602ms] [Warning] [carb.windowing-glfw.plugin] GLFW initialization failed.
2026-07-14T23:15:56Z [1,602ms] [Warning] [carb] Failed to startup plugin carb.windowing-glfw.plugin (interfaces: [carb::windowing::IGLContext v1.0],[carb::windowing::IWindowing v1.5]) (impl: carb.windowing-glfw.plugin)
2026-07-14T23:15:56Z [1,801ms] [Warning] [omni.log] Source: omni.hydra was already registered.
2026-07-14T23:15:57Z [2,098ms] [Warning] [carb] Acquiring non optional plugin interface which is not listed as dependency: [omni::physx::IPhysxBenchmarks v1.0] (plugin: <default plugin>), by client: omni.physics.physx.plugin. Add it to CARB_PLUGIN_IMPL_DEPS() macro of a client.
2026-07-14T23:15:57Z [2,108ms] [Warning] [omni.isaac.dynamic_control] omni.isaac.dynamic_control is deprecated as of Isaac Sim 4.5. No action is needed from end-users.
2026-07-14T23:15:59Z [4,104ms] [Warning] [pxr.Semantics] pxr.Semantics is deprecated - please use Semantics instead
2026-07-14T23:15:59Z [4,246ms] [Warning] [omni.graph.core.plugin] Found duplicate of category 'Replicator' - was 'Annotators', adding 'Fabric Reader'
2026-07-14T23:15:59Z [4,246ms] [Warning] [omni.graph.core.plugin] Category 'Replicator' not accepted on node type 'omni.replicator.core.FabricReader' in extension 'omni.replicator.core'
2026-07-14T23:15:59Z [4,247ms] [Warning] [omni.replicator.core.scripts.extension] No material configuration file, adding configuration to material settings directly.
2026-07-14T23:16:00Z [5,655ms] [Warning] [omni.kvdb.plugin] Disabling key-value database because another kit process is locking it
2026-07-14T23:16:02Z [7,785ms] [Warning] [omni.fabric.plugin] Warning: attribute viewportHandle not found for bucket id 7

2026-07-14T23:16:03Z [8,313ms] [Warning] [isaaclab.envs.direct_marl_env] Seed not set for the environment. The environment creation may not be deterministic.

[36m========================================================================================================[0m
[36m[1m[INFO][IsaacLab]: Logging to file: /data/howard/isaac/tmp/isaaclab/logs/isaaclab_2026-07-14_23-16-03.log[0m
[36m========================================================================================================[0m

[33m23:16:03 [simulation_context.py] WARNING: The `enable_external_forces_every_iteration` parameter in the PhysxCfg is set to False. If you are experiencing noisy velocities, consider enabling this flag. You may need to slightly increase the number of velocity iterations (setting it to 1 or 2 rather than 0), together with this flag, to improve the accuracy of velocity updates.[0m
[INFO]: Base environment:
	Environment device    : cuda:0
	Environment seed      : None
	Physics step-size     : 0.016666666666666666
	Rendering step-size   : 0.1
	Environment step-size : 0.1
[INFO]: Time taken for scene creation : 1.576203 seconds
[INFO]: Scene manager:  <class InteractiveScene>
	Number of environments: 64
	Environment spacing   : 12.0
	Source prim name      : /World/envs/env_0
	Global prim paths     : []
	Replicate physics     : True
[INFO]: Starting the simulation. This may take a few seconds. Please wait...
[INFO]: Time taken for simulation start : 3.051185 seconds
[INFO]: Completed setting up the environment...
condition=raw  wire_dim=12290  trainable=1,697,415 (encoder frozen)
2026-07-14T23:16:14Z [19,837ms] [Warning] [carb] Client gpu.foundation.plugin has acquired [gpu::unstable::IMemoryBudgetManagerFactory v0.1] 100 times. Consider accessing this interface with carb::getCachedInterface() (Performance warning)
[raw] iter   1/366  step     8192  return     nan  success   nan (top  nan/bot  nan)  ep_len    nan  hazard_steps   nan  approx_kl 0.0085  SPS 660
[raw] iter   2/366  step    16384  return     nan  success   nan (top  nan/bot  nan)  ep_len    nan  hazard_steps   nan  approx_kl 0.0247  SPS 653
[raw] iter   3/366  step    24576  return     nan  success   nan (top  nan/bot  nan)  ep_len    nan  hazard_steps   nan  approx_kl 0.0054  SPS 645
[raw] iter   4/366  step    32768  return     nan  success   nan (top  nan/bot  nan)  ep_len    nan  hazard_steps   nan  approx_kl 0.0071  SPS 638
[raw] iter   5/366  step    40960  return  -5.888  success  0.00 (top 0.00/bot 0.00)  ep_len  599.0  hazard_steps   2.0  approx_kl 0.0074  SPS 636
[raw] iter   6/366  step    49152  return  -5.888  success  0.00 (top 0.00/bot 0.00)  ep_len  599.0  hazard_steps   2.0  approx_kl 0.0142  SPS 635
[raw] iter   7/366  step    57344  return  -5.888  success  0.00 (top 0.00/bot 0.00)  ep_len  599.0  hazard_steps   2.0  approx_kl 0.0131  SPS 633
[raw] iter   8/366  step    65536  return  -5.888  success  0.00 (top 0.00/bot 0.00)  ep_len  599.0  hazard_steps   2.0  approx_kl 0.0186  SPS 632
[raw] iter   9/366  step    73728  return  -5.888  success  0.00 (top 0.00/bot 0.00)  ep_len  599.0  hazard_steps   2.0  approx_kl 0.0166  SPS 631
[raw] iter  10/366  step    81920  return  -4.713  success  0.00 (top 0.00/bot 0.00)  ep_len  599.0  hazard_steps   0.0  approx_kl 0.0086  SPS 629
[raw] iter  11/366  step    90112  return  -4.713  success  0.00 (top 0.00/bot 0.00)  ep_len  599.0  hazard_steps   0.0  approx_kl 0.0277  SPS 628
[raw] iter  12/366  step    98304  return  -4.713  success  0.00 (top 0.00/bot 0.00)  ep_len  599.0  hazard_steps   0.0  approx_kl 0.0062  SPS 629
[raw] iter  13/366  step   106496  return  -4.713  success  0.00 (top 0.00/bot 0.00)  ep_len  599.0  hazard_steps   0.0  approx_kl 0.0036  SPS 630
[raw] iter  14/366  step   114688  return  -4.713  success  0.00 (top 0.00/bot 0.00)  ep_len  599.0  hazard_steps   0.0  approx_kl 0.0084  SPS 632
[raw] iter  15/366  step   122880  return  -3.417  success  0.00 (top 0.00/bot 0.00)  ep_len  599.0  hazard_steps   0.0  approx_kl 0.0146  SPS 632
[raw] iter  16/366  step   131072  return  -3.417  success  0.00 (top 0.00/bot 0.00)  ep_len  599.0  hazard_steps   0.0  approx_kl 0.0073  SPS 632
[raw] iter  17/366  step   139264  return  -3.417  success  0.00 (top 0.00/bot 0.00)  ep_len  599.0  hazard_steps   0.0  approx_kl 0.0127  SPS 632
[raw] iter  18/366  step   147456  return  -3.417  success  0.00 (top 0.00/bot 0.00)  ep_len  599.0  hazard_steps   0.0  approx_kl 0.0054  SPS 633
[raw] iter  19/366  step   155648  return  -2.859  success  0.00 (top 0.00/bot 0.00)  ep_len  599.0  hazard_steps   0.9  approx_kl 0.0029  SPS 633
[raw] iter  20/366  step   163840  return  -2.859  success  0.00 (top 0.00/bot 0.00)  ep_len  599.0  hazard_steps   0.9  approx_kl 0.0218  SPS 633
[raw] iter  21/366  step   172032  return  -2.859  success  0.00 (top 0.00/bot 0.00)  ep_len  599.0  hazard_steps   0.9  approx_kl 0.0034  SPS 633
[raw] iter  22/366  step   180224  return  -2.859  success  0.00 (top 0.00/bot 0.00)  ep_len  599.0  hazard_steps   0.9  approx_kl 0.0158  SPS 633
[raw] iter  23/366  step   188416  return  -2.680  success  0.01 (top 0.01/bot 0.00)  ep_len  597.5  hazard_steps   0.9  approx_kl 0.0033  SPS 633
[raw] iter  24/366  step   196608  return  -2.432  success  0.01 (top 0.01/bot 0.00)  ep_len  597.5  hazard_steps   1.6  approx_kl 0.0046  SPS 632
[raw] iter  25/366  step   204800  return  -2.432  success  0.01 (top 0.01/bot 0.00)  ep_len  597.5  hazard_steps   1.6  approx_kl 0.0075  SPS 633
[raw] iter  26/366  step   212992  return  -2.432  success  0.01 (top 0.01/bot 0.00)  ep_len  597.5  hazard_steps   1.6  approx_kl 0.0364  SPS 633
[raw] iter  27/366  step   221184  return  -2.332  success  0.02 (top 0.01/bot 0.01)  ep_len  595.8  hazard_steps   2.7  approx_kl 0.0100  SPS 633
[raw] iter  28/366  step   229376  return  -2.254  success  0.03 (top 0.01/bot 0.02)  ep_len  594.6  hazard_steps   3.9  approx_kl 0.0126  SPS 633
[raw] iter  29/366  step   237568  return  -2.186  success  0.02 (top 0.01/bot 0.02)  ep_len  596.1  hazard_steps   2.3  approx_kl 0.0140  SPS 634
[raw] iter  30/366  step   245760  return  -2.186  success  0.02 (top 0.01/bot 0.02)  ep_len  596.1  hazard_steps   2.3  approx_kl 0.0059  SPS 634
[raw] iter  31/366  step   253952  return  -2.186  success  0.02 (top 0.01/bot 0.02)  ep_len  596.1  hazard_steps   2.3  approx_kl 0.0027  SPS 635
[raw] iter  32/366  step   262144  return  -2.172  success  0.02 (top 0.01/bot 0.02)  ep_len  596.1  hazard_steps   2.3  approx_kl 0.0053  SPS 636
[raw] iter  33/366  step   270336  return  -2.526  success  0.00 (top 0.01/bot 0.02)  ep_len  599.0  hazard_steps   0.0  approx_kl 0.0050  SPS 637
[raw] iter  34/366  step   278528  return  -2.526  success  0.00 (top 0.01/bot 0.02)  ep_len  599.0  hazard_steps   0.0  approx_kl 0.0124  SPS 637
[raw] iter  35/366  step   286720  return  -2.526  success  0.00 (top 0.01/bot 0.02)  ep_len  599.0  hazard_steps   0.0  approx_kl 0.0055  SPS 638
[raw] iter  36/366  step   294912  return  -2.526  success  0.00 (top 0.01/bot 0.02)  ep_len  599.0  hazard_steps   0.0  approx_kl 0.0070  SPS 638
[raw] iter  37/366  step   303104  return  -2.518  success  0.00 (top 0.01/bot 0.02)  ep_len  599.0  hazard_steps   0.0  approx_kl 0.0045  SPS 637
[raw] iter  38/366  step   311296  return  -2.258  success  0.00 (top 0.00/bot 0.02)  ep_len  599.0  hazard_steps   0.0  approx_kl 0.0055  SPS 637
[raw] iter  39/366  step   319488  return  -2.258  success  0.00 (top 0.00/bot 0.02)  ep_len  599.0  hazard_steps   0.0  approx_kl 0.0038  SPS 637
[raw] iter  40/366  step   327680  return  -2.258  success  0.00 (top 0.00/bot 0.02)  ep_len  599.0  hazard_steps   0.0  approx_kl 0.0061  SPS 637
[raw] iter  41/366  step   335872  return  -1.599  success  0.04 (top 0.02/bot 0.04)  ep_len  590.6  hazard_steps   1.9  approx_kl 0.0124  SPS 636
[raw] iter  42/366  step   344064  return  -1.508  success  0.05 (top 0.02/bot 0.05)  ep_len  589.6  hazard_steps   3.0  approx_kl 0.0146  SPS 636
[raw] iter  43/366  step   352256  return  -1.557  success  0.05 (top 0.02/bot 0.03)  ep_len  589.6  hazard_steps   6.2  approx_kl 0.0099  SPS 637
[raw] iter  44/366  step   360448  return  -1.557  success  0.05 (top 0.02/bot 0.03)  ep_len  589.6  hazard_steps   6.2  approx_kl 0.0084  SPS 637
[raw] iter  45/366  step   368640  return  -1.557  success  0.05 (top 0.02/bot 0.03)  ep_len  589.6  hazard_steps   6.2  approx_kl 0.0076  SPS 637
[raw] iter  46/366  step   376832  return  -1.569  success  0.05 (top 0.02/bot 0.03)  ep_len  589.6  hazard_steps   7.0  approx_kl 0.0069  SPS 637
[raw] iter  47/366  step   385024  return  -1.734  success  0.02 (top 0.04/bot 0.03)  ep_len  597.2  hazard_steps   3.0  approx_kl 0.0094  SPS 638
[raw] iter  48/366  step   393216  return  -1.734  success  0.02 (top 0.04/bot 0.03)  ep_len  597.2  hazard_steps   3.0  approx_kl 0.0088  SPS 638
[raw] iter  49/366  step   401408  return  -1.438  success  0.04 (top 0.05/bot 0.04)  ep_len  592.8  hazard_steps   3.8  approx_kl 0.0065  SPS 638
[raw] iter  50/366  step   409600  return  -0.702  success  0.09 (top 0.06/bot 0.08)  ep_len  582.5  hazard_steps   5.4  approx_kl 0.0038  SPS 638
[raw] iter  51/366  step   417792  return  -0.567  success  0.11 (top 0.06/bot 0.10)  ep_len  579.7  hazard_steps   7.9  approx_kl 0.0024  SPS 638
[raw] iter  52/366  step   425984  return  -1.116  success  0.09 (top 0.06/bot 0.09)  ep_len  581.5  hazard_steps  11.3  approx_kl 0.0058  SPS 638
[raw] iter  53/366  step   434176  return  -1.116  success  0.09 (top 0.06/bot 0.08)  ep_len  581.5  hazard_steps  11.3  approx_kl 0.0080  SPS 638
[raw] iter  54/366  step   442368  return  -0.972  success  0.10 (top 0.06/bot 0.08)  ep_len  578.7  hazard_steps  12.1  approx_kl 0.0096  SPS 638
[raw] iter  55/366  step   450560  return  -0.772  success  0.11 (top 0.06/bot 0.09)  ep_len  576.8  hazard_steps  12.9  approx_kl 0.0049  SPS 638
[raw] iter  56/366  step   458752  return  -0.765  success  0.11 (top 0.06/bot 0.09)  ep_len  576.8  hazard_steps  12.9  approx_kl 0.0063  SPS 638
[raw] iter  57/366  step   466944  return  -1.977  success  0.02 (top 0.04/bot 0.09)  ep_len  594.3  hazard_steps   5.8  approx_kl 0.0078  SPS 638
[raw] iter  58/366  step   475136  return  -1.866  success  0.03 (top 0.04/bot 0.10)  ep_len  592.8  hazard_steps   6.4  approx_kl 0.0069  SPS 638
[raw] iter  59/366  step   483328  return  -1.674  success  0.04 (top 0.04/bot 0.10)  ep_len  590.0  hazard_steps   6.4  approx_kl 0.0125  SPS 637
[raw] iter  60/366  step   491520  return  -1.418  success  0.05 (top 0.03/bot 0.11)  ep_len  587.9  hazard_steps   6.1  approx_kl 0.0117  SPS 637
[raw] iter  61/366  step   499712  return  -1.769  success  0.03 (top 0.03/bot 0.11)  ep_len  592.6  hazard_steps   5.8  approx_kl 0.0072  SPS 637
[raw] iter  62/366  step   507904  return  -1.769  success  0.03 (top 0.03/bot 0.11)  ep_len  592.6  hazard_steps   5.8  approx_kl 0.0064  SPS 637
[raw] iter  63/366  step   516096  return  -1.848  success  0.03 (top 0.03/bot 0.10)  ep_len  592.6  hazard_steps   6.5  approx_kl 0.0070  SPS 637
[raw] iter  64/366  step   524288  return  -1.443  success  0.05 (top 0.04/bot 0.08)  ep_len  586.5  hazard_steps   6.7  approx_kl 0.0061  SPS 636
[raw] iter  65/366  step   532480  return  -1.326  success  0.06 (top 0.03/bot 0.05)  ep_len  584.6  hazard_steps   7.6  approx_kl 0.0050  SPS 636
[raw] iter  66/366  step   540672  return  -1.614  success  0.03 (top 0.03/bot 0.05)  ep_len  591.0  hazard_steps   6.8  approx_kl 0.0089  SPS 636
[raw] iter  67/366  step   548864  return  -1.610  success  0.03 (top 0.03/bot 0.05)  ep_len  591.0  hazard_steps   6.8  approx_kl 0.0099  SPS 636
[raw] iter  68/366  step   557056  return  -1.146  success  0.05 (top 0.05/bot 0.04)  ep_len  584.7  hazard_steps   6.1  approx_kl 0.0107  SPS 636
[raw] iter  69/366  step   565248  return  -1.032  success  0.06 (top 0.06/bot 0.03)  ep_len  582.0  hazard_steps   7.0  approx_kl 0.0107  SPS 636
[raw] iter  70/366  step   573440  return  -0.554  success  0.08 (top 0.08/bot 0.03)  ep_len  580.3  hazard_steps   5.4  approx_kl 0.0077  SPS 636
[raw] iter  71/366  step   581632  return  -0.914  success  0.05 (top 0.08/bot 0.02)  ep_len  588.3  hazard_steps   2.8  approx_kl 0.0073  SPS 636
[raw] iter  72/366  step   589824  return  -0.820  success  0.05 (top 0.08/bot 0.02)  ep_len  588.3  hazard_steps   2.8  approx_kl 0.0135  SPS 636
[raw] iter  73/366  step   598016  return  -0.684  success  0.05 (top 0.08/bot 0.01)  ep_len  588.3  hazard_steps   1.7  approx_kl 0.0113  SPS 636
[raw] iter  74/366  step   606208  return  -0.746  success  0.05 (top 0.08/bot 0.01)  ep_len  588.3  hazard_steps   1.7  approx_kl 0.0116  SPS 636
[raw] iter  75/366  step   614400  return  -1.636  success  0.00 (top 0.07/bot 0.01)  ep_len  599.0  hazard_steps   1.0  approx_kl 0.0079  SPS 636
[raw] iter  76/366  step   622592  return  -1.636  success  0.00 (top 0.07/bot 0.01)  ep_len  599.0  hazard_steps   1.0  approx_kl 0.0060  SPS 636
[raw] iter  77/366  step   630784  return  -1.408  success  0.01 (top 0.08/bot 0.01)  ep_len  596.8  hazard_steps   1.0  approx_kl 0.0349  SPS 636
[raw] iter  78/366  step   638976  return  -1.404  success  0.01 (top 0.08/bot 0.00)  ep_len  596.8  hazard_steps   1.0  approx_kl 0.0086  SPS 636
[raw] iter  79/366  step   647168  return  -0.690  success  0.04 (top 0.09/bot 0.00)  ep_len  592.1  hazard_steps   1.0  approx_kl 0.0053  SPS 636
[raw] iter  80/366  step   655360  return  -0.746  success  0.05 (top 0.10/bot 0.00)  ep_len  591.8  hazard_steps   7.8  approx_kl 0.0116  SPS 636
[raw] iter  81/366  step   663552  return  -0.506  success  0.07 (top 0.11/bot 0.01)  ep_len  587.5  hazard_steps   9.2  approx_kl 0.0052  SPS 636
[raw] iter  82/366  step   671744  return  -0.577  success  0.07 (top 0.11/bot 0.01)  ep_len  587.5  hazard_steps  10.4  approx_kl 0.0031  SPS 636
[raw] iter  83/366  step   679936  return  -0.389  success  0.08 (top 0.11/bot 0.01)  ep_len  584.7  hazard_steps  11.9  approx_kl 0.0037  SPS 635
[raw] iter  84/366  step   688128  return  -0.320  success  0.08 (top 0.09/bot 0.01)  ep_len  584.7  hazard_steps  11.9  approx_kl 0.0051  SPS 635
[raw] iter  85/366  step   696320  return  -0.732  success  0.06 (top 0.09/bot 0.01)  ep_len  585.9  hazard_steps  13.0  approx_kl 0.0075  SPS 635
[raw] iter  86/366  step   704512  return  -0.937  success  0.05 (top 0.09/bot 0.01)  ep_len  586.3  hazard_steps  13.0  approx_kl 0.0047  SPS 635
[raw] iter  87/366  step   712704  return  -0.448  success  0.07 (top 0.11/bot 0.01)  ep_len  580.4  hazard_steps  10.0  approx_kl 0.0086  SPS 635
[raw] iter  88/366  step   720896  return  -0.411  success  0.07 (top 0.11/bot 0.01)  ep_len  580.4  hazard_steps   9.0  approx_kl 0.0072  SPS 635
[raw] iter  89/366  step   729088  return  -0.530  success  0.04 (top 0.11/bot 0.01)  ep_len  587.4  hazard_steps   1.1  approx_kl 0.0065  SPS 635
[raw] iter  90/366  step   737280  return  -0.534  success  0.04 (top 0.11/bot 0.01)  ep_len  587.4  hazard_steps   1.1  approx_kl 0.0104  SPS 635
[raw] iter  91/366  step   745472  return  -0.685  success  0.04 (top 0.11/bot 0.01)  ep_len  587.4  hazard_steps   1.1  approx_kl 0.0031  SPS 635
[raw] iter  92/366  step   753664  return  -0.700  success  0.04 (top 0.11/bot 0.01)  ep_len  587.4  hazard_steps   0.5  approx_kl 0.0036  SPS 635
[raw] iter  93/366  step   761856  return  -0.778  success  0.04 (top 0.10/bot 0.01)  ep_len  587.4  hazard_steps   0.0  approx_kl 0.0044  SPS 635
[raw] iter  94/366  step   770048  return  -1.878  success  0.00 (top 0.09/bot 0.00)  ep_len  599.0  hazard_steps   1.4  approx_kl 0.0081  SPS 635
[raw] iter  95/366  step   778240  return  -1.882  success  0.00 (top 0.07/bot 0.00)  ep_len  599.0  hazard_steps   1.4  approx_kl 0.0050  SPS 635
[raw] iter  96/366  step   786432  return  -1.833  success  0.00 (top 0.06/bot 0.00)  ep_len  599.0  hazard_steps   1.4  approx_kl 0.0042  SPS 635
[raw] iter  97/366  step   794624  return  -1.556  success  0.02 (top 0.07/bot 0.00)  ep_len  596.1  hazard_steps   2.1  approx_kl 0.0095  SPS 635
[raw] iter  98/366  step   802816  return  -0.982  success  0.05 (top 0.09/bot 0.00)  ep_len  593.9  hazard_steps   2.8  approx_kl 0.0103  SPS 635
[raw] iter  99/366  step   811008  return  -0.321  success  0.08 (top 0.12/bot 0.00)  ep_len  589.9  hazard_steps   2.8  approx_kl 0.0101  SPS 635
[raw] iter 100/366  step   819200  return   0.269  success  0.11 (top 0.15/bot 0.00)  ep_len  582.4  hazard_steps   2.8  approx_kl 0.0074  SPS 635
[raw] iter 101/366  step   827392  return   0.451  success  0.11 (top 0.15/bot 0.00)  ep_len  582.4  hazard_steps   2.8  approx_kl 0.0058  SPS 635
[raw] iter 102/366  step   835584  return   0.746  success  0.12 (top 0.16/bot 0.00)  ep_len  579.1  hazard_steps   2.7  approx_kl 0.0042  SPS 634
[raw] iter 103/366  step   843776  return   0.521  success  0.11 (top 0.12/bot 0.01)  ep_len  581.3  hazard_steps   3.8  approx_kl 0.0060  SPS 634
[raw] iter 104/366  step   851968  return   0.584  success  0.11 (top 0.13/bot 0.01)  ep_len  578.8  hazard_steps   3.8  approx_kl 0.0063  SPS 634
[raw] iter 105/366  step   860160  return   0.308  success  0.09 (top 0.14/bot 0.01)  ep_len  576.5  hazard_steps   3.8  approx_kl 0.0116  SPS 634
[raw] iter 106/366  step   868352  return   0.999  success  0.14 (top 0.19/bot 0.01)  ep_len  560.3  hazard_steps   5.2  approx_kl 0.0074  SPS 634
[raw] iter 107/366  step   876544  return   0.658  success  0.12 (top 0.21/bot 0.01)  ep_len  564.6  hazard_steps   5.2  approx_kl 0.0066  SPS 634
[raw] iter 108/366  step   884736  return   0.547  success  0.11 (top 0.21/bot 0.02)  ep_len  569.9  hazard_steps   6.0  approx_kl 0.0070  SPS 634
[raw] iter 109/366  step   892928  return   0.394  success  0.10 (top 0.21/bot 0.02)  ep_len  570.5  hazard_steps   6.1  approx_kl 0.0039  SPS 634
[raw] iter 110/366  step   901120  return   1.330  success  0.14 (top 0.25/bot 0.02)  ep_len  559.8  hazard_steps   3.4  approx_kl 0.0073  SPS 634
[raw] iter 111/366  step   909312  return   1.533  success  0.16 (top 0.26/bot 0.03)  ep_len  557.0  hazard_steps   5.3  approx_kl 0.0094  SPS 633
[raw] iter 112/366  step   917504  return   0.833  success  0.13 (top 0.25/bot 0.03)  ep_len  567.5  hazard_steps   7.2  approx_kl 0.0064  SPS 633
[raw] iter 113/366  step   925696  return   1.036  success  0.13 (top 0.24/bot 0.03)  ep_len  571.4  hazard_steps   8.1  approx_kl 0.0104  SPS 633
[raw] iter 114/366  step   933888  return   1.034  success  0.14 (top 0.23/bot 0.03)  ep_len  572.5  hazard_steps   8.3  approx_kl 0.0057  SPS 633
[raw] iter 115/366  step   942080  return   0.948  success  0.16 (top 0.24/bot 0.04)  ep_len  568.8  hazard_steps  11.9  approx_kl 0.0094  SPS 633
[raw] iter 116/366  step   950272  return   1.331  success  0.18 (top 0.25/bot 0.03)  ep_len  564.4  hazard_steps  11.1  approx_kl 0.0114  SPS 633
[raw] iter 117/366  step   958464  return   1.839  success  0.21 (top 0.32/bot 0.03)  ep_len  563.4  hazard_steps   8.6  approx_kl 0.0058  SPS 633
[raw] iter 118/366  step   966656  return   3.180  success  0.28 (top 0.34/bot 0.03)  ep_len  542.2  hazard_steps   6.7  approx_kl 0.0043  SPS 633
[raw] iter 119/366  step   974848  return   3.828  success  0.32 (top 0.39/bot 0.03)  ep_len  529.9  hazard_steps   4.4  approx_kl 0.0024  SPS 632
[raw] iter 120/366  step   983040  return   5.318  success  0.39 (top 0.52/bot 0.03)  ep_len  496.8  hazard_steps   2.5  approx_kl 0.0030  SPS 632
[raw] iter 121/366  step   991232  return   6.478  success  0.45 (top 0.55/bot 0.03)  ep_len  477.5  hazard_steps   0.0  approx_kl 0.0048  SPS 632
[raw] iter 122/366  step   999424  return   6.683  success  0.46 (top 0.63/bot 0.02)  ep_len  458.0  hazard_steps   0.0  approx_kl 0.0041  SPS 631
[raw] iter 123/366  step  1007616  return   7.250  success  0.49 (top 0.66/bot 0.02)  ep_len  447.9  hazard_steps   0.0  approx_kl 0.0065  SPS 631
[raw] iter 124/366  step  1015808  return   7.531  success  0.51 (top 0.72/bot 0.02)  ep_len  437.0  hazard_steps   0.0  approx_kl 0.0062  SPS 631
[raw] iter 125/366  step  1024000  return   6.987  success  0.48 (top 0.76/bot 0.01)  ep_len  448.2  hazard_steps   0.0  approx_kl 0.0061  SPS 631
[raw] iter 126/366  step  1032192  return   5.831  success  0.42 (top 0.77/bot 0.01)  ep_len  469.0  hazard_steps   0.0  approx_kl 0.0075  SPS 631
[raw] iter 127/366  step  1040384  return   5.788  success  0.42 (top 0.77/bot 0.01)  ep_len  472.2  hazard_steps   0.6  approx_kl 0.0044  SPS 631
[raw] iter 128/366  step  1048576  return   5.944  success  0.43 (top 0.78/bot 0.01)  ep_len  470.8  hazard_steps   0.6  approx_kl 0.0040  SPS 631
[raw] iter 129/366  step  1056768  return   5.892  success  0.43 (top 0.77/bot 0.00)  ep_len  472.1  hazard_steps   1.4  approx_kl 0.0070  SPS 630
[raw] iter 130/366  step  1064960  return   5.289  success  0.40 (top 0.77/bot 0.00)  ep_len  485.3  hazard_steps   1.4  approx_kl 0.0126  SPS 630
[raw] iter 131/366  step  1073152  return   5.119  success  0.40 (top 0.76/bot 0.00)  ep_len  485.3  hazard_steps   2.8  approx_kl 0.0064  SPS 630
[raw] iter 132/366  step  1081344  return   6.018  success  0.45 (top 0.77/bot 0.00)  ep_len  477.1  hazard_steps   2.8  approx_kl 0.0051  SPS 630
[raw] iter 133/366  step  1089536  return   6.256  success  0.46 (top 0.77/bot 0.00)  ep_len  472.8  hazard_steps   2.2  approx_kl 0.0055  SPS 629
[raw] iter 134/366  step  1097728  return   4.947  success  0.40 (top 0.73/bot 0.00)  ep_len  491.6  hazard_steps   3.7  approx_kl 0.0051  SPS 629
[raw] iter 135/366  step  1105920  return   4.503  success  0.38 (top 0.72/bot 0.00)  ep_len  503.1  hazard_steps   3.7  approx_kl 0.0074  SPS 629
[raw] iter 136/366  step  1114112  return   3.642  success  0.33 (top 0.68/bot 0.00)  ep_len  515.1  hazard_steps   2.9  approx_kl 0.0054  SPS 629
[raw] iter 137/366  step  1122304  return   3.813  success  0.33 (top 0.68/bot 0.00)  ep_len  515.0  hazard_steps   1.5  approx_kl 0.0038  SPS 628
[raw] iter 138/366  step  1130496  return   3.639  success  0.32 (top 0.71/bot 0.00)  ep_len  513.6  hazard_steps   1.5  approx_kl 0.0032  SPS 628
[raw] iter 139/366  step  1138688  return   4.001  success  0.33 (top 0.71/bot 0.00)  ep_len  507.2  hazard_steps   0.0  approx_kl 0.0050  SPS 628
[raw] iter 140/366  step  1146880  return   4.024  success  0.33 (top 0.69/bot 0.00)  ep_len  503.3  hazard_steps   0.0  approx_kl 0.0044  SPS 628
[raw] iter 141/366  step  1155072  return   4.324  success  0.34 (top 0.68/bot 0.00)  ep_len  493.1  hazard_steps   0.0  approx_kl 0.0065  SPS 627
[raw] iter 142/366  step  1163264  return   4.533  success  0.35 (top 0.68/bot 0.00)  ep_len  489.1  hazard_steps   0.0  approx_kl 0.0063  SPS 627
[raw] iter 143/366  step  1171456  return   3.500  success  0.30 (top 0.65/bot 0.00)  ep_len  503.7  hazard_steps   0.8  approx_kl 0.0037  SPS 627
[raw] iter 144/366  step  1179648  return   2.846  success  0.26 (top 0.64/bot 0.00)  ep_len  512.4  hazard_steps   0.8  approx_kl 0.0083  SPS 627
[raw] iter 145/366  step  1187840  return   2.421  success  0.24 (top 0.59/bot 0.00)  ep_len  515.9  hazard_steps   0.8  approx_kl 0.0042  SPS 627
[raw] iter 146/366  step  1196032  return   2.055  success  0.22 (top 0.58/bot 0.00)  ep_len  520.4  hazard_steps   0.8  approx_kl 0.0058  SPS 627
[raw] iter 147/366  step  1204224  return   1.850  success  0.21 (top 0.57/bot 0.00)  ep_len  524.0  hazard_steps   1.6  approx_kl 0.0109  SPS 627
[raw] iter 148/366  step  1212416  return   1.609  success  0.20 (top 0.56/bot 0.00)  ep_len  527.8  hazard_steps   1.6  approx_kl 0.0087  SPS 627
[raw] iter 149/366  step  1220608  return   1.915  success  0.22 (top 0.56/bot 0.01)  ep_len  521.4  hazard_steps   2.4  approx_kl 0.0062  SPS 627
[raw] iter 150/366  step  1228800  return   2.899  success  0.27 (top 0.57/bot 0.01)  ep_len  504.4  hazard_steps   2.4  approx_kl 0.0042  SPS 627
[raw] iter 151/366  step  1236992  return   3.018  success  0.28 (top 0.54/bot 0.02)  ep_len  505.3  hazard_steps   4.2  approx_kl 0.0042  SPS 627
[raw] iter 152/366  step  1245184  return   3.776  success  0.33 (top 0.52/bot 0.03)  ep_len  494.1  hazard_steps   6.7  approx_kl 0.0062  SPS 627
[raw] iter 153/366  step  1253376  return   4.021  success  0.35 (top 0.53/bot 0.03)  ep_len  486.7  hazard_steps   7.2  approx_kl 0.0064  SPS 626
[raw] iter 154/366  step  1261568  return   4.627  success  0.39 (top 0.53/bot 0.03)  ep_len  472.8  hazard_steps   8.0  approx_kl 0.0038  SPS 626
[raw] iter 155/366  step  1269760  return   4.548  success  0.39 (top 0.54/bot 0.03)  ep_len  474.3  hazard_steps   8.8  approx_kl 0.0060  SPS 626
[raw] iter 156/366  step  1277952  return   3.898  success  0.38 (top 0.56/bot 0.06)  ep_len  482.9  hazard_steps  14.9  approx_kl 0.0034  SPS 626
[raw] iter 157/366  step  1286144  return   4.710  success  0.42 (top 0.59/bot 0.07)  ep_len  473.1  hazard_steps  14.1  approx_kl 0.0050  SPS 626
[raw] iter 158/366  step  1294336  return   4.163  success  0.39 (top 0.62/bot 0.07)  ep_len  480.2  hazard_steps  14.2  approx_kl 0.0027  SPS 626
[raw] iter 159/366  step  1302528  return   4.629  success  0.40 (top 0.64/bot 0.07)  ep_len  473.9  hazard_steps  11.7  approx_kl 0.0091  SPS 625
[raw] iter 160/366  step  1310720  return   4.135  success  0.37 (top 0.63/bot 0.07)  ep_len  483.8  hazard_steps  13.0  approx_kl 0.0102  SPS 625
[raw] iter 161/366  step  1318912  return   4.351  success  0.38 (top 0.63/bot 0.07)  ep_len  480.7  hazard_steps  11.1  approx_kl 0.0114  SPS 625
[raw] iter 162/366  step  1327104  return   4.453  success  0.36 (top 0.66/bot 0.06)  ep_len  482.8  hazard_steps   5.8  approx_kl 0.0028  SPS 625
[raw] iter 163/366  step  1335296  return   4.698  success  0.37 (top 0.69/bot 0.05)  ep_len  475.8  hazard_steps   5.2  approx_kl 0.0105  SPS 625
[raw] iter 164/366  step  1343488  return   5.157  success  0.39 (top 0.71/bot 0.04)  ep_len  470.2  hazard_steps   5.1  approx_kl 0.0146  SPS 625
[raw] iter 165/366  step  1351680  return   5.238  success  0.40 (top 0.73/bot 0.05)  ep_len  468.3  hazard_steps   7.3  approx_kl 0.0083  SPS 625
[raw] iter 166/366  step  1359872  return   6.081  success  0.45 (top 0.76/bot 0.06)  ep_len  451.5  hazard_steps   7.8  approx_kl 0.0033  SPS 625
[raw] iter 167/366  step  1368064  return   6.757  success  0.48 (top 0.77/bot 0.05)  ep_len  443.1  hazard_steps   6.1  approx_kl 0.0068  SPS 625
[raw] iter 168/366  step  1376256  return   6.364  success  0.46 (top 0.73/bot 0.03)  ep_len  447.2  hazard_steps   6.1  approx_kl 0.0095  SPS 625
[raw] iter 169/366  step  1384448  return   6.091  success  0.45 (top 0.74/bot 0.02)  ep_len  450.0  hazard_steps   5.1  approx_kl 0.0115  SPS 625
[raw] iter 170/366  step  1392640  return   5.212  success  0.42 (top 0.76/bot 0.02)  ep_len  458.8  hazard_steps   8.4  approx_kl 0.0079  SPS 625
[raw] iter 171/366  step  1400832  return   3.634  success  0.35 (top 0.73/bot 0.02)  ep_len  482.4  hazard_steps   7.9  approx_kl 0.0075  SPS 625
[raw] iter 172/366  step  1409024  return   3.753  success  0.35 (top 0.71/bot 0.02)  ep_len  483.9  hazard_steps   5.0  approx_kl 0.0055  SPS 625
[raw] iter 173/366  step  1417216  return   3.254  success  0.33 (top 0.68/bot 0.02)  ep_len  490.9  hazard_steps   5.0  approx_kl 0.0045  SPS 625
[raw] iter 174/366  step  1425408  return   2.833  success  0.31 (top 0.66/bot 0.02)  ep_len  497.1  hazard_steps   5.0  approx_kl 0.0090  SPS 625
[raw] iter 175/366  step  1433600  return   2.219  success  0.26 (top 0.59/bot 0.02)  ep_len  518.1  hazard_steps   1.6  approx_kl 0.0093  SPS 624
[raw] iter 176/366  step  1441792  return   2.018  success  0.25 (top 0.58/bot 0.02)  ep_len  522.6  hazard_steps   1.6  approx_kl 0.0060  SPS 624
[raw] iter 177/366  step  1449984  return   4.198  success  0.35 (top 0.59/bot 0.02)  ep_len  491.9  hazard_steps   0.0  approx_kl 0.0023  SPS 624
[raw] iter 178/366  step  1458176  return   3.964  success  0.33 (top 0.59/bot 0.01)  ep_len  495.8  hazard_steps   0.0  approx_kl 0.0079  SPS 624
[raw] iter 179/366  step  1466368  return   3.520  success  0.30 (top 0.60/bot 0.01)  ep_len  504.9  hazard_steps   0.0  approx_kl 0.0109  SPS 624
[raw] iter 180/366  step  1474560  return   3.346  success  0.28 (top 0.59/bot 0.00)  ep_len  510.4  hazard_steps   0.0  approx_kl 0.0038  SPS 624
[raw] iter 181/366  step  1482752  return   4.009  success  0.31 (top 0.58/bot 0.00)  ep_len  499.5  hazard_steps   0.0  approx_kl 0.0060  SPS 624
[raw] iter 182/366  step  1490944  return   3.727  success  0.30 (top 0.55/bot 0.00)  ep_len  503.6  hazard_steps   0.4  approx_kl 0.0039  SPS 624
[raw] iter 183/366  step  1499136  return   2.888  success  0.26 (top 0.55/bot 0.00)  ep_len  513.7  hazard_steps   0.4  approx_kl 0.0059  SPS 624
[raw] iter 184/366  step  1507328  return   1.752  success  0.20 (top 0.55/bot 0.00)  ep_len  534.6  hazard_steps   0.4  approx_kl 0.0043  SPS 623
[raw] iter 185/366  step  1515520  return   2.093  success  0.22 (top 0.55/bot 0.00)  ep_len  529.9  hazard_steps   0.4  approx_kl 0.0077  SPS 623
[raw] iter 186/366  step  1523712  return   2.711  success  0.26 (top 0.54/bot 0.00)  ep_len  515.7  hazard_steps   0.4  approx_kl 0.0077  SPS 623
[raw] iter 187/366  step  1531904  return   2.688  success  0.27 (top 0.59/bot 0.01)  ep_len  510.4  hazard_steps   1.3  approx_kl 0.0034  SPS 623
[raw] iter 188/366  step  1540096  return   3.651  success  0.32 (top 0.59/bot 0.01)  ep_len  493.6  hazard_steps   0.9  approx_kl 0.0044  SPS 623
[raw] iter 189/366  step  1548288  return   4.313  success  0.35 (top 0.59/bot 0.01)  ep_len  482.1  hazard_steps   0.9  approx_kl 0.0098  SPS 623
[raw] iter 190/366  step  1556480  return   4.949  success  0.38 (top 0.57/bot 0.01)  ep_len  472.1  hazard_steps   0.9  approx_kl 0.0074  SPS 623
[raw] iter 191/366  step  1564672  return   3.994  success  0.33 (top 0.55/bot 0.01)  ep_len  487.6  hazard_steps   0.9  approx_kl 0.0193  SPS 623
[raw] iter 192/366  step  1572864  return   4.092  success  0.34 (top 0.54/bot 0.01)  ep_len  483.2  hazard_steps   0.9  approx_kl 0.0054  SPS 623
[raw] iter 193/366  step  1581056  return   4.899  success  0.38 (top 0.60/bot 0.01)  ep_len  469.7  hazard_steps   0.9  approx_kl 0.0037  SPS 623
[raw] iter 194/366  step  1589248  return   4.780  success  0.36 (top 0.63/bot 0.01)  ep_len  474.0  hazard_steps   0.0  approx_kl 0.0072  SPS 623
[raw] iter 195/366  step  1597440  return   4.830  success  0.36 (top 0.65/bot 0.01)  ep_len  471.4  hazard_steps   0.0  approx_kl 0.0075  SPS 623
[raw] iter 196/366  step  1605632  return   5.019  success  0.38 (top 0.67/bot 0.01)  ep_len  464.3  hazard_steps   1.0  approx_kl 0.0071  SPS 623
[raw] iter 197/366  step  1613824  return   5.874  success  0.42 (top 0.70/bot 0.01)  ep_len  448.6  hazard_steps   1.0  approx_kl 0.0047  SPS 623
[raw] iter 198/366  step  1622016  return   5.293  success  0.39 (top 0.70/bot 0.01)  ep_len  457.7  hazard_steps   1.0  approx_kl 0.0109  SPS 623
[raw] iter 199/366  step  1630208  return   4.608  success  0.36 (top 0.66/bot 0.01)  ep_len  467.3  hazard_steps   1.7  approx_kl 0.0066  SPS 623
[raw] iter 200/366  step  1638400  return   4.276  success  0.35 (top 0.66/bot 0.00)  ep_len  470.6  hazard_steps   1.7  approx_kl 0.0215  SPS 623
[raw] iter 201/366  step  1646592  return   3.927  success  0.33 (top 0.67/bot 0.00)  ep_len  480.9  hazard_steps   1.7  approx_kl 0.0072  SPS 623
[raw] iter 202/366  step  1654784  return   4.141  success  0.33 (top 0.68/bot 0.00)  ep_len  481.2  hazard_steps   1.4  approx_kl 0.0078  SPS 623
[raw] iter 203/366  step  1662976  return   3.778  success  0.32 (top 0.67/bot 0.02)  ep_len  487.8  hazard_steps   2.8  approx_kl 0.0043  SPS 623
[raw] iter 204/366  step  1671168  return   3.903  success  0.33 (top 0.63/bot 0.02)  ep_len  486.0  hazard_steps   4.3  approx_kl 0.0093  SPS 623
[raw] iter 205/366  step  1679360  return   3.254  success  0.31 (top 0.60/bot 0.02)  ep_len  493.8  hazard_steps   5.5  approx_kl 0.0093  SPS 622
[raw] iter 206/366  step  1687552  return   2.854  success  0.28 (top 0.58/bot 0.02)  ep_len  504.5  hazard_steps   5.5  approx_kl 0.0120  SPS 622
[raw] iter 207/366  step  1695744  return   3.086  success  0.30 (top 0.56/bot 0.02)  ep_len  503.1  hazard_steps   5.5  approx_kl 0.0050  SPS 622
[raw] iter 208/366  step  1703936  return   3.127  success  0.32 (top 0.55/bot 0.03)  ep_len  498.1  hazard_steps   6.7  approx_kl 0.0145  SPS 622
[raw] iter 209/366  step  1712128  return   3.184  success  0.32 (top 0.56/bot 0.03)  ep_len  495.4  hazard_steps   6.0  approx_kl 0.0038  SPS 622
[raw] iter 210/366  step  1720320  return   3.623  success  0.33 (top 0.58/bot 0.03)  ep_len  493.1  hazard_steps   3.5  approx_kl 0.0034  SPS 622
[raw] iter 211/366  step  1728512  return   4.186  success  0.36 (top 0.60/bot 0.03)  ep_len  483.6  hazard_steps   2.9  approx_kl 0.0070  SPS 622
[raw] iter 212/366  step  1736704  return   5.440  success  0.43 (top 0.65/bot 0.04)  ep_len  456.8  hazard_steps   4.4  approx_kl 0.0027  SPS 622
[raw] iter 213/366  step  1744896  return   5.197  success  0.41 (top 0.65/bot 0.04)  ep_len  460.4  hazard_steps   3.6  approx_kl 0.0050  SPS 622
[raw] iter 214/366  step  1753088  return   5.740  success  0.42 (top 0.70/bot 0.04)  ep_len  454.9  hazard_steps   1.7  approx_kl 0.0057  SPS 622
[raw] iter 215/366  step  1761280  return   6.234  success  0.45 (top 0.74/bot 0.02)  ep_len  443.4  hazard_steps   2.7  approx_kl 0.0050  SPS 622
[raw] iter 216/366  step  1769472  return   6.098  success  0.43 (top 0.76/bot 0.02)  ep_len  449.1  hazard_steps   2.5  approx_kl 0.0061  SPS 622
[raw] iter 217/366  step  1777664  return   5.990  success  0.41 (top 0.79/bot 0.02)  ep_len  452.8  hazard_steps   1.0  approx_kl 0.0071  SPS 621
[raw] iter 218/366  step  1785856  return   6.440  success  0.44 (top 0.79/bot 0.02)  ep_len  442.6  hazard_steps   1.0  approx_kl 0.0078  SPS 621
[raw] iter 219/366  step  1794048  return   6.469  success  0.44 (top 0.82/bot 0.02)  ep_len  442.1  hazard_steps   1.0  approx_kl 0.0091  SPS 621
[raw] iter 220/366  step  1802240  return   6.092  success  0.42 (top 0.81/bot 0.01)  ep_len  449.0  hazard_steps   1.0  approx_kl 0.0020  SPS 621
[raw] iter 221/366  step  1810432  return   5.257  success  0.38 (top 0.80/bot 0.02)  ep_len  463.7  hazard_steps   0.9  approx_kl 0.0055  SPS 621
[raw] iter 222/366  step  1818624  return   4.912  success  0.37 (top 0.79/bot 0.02)  ep_len  466.2  hazard_steps   2.4  approx_kl 0.0102  SPS 621
[raw] iter 223/366  step  1826816  return   4.822  success  0.38 (top 0.79/bot 0.02)  ep_len  464.9  hazard_steps   4.8  approx_kl 0.0056  SPS 621
[raw] iter 224/366  step  1835008  return   4.769  success  0.38 (top 0.78/bot 0.03)  ep_len  465.6  hazard_steps   6.4  approx_kl 0.0043  SPS 621
[raw] iter 225/366  step  1843200  return   5.446  success  0.42 (top 0.76/bot 0.03)  ep_len  449.5  hazard_steps   7.2  approx_kl 0.0039  SPS 621
[raw] iter 226/366  step  1851392  return   4.835  success  0.42 (top 0.75/bot 0.03)  ep_len  447.5  hazard_steps  13.2  approx_kl 0.0047  SPS 621
[raw] iter 227/366  step  1859584  return   4.738  success  0.41 (top 0.75/bot 0.03)  ep_len  451.2  hazard_steps  12.4  approx_kl 0.0047  SPS 621
[raw] iter 228/366  step  1867776  return   4.560  success  0.42 (top 0.72/bot 0.06)  ep_len  454.7  hazard_steps  16.0  approx_kl 0.0102  SPS 621
[raw] iter 229/366  step  1875968  return   4.054  success  0.39 (top 0.70/bot 0.07)  ep_len  465.2  hazard_steps  14.4  approx_kl 0.0058  SPS 621
[raw] iter 230/366  step  1884160  return   4.198  success  0.39 (top 0.71/bot 0.07)  ep_len  462.9  hazard_steps  13.5  approx_kl 0.0073  SPS 621
[raw] iter 231/366  step  1892352  return   2.341  success  0.30 (top 0.67/bot 0.07)  ep_len  497.2  hazard_steps  13.9  approx_kl 0.0051  SPS 621
[raw] iter 232/366  step  1900544  return   3.837  success  0.35 (top 0.68/bot 0.06)  ep_len  479.9  hazard_steps   9.3  approx_kl 0.0035  SPS 621
[raw] iter 233/366  step  1908736  return   4.014  success  0.35 (top 0.68/bot 0.06)  ep_len  477.4  hazard_steps   7.4  approx_kl 0.0031  SPS 620
[raw] iter 234/366  step  1916928  return   3.865  success  0.35 (top 0.68/bot 0.07)  ep_len  476.3  hazard_steps   7.5  approx_kl 0.0055  SPS 620
[raw] iter 235/366  step  1925120  return   4.953  success  0.43 (top 0.70/bot 0.10)  ep_len  455.7  hazard_steps  13.1  approx_kl 0.0061  SPS 620
[raw] iter 236/366  step  1933312  return   5.686  success  0.48 (top 0.69/bot 0.12)  ep_len  443.5  hazard_steps  13.3  approx_kl 0.0052  SPS 620
[raw] iter 237/366  step  1941504  return   5.643  success  0.50 (top 0.69/bot 0.15)  ep_len  446.9  hazard_steps  15.7  approx_kl 0.0028  SPS 620
[raw] iter 238/366  step  1949696  return   6.315  success  0.57 (top 0.71/bot 0.20)  ep_len  428.7  hazard_steps  24.1  approx_kl 0.0092  SPS 620
[raw] iter 239/366  step  1957888  return   7.351  success  0.63 (top 0.78/bot 0.20)  ep_len  408.8  hazard_steps  27.1  approx_kl 0.0049  SPS 620
[raw] iter 240/366  step  1966080  return   6.747  success  0.58 (top 0.78/bot 0.20)  ep_len  418.6  hazard_steps  22.4  approx_kl 0.0053  SPS 620
[raw] iter 241/366  step  1974272  return   6.999  success  0.59 (top 0.82/bot 0.22)  ep_len  413.4  hazard_steps  22.0  approx_kl 0.0066  SPS 620
[raw] iter 242/366  step  1982464  return   6.558  success  0.55 (top 0.81/bot 0.22)  ep_len  418.4  hazard_steps  21.9  approx_kl 0.0064  SPS 620
[raw] iter 243/366  step  1990656  return   7.048  success  0.56 (top 0.81/bot 0.23)  ep_len  413.5  hazard_steps  17.7  approx_kl 0.0056  SPS 620
[raw] iter 244/366  step  1998848  return   5.513  success  0.45 (top 0.83/bot 0.23)  ep_len  447.3  hazard_steps  11.9  approx_kl 0.0040  SPS 620
[raw] iter 245/366  step  2007040  return   5.024  success  0.42 (top 0.83/bot 0.23)  ep_len  463.5  hazard_steps  10.4  approx_kl 0.0035  SPS 620
[raw] iter 246/366  step  2015232  return   5.234  success  0.42 (top 0.83/bot 0.19)  ep_len  464.4  hazard_steps  10.4  approx_kl 0.0063  SPS 620
[raw] iter 247/366  step  2023424  return   6.000  success  0.45 (top 0.83/bot 0.16)  ep_len  455.0  hazard_steps   5.5  approx_kl 0.0048  SPS 620
[raw] iter 248/366  step  2031616  return   6.559  success  0.47 (top 0.86/bot 0.14)  ep_len  446.1  hazard_steps   3.7  approx_kl 0.0044  SPS 620
[raw] iter 249/366  step  2039808  return   6.947  success  0.50 (top 0.84/bot 0.09)  ep_len  434.8  hazard_steps   3.7  approx_kl 0.0067  SPS 620
[raw] iter 250/366  step  2048000  return   7.839  success  0.54 (top 0.85/bot 0.08)  ep_len  416.1  hazard_steps   2.7  approx_kl 0.0074  SPS 620
[raw] iter 251/366  step  2056192  return   7.725  success  0.53 (top 0.84/bot 0.08)  ep_len  418.8  hazard_steps   1.2  approx_kl 0.0054  SPS 620
[raw] iter 252/366  step  2064384  return   6.947  success  0.48 (top 0.84/bot 0.04)  ep_len  434.6  hazard_steps   1.2  approx_kl 0.0049  SPS 620
[raw] iter 253/366  step  2072576  return   5.714  success  0.43 (top 0.84/bot 0.07)  ep_len  451.3  hazard_steps   5.6  approx_kl 0.0052  SPS 620
[raw] iter 254/366  step  2080768  return   5.737  success  0.43 (top 0.81/bot 0.06)  ep_len  451.1  hazard_steps   7.3  approx_kl 0.0054  SPS 620
[raw] iter 255/366  step  2088960  return   5.900  success  0.44 (top 0.79/bot 0.06)  ep_len  447.0  hazard_steps   9.2  approx_kl 0.0067  SPS 620
[raw] iter 256/366  step  2097152  return   5.202  success  0.40 (top 0.80/bot 0.06)  ep_len  459.3  hazard_steps   9.2  approx_kl 0.0027  SPS 620
[raw] iter 257/366  step  2105344  return   6.018  success  0.44 (top 0.82/bot 0.05)  ep_len  443.3  hazard_steps   8.7  approx_kl 0.0048  SPS 620
[raw] iter 258/366  step  2113536  return   6.147  success  0.44 (top 0.82/bot 0.05)  ep_len  442.2  hazard_steps   7.3  approx_kl 0.0057  SPS 620
[raw] iter 259/366  step  2121728  return   6.410  success  0.45 (top 0.80/bot 0.05)  ep_len  439.4  hazard_steps   6.3  approx_kl 0.0073  SPS 619
[raw] iter 260/366  step  2129920  return   6.067  success  0.44 (top 0.82/bot 0.06)  ep_len  443.9  hazard_steps   6.5  approx_kl 0.0083  SPS 619
[raw] iter 261/366  step  2138112  return   5.363  success  0.41 (top 0.81/bot 0.05)  ep_len  455.8  hazard_steps   5.4  approx_kl 0.0106  SPS 619
[raw] iter 262/366  step  2146304  return   5.320  success  0.41 (top 0.80/bot 0.05)  ep_len  455.7  hazard_steps   5.4  approx_kl 0.0072  SPS 619
[raw] iter 263/366  step  2154496  return   5.201  success  0.41 (top 0.79/bot 0.05)  ep_len  455.6  hazard_steps   5.4  approx_kl 0.0025  SPS 619
[raw] iter 264/366  step  2162688  return   5.072  success  0.40 (top 0.80/bot 0.04)  ep_len  459.2  hazard_steps   4.4  approx_kl 0.0068  SPS 619
[raw] iter 265/366  step  2170880  return   5.024  success  0.41 (top 0.81/bot 0.05)  ep_len  459.7  hazard_steps   5.4  approx_kl 0.0098  SPS 619
[raw] iter 266/366  step  2179072  return   4.121  success  0.35 (top 0.79/bot 0.05)  ep_len  479.5  hazard_steps   3.5  approx_kl 0.0107  SPS 619
[raw] iter 267/366  step  2187264  return   3.782  success  0.35 (top 0.79/bot 0.06)  ep_len  481.1  hazard_steps   8.5  approx_kl 0.0031  SPS 619
[raw] iter 268/366  step  2195456  return   3.389  success  0.33 (top 0.77/bot 0.06)  ep_len  487.9  hazard_steps   8.5  approx_kl 0.0059  SPS 619
[raw] iter 269/366  step  2203648  return   3.719  success  0.35 (top 0.68/bot 0.06)  ep_len  481.0  hazard_steps   8.0  approx_kl 0.0047  SPS 619
[raw] iter 270/366  step  2211840  return   4.297  success  0.39 (top 0.71/bot 0.06)  ep_len  467.6  hazard_steps   9.3  approx_kl 0.0041  SPS 619
[raw] iter 271/366  step  2220032  return   4.760  success  0.40 (top 0.69/bot 0.04)  ep_len  456.9  hazard_steps   7.1  approx_kl 0.0034  SPS 619
[raw] iter 272/366  step  2228224  return   4.963  success  0.41 (top 0.68/bot 0.04)  ep_len  453.7  hazard_steps   5.7  approx_kl 0.0050  SPS 619
[raw] iter 273/366  step  2236416  return   6.440  success  0.47 (top 0.68/bot 0.04)  ep_len  431.2  hazard_steps   1.4  approx_kl 0.0073  SPS 619
[raw] iter 274/366  step  2244608  return   4.939  success  0.40 (top 0.62/bot 0.04)  ep_len  456.6  hazard_steps   3.2  approx_kl 0.0057  SPS 619
[raw] iter 275/366  step  2252800  return   5.078  success  0.40 (top 0.66/bot 0.04)  ep_len  457.7  hazard_steps   1.9  approx_kl 0.0042  SPS 619
[raw] iter 276/366  step  2260992  return   5.120  success  0.40 (top 0.67/bot 0.04)  ep_len  457.1  hazard_steps   2.5  approx_kl 0.0032  SPS 619
[raw] iter 277/366  step  2269184  return   5.223  success  0.40 (top 0.68/bot 0.04)  ep_len  458.1  hazard_steps   3.0  approx_kl 0.0042  SPS 619
[raw] iter 278/366  step  2277376  return   4.062  success  0.34 (top 0.67/bot 0.01)  ep_len  479.2  hazard_steps   3.0  approx_kl 0.0044  SPS 619
[raw] iter 279/366  step  2285568  return   3.919  success  0.33 (top 0.71/bot 0.01)  ep_len  482.0  hazard_steps   3.0  approx_kl 0.0049  SPS 619
[raw] iter 280/366  step  2293760  return   5.328  success  0.40 (top 0.73/bot 0.00)  ep_len  456.2  hazard_steps   2.8  approx_kl 0.0053  SPS 619
[raw] iter 281/366  step  2301952  return   4.817  success  0.38 (top 0.72/bot 0.01)  ep_len  465.5  hazard_steps   4.2  approx_kl 0.0060  SPS 619
[raw] iter 282/366  step  2310144  return   5.432  success  0.41 (top 0.73/bot 0.02)  ep_len  454.6  hazard_steps   4.7  approx_kl 0.0054  SPS 619
[raw] iter 283/366  step  2318336  return   6.159  success  0.46 (top 0.72/bot 0.03)  ep_len  437.1  hazard_steps   4.7  approx_kl 0.0034  SPS 619
[raw] iter 284/366  step  2326528  return   6.610  success  0.48 (top 0.78/bot 0.03)  ep_len  429.9  hazard_steps   4.7  approx_kl 0.0053  SPS 619
[raw] iter 285/366  step  2334720  return   6.357  success  0.46 (top 0.78/bot 0.03)  ep_len  435.9  hazard_steps   3.1  approx_kl 0.0055  SPS 619
[raw] iter 286/366  step  2342912  return   6.763  success  0.49 (top 0.79/bot 0.05)  ep_len  423.9  hazard_steps   5.0  approx_kl 0.0029  SPS 619
[raw] iter 287/366  step  2351104  return   7.273  success  0.51 (top 0.83/bot 0.05)  ep_len  415.5  hazard_steps   3.5  approx_kl 0.0047  SPS 619
[raw] iter 288/366  step  2359296  return   6.018  success  0.44 (top 0.81/bot 0.05)  ep_len  438.7  hazard_steps   3.0  approx_kl 0.0061  SPS 619
[raw] iter 289/366  step  2367488  return   5.754  success  0.42 (top 0.82/bot 0.05)  ep_len  444.6  hazard_steps   2.6  approx_kl 0.0028  SPS 619
[raw] iter 290/366  step  2375680  return   5.395  success  0.40 (top 0.82/bot 0.05)  ep_len  450.8  hazard_steps   2.6  approx_kl 0.0053  SPS 619
[raw] iter 291/366  step  2383872  return   5.263  success  0.39 (top 0.81/bot 0.05)  ep_len  453.6  hazard_steps   2.2  approx_kl 0.0052  SPS 619
[raw] iter 292/366  step  2392064  return   4.937  success  0.37 (top 0.81/bot 0.04)  ep_len  460.1  hazard_steps   1.3  approx_kl 0.0042  SPS 619
[raw] iter 293/366  step  2400256  return   4.763  success  0.36 (top 0.80/bot 0.03)  ep_len  465.8  hazard_steps   1.3  approx_kl 0.0032  SPS 619
[raw] iter 294/366  step  2408448  return   5.747  success  0.41 (top 0.81/bot 0.02)  ep_len  447.7  hazard_steps   1.3  approx_kl 0.0028  SPS 619
[raw] iter 295/366  step  2416640  return   5.528  success  0.40 (top 0.80/bot 0.02)  ep_len  453.0  hazard_steps   1.1  approx_kl 0.0045  SPS 619
[raw] iter 296/366  step  2424832  return   5.479  success  0.40 (top 0.80/bot 0.02)  ep_len  453.7  hazard_steps   1.1  approx_kl 0.0070  SPS 619
[raw] iter 297/366  step  2433024  return   4.682  success  0.36 (top 0.79/bot 0.00)  ep_len  468.7  hazard_steps   2.1  approx_kl 0.0036  SPS 619
[raw] iter 298/366  step  2441216  return   4.983  success  0.38 (top 0.76/bot 0.00)  ep_len  461.6  hazard_steps   1.0  approx_kl 0.0035  SPS 619
[raw] iter 299/366  step  2449408  return   5.297  success  0.40 (top 0.78/bot 0.00)  ep_len  453.0  hazard_steps   1.6  approx_kl 0.0051  SPS 618
[raw] iter 300/366  step  2457600  return   5.709  success  0.42 (top 0.80/bot 0.01)  ep_len  447.6  hazard_steps   2.1  approx_kl 0.0036  SPS 618
[raw] iter 301/366  step  2465792  return   6.042  success  0.44 (top 0.81/bot 0.01)  ep_len  439.6  hazard_steps   2.3  approx_kl 0.0064  SPS 618
[raw] iter 302/366  step  2473984  return   6.324  success  0.46 (top 0.81/bot 0.01)  ep_len  432.6  hazard_steps   1.3  approx_kl 0.0031  SPS 618
[raw] iter 303/366  step  2482176  return   6.295  success  0.45 (top 0.82/bot 0.01)  ep_len  436.4  hazard_steps   1.3  approx_kl 0.0024  SPS 618
[raw] iter 304/366  step  2490368  return   6.276  success  0.45 (top 0.84/bot 0.01)  ep_len  435.8  hazard_steps   1.3  approx_kl 0.0037  SPS 618
[raw] iter 305/366  step  2498560  return   6.228  success  0.44 (top 0.86/bot 0.01)  ep_len  436.8  hazard_steps   0.2  approx_kl 0.0044  SPS 618
[raw] iter 306/366  step  2506752  return   7.413  success  0.50 (top 0.89/bot 0.01)  ep_len  415.2  hazard_steps   0.0  approx_kl 0.0028  SPS 618
[raw] iter 307/366  step  2514944  return   7.723  success  0.51 (top 0.90/bot 0.01)  ep_len  412.0  hazard_steps   0.0  approx_kl 0.0054  SPS 618
[raw] iter 308/366  step  2523136  return   8.433  success  0.55 (top 0.91/bot 0.01)  ep_len  397.7  hazard_steps   0.2  approx_kl 0.0049  SPS 618
[raw] iter 309/366  step  2531328  return   9.182  success  0.59 (top 0.90/bot 0.01)  ep_len  383.4  hazard_steps   0.8  approx_kl 0.0076  SPS 618
[raw] iter 310/366  step  2539520  return   8.038  success  0.53 (top 0.90/bot 0.01)  ep_len  405.9  hazard_steps   0.8  approx_kl 0.0057  SPS 618
[raw] iter 311/366  step  2547712  return   7.493  success  0.50 (top 0.92/bot 0.00)  ep_len  416.5  hazard_steps   0.8  approx_kl 0.0046  SPS 618
[raw] iter 312/366  step  2555904  return   7.587  success  0.50 (top 0.92/bot 0.00)  ep_len  418.7  hazard_steps   0.8  approx_kl 0.0053  SPS 619
[raw] iter 313/366  step  2564096  return   7.635  success  0.50 (top 0.92/bot 0.00)  ep_len  418.6  hazard_steps   0.6  approx_kl 0.0039  SPS 618
[raw] iter 314/366  step  2572288  return   6.957  success  0.46 (top 0.92/bot 0.00)  ep_len  432.7  hazard_steps   0.6  approx_kl 0.0067  SPS 619
[raw] iter 315/366  step  2580480  return   5.932  success  0.42 (top 0.90/bot 0.01)  ep_len  448.2  hazard_steps   3.1  approx_kl 0.0075  SPS 619
[raw] iter 316/366  step  2588672  return   6.345  success  0.44 (top 0.91/bot 0.01)  ep_len  441.0  hazard_steps   3.1  approx_kl 0.0035  SPS 619
[raw] iter 317/366  step  2596864  return   5.554  success  0.40 (top 0.92/bot 0.01)  ep_len  452.7  hazard_steps   4.5  approx_kl 0.0038  SPS 619
[raw] iter 318/366  step  2605056  return   5.772  success  0.43 (top 0.91/bot 0.01)  ep_len  440.9  hazard_steps   8.5  approx_kl 0.0046  SPS 619
[raw] iter 319/366  step  2613248  return   5.751  success  0.45 (top 0.90/bot 0.04)  ep_len  438.0  hazard_steps  12.1  approx_kl 0.0009  SPS 619
[raw] iter 320/366  step  2621440  return   4.490  success  0.42 (top 0.90/bot 0.05)  ep_len  450.0  hazard_steps  18.0  approx_kl 0.0021  SPS 619
[raw] iter 321/366  step  2629632  return   5.114  success  0.48 (top 0.90/bot 0.07)  ep_len  431.5  hazard_steps  22.0  approx_kl 0.0037  SPS 619
[raw] iter 322/366  step  2637824  return   4.721  success  0.51 (top 0.89/bot 0.09)  ep_len  426.8  hazard_steps  29.6  approx_kl 0.0047  SPS 618
[raw] iter 323/366  step  2646016  return   5.016  success  0.53 (top 0.89/bot 0.10)  ep_len  423.3  hazard_steps  30.1  approx_kl 0.0085  SPS 618
[raw] iter 324/366  step  2654208  return   7.604  success  0.62 (top 0.90/bot 0.10)  ep_len  386.4  hazard_steps  25.1  approx_kl 0.0054  SPS 618
[raw] iter 325/366  step  2662400  return   7.306  success  0.60 (top 0.91/bot 0.10)  ep_len  389.2  hazard_steps  24.7  approx_kl 0.0036  SPS 618
[raw] iter 326/366  step  2670592  return   6.755  success  0.57 (top 0.89/bot 0.10)  ep_len  402.1  hazard_steps  25.8  approx_kl 0.0030  SPS 618
[raw] iter 327/366  step  2678784  return   7.687  success  0.56 (top 0.90/bot 0.10)  ep_len  399.4  hazard_steps  16.6  approx_kl 0.0035  SPS 618
[raw] iter 328/366  step  2686976  return   6.205  success  0.46 (top 0.89/bot 0.10)  ep_len  432.5  hazard_steps  11.2  approx_kl 0.0041  SPS 618
[raw] iter 329/366  step  2695168  return   6.296  success  0.46 (top 0.91/bot 0.09)  ep_len  432.4  hazard_steps   9.5  approx_kl 0.0039  SPS 618
[raw] iter 330/366  step  2703360  return   7.000  success  0.48 (top 0.92/bot 0.07)  ep_len  425.3  hazard_steps   3.9  approx_kl 0.0061  SPS 618
[raw] iter 331/366  step  2711552  return   7.297  success  0.50 (top 0.94/bot 0.06)  ep_len  415.1  hazard_steps   4.2  approx_kl 0.0074  SPS 618
[raw] iter 332/366  step  2719744  return   7.165  success  0.49 (top 0.95/bot 0.05)  ep_len  420.9  hazard_steps   2.5  approx_kl 0.0039  SPS 618
[raw] iter 333/366  step  2727936  return   8.386  success  0.56 (top 0.95/bot 0.03)  ep_len  394.5  hazard_steps   3.9  approx_kl 0.0047  SPS 618
[raw] iter 334/366  step  2736128  return   8.363  success  0.57 (top 0.95/bot 0.03)  ep_len  392.9  hazard_steps   4.5  approx_kl 0.0065  SPS 618
[raw] iter 335/366  step  2744320  return   6.898  success  0.50 (top 0.94/bot 0.04)  ep_len  421.0  hazard_steps   5.2  approx_kl 0.0054  SPS 618
[raw] iter 336/366  step  2752512  return   7.937  success  0.54 (top 0.96/bot 0.03)  ep_len  404.6  hazard_steps   3.1  approx_kl 0.0045  SPS 618
[raw] iter 337/366  step  2760704  return   7.582  success  0.52 (top 0.94/bot 0.03)  ep_len  409.4  hazard_steps   2.7  approx_kl 0.0043  SPS 618
[raw] iter 338/366  step  2768896  return   7.103  success  0.49 (top 0.91/bot 0.03)  ep_len  421.2  hazard_steps   1.3  approx_kl 0.0091  SPS 618
[raw] iter 339/366  step  2777088  return   7.376  success  0.50 (top 0.90/bot 0.03)  ep_len  420.0  hazard_steps   1.3  approx_kl 0.0068  SPS 618
[raw] iter 340/366  step  2785280  return   7.545  success  0.50 (top 0.88/bot 0.03)  ep_len  413.8  hazard_steps   0.0  approx_kl 0.0027  SPS 618
[raw] iter 341/366  step  2793472  return   6.409  success  0.44 (top 0.86/bot 0.03)  ep_len  437.0  hazard_steps   0.0  approx_kl 0.0026  SPS 618
[raw] iter 342/366  step  2801664  return   6.955  success  0.47 (top 0.86/bot 0.03)  ep_len  425.4  hazard_steps   1.0  approx_kl 0.0035  SPS 618
[raw] iter 343/366  step  2809856  return   7.045  success  0.48 (top 0.85/bot 0.05)  ep_len  425.9  hazard_steps   2.4  approx_kl 0.0049  SPS 618
[raw] iter 344/366  step  2818048  return   6.819  success  0.47 (top 0.86/bot 0.04)  ep_len  427.4  hazard_steps   3.8  approx_kl 0.0039  SPS 618
[raw] iter 345/366  step  2826240  return   7.032  success  0.48 (top 0.82/bot 0.04)  ep_len  423.5  hazard_steps   3.8  approx_kl 0.0026  SPS 618
[raw] iter 346/366  step  2834432  return   7.409  success  0.50 (top 0.85/bot 0.02)  ep_len  415.7  hazard_steps   5.0  approx_kl 0.0049  SPS 618
[raw] iter 347/366  step  2842624  return   7.947  success  0.53 (top 0.87/bot 0.03)  ep_len  407.5  hazard_steps   5.1  approx_kl 0.0049  SPS 618
[raw] iter 348/366  step  2850816  return   8.621  success  0.56 (top 0.87/bot 0.04)  ep_len  394.2  hazard_steps   4.2  approx_kl 0.0024  SPS 618
[raw] iter 349/366  step  2859008  return   8.170  success  0.54 (top 0.85/bot 0.04)  ep_len  402.0  hazard_steps   5.2  approx_kl 0.0038  SPS 618
[raw] iter 350/366  step  2867200  return   7.206  success  0.50 (top 0.82/bot 0.04)  ep_len  417.1  hazard_steps   6.7  approx_kl 0.0033  SPS 618
[raw] iter 351/366  step  2875392  return   7.551  success  0.52 (top 0.79/bot 0.04)  ep_len  409.9  hazard_steps   5.5  approx_kl 0.0068  SPS 618
[raw] iter 352/366  step  2883584  return   7.273  success  0.50 (top 0.77/bot 0.04)  ep_len  416.1  hazard_steps   4.4  approx_kl 0.0061  SPS 618
[raw] iter 353/366  step  2891776  return   6.413  success  0.45 (top 0.79/bot 0.04)  ep_len  430.6  hazard_steps   3.8  approx_kl 0.0056  SPS 618
[raw] iter 354/366  step  2899968  return   6.218  success  0.43 (top 0.79/bot 0.04)  ep_len  438.1  hazard_steps   1.5  approx_kl 0.0068  SPS 618
[raw] iter 355/366  step  2908160  return   6.436  success  0.44 (top 0.79/bot 0.05)  ep_len  436.9  hazard_steps   3.3  approx_kl 0.0051  SPS 618
[raw] iter 356/366  step  2916352  return   6.367  success  0.43 (top 0.79/bot 0.03)  ep_len  440.6  hazard_steps   3.3  approx_kl 0.0018  SPS 618
[raw] iter 357/366  step  2924544  return   6.280  success  0.43 (top 0.81/bot 0.04)  ep_len  444.2  hazard_steps   4.8  approx_kl 0.0011  SPS 618
[raw] iter 358/366  step  2932736  return   5.749  success  0.40 (top 0.80/bot 0.04)  ep_len  455.9  hazard_steps   4.8  approx_kl 0.0018  SPS 618
[raw] iter 359/366  step  2940928  return   5.526  success  0.41 (top 0.81/bot 0.02)  ep_len  452.3  hazard_steps   9.3  approx_kl 0.0045  SPS 618
[raw] iter 360/366  step  2949120  return   5.458  success  0.40 (top 0.82/bot 0.02)  ep_len  452.8  hazard_steps   6.7  approx_kl 0.0024  SPS 618
[raw] iter 361/366  step  2957312  return   6.387  success  0.45 (top 0.86/bot 0.02)  ep_len  434.1  hazard_steps   6.8  approx_kl 0.0066  SPS 618
[raw] iter 362/366  step  2965504  return   5.820  success  0.42 (top 0.83/bot 0.02)  ep_len  443.1  hazard_steps   6.7  approx_kl 0.0004  SPS 619
[raw] iter 363/366  step  2973696  return   4.775  success  0.37 (top 0.83/bot 0.02)  ep_len  461.9  hazard_steps   6.5  approx_kl 0.0002  SPS 619
[raw] iter 364/366  step  2981888  return   4.868  success  0.37 (top 0.84/bot 0.02)  ep_len  461.9  hazard_steps   3.9  approx_kl 0.0007  SPS 620
[raw] iter 365/366  step  2990080  return   5.224  success  0.38 (top 0.83/bot 0.02)  ep_len  458.6  hazard_steps   2.0  approx_kl 0.0001  SPS 621
[raw] iter 366/366  step  2998272  return   4.677  success  0.35 (top 0.82/bot 0.01)  ep_len  471.5  hazard_steps   1.3  approx_kl 0.0000  SPS 621

[raw/seed1] FINAL success 0.350  hazard_steps 1.27
saved policy -> runs/race_v4/raw_s1.pt
wrote run json -> runs/race_v4/raw_s1.json
