[INFO][AppLauncher]: Using device: cuda:0
[INFO][AppLauncher]: Loading experience file: /data/howard/isaac/IsaacLab/apps/isaaclab.python.headless.rendering.kit
Loading user config located at: '/data/howard/isaac/envs/isaaclab/lib/python3.11/site-packages/isaacsim/kit/data/Kit/Isaac-Sim/5.1/user.config.json'
[Info] [carb] Logging to file: /data/howard/isaac/envs/isaaclab/lib/python3.11/site-packages/isaacsim/kit/logs/Kit/Isaac-Sim/5.1/kit_20260714_231515.log
2026-07-14T23:15:15Z [137ms] [Warning] [carb.windowing-glfw.plugin] GLFW initialization failed.
2026-07-14T23:15:15Z [137ms] [Warning] [carb] Failed to startup plugin carb.windowing-glfw.plugin (interfaces: [carb::windowing::IGLContext v1.0],[carb::windowing::IWindowing v1.5]) (impl: carb.windowing-glfw.plugin)
2026-07-14T23:15:15Z [200ms] [Warning] [omni.platforminfo.plugin] failed to open the default display.  Can't verify X Server version.
2026-07-14T23:15:15Z [201ms] [Warning] [carb.cudainterop.plugin] CUDA_VISIBLE_DEVICES environment variable is set.
2026-07-14T23:15:15Z [201ms] [Warning] [carb.cudainterop.plugin] Note CUDA device enumeration and Omniverse device enumeration are different.
2026-07-14T23:15:15Z [201ms] [Warning] [carb.cudainterop.plugin] Setting CUDA_VISIBLE_DEVICES can lead to undesired behavior or crashes.
2026-07-14T23:15:15Z [506ms] [Warning] [carb.windowing-glfw.plugin] GLFW initialization failed.
2026-07-14T23:15:15Z [506ms] [Warning] [carb] Failed to startup plugin carb.windowing-glfw.plugin (interfaces: [carb::windowing::IGLContext v1.0],[carb::windowing::IWindowing v1.5]) (impl: carb.windowing-glfw.plugin)
2026-07-14T23:15:15Z [630ms] [Warning] [gpu.foundation.plugin] Skipping NVIDIA GPU due CUDA being in bad state: NVIDIA RTX 6000 Ada Generation
2026-07-14T23:15:15Z [630ms] [Warning] [gpu.foundation.plugin] Please restart your system if CUDA is known to work in your system.
2026-07-14T23:15:15Z [630ms] [Warning] [gpu.foundation.plugin] Skipping NVIDIA GPU due CUDA being in bad state: NVIDIA RTX 6000 Ada Generation
2026-07-14T23:15:15Z [630ms] [Warning] [gpu.foundation.plugin] Please restart your system if CUDA is known to work in your system.
2026-07-14T23:15:15Z [631ms] [Warning] [gpu.foundation.plugin] Skipping NVIDIA GPU due CUDA being in bad state: NVIDIA RTX 6000 Ada Generation
2026-07-14T23:15:15Z [631ms] [Warning] [gpu.foundation.plugin] Please restart your system if CUDA is known to work in your system.
2026-07-14T23:15:15Z [631ms] [Warning] [gpu.foundation.plugin] Skipping NVIDIA GPU due CUDA being in bad state: NVIDIA RTX 6000 Ada Generation
2026-07-14T23:15:15Z [631ms] [Warning] [gpu.foundation.plugin] Please restart your system if CUDA is known to work in your system.
2026-07-14T23:15:15Z [631ms] [Warning] [gpu.foundation.plugin] Skipping NVIDIA GPU due CUDA being in bad state: NVIDIA RTX 6000 Ada Generation
2026-07-14T23:15:15Z [631ms] [Warning] [gpu.foundation.plugin] Please restart your system if CUDA is known to work in your system.
2026-07-14T23:15:15Z [631ms] [Warning] [gpu.foundation.plugin] Skipping NVIDIA GPU due CUDA being in bad state: NVIDIA RTX 6000 Ada Generation
2026-07-14T23:15:15Z [631ms] [Warning] [gpu.foundation.plugin] Please restart your system if CUDA is known to work in your system.

|---------------------------------------------------------------------------------------------|
| Driver Version: 550.90.12     | Graphics API: Vulkan
|=============================================================================================|
| GPU | Name                             | Active | LDA | GPU Memory | Vendor-ID | LUID       |
|     |                                  |        |     |            | Device-ID | UUID       |
|     |                                  |        |     |            | Bus-ID    |            |
|---------------------------------------------------------------------------------------------|
| 0   | NVIDIA RTX 6000 Ada Generation   |        |     | 49386   MB | 10de      | 0          |
|     |                                  |        |     |            | 26b1      | df04a158.. |
|     |                                  |        |     |            | 1         |            |
|---------------------------------------------------------------------------------------------|
| 1   | NVIDIA RTX 6000 Ada Generation   | Yes: 0 |     | 49386   MB | 10de      | 0          |
|     |                                  |        |     |            | 26b1      | 5cfd6483.. |
|     |                                  |        |     |            | 2c        |            |
|---------------------------------------------------------------------------------------------|
| 2   | NVIDIA RTX 6000 Ada Generation   |        |     | 49386   MB | 10de      | 0          |
|     |                                  |        |     |            | 26b1      | bdb0e57d.. |
|     |                                  |        |     |            | 41        |            |
|---------------------------------------------------------------------------------------------|
| 3   | NVIDIA RTX 6000 Ada Generation   |        |     | 49386   MB | 10de      | 0          |
|     |                                  |        |     |            | 26b1      | 21e14e0d.. |
|     |                                  |        |     |            | 61        |            |
|=============================================================================================|
| OS: 22.04.5 LTS (Jammy Jellyfish) ubuntu, Version: 22.04.5, Kernel: 5.15.0-181-generic
| Processor: AMD Ryzen Threadripper PRO 5995WX 64-Cores
| Cores: 64 | Logical Cores: 128
|---------------------------------------------------------------------------------------------|
| Total Memory (MB): 515582 | Free Memory: 462850
| Total Page/Swap (MB): 10239 | Free Page/Swap: 8583
|---------------------------------------------------------------------------------------------|
2026-07-14T23:15:16Z [1,513ms] [Warning] [carb.windowing-glfw.plugin] GLFW initialization failed.
2026-07-14T23:15:16Z [1,513ms] [Warning] [carb] Failed to startup plugin carb.windowing-glfw.plugin (interfaces: [carb::windowing::IGLContext v1.0],[carb::windowing::IWindowing v1.5]) (impl: carb.windowing-glfw.plugin)
2026-07-14T23:15:16Z [1,523ms] [Warning] [carb.windowing-glfw.plugin] GLFW initialization failed.
2026-07-14T23:15:16Z [1,523ms] [Warning] [carb] Failed to startup plugin carb.windowing-glfw.plugin (interfaces: [carb::windowing::IGLContext v1.0],[carb::windowing::IWindowing v1.5]) (impl: carb.windowing-glfw.plugin)
2026-07-14T23:15:16Z [1,529ms] [Warning] [carb.windowing-glfw.plugin] GLFW initialization failed.
2026-07-14T23:15:16Z [1,529ms] [Warning] [carb] Failed to startup plugin carb.windowing-glfw.plugin (interfaces: [carb::windowing::IGLContext v1.0],[carb::windowing::IWindowing v1.5]) (impl: carb.windowing-glfw.plugin)
2026-07-14T23:15:16Z [1,537ms] [Warning] [carb.windowing-glfw.plugin] GLFW initialization failed.
2026-07-14T23:15:16Z [1,537ms] [Warning] [carb] Failed to startup plugin carb.windowing-glfw.plugin (interfaces: [carb::windowing::IGLContext v1.0],[carb::windowing::IWindowing v1.5]) (impl: carb.windowing-glfw.plugin)
2026-07-14T23:15:16Z [1,538ms] [Warning] [carb.windowing-glfw.plugin] GLFW initialization failed.
2026-07-14T23:15:16Z [1,538ms] [Warning] [carb] Failed to startup plugin carb.windowing-glfw.plugin (interfaces: [carb::windowing::IGLContext v1.0],[carb::windowing::IWindowing v1.5]) (impl: carb.windowing-glfw.plugin)
2026-07-14T23:15:16Z [1,539ms] [Warning] [carb.windowing-glfw.plugin] GLFW initialization failed.
2026-07-14T23:15:16Z [1,539ms] [Warning] [carb] Failed to startup plugin carb.windowing-glfw.plugin (interfaces: [carb::windowing::IGLContext v1.0],[carb::windowing::IWindowing v1.5]) (impl: carb.windowing-glfw.plugin)
2026-07-14T23:15:16Z [1,731ms] [Warning] [omni.log] Source: omni.hydra was already registered.
2026-07-14T23:15:17Z [2,028ms] [Warning] [carb] Acquiring non optional plugin interface which is not listed as dependency: [omni::physx::IPhysxBenchmarks v1.0] (plugin: <default plugin>), by client: omni.physics.physx.plugin. Add it to CARB_PLUGIN_IMPL_DEPS() macro of a client.
2026-07-14T23:15:17Z [2,040ms] [Warning] [omni.isaac.dynamic_control] omni.isaac.dynamic_control is deprecated as of Isaac Sim 4.5. No action is needed from end-users.
2026-07-14T23:15:19Z [3,962ms] [Warning] [pxr.Semantics] pxr.Semantics is deprecated - please use Semantics instead
2026-07-14T23:15:19Z [4,071ms] [Warning] [omni.graph.core.plugin] Found duplicate of category 'Replicator' - was 'Annotators', adding 'Fabric Reader'
2026-07-14T23:15:19Z [4,071ms] [Warning] [omni.graph.core.plugin] Category 'Replicator' not accepted on node type 'omni.replicator.core.FabricReader' in extension 'omni.replicator.core'
2026-07-14T23:15:19Z [4,072ms] [Warning] [omni.replicator.core.scripts.extension] No material configuration file, adding configuration to material settings directly.
2026-07-14T23:15:20Z [5,425ms] [Warning] [omni.kvdb.plugin] Disabling key-value database because another kit process is locking it
2026-07-14T23:15:22Z [7,598ms] [Warning] [omni.fabric.plugin] Warning: attribute viewportHandle not found for bucket id 7

2026-07-14T23:15:23Z [8,069ms] [Warning] [isaaclab.envs.direct_marl_env] Seed not set for the environment. The environment creation may not be deterministic.

[36m========================================================================================================[0m
[36m[1m[INFO][IsaacLab]: Logging to file: /data/howard/isaac/tmp/isaaclab/logs/isaaclab_2026-07-14_23-15-23.log[0m
[36m========================================================================================================[0m

[33m23:15:23 [simulation_context.py] WARNING: The `enable_external_forces_every_iteration` parameter in the PhysxCfg is set to False. If you are experiencing noisy velocities, consider enabling this flag. You may need to slightly increase the number of velocity iterations (setting it to 1 or 2 rather than 0), together with this flag, to improve the accuracy of velocity updates.[0m
[INFO]: Base environment:
	Environment device    : cuda:0
	Environment seed      : None
	Physics step-size     : 0.016666666666666666
	Rendering step-size   : 0.1
	Environment step-size : 0.1
[INFO]: Time taken for scene creation : 1.352398 seconds
[INFO]: Scene manager:  <class InteractiveScene>
	Number of environments: 64
	Environment spacing   : 12.0
	Source prim name      : /World/envs/env_0
	Global prim paths     : []
	Replicate physics     : True
[INFO]: Starting the simulation. This may take a few seconds. Please wait...
[INFO]: Time taken for simulation start : 3.163538 seconds
[INFO]: Completed setting up the environment...
condition=z_t  wire_dim=66  trainable=132,743 (encoder frozen)
2026-07-14T23:15:34Z [19,804ms] [Warning] [carb] Client gpu.foundation.plugin has acquired [gpu::unstable::IMemoryBudgetManagerFactory v0.1] 100 times. Consider accessing this interface with carb::getCachedInterface() (Performance warning)
[z_t] iter   1/366  step     8192  return     nan  success   nan (top  nan/bot  nan)  ep_len    nan  hazard_steps   nan  approx_kl 0.0101  SPS 491
[z_t] iter   2/366  step    16384  return     nan  success   nan (top  nan/bot  nan)  ep_len    nan  hazard_steps   nan  approx_kl 0.0281  SPS 495
[z_t] iter   3/366  step    24576  return     nan  success   nan (top  nan/bot  nan)  ep_len    nan  hazard_steps   nan  approx_kl 0.0068  SPS 494
[z_t] iter   4/366  step    32768  return     nan  success   nan (top  nan/bot  nan)  ep_len    nan  hazard_steps   nan  approx_kl 0.0036  SPS 490
[z_t] iter   5/366  step    40960  return  -2.399  success  0.00 (top 0.00/bot 0.00)  ep_len  599.0  hazard_steps   0.0  approx_kl 0.0148  SPS 489
[z_t] iter   6/366  step    49152  return  -2.399  success  0.00 (top 0.00/bot 0.00)  ep_len  599.0  hazard_steps   0.0  approx_kl 0.0145  SPS 489
[z_t] iter   7/366  step    57344  return  -2.399  success  0.00 (top 0.00/bot 0.00)  ep_len  599.0  hazard_steps   0.0  approx_kl 0.0069  SPS 490
[z_t] iter   8/366  step    65536  return  -2.399  success  0.00 (top 0.00/bot 0.00)  ep_len  599.0  hazard_steps   0.0  approx_kl 0.0045  SPS 490
[z_t] iter   9/366  step    73728  return  -2.399  success  0.00 (top 0.00/bot 0.00)  ep_len  599.0  hazard_steps   0.0  approx_kl 0.0093  SPS 489
[z_t] iter  10/366  step    81920  return  -2.474  success  0.00 (top 0.00/bot 0.00)  ep_len  599.0  hazard_steps   2.9  approx_kl 0.0079  SPS 488
[z_t] iter  11/366  step    90112  return  -2.474  success  0.00 (top 0.00/bot 0.00)  ep_len  599.0  hazard_steps   2.9  approx_kl 0.0085  SPS 489
[z_t] iter  12/366  step    98304  return  -2.474  success  0.00 (top 0.00/bot 0.00)  ep_len  599.0  hazard_steps   2.9  approx_kl 0.0063  SPS 490
[z_t] iter  13/366  step   106496  return  -2.474  success  0.00 (top 0.00/bot 0.00)  ep_len  599.0  hazard_steps   2.9  approx_kl 0.0036  SPS 489
[z_t] iter  14/366  step   114688  return  -2.316  success  0.01 (top 0.02/bot 0.00)  ep_len  598.5  hazard_steps   2.9  approx_kl 0.0230  SPS 489
[z_t] iter  15/366  step   122880  return  -2.015  success  0.01 (top 0.01/bot 0.00)  ep_len  598.5  hazard_steps   2.1  approx_kl 0.0143  SPS 488
[z_t] iter  16/366  step   131072  return  -2.015  success  0.01 (top 0.01/bot 0.00)  ep_len  598.5  hazard_steps   2.1  approx_kl 0.0109  SPS 489
[z_t] iter  17/366  step   139264  return  -2.015  success  0.01 (top 0.01/bot 0.00)  ep_len  598.5  hazard_steps   2.1  approx_kl 0.0040  SPS 489
[z_t] iter  18/366  step   147456  return  -1.801  success  0.02 (top 0.02/bot 0.00)  ep_len  596.6  hazard_steps   1.1  approx_kl 0.0064  SPS 488
[z_t] iter  19/366  step   155648  return  -1.824  success  0.03 (top 0.03/bot 0.01)  ep_len  595.9  hazard_steps   6.7  approx_kl 0.0061  SPS 488
[z_t] iter  20/366  step   163840  return  -1.824  success  0.03 (top 0.03/bot 0.01)  ep_len  595.9  hazard_steps   6.7  approx_kl 0.0093  SPS 488
[z_t] iter  21/366  step   172032  return  -1.824  success  0.03 (top 0.03/bot 0.01)  ep_len  595.9  hazard_steps   6.7  approx_kl 0.0071  SPS 489
[z_t] iter  22/366  step   180224  return  -1.831  success  0.03 (top 0.03/bot 0.01)  ep_len  595.9  hazard_steps   6.7  approx_kl 0.0093  SPS 489
[z_t] iter  23/366  step   188416  return  -1.678  success  0.04 (top 0.03/bot 0.02)  ep_len  595.2  hazard_steps   7.5  approx_kl 0.0098  SPS 488
[z_t] iter  24/366  step   196608  return  -1.676  success  0.01 (top 0.03/bot 0.02)  ep_len  598.3  hazard_steps   2.1  approx_kl 0.0058  SPS 488
[z_t] iter  25/366  step   204800  return  -1.676  success  0.01 (top 0.03/bot 0.02)  ep_len  598.3  hazard_steps   2.1  approx_kl 0.0067  SPS 489
[z_t] iter  26/366  step   212992  return  -1.676  success  0.01 (top 0.03/bot 0.02)  ep_len  598.3  hazard_steps   2.1  approx_kl 0.0048  SPS 489
[z_t] iter  27/366  step   221184  return  -1.676  success  0.01 (top 0.03/bot 0.02)  ep_len  598.3  hazard_steps   2.1  approx_kl 0.0054  SPS 489
[z_t] iter  28/366  step   229376  return  -1.706  success  0.01 (top 0.03/bot 0.02)  ep_len  598.3  hazard_steps   2.1  approx_kl 0.0164  SPS 489
[z_t] iter  29/366  step   237568  return  -1.908  success  0.00 (top 0.02/bot 0.01)  ep_len  599.0  hazard_steps   0.0  approx_kl 0.0090  SPS 490
[z_t] iter  30/366  step   245760  return  -1.908  success  0.00 (top 0.02/bot 0.01)  ep_len  599.0  hazard_steps   0.0  approx_kl 0.0060  SPS 490
[z_t] iter  31/366  step   253952  return  -1.058  success  0.05 (top 0.06/bot 0.02)  ep_len  586.3  hazard_steps   0.6  approx_kl 0.0106  SPS 491
[z_t] iter  32/366  step   262144  return  -0.137  success  0.11 (top 0.11/bot 0.03)  ep_len  578.9  hazard_steps   1.2  approx_kl 0.0133  SPS 491
[z_t] iter  33/366  step   270336  return   0.142  success  0.15 (top 0.12/bot 0.03)  ep_len  576.5  hazard_steps  10.0  approx_kl 0.0103  SPS 491
[z_t] iter  34/366  step   278528  return   0.341  success  0.16 (top 0.13/bot 0.03)  ep_len  573.1  hazard_steps  10.0  approx_kl 0.0078  SPS 491
[z_t] iter  35/366  step   286720  return   0.515  success  0.17 (top 0.14/bot 0.03)  ep_len  570.1  hazard_steps  10.0  approx_kl 0.0140  SPS 491
[z_t] iter  36/366  step   294912  return   1.000  success  0.20 (top 0.17/bot 0.03)  ep_len  562.1  hazard_steps  12.5  approx_kl 0.0065  SPS 491
[z_t] iter  37/366  step   303104  return   0.929  success  0.21 (top 0.18/bot 0.03)  ep_len  560.8  hazard_steps  17.4  approx_kl 0.0121  SPS 490
[z_t] iter  38/366  step   311296  return  -0.716  success  0.06 (top 0.18/bot 0.03)  ep_len  583.3  hazard_steps  13.0  approx_kl 0.0056  SPS 490
[z_t] iter  39/366  step   319488  return  -0.794  success  0.06 (top 0.18/bot 0.03)  ep_len  583.3  hazard_steps  13.0  approx_kl 0.0087  SPS 490
[z_t] iter  40/366  step   327680  return  -0.661  success  0.07 (top 0.19/bot 0.03)  ep_len  580.1  hazard_steps  13.0  approx_kl 0.0096  SPS 490
[z_t] iter  41/366  step   335872  return  -0.617  success  0.07 (top 0.19/bot 0.03)  ep_len  580.1  hazard_steps  13.0  approx_kl 0.0080  SPS 490
[z_t] iter  42/366  step   344064  return  -0.566  success  0.07 (top 0.19/bot 0.03)  ep_len  580.1  hazard_steps  13.0  approx_kl 0.0073  SPS 489
[z_t] iter  43/366  step   352256  return  -1.362  success  0.01 (top 0.19/bot 0.03)  ep_len  595.8  hazard_steps   2.7  approx_kl 0.0065  SPS 489
[z_t] iter  44/366  step   360448  return  -1.439  success  0.01 (top 0.19/bot 0.03)  ep_len  595.8  hazard_steps   3.7  approx_kl 0.0085  SPS 489
[z_t] iter  45/366  step   368640  return  -0.938  success  0.04 (top 0.22/bot 0.00)  ep_len  588.2  hazard_steps   3.7  approx_kl 0.0117  SPS 489
[z_t] iter  46/366  step   376832  return  -0.181  success  0.08 (top 0.20/bot 0.01)  ep_len  582.5  hazard_steps   2.4  approx_kl 0.0208  SPS 489
[z_t] iter  47/366  step   385024  return   0.267  success  0.10 (top 0.16/bot 0.01)  ep_len  581.8  hazard_steps   1.4  approx_kl 0.0087  SPS 488
[z_t] iter  48/366  step   393216  return   0.267  success  0.10 (top 0.16/bot 0.01)  ep_len  581.8  hazard_steps   1.4  approx_kl 0.0095  SPS 488
[z_t] iter  49/366  step   401408  return   0.781  success  0.13 (top 0.19/bot 0.01)  ep_len  574.1  hazard_steps   1.4  approx_kl 0.0084  SPS 488
[z_t] iter  50/366  step   409600  return   0.765  success  0.13 (top 0.16/bot 0.01)  ep_len  574.1  hazard_steps   1.4  approx_kl 0.0172  SPS 488
[z_t] iter  51/366  step   417792  return   0.768  success  0.13 (top 0.14/bot 0.01)  ep_len  574.1  hazard_steps   1.4  approx_kl 0.0060  SPS 488
[z_t] iter  52/366  step   425984  return  -1.001  success  0.04 (top 0.13/bot 0.01)  ep_len  591.3  hazard_steps   0.0  approx_kl 0.0049  SPS 487
[z_t] iter  53/366  step   434176  return  -1.190  success  0.03 (top 0.13/bot 0.01)  ep_len  591.4  hazard_steps   0.0  approx_kl 0.0142  SPS 488
[z_t] iter  54/366  step   442368  return  -1.258  success  0.03 (top 0.13/bot 0.01)  ep_len  591.4  hazard_steps   0.0  approx_kl 0.0065  SPS 488
[z_t] iter  55/366  step   450560  return  -1.234  success  0.04 (top 0.14/bot 0.01)  ep_len  588.5  hazard_steps   1.2  approx_kl 0.0116  SPS 487
[z_t] iter  56/366  step   458752  return  -1.105  success  0.04 (top 0.13/bot 0.01)  ep_len  588.5  hazard_steps   1.2  approx_kl 0.0088  SPS 486
[z_t] iter  57/366  step   466944  return  -1.340  success  0.01 (top 0.13/bot 0.01)  ep_len  596.1  hazard_steps   1.2  approx_kl 0.0054  SPS 487
[z_t] iter  58/366  step   475136  return  -0.707  success  0.05 (top 0.16/bot 0.02)  ep_len  591.6  hazard_steps   1.7  approx_kl 0.0036  SPS 487
[z_t] iter  59/366  step   483328  return   0.253  success  0.10 (top 0.16/bot 0.04)  ep_len  578.2  hazard_steps   2.7  approx_kl 0.0077  SPS 487
[z_t] iter  60/366  step   491520  return   1.149  success  0.16 (top 0.17/bot 0.04)  ep_len  567.9  hazard_steps   4.9  approx_kl 0.0133  SPS 486
[z_t] iter  61/366  step   499712  return   1.048  success  0.16 (top 0.16/bot 0.04)  ep_len  568.3  hazard_steps   3.8  approx_kl 0.0041  SPS 486
[z_t] iter  62/366  step   507904  return   1.533  success  0.19 (top 0.18/bot 0.05)  ep_len  559.8  hazard_steps   4.2  approx_kl 0.0114  SPS 486
[z_t] iter  63/366  step   516096  return   1.776  success  0.21 (top 0.19/bot 0.06)  ep_len  556.6  hazard_steps   4.8  approx_kl 0.0064  SPS 486
[z_t] iter  64/366  step   524288  return   1.865  success  0.22 (top 0.17/bot 0.06)  ep_len  555.6  hazard_steps   4.8  approx_kl 0.0036  SPS 486
[z_t] iter  65/366  step   532480  return   1.847  success  0.22 (top 0.17/bot 0.06)  ep_len  555.6  hazard_steps   4.8  approx_kl 0.0059  SPS 486
[z_t] iter  66/366  step   540672  return  -0.277  success  0.09 (top 0.17/bot 0.06)  ep_len  581.2  hazard_steps   1.0  approx_kl 0.0125  SPS 486
[z_t] iter  67/366  step   548864  return  -0.844  success  0.06 (top 0.17/bot 0.06)  ep_len  586.4  hazard_steps   1.0  approx_kl 0.0044  SPS 486
[z_t] iter  68/366  step   557056  return  -0.817  success  0.06 (top 0.16/bot 0.06)  ep_len  586.4  hazard_steps   1.0  approx_kl 0.0063  SPS 486
[z_t] iter  69/366  step   565248  return  -0.837  success  0.06 (top 0.16/bot 0.06)  ep_len  586.4  hazard_steps   1.0  approx_kl 0.0132  SPS 486
[z_t] iter  70/366  step   573440  return  -1.154  success  0.04 (top 0.16/bot 0.06)  ep_len  591.7  hazard_steps   0.6  approx_kl 0.0120  SPS 486
[z_t] iter  71/366  step   581632  return  -1.791  success  0.00 (top 0.13/bot 0.06)  ep_len  599.0  hazard_steps   0.0  approx_kl 0.0095  SPS 486
[z_t] iter  72/366  step   589824  return  -1.744  success  0.00 (top 0.12/bot 0.06)  ep_len  599.0  hazard_steps   0.0  approx_kl 0.0071  SPS 486
[z_t] iter  73/366  step   598016  return  -1.742  success  0.00 (top 0.10/bot 0.06)  ep_len  599.0  hazard_steps   0.0  approx_kl 0.0070  SPS 486
[z_t] iter  74/366  step   606208  return  -1.730  success  0.00 (top 0.05/bot 0.04)  ep_len  599.0  hazard_steps   0.0  approx_kl 0.0054  SPS 486
[z_t] iter  75/366  step   614400  return  -1.314  success  0.02 (top 0.05/bot 0.03)  ep_len  594.8  hazard_steps   0.4  approx_kl 0.0097  SPS 486
[z_t] iter  76/366  step   622592  return  -0.757  success  0.05 (top 0.08/bot 0.02)  ep_len  588.4  hazard_steps   0.4  approx_kl 0.0058  SPS 486
[z_t] iter  77/366  step   630784  return   1.160  success  0.15 (top 0.14/bot 0.02)  ep_len  562.3  hazard_steps   0.4  approx_kl 0.0029  SPS 486
[z_t] iter  78/366  step   638976  return   2.458  success  0.22 (top 0.21/bot 0.01)  ep_len  544.2  hazard_steps   0.4  approx_kl 0.0035  SPS 485
[z_t] iter  79/366  step   647168  return   3.849  success  0.30 (top 0.29/bot 0.01)  ep_len  529.5  hazard_steps   0.4  approx_kl 0.0158  SPS 485
[z_t] iter  80/366  step   655360  return   4.793  success  0.35 (top 0.35/bot 0.01)  ep_len  514.0  hazard_steps   0.4  approx_kl 0.0078  SPS 485
[z_t] iter  81/366  step   663552  return   5.659  success  0.40 (top 0.40/bot 0.01)  ep_len  504.3  hazard_steps   0.4  approx_kl 0.0073  SPS 485
[z_t] iter  82/366  step   671744  return   5.640  success  0.43 (top 0.43/bot 0.01)  ep_len  494.6  hazard_steps   1.1  approx_kl 0.0064  SPS 485
[z_t] iter  83/366  step   679936  return   4.676  success  0.38 (top 0.45/bot 0.01)  ep_len  510.8  hazard_steps   0.7  approx_kl 0.0115  SPS 485
[z_t] iter  84/366  step   688128  return   3.895  success  0.34 (top 0.51/bot 0.01)  ep_len  525.3  hazard_steps   0.7  approx_kl 0.0088  SPS 485
[z_t] iter  85/366  step   696320  return   3.216  success  0.30 (top 0.55/bot 0.01)  ep_len  531.0  hazard_steps   0.7  approx_kl 0.0143  SPS 485
[z_t] iter  86/366  step   704512  return   2.328  success  0.25 (top 0.57/bot 0.01)  ep_len  541.7  hazard_steps   0.7  approx_kl 0.0066  SPS 485
[z_t] iter  87/366  step   712704  return   2.463  success  0.26 (top 0.57/bot 0.01)  ep_len  538.6  hazard_steps   0.7  approx_kl 0.0219  SPS 485
[z_t] iter  88/366  step   720896  return   1.433  success  0.20 (top 0.56/bot 0.01)  ep_len  551.1  hazard_steps   0.7  approx_kl 0.0098  SPS 485
[z_t] iter  89/366  step   729088  return   2.663  success  0.25 (top 0.55/bot 0.01)  ep_len  542.7  hazard_steps   0.0  approx_kl 0.0092  SPS 485
[z_t] iter  90/366  step   737280  return   2.659  success  0.25 (top 0.54/bot 0.02)  ep_len  543.1  hazard_steps   0.5  approx_kl 0.0091  SPS 484
[z_t] iter  91/366  step   745472  return   3.186  success  0.28 (top 0.54/bot 0.01)  ep_len  530.6  hazard_steps   0.5  approx_kl 0.0242  SPS 484
[z_t] iter  92/366  step   753664  return   3.331  success  0.29 (top 0.53/bot 0.02)  ep_len  530.6  hazard_steps   1.2  approx_kl 0.0080  SPS 484
[z_t] iter  93/366  step   761856  return   3.545  success  0.30 (top 0.54/bot 0.02)  ep_len  528.1  hazard_steps   1.2  approx_kl 0.0075  SPS 484
[z_t] iter  94/366  step   770048  return   4.159  success  0.34 (top 0.50/bot 0.07)  ep_len  518.4  hazard_steps   6.4  approx_kl 0.0249  SPS 484
[z_t] iter  95/366  step   778240  return   4.340  success  0.35 (top 0.53/bot 0.09)  ep_len  510.8  hazard_steps   7.4  approx_kl 0.0066  SPS 484
[z_t] iter  96/366  step   786432  return   5.175  success  0.39 (top 0.53/bot 0.11)  ep_len  493.9  hazard_steps   8.0  approx_kl 0.0186  SPS 484
[z_t] iter  97/366  step   794624  return   5.018  success  0.38 (top 0.54/bot 0.11)  ep_len  498.1  hazard_steps   8.0  approx_kl 0.0106  SPS 484
[z_t] iter  98/366  step   802816  return   4.865  success  0.37 (top 0.54/bot 0.12)  ep_len  497.9  hazard_steps   8.7  approx_kl 0.0065  SPS 484
[z_t] iter  99/366  step   811008  return   4.584  success  0.35 (top 0.56/bot 0.13)  ep_len  501.5  hazard_steps   7.7  approx_kl 0.0064  SPS 484
[z_t] iter 100/366  step   819200  return   4.608  success  0.35 (top 0.57/bot 0.14)  ep_len  500.6  hazard_steps   6.3  approx_kl 0.0024  SPS 484
[z_t] iter 101/366  step   827392  return   5.263  success  0.37 (top 0.63/bot 0.14)  ep_len  496.5  hazard_steps   3.5  approx_kl 0.0112  SPS 484
[z_t] iter 102/366  step   835584  return   5.367  success  0.38 (top 0.63/bot 0.15)  ep_len  497.9  hazard_steps   3.5  approx_kl 0.0058  SPS 484
[z_t] iter 103/366  step   843776  return   5.202  success  0.38 (top 0.64/bot 0.14)  ep_len  497.7  hazard_steps   5.8  approx_kl 0.0048  SPS 484
[z_t] iter 104/366  step   851968  return   5.470  success  0.39 (top 0.62/bot 0.17)  ep_len  498.7  hazard_steps   5.7  approx_kl 0.0098  SPS 484
[z_t] iter 105/366  step   860160  return   6.534  success  0.46 (top 0.65/bot 0.15)  ep_len  480.4  hazard_steps   7.0  approx_kl 0.0067  SPS 484
[z_t] iter 106/366  step   868352  return   5.964  success  0.42 (top 0.64/bot 0.15)  ep_len  490.7  hazard_steps   7.4  approx_kl 0.0214  SPS 484
[z_t] iter 107/366  step   876544  return   5.704  success  0.42 (top 0.65/bot 0.16)  ep_len  495.2  hazard_steps   9.0  approx_kl 0.0129  SPS 484
[z_t] iter 108/366  step   884736  return   4.852  success  0.37 (top 0.65/bot 0.16)  ep_len  502.8  hazard_steps   9.0  approx_kl 0.0035  SPS 484
[z_t] iter 109/366  step   892928  return   4.518  success  0.35 (top 0.61/bot 0.15)  ep_len  509.1  hazard_steps   7.6  approx_kl 0.0041  SPS 484
[z_t] iter 110/366  step   901120  return   3.713  success  0.30 (top 0.59/bot 0.15)  ep_len  525.1  hazard_steps   7.1  approx_kl 0.0169  SPS 484
[z_t] iter 111/366  step   909312  return   3.511  success  0.28 (top 0.57/bot 0.15)  ep_len  528.5  hazard_steps   6.3  approx_kl 0.0149  SPS 484
[z_t] iter 112/366  step   917504  return   2.901  success  0.26 (top 0.57/bot 0.17)  ep_len  531.8  hazard_steps   7.5  approx_kl 0.0114  SPS 484
[z_t] iter 113/366  step   925696  return   3.238  success  0.28 (top 0.54/bot 0.18)  ep_len  522.5  hazard_steps   6.1  approx_kl 0.0071  SPS 483
[z_t] iter 114/366  step   933888  return   3.187  success  0.27 (top 0.52/bot 0.17)  ep_len  525.8  hazard_steps   6.0  approx_kl 0.0089  SPS 483
[z_t] iter 115/366  step   942080  return   2.419  success  0.23 (top 0.49/bot 0.17)  ep_len  537.9  hazard_steps   7.5  approx_kl 0.0068  SPS 483
[z_t] iter 116/366  step   950272  return   2.369  success  0.23 (top 0.45/bot 0.16)  ep_len  538.2  hazard_steps   6.7  approx_kl 0.0143  SPS 483
[z_t] iter 117/366  step   958464  return   2.314  success  0.23 (top 0.39/bot 0.14)  ep_len  537.9  hazard_steps   7.4  approx_kl 0.0312  SPS 483
[z_t] iter 118/366  step   966656  return   2.306  success  0.22 (top 0.35/bot 0.14)  ep_len  539.8  hazard_steps   7.3  approx_kl 0.0180  SPS 482
[z_t] iter 119/366  step   974848  return   2.172  success  0.21 (top 0.35/bot 0.12)  ep_len  539.2  hazard_steps   6.6  approx_kl 0.0050  SPS 482
[z_t] iter 120/366  step   983040  return   1.765  success  0.19 (top 0.35/bot 0.12)  ep_len  546.0  hazard_steps   7.0  approx_kl 0.0040  SPS 482
[z_t] iter 121/366  step   991232  return   2.078  success  0.22 (top 0.35/bot 0.12)  ep_len  539.9  hazard_steps   7.3  approx_kl 0.0085  SPS 482
[z_t] iter 122/366  step   999424  return   2.019  success  0.21 (top 0.32/bot 0.10)  ep_len  541.7  hazard_steps   4.9  approx_kl 0.0098  SPS 482
[z_t] iter 123/366  step  1007616  return   1.388  success  0.19 (top 0.30/bot 0.11)  ep_len  548.2  hazard_steps   6.8  approx_kl 0.0093  SPS 482
[z_t] iter 124/366  step  1015808  return   1.654  success  0.20 (top 0.31/bot 0.13)  ep_len  545.2  hazard_steps   7.0  approx_kl 0.0111  SPS 482
[z_t] iter 125/366  step  1024000  return   1.855  success  0.21 (top 0.31/bot 0.11)  ep_len  541.5  hazard_steps   5.2  approx_kl 0.0041  SPS 482
[z_t] iter 126/366  step  1032192  return   1.296  success  0.18 (top 0.29/bot 0.09)  ep_len  550.0  hazard_steps   5.0  approx_kl 0.0094  SPS 482
[z_t] iter 127/366  step  1040384  return   1.489  success  0.19 (top 0.30/bot 0.10)  ep_len  546.0  hazard_steps   5.8  approx_kl 0.0217  SPS 482
[z_t] iter 128/366  step  1048576  return   1.777  success  0.21 (top 0.31/bot 0.10)  ep_len  539.1  hazard_steps   6.5  approx_kl 0.0239  SPS 482
[z_t] iter 129/366  step  1056768  return   2.123  success  0.24 (top 0.30/bot 0.11)  ep_len  529.0  hazard_steps   7.3  approx_kl 0.0029  SPS 482
[z_t] iter 130/366  step  1064960  return   2.413  success  0.25 (top 0.30/bot 0.10)  ep_len  525.7  hazard_steps   5.2  approx_kl 0.0048  SPS 482
[z_t] iter 131/366  step  1073152  return   1.971  success  0.23 (top 0.31/bot 0.10)  ep_len  532.1  hazard_steps   5.6  approx_kl 0.0137  SPS 481
[z_t] iter 132/366  step  1081344  return   1.902  success  0.22 (top 0.28/bot 0.10)  ep_len  534.9  hazard_steps   4.7  approx_kl 0.0125  SPS 481
[z_t] iter 133/366  step  1089536  return   1.462  success  0.20 (top 0.28/bot 0.09)  ep_len  541.3  hazard_steps   4.3  approx_kl 0.0029  SPS 481
[z_t] iter 134/366  step  1097728  return   1.000  success  0.17 (top 0.27/bot 0.08)  ep_len  547.8  hazard_steps   2.9  approx_kl 0.0056  SPS 481
[z_t] iter 135/366  step  1105920  return   0.929  success  0.16 (top 0.27/bot 0.08)  ep_len  551.0  hazard_steps   2.0  approx_kl 0.0051  SPS 481
[z_t] iter 136/366  step  1114112  return  -0.076  success  0.10 (top 0.27/bot 0.07)  ep_len  571.3  hazard_steps   1.3  approx_kl 0.0030  SPS 481
[z_t] iter 137/366  step  1122304  return  -0.291  success  0.09 (top 0.26/bot 0.07)  ep_len  574.4  hazard_steps   1.3  approx_kl 0.0055  SPS 481
[z_t] iter 138/366  step  1130496  return  -0.584  success  0.07 (top 0.24/bot 0.05)  ep_len  579.8  hazard_steps   0.5  approx_kl 0.0275  SPS 481
[z_t] iter 139/366  step  1138688  return  -0.132  success  0.10 (top 0.25/bot 0.06)  ep_len  570.2  hazard_steps   1.3  approx_kl 0.0047  SPS 481
[z_t] iter 140/366  step  1146880  return  -0.000  success  0.11 (top 0.26/bot 0.06)  ep_len  566.6  hazard_steps   1.3  approx_kl 0.0081  SPS 481
[z_t] iter 141/366  step  1155072  return   0.263  success  0.13 (top 0.25/bot 0.03)  ep_len  560.3  hazard_steps   2.0  approx_kl 0.0042  SPS 481
[z_t] iter 142/366  step  1163264  return   0.814  success  0.16 (top 0.26/bot 0.03)  ep_len  550.1  hazard_steps   2.1  approx_kl 0.0036  SPS 481
[z_t] iter 143/366  step  1171456  return   1.378  success  0.19 (top 0.27/bot 0.02)  ep_len  539.6  hazard_steps   2.1  approx_kl 0.0051  SPS 481
[z_t] iter 144/366  step  1179648  return   1.211  success  0.19 (top 0.26/bot 0.03)  ep_len  540.0  hazard_steps   2.6  approx_kl 0.0112  SPS 481
[z_t] iter 145/366  step  1187840  return   1.170  success  0.18 (top 0.24/bot 0.03)  ep_len  540.2  hazard_steps   1.8  approx_kl 0.0145  SPS 481
[z_t] iter 146/366  step  1196032  return   0.581  success  0.15 (top 0.27/bot 0.03)  ep_len  549.8  hazard_steps   1.7  approx_kl 0.0035  SPS 481
[z_t] iter 147/366  step  1204224  return   0.821  success  0.16 (top 0.26/bot 0.03)  ep_len  546.5  hazard_steps   1.4  approx_kl 0.0062  SPS 481
[z_t] iter 148/366  step  1212416  return   0.588  success  0.14 (top 0.24/bot 0.03)  ep_len  552.8  hazard_steps   1.0  approx_kl 0.0060  SPS 481
[z_t] iter 149/366  step  1220608  return   0.493  success  0.14 (top 0.26/bot 0.03)  ep_len  551.7  hazard_steps   1.4  approx_kl 0.0058  SPS 480
[z_t] iter 150/366  step  1228800  return  -0.052  success  0.11 (top 0.27/bot 0.03)  ep_len  561.9  hazard_steps   1.4  approx_kl 0.0075  SPS 480
[z_t] iter 151/366  step  1236992  return   0.322  success  0.12 (top 0.30/bot 0.02)  ep_len  557.5  hazard_steps   1.1  approx_kl 0.0127  SPS 480
[z_t] iter 152/366  step  1245184  return   0.299  success  0.12 (top 0.29/bot 0.02)  ep_len  557.3  hazard_steps   1.1  approx_kl 0.0066  SPS 480
[z_t] iter 153/366  step  1253376  return   0.512  success  0.13 (top 0.29/bot 0.02)  ep_len  554.9  hazard_steps   1.8  approx_kl 0.0125  SPS 480
[z_t] iter 154/366  step  1261568  return   0.333  success  0.12 (top 0.26/bot 0.02)  ep_len  558.2  hazard_steps   1.8  approx_kl 0.0060  SPS 480
[z_t] iter 155/366  step  1269760  return   0.780  success  0.14 (top 0.27/bot 0.02)  ep_len  552.2  hazard_steps   1.4  approx_kl 0.0061  SPS 480
[z_t] iter 156/366  step  1277952  return   0.650  success  0.14 (top 0.22/bot 0.03)  ep_len  556.5  hazard_steps   1.9  approx_kl 0.0102  SPS 480
[z_t] iter 157/366  step  1286144  return   0.826  success  0.15 (top 0.24/bot 0.04)  ep_len  556.7  hazard_steps   2.3  approx_kl 0.0057  SPS 480
[z_t] iter 158/366  step  1294336  return   1.418  success  0.18 (top 0.25/bot 0.03)  ep_len  545.7  hazard_steps   2.0  approx_kl 0.0040  SPS 480
[z_t] iter 159/366  step  1302528  return   1.922  success  0.21 (top 0.27/bot 0.04)  ep_len  538.5  hazard_steps   2.0  approx_kl 0.0088  SPS 480
[z_t] iter 160/366  step  1310720  return   1.639  success  0.19 (top 0.27/bot 0.04)  ep_len  543.6  hazard_steps   1.5  approx_kl 0.0034  SPS 480
[z_t] iter 161/366  step  1318912  return   2.232  success  0.22 (top 0.27/bot 0.04)  ep_len  533.1  hazard_steps   1.5  approx_kl 0.0082  SPS 480
[z_t] iter 162/366  step  1327104  return   1.897  success  0.20 (top 0.28/bot 0.04)  ep_len  539.4  hazard_steps   1.5  approx_kl 0.0071  SPS 480
[z_t] iter 163/366  step  1335296  return   2.254  success  0.21 (top 0.30/bot 0.04)  ep_len  532.2  hazard_steps   0.6  approx_kl 0.0110  SPS 480
[z_t] iter 164/366  step  1343488  return   1.887  success  0.19 (top 0.31/bot 0.04)  ep_len  540.2  hazard_steps   0.6  approx_kl 0.0095  SPS 480
[z_t] iter 165/366  step  1351680  return   1.668  success  0.18 (top 0.33/bot 0.04)  ep_len  544.9  hazard_steps   0.6  approx_kl 0.0099  SPS 479
[z_t] iter 166/366  step  1359872  return   2.315  success  0.21 (top 0.36/bot 0.04)  ep_len  532.5  hazard_steps   0.0  approx_kl 0.0064  SPS 479
[z_t] iter 167/366  step  1368064  return   2.670  success  0.23 (top 0.40/bot 0.03)  ep_len  527.1  hazard_steps   0.0  approx_kl 0.0067  SPS 479
[z_t] iter 168/366  step  1376256  return   3.577  success  0.28 (top 0.44/bot 0.03)  ep_len  508.9  hazard_steps   0.0  approx_kl 0.0050  SPS 479
[z_t] iter 169/366  step  1384448  return   2.957  success  0.25 (top 0.44/bot 0.03)  ep_len  519.4  hazard_steps   0.5  approx_kl 0.0071  SPS 479
[z_t] iter 170/366  step  1392640  return   4.219  success  0.32 (top 0.48/bot 0.02)  ep_len  498.3  hazard_steps   0.5  approx_kl 0.0086  SPS 479
[z_t] iter 171/366  step  1400832  return   4.456  success  0.34 (top 0.49/bot 0.04)  ep_len  493.4  hazard_steps   1.4  approx_kl 0.0026  SPS 479
[z_t] iter 172/366  step  1409024  return   4.352  success  0.34 (top 0.51/bot 0.04)  ep_len  493.3  hazard_steps   1.9  approx_kl 0.0065  SPS 479
[z_t] iter 173/366  step  1417216  return   4.401  success  0.34 (top 0.52/bot 0.05)  ep_len  491.5  hazard_steps   2.2  approx_kl 0.0070  SPS 479
[z_t] iter 174/366  step  1425408  return   3.763  success  0.31 (top 0.49/bot 0.05)  ep_len  504.1  hazard_steps   2.2  approx_kl 0.0066  SPS 479
[z_t] iter 175/366  step  1433600  return   4.698  success  0.36 (top 0.54/bot 0.06)  ep_len  488.4  hazard_steps   2.2  approx_kl 0.0073  SPS 479
[z_t] iter 176/366  step  1441792  return   4.560  success  0.35 (top 0.54/bot 0.06)  ep_len  489.3  hazard_steps   2.3  approx_kl 0.0106  SPS 479
[z_t] iter 177/366  step  1449984  return   4.121  success  0.33 (top 0.55/bot 0.07)  ep_len  495.6  hazard_steps   1.8  approx_kl 0.0050  SPS 479
[z_t] iter 178/366  step  1458176  return   4.158  success  0.33 (top 0.55/bot 0.08)  ep_len  494.7  hazard_steps   1.8  approx_kl 0.0043  SPS 479
[z_t] iter 179/366  step  1466368  return   4.345  success  0.36 (top 0.57/bot 0.11)  ep_len  485.7  hazard_steps   2.9  approx_kl 0.0047  SPS 479
[z_t] iter 180/366  step  1474560  return   4.159  success  0.36 (top 0.56/bot 0.12)  ep_len  485.6  hazard_steps   4.3  approx_kl 0.0056  SPS 479
[z_t] iter 181/366  step  1482752  return   3.751  success  0.34 (top 0.58/bot 0.11)  ep_len  490.5  hazard_steps   4.5  approx_kl 0.0048  SPS 479
[z_t] iter 182/366  step  1490944  return   3.458  success  0.33 (top 0.57/bot 0.12)  ep_len  492.9  hazard_steps   5.1  approx_kl 0.0086  SPS 479
[z_t] iter 183/366  step  1499136  return   3.324  success  0.32 (top 0.57/bot 0.11)  ep_len  498.5  hazard_steps   5.1  approx_kl 0.0077  SPS 479
[z_t] iter 184/366  step  1507328  return   3.227  success  0.32 (top 0.58/bot 0.09)  ep_len  496.8  hazard_steps   4.3  approx_kl 0.0063  SPS 479
[z_t] iter 185/366  step  1515520  return   3.618  success  0.33 (top 0.62/bot 0.09)  ep_len  493.7  hazard_steps   4.3  approx_kl 0.0170  SPS 479
[z_t] iter 186/366  step  1523712  return   4.241  success  0.36 (top 0.64/bot 0.11)  ep_len  486.1  hazard_steps   4.1  approx_kl 0.0047  SPS 479
[z_t] iter 187/366  step  1531904  return   5.086  success  0.40 (top 0.68/bot 0.12)  ep_len  470.1  hazard_steps   3.8  approx_kl 0.0061  SPS 479
[z_t] iter 188/366  step  1540096  return   4.918  success  0.40 (top 0.66/bot 0.13)  ep_len  474.3  hazard_steps   4.2  approx_kl 0.0052  SPS 479
[z_t] iter 189/366  step  1548288  return   5.079  success  0.40 (top 0.65/bot 0.12)  ep_len  468.2  hazard_steps   3.3  approx_kl 0.0068  SPS 478
[z_t] iter 190/366  step  1556480  return   5.866  success  0.45 (top 0.67/bot 0.13)  ep_len  452.4  hazard_steps   4.6  approx_kl 0.0111  SPS 478
[z_t] iter 191/366  step  1564672  return   5.381  success  0.43 (top 0.65/bot 0.15)  ep_len  458.1  hazard_steps   4.4  approx_kl 0.0029  SPS 478
[z_t] iter 192/366  step  1572864  return   5.171  success  0.43 (top 0.64/bot 0.15)  ep_len  461.0  hazard_steps   4.7  approx_kl 0.0046  SPS 478
[z_t] iter 193/366  step  1581056  return   4.136  success  0.39 (top 0.64/bot 0.15)  ep_len  479.9  hazard_steps   4.7  approx_kl 0.0068  SPS 478
[z_t] iter 194/366  step  1589248  return   3.739  success  0.36 (top 0.62/bot 0.15)  ep_len  484.8  hazard_steps   3.9  approx_kl 0.0110  SPS 478
[z_t] iter 195/366  step  1597440  return   3.590  success  0.36 (top 0.63/bot 0.14)  ep_len  487.2  hazard_steps   3.9  approx_kl 0.0066  SPS 478
[z_t] iter 196/366  step  1605632  return   4.139  success  0.38 (top 0.61/bot 0.17)  ep_len  480.2  hazard_steps   3.4  approx_kl 0.0120  SPS 478
[z_t] iter 197/366  step  1613824  return   5.334  success  0.44 (top 0.63/bot 0.21)  ep_len  458.6  hazard_steps   5.1  approx_kl 0.0034  SPS 478
[z_t] iter 198/366  step  1622016  return   7.415  success  0.54 (top 0.67/bot 0.23)  ep_len  422.6  hazard_steps   6.8  approx_kl 0.0041  SPS 478
[z_t] iter 199/366  step  1630208  return   8.652  success  0.62 (top 0.71/bot 0.25)  ep_len  394.9  hazard_steps   9.3  approx_kl 0.0030  SPS 478
[z_t] iter 200/366  step  1638400  return   8.974  success  0.63 (top 0.75/bot 0.25)  ep_len  389.4  hazard_steps   9.1  approx_kl 0.0058  SPS 478
[z_t] iter 201/366  step  1646592  return   8.398  success  0.61 (top 0.78/bot 0.23)  ep_len  396.6  hazard_steps  11.1  approx_kl 0.0068  SPS 478
[z_t] iter 202/366  step  1654784  return   8.768  success  0.63 (top 0.81/bot 0.24)  ep_len  390.4  hazard_steps  10.8  approx_kl 0.0042  SPS 478
[z_t] iter 203/366  step  1662976  return   7.970  success  0.59 (top 0.84/bot 0.24)  ep_len  402.6  hazard_steps   9.4  approx_kl 0.0069  SPS 478
[z_t] iter 204/366  step  1671168  return   6.140  success  0.51 (top 0.86/bot 0.26)  ep_len  427.9  hazard_steps   9.6  approx_kl 0.0133  SPS 477
[z_t] iter 205/366  step  1679360  return   5.858  success  0.52 (top 0.88/bot 0.28)  ep_len  434.6  hazard_steps   9.7  approx_kl 0.0041  SPS 477
[z_t] iter 206/366  step  1687552  return   6.944  success  0.57 (top 0.92/bot 0.26)  ep_len  413.1  hazard_steps   6.2  approx_kl 0.0097  SPS 477
[z_t] iter 207/366  step  1695744  return   6.797  success  0.59 (top 0.92/bot 0.26)  ep_len  413.4  hazard_steps   7.2  approx_kl 0.0065  SPS 477
[z_t] iter 208/366  step  1703936  return   7.469  success  0.63 (top 0.93/bot 0.27)  ep_len  397.9  hazard_steps   8.0  approx_kl 0.0028  SPS 477
[z_t] iter 209/366  step  1712128  return   7.513  success  0.64 (top 0.93/bot 0.25)  ep_len  395.4  hazard_steps   7.9  approx_kl 0.0053  SPS 477
[z_t] iter 210/366  step  1720320  return   6.636  success  0.59 (top 0.93/bot 0.24)  ep_len  408.5  hazard_steps   7.0  approx_kl 0.0098  SPS 477
[z_t] iter 211/366  step  1728512  return   6.774  success  0.60 (top 0.95/bot 0.25)  ep_len  410.4  hazard_steps   8.4  approx_kl 0.0054  SPS 477
[z_t] iter 212/366  step  1736704  return   6.634  success  0.59 (top 0.96/bot 0.27)  ep_len  416.3  hazard_steps   8.4  approx_kl 0.0043  SPS 477
[z_t] iter 213/366  step  1744896  return   6.291  success  0.56 (top 0.96/bot 0.27)  ep_len  425.2  hazard_steps   6.9  approx_kl 0.0049  SPS 477
[z_t] iter 214/366  step  1753088  return   7.572  success  0.62 (top 0.97/bot 0.31)  ep_len  409.2  hazard_steps   7.5  approx_kl 0.0019  SPS 477
[z_t] iter 215/366  step  1761280  return   8.520  success  0.67 (top 0.97/bot 0.31)  ep_len  393.3  hazard_steps   8.0  approx_kl 0.0023  SPS 477
[z_t] iter 216/366  step  1769472  return   8.430  success  0.66 (top 0.97/bot 0.32)  ep_len  391.5  hazard_steps   7.9  approx_kl 0.0050  SPS 477
[z_t] iter 217/366  step  1777664  return   8.541  success  0.66 (top 0.97/bot 0.30)  ep_len  391.8  hazard_steps   8.0  approx_kl 0.0051  SPS 477
[z_t] iter 218/366  step  1785856  return   9.940  success  0.72 (top 0.96/bot 0.32)  ep_len  371.9  hazard_steps   8.5  approx_kl 0.0064  SPS 477
[z_t] iter 219/366  step  1794048  return   9.346  success  0.69 (top 0.96/bot 0.31)  ep_len  383.0  hazard_steps   8.5  approx_kl 0.0032  SPS 477
[z_t] iter 220/366  step  1802240  return   8.903  success  0.65 (top 0.95/bot 0.28)  ep_len  392.8  hazard_steps   6.8  approx_kl 0.0047  SPS 477
[z_t] iter 221/366  step  1810432  return   7.275  success  0.56 (top 0.94/bot 0.26)  ep_len  421.3  hazard_steps   5.6  approx_kl 0.0044  SPS 477
[z_t] iter 222/366  step  1818624  return   7.411  success  0.58 (top 0.95/bot 0.26)  ep_len  414.5  hazard_steps   7.3  approx_kl 0.0044  SPS 476
[z_t] iter 223/366  step  1826816  return   6.764  success  0.53 (top 0.96/bot 0.26)  ep_len  421.5  hazard_steps   5.8  approx_kl 0.0038  SPS 476
[z_t] iter 224/366  step  1835008  return   6.781  success  0.52 (top 0.95/bot 0.25)  ep_len  419.9  hazard_steps   5.6  approx_kl 0.0046  SPS 476
[z_t] iter 225/366  step  1843200  return   6.211  success  0.49 (top 0.93/bot 0.21)  ep_len  430.8  hazard_steps   5.5  approx_kl 0.0060  SPS 476
[z_t] iter 226/366  step  1851392  return   6.844  success  0.51 (top 0.92/bot 0.18)  ep_len  422.5  hazard_steps   5.0  approx_kl 0.0140  SPS 476
[z_t] iter 227/366  step  1859584  return   6.831  success  0.49 (top 0.91/bot 0.16)  ep_len  426.2  hazard_steps   4.2  approx_kl 0.0113  SPS 476
[z_t] iter 228/366  step  1867776  return   5.527  success  0.42 (top 0.89/bot 0.10)  ep_len  447.7  hazard_steps   2.1  approx_kl 0.0055  SPS 476
[z_t] iter 229/366  step  1875968  return   4.619  success  0.41 (top 0.89/bot 0.11)  ep_len  453.7  hazard_steps   2.6  approx_kl 0.0043  SPS 476
[z_t] iter 230/366  step  1884160  return   5.282  success  0.45 (top 0.89/bot 0.11)  ep_len  441.7  hazard_steps   2.2  approx_kl 0.0067  SPS 476
[z_t] iter 231/366  step  1892352  return   5.668  success  0.48 (top 0.90/bot 0.12)  ep_len  430.8  hazard_steps   1.9  approx_kl 0.0060  SPS 476
[z_t] iter 232/366  step  1900544  return   6.776  success  0.54 (top 0.90/bot 0.12)  ep_len  410.1  hazard_steps   2.8  approx_kl 0.0101  SPS 476
[z_t] iter 233/366  step  1908736  return   7.293  success  0.56 (top 0.90/bot 0.09)  ep_len  402.4  hazard_steps   3.3  approx_kl 0.0062  SPS 476
[z_t] iter 234/366  step  1916928  return   7.477  success  0.56 (top 0.90/bot 0.08)  ep_len  399.9  hazard_steps   2.1  approx_kl 0.0106  SPS 475
[z_t] iter 235/366  step  1925120  return   8.306  success  0.60 (top 0.93/bot 0.09)  ep_len  383.5  hazard_steps   3.2  approx_kl 0.0074  SPS 475
[z_t] iter 236/366  step  1933312  return   7.446  success  0.56 (top 0.94/bot 0.09)  ep_len  397.7  hazard_steps   2.3  approx_kl 0.0023  SPS 475
[z_t] iter 237/366  step  1941504  return   8.338  success  0.61 (top 0.96/bot 0.09)  ep_len  378.7  hazard_steps   2.7  approx_kl 0.0026  SPS 475
[z_t] iter 238/366  step  1949696  return   7.377  success  0.59 (top 0.95/bot 0.11)  ep_len  388.1  hazard_steps   3.4  approx_kl 0.0029  SPS 475
[z_t] iter 239/366  step  1957888  return   7.712  success  0.60 (top 0.96/bot 0.12)  ep_len  383.7  hazard_steps   3.8  approx_kl 0.0054  SPS 475
[z_t] iter 240/366  step  1966080  return   6.576  success  0.55 (top 0.94/bot 0.11)  ep_len  399.0  hazard_steps   2.6  approx_kl 0.0022  SPS 475
[z_t] iter 241/366  step  1974272  return   7.234  success  0.58 (top 0.95/bot 0.11)  ep_len  386.0  hazard_steps   3.0  approx_kl 0.0052  SPS 475
[z_t] iter 242/366  step  1982464  return   6.014  success  0.53 (top 0.95/bot 0.09)  ep_len  404.8  hazard_steps   2.6  approx_kl 0.0056  SPS 475
[z_t] iter 243/366  step  1990656  return   6.471  success  0.52 (top 0.95/bot 0.09)  ep_len  404.1  hazard_steps   1.1  approx_kl 0.0059  SPS 475
[z_t] iter 244/366  step  1998848  return   7.657  success  0.57 (top 0.93/bot 0.10)  ep_len  386.4  hazard_steps   2.2  approx_kl 0.0047  SPS 475
[z_t] iter 245/366  step  2007040  return   7.209  success  0.55 (top 0.93/bot 0.12)  ep_len  396.5  hazard_steps   2.6  approx_kl 0.0034  SPS 475
[z_t] iter 246/366  step  2015232  return   7.684  success  0.58 (top 0.92/bot 0.13)  ep_len  387.6  hazard_steps   4.3  approx_kl 0.0046  SPS 475
[z_t] iter 247/366  step  2023424  return   7.651  success  0.59 (top 0.93/bot 0.14)  ep_len  385.2  hazard_steps   5.2  approx_kl 0.0041  SPS 475
[z_t] iter 248/366  step  2031616  return   7.735  success  0.61 (top 0.94/bot 0.15)  ep_len  380.1  hazard_steps   6.1  approx_kl 0.0079  SPS 475
[z_t] iter 249/366  step  2039808  return   7.203  success  0.60 (top 0.95/bot 0.13)  ep_len  380.7  hazard_steps   5.1  approx_kl 0.0070  SPS 475
[z_t] iter 250/366  step  2048000  return   6.995  success  0.59 (top 0.95/bot 0.14)  ep_len  385.9  hazard_steps   4.6  approx_kl 0.0035  SPS 475
[z_t] iter 251/366  step  2056192  return   5.628  success  0.53 (top 0.94/bot 0.13)  ep_len  408.9  hazard_steps   4.1  approx_kl 0.0047  SPS 475
[z_t] iter 252/366  step  2064384  return   4.302  success  0.47 (top 0.92/bot 0.14)  ep_len  430.2  hazard_steps   4.2  approx_kl 0.0047  SPS 475
[z_t] iter 253/366  step  2072576  return   4.819  success  0.49 (top 0.93/bot 0.14)  ep_len  419.6  hazard_steps   2.9  approx_kl 0.0031  SPS 475
[z_t] iter 254/366  step  2080768  return   4.211  success  0.45 (top 0.95/bot 0.12)  ep_len  432.2  hazard_steps   2.9  approx_kl 0.0045  SPS 475
[z_t] iter 255/366  step  2088960  return   4.131  success  0.45 (top 0.95/bot 0.11)  ep_len  429.8  hazard_steps   3.0  approx_kl 0.0090  SPS 475
[z_t] iter 256/366  step  2097152  return   5.515  success  0.51 (top 0.96/bot 0.08)  ep_len  406.7  hazard_steps   2.2  approx_kl 0.0048  SPS 475
[z_t] iter 257/366  step  2105344  return   6.349  success  0.54 (top 0.96/bot 0.06)  ep_len  392.4  hazard_steps   1.7  approx_kl 0.0064  SPS 475
[z_t] iter 258/366  step  2113536  return   6.922  success  0.56 (top 0.96/bot 0.05)  ep_len  387.2  hazard_steps   1.6  approx_kl 0.0052  SPS 475
[z_t] iter 259/366  step  2121728  return   7.779  success  0.59 (top 0.94/bot 0.05)  ep_len  375.6  hazard_steps   1.6  approx_kl 0.0044  SPS 475
[z_t] iter 260/366  step  2129920  return   7.863  success  0.59 (top 0.97/bot 0.04)  ep_len  378.7  hazard_steps   1.3  approx_kl 0.0065  SPS 475
[z_t] iter 261/366  step  2138112  return   7.953  success  0.59 (top 0.95/bot 0.04)  ep_len  380.2  hazard_steps   1.6  approx_kl 0.0081  SPS 474
[z_t] iter 262/366  step  2146304  return   7.656  success  0.57 (top 0.94/bot 0.04)  ep_len  388.2  hazard_steps   1.3  approx_kl 0.0068  SPS 474
[z_t] iter 263/366  step  2154496  return   7.752  success  0.57 (top 0.93/bot 0.04)  ep_len  386.5  hazard_steps   2.6  approx_kl 0.0032  SPS 474
[z_t] iter 264/366  step  2162688  return   7.293  success  0.56 (top 0.93/bot 0.04)  ep_len  395.2  hazard_steps   2.5  approx_kl 0.0040  SPS 474
[z_t] iter 265/366  step  2170880  return   6.389  success  0.52 (top 0.93/bot 0.03)  ep_len  409.4  hazard_steps   2.5  approx_kl 0.0054  SPS 474
[z_t] iter 266/366  step  2179072  return   6.524  success  0.53 (top 0.92/bot 0.03)  ep_len  402.4  hazard_steps   2.0  approx_kl 0.0031  SPS 474
[z_t] iter 267/366  step  2187264  return   7.442  success  0.57 (top 0.94/bot 0.03)  ep_len  386.8  hazard_steps   0.5  approx_kl 0.0036  SPS 474
[z_t] iter 268/366  step  2195456  return   6.805  success  0.55 (top 0.94/bot 0.04)  ep_len  395.2  hazard_steps   0.8  approx_kl 0.0073  SPS 474
[z_t] iter 269/366  step  2203648  return   5.835  success  0.51 (top 0.93/bot 0.05)  ep_len  406.2  hazard_steps   1.1  approx_kl 0.0051  SPS 474
[z_t] iter 270/366  step  2211840  return   6.420  success  0.53 (top 0.95/bot 0.04)  ep_len  398.2  hazard_steps   1.2  approx_kl 0.0031  SPS 474
[z_t] iter 271/366  step  2220032  return   6.259  success  0.51 (top 0.95/bot 0.04)  ep_len  405.0  hazard_steps   1.4  approx_kl 0.0057  SPS 474
[z_t] iter 272/366  step  2228224  return   5.869  success  0.49 (top 0.94/bot 0.03)  ep_len  417.5  hazard_steps   1.4  approx_kl 0.0067  SPS 474
[z_t] iter 273/366  step  2236416  return   6.362  success  0.50 (top 0.94/bot 0.03)  ep_len  416.6  hazard_steps   1.3  approx_kl 0.0018  SPS 474
[z_t] iter 274/366  step  2244608  return   6.613  success  0.50 (top 0.93/bot 0.02)  ep_len  414.9  hazard_steps   0.3  approx_kl 0.0033  SPS 474
[z_t] iter 275/366  step  2252800  return   5.639  success  0.46 (top 0.93/bot 0.02)  ep_len  438.2  hazard_steps   0.2  approx_kl 0.0061  SPS 474
[z_t] iter 276/366  step  2260992  return   6.218  success  0.50 (top 0.92/bot 0.02)  ep_len  421.3  hazard_steps   0.2  approx_kl 0.0036  SPS 474
[z_t] iter 277/366  step  2269184  return   5.197  success  0.46 (top 0.91/bot 0.03)  ep_len  434.4  hazard_steps   0.6  approx_kl 0.0025  SPS 474
[z_t] iter 278/366  step  2277376  return   4.442  success  0.43 (top 0.91/bot 0.03)  ep_len  443.8  hazard_steps   0.6  approx_kl 0.0030  SPS 474
[z_t] iter 279/366  step  2285568  return   4.300  success  0.44 (top 0.89/bot 0.03)  ep_len  437.9  hazard_steps   2.9  approx_kl 0.0031  SPS 474
[z_t] iter 280/366  step  2293760  return   4.726  success  0.47 (top 0.89/bot 0.02)  ep_len  421.6  hazard_steps   2.9  approx_kl 0.0032  SPS 474
[z_t] iter 281/366  step  2301952  return   3.876  success  0.42 (top 0.88/bot 0.02)  ep_len  438.1  hazard_steps   2.8  approx_kl 0.0058  SPS 474
[z_t] iter 282/366  step  2310144  return   4.158  success  0.43 (top 0.89/bot 0.02)  ep_len  434.2  hazard_steps   2.4  approx_kl 0.0077  SPS 474
[z_t] iter 283/366  step  2318336  return   4.652  success  0.45 (top 0.90/bot 0.02)  ep_len  426.1  hazard_steps   2.4  approx_kl 0.0025  SPS 474
[z_t] iter 284/366  step  2326528  return   5.623  success  0.50 (top 0.92/bot 0.03)  ep_len  404.5  hazard_steps   0.8  approx_kl 0.0038  SPS 474
[z_t] iter 285/366  step  2334720  return   4.848  success  0.47 (top 0.91/bot 0.03)  ep_len  416.1  hazard_steps   1.2  approx_kl 0.0034  SPS 474
[z_t] iter 286/366  step  2342912  return   6.250  success  0.53 (top 0.92/bot 0.04)  ep_len  392.0  hazard_steps   2.0  approx_kl 0.0038  SPS 474
[z_t] iter 287/366  step  2351104  return   5.905  success  0.52 (top 0.92/bot 0.04)  ep_len  395.9  hazard_steps   2.0  approx_kl 0.0067  SPS 474
[z_t] iter 288/366  step  2359296  return   6.061  success  0.53 (top 0.94/bot 0.04)  ep_len  391.7  hazard_steps   1.8  approx_kl 0.0051  SPS 474
[z_t] iter 289/366  step  2367488  return   5.884  success  0.51 (top 0.96/bot 0.03)  ep_len  401.7  hazard_steps   1.2  approx_kl 0.0043  SPS 474
[z_t] iter 290/366  step  2375680  return   6.256  success  0.51 (top 0.95/bot 0.03)  ep_len  401.8  hazard_steps   1.2  approx_kl 0.0032  SPS 474
[z_t] iter 291/366  step  2383872  return   5.958  success  0.50 (top 0.96/bot 0.03)  ep_len  406.6  hazard_steps   0.5  approx_kl 0.0066  SPS 474
[z_t] iter 292/366  step  2392064  return   6.546  success  0.53 (top 0.96/bot 0.03)  ep_len  394.9  hazard_steps   0.5  approx_kl 0.0048  SPS 474
[z_t] iter 293/366  step  2400256  return   6.414  success  0.53 (top 0.96/bot 0.04)  ep_len  398.2  hazard_steps   0.9  approx_kl 0.0020  SPS 474
[z_t] iter 294/366  step  2408448  return   5.707  success  0.50 (top 0.95/bot 0.04)  ep_len  407.4  hazard_steps   1.4  approx_kl 0.0039  SPS 474
[z_t] iter 295/366  step  2416640  return   6.218  success  0.52 (top 0.96/bot 0.04)  ep_len  399.6  hazard_steps   1.1  approx_kl 0.0051  SPS 474
[z_t] iter 296/366  step  2424832  return   4.652  success  0.44 (top 0.94/bot 0.02)  ep_len  429.2  hazard_steps   1.0  approx_kl 0.0033  SPS 474
[z_t] iter 297/366  step  2433024  return   5.901  success  0.49 (top 0.94/bot 0.04)  ep_len  415.5  hazard_steps   1.7  approx_kl 0.0042  SPS 474
[z_t] iter 298/366  step  2441216  return   4.808  success  0.44 (top 0.94/bot 0.04)  ep_len  432.1  hazard_steps   1.5  approx_kl 0.0083  SPS 474
[z_t] iter 299/366  step  2449408  return   5.393  success  0.47 (top 0.94/bot 0.06)  ep_len  423.9  hazard_steps   2.4  approx_kl 0.0031  SPS 474
[z_t] iter 300/366  step  2457600  return   4.209  success  0.42 (top 0.93/bot 0.06)  ep_len  447.5  hazard_steps   2.0  approx_kl 0.0051  SPS 474
[z_t] iter 301/366  step  2465792  return   5.288  success  0.47 (top 0.94/bot 0.06)  ep_len  427.3  hazard_steps   2.0  approx_kl 0.0078  SPS 474
[z_t] iter 302/366  step  2473984  return   5.482  success  0.47 (top 0.95/bot 0.06)  ep_len  420.7  hazard_steps   1.3  approx_kl 0.0026  SPS 474
[z_t] iter 303/366  step  2482176  return   6.190  success  0.48 (top 0.95/bot 0.06)  ep_len  416.5  hazard_steps   1.5  approx_kl 0.0033  SPS 474
[z_t] iter 304/366  step  2490368  return   6.055  success  0.48 (top 0.94/bot 0.05)  ep_len  413.2  hazard_steps   1.0  approx_kl 0.0073  SPS 474
[z_t] iter 305/366  step  2498560  return   5.807  success  0.46 (top 0.92/bot 0.05)  ep_len  418.8  hazard_steps   0.9  approx_kl 0.0024  SPS 474
[z_t] iter 306/366  step  2506752  return   6.420  success  0.49 (top 0.93/bot 0.05)  ep_len  404.2  hazard_steps   0.9  approx_kl 0.0048  SPS 474
[z_t] iter 307/366  step  2514944  return   5.986  success  0.48 (top 0.95/bot 0.03)  ep_len  409.7  hazard_steps   0.6  approx_kl 0.0030  SPS 474
[z_t] iter 308/366  step  2523136  return   6.189  success  0.49 (top 0.95/bot 0.03)  ep_len  407.1  hazard_steps   0.8  approx_kl 0.0053  SPS 474
[z_t] iter 309/366  step  2531328  return   7.010  success  0.53 (top 0.94/bot 0.02)  ep_len  391.9  hazard_steps   0.8  approx_kl 0.0025  SPS 474
[z_t] iter 310/366  step  2539520  return   7.916  success  0.56 (top 0.94/bot 0.02)  ep_len  379.8  hazard_steps   0.9  approx_kl 0.0032  SPS 474
[z_t] iter 311/366  step  2547712  return   7.517  success  0.54 (top 0.94/bot 0.02)  ep_len  389.1  hazard_steps   0.9  approx_kl 0.0035  SPS 474
[z_t] iter 312/366  step  2555904  return   7.226  success  0.52 (top 0.93/bot 0.02)  ep_len  397.9  hazard_steps   0.8  approx_kl 0.0021  SPS 474
[z_t] iter 313/366  step  2564096  return   7.156  success  0.50 (top 0.93/bot 0.01)  ep_len  404.7  hazard_steps   0.3  approx_kl 0.0024  SPS 474
[z_t] iter 314/366  step  2572288  return   6.239  success  0.45 (top 0.94/bot 0.01)  ep_len  423.7  hazard_steps   0.3  approx_kl 0.0021  SPS 474
[z_t] iter 315/366  step  2580480  return   6.276  success  0.45 (top 0.92/bot 0.01)  ep_len  423.5  hazard_steps   0.3  approx_kl 0.0023  SPS 474
[z_t] iter 316/366  step  2588672  return   5.982  success  0.45 (top 0.91/bot 0.02)  ep_len  423.2  hazard_steps   0.7  approx_kl 0.0042  SPS 474
[z_t] iter 317/366  step  2596864  return   6.885  success  0.51 (top 0.90/bot 0.02)  ep_len  398.0  hazard_steps   0.7  approx_kl 0.0040  SPS 474
[z_t] iter 318/366  step  2605056  return   6.586  success  0.50 (top 0.89/bot 0.02)  ep_len  402.5  hazard_steps   0.7  approx_kl 0.0038  SPS 474
[z_t] iter 319/366  step  2613248  return   6.371  success  0.49 (top 0.88/bot 0.01)  ep_len  408.8  hazard_steps   0.7  approx_kl 0.0022  SPS 474
[z_t] iter 320/366  step  2621440  return   7.761  success  0.55 (top 0.89/bot 0.02)  ep_len  387.9  hazard_steps   1.1  approx_kl 0.0039  SPS 474
[z_t] iter 321/366  step  2629632  return   8.451  success  0.57 (top 0.90/bot 0.02)  ep_len  381.2  hazard_steps   0.6  approx_kl 0.0053  SPS 474
[z_t] iter 322/366  step  2637824  return   7.152  success  0.51 (top 0.89/bot 0.02)  ep_len  403.6  hazard_steps   1.1  approx_kl 0.0027  SPS 474
[z_t] iter 323/366  step  2646016  return   7.919  success  0.56 (top 0.91/bot 0.03)  ep_len  385.6  hazard_steps   1.4  approx_kl 0.0036  SPS 474
[z_t] iter 324/366  step  2654208  return   7.036  success  0.53 (top 0.93/bot 0.03)  ep_len  396.1  hazard_steps   1.6  approx_kl 0.0032  SPS 474
[z_t] iter 325/366  step  2662400  return   6.641  success  0.52 (top 0.94/bot 0.04)  ep_len  397.3  hazard_steps   1.7  approx_kl 0.0024  SPS 474
[z_t] iter 326/366  step  2670592  return   5.664  success  0.49 (top 0.92/bot 0.05)  ep_len  409.3  hazard_steps   2.0  approx_kl 0.0022  SPS 474
[z_t] iter 327/366  step  2678784  return   5.404  success  0.47 (top 0.91/bot 0.04)  ep_len  420.0  hazard_steps   1.7  approx_kl 0.0038  SPS 474
[z_t] iter 328/366  step  2686976  return   5.491  success  0.47 (top 0.92/bot 0.04)  ep_len  418.5  hazard_steps   1.2  approx_kl 0.0027  SPS 474
[z_t] iter 329/366  step  2695168  return   5.345  success  0.47 (top 0.91/bot 0.04)  ep_len  418.4  hazard_steps   1.1  approx_kl 0.0037  SPS 474
[z_t] iter 330/366  step  2703360  return   5.904  success  0.49 (top 0.91/bot 0.04)  ep_len  410.6  hazard_steps   1.0  approx_kl 0.0022  SPS 474
[z_t] iter 331/366  step  2711552  return   7.265  success  0.55 (top 0.91/bot 0.04)  ep_len  382.7  hazard_steps   0.6  approx_kl 0.0043  SPS 474
[z_t] iter 332/366  step  2719744  return   6.548  success  0.53 (top 0.91/bot 0.05)  ep_len  390.1  hazard_steps   1.1  approx_kl 0.0043  SPS 474
[z_t] iter 333/366  step  2727936  return   6.604  success  0.54 (top 0.90/bot 0.06)  ep_len  387.5  hazard_steps   1.9  approx_kl 0.0035  SPS 474
[z_t] iter 334/366  step  2736128  return   6.762  success  0.54 (top 0.89/bot 0.06)  ep_len  388.4  hazard_steps   1.9  approx_kl 0.0029  SPS 474
[z_t] iter 335/366  step  2744320  return   6.269  success  0.52 (top 0.91/bot 0.06)  ep_len  395.9  hazard_steps   2.4  approx_kl 0.0021  SPS 474
[z_t] iter 336/366  step  2752512  return   4.706  success  0.46 (top 0.90/bot 0.05)  ep_len  420.0  hazard_steps   2.0  approx_kl 0.0025  SPS 474
[z_t] iter 337/366  step  2760704  return   4.805  success  0.45 (top 0.89/bot 0.05)  ep_len  425.6  hazard_steps   1.8  approx_kl 0.0040  SPS 474
[z_t] iter 338/366  step  2768896  return   4.614  success  0.44 (top 0.89/bot 0.07)  ep_len  432.1  hazard_steps   1.8  approx_kl 0.0042  SPS 474
[z_t] iter 339/366  step  2777088  return   4.564  success  0.46 (top 0.91/bot 0.09)  ep_len  425.7  hazard_steps   2.9  approx_kl 0.0050  SPS 474
[z_t] iter 340/366  step  2785280  return   5.003  success  0.49 (top 0.92/bot 0.10)  ep_len  416.1  hazard_steps   4.0  approx_kl 0.0032  SPS 474
[z_t] iter 341/366  step  2793472  return   5.962  success  0.51 (top 0.91/bot 0.08)  ep_len  410.1  hazard_steps   3.9  approx_kl 0.0069  SPS 474
[z_t] iter 342/366  step  2801664  return   6.816  success  0.55 (top 0.91/bot 0.08)  ep_len  392.2  hazard_steps   3.1  approx_kl 0.0050  SPS 474
[z_t] iter 343/366  step  2809856  return   6.347  success  0.53 (top 0.90/bot 0.06)  ep_len  398.8  hazard_steps   2.7  approx_kl 0.0069  SPS 474
[z_t] iter 344/366  step  2818048  return   6.905  success  0.54 (top 0.91/bot 0.06)  ep_len  392.2  hazard_steps   1.6  approx_kl 0.0031  SPS 474
[z_t] iter 345/366  step  2826240  return   6.603  success  0.52 (top 0.92/bot 0.06)  ep_len  397.4  hazard_steps   0.1  approx_kl 0.0044  SPS 474
[z_t] iter 346/366  step  2834432  return   6.320  success  0.51 (top 0.93/bot 0.06)  ep_len  399.3  hazard_steps   0.1  approx_kl 0.0030  SPS 474
[z_t] iter 347/366  step  2842624  return   6.184  success  0.50 (top 0.93/bot 0.07)  ep_len  403.7  hazard_steps   0.9  approx_kl 0.0030  SPS 474
[z_t] iter 348/366  step  2850816  return   7.480  success  0.57 (top 0.92/bot 0.07)  ep_len  376.6  hazard_steps   1.3  approx_kl 0.0076  SPS 474
[z_t] iter 349/366  step  2859008  return   6.830  success  0.53 (top 0.92/bot 0.05)  ep_len  390.7  hazard_steps   1.3  approx_kl 0.0048  SPS 474
[z_t] iter 350/366  step  2867200  return   6.115  success  0.50 (top 0.91/bot 0.04)  ep_len  403.5  hazard_steps   1.4  approx_kl 0.0055  SPS 474
[z_t] iter 351/366  step  2875392  return   6.507  success  0.52 (top 0.92/bot 0.03)  ep_len  394.7  hazard_steps   0.8  approx_kl 0.0020  SPS 474
[z_t] iter 352/366  step  2883584  return   6.447  success  0.53 (top 0.94/bot 0.03)  ep_len  393.5  hazard_steps   0.8  approx_kl 0.0048  SPS 474
[z_t] iter 353/366  step  2891776  return   5.826  success  0.49 (top 0.94/bot 0.03)  ep_len  408.1  hazard_steps   0.4  approx_kl 0.0015  SPS 474
[z_t] iter 354/366  step  2899968  return   4.839  success  0.45 (top 0.93/bot 0.03)  ep_len  424.5  hazard_steps   0.4  approx_kl 0.0024  SPS 474
[z_t] iter 355/366  step  2908160  return   4.502  success  0.44 (top 0.92/bot 0.03)  ep_len  428.6  hazard_steps   0.3  approx_kl 0.0059  SPS 474
[z_t] iter 356/366  step  2916352  return   4.549  success  0.43 (top 0.92/bot 0.04)  ep_len  431.6  hazard_steps   0.6  approx_kl 0.0022  SPS 474
[z_t] iter 357/366  step  2924544  return   4.040  success  0.39 (top 0.91/bot 0.02)  ep_len  444.4  hazard_steps   0.4  approx_kl 0.0027  SPS 474
[z_t] iter 358/366  step  2932736  return   3.245  success  0.35 (top 0.91/bot 0.01)  ep_len  460.8  hazard_steps   0.5  approx_kl 0.0018  SPS 474
[z_t] iter 359/366  step  2940928  return   4.122  success  0.39 (top 0.92/bot 0.01)  ep_len  444.7  hazard_steps   0.5  approx_kl 0.0019  SPS 474
[z_t] iter 360/366  step  2949120  return   5.568  success  0.45 (top 0.91/bot 0.02)  ep_len  421.9  hazard_steps   1.0  approx_kl 0.0027  SPS 475
[z_t] iter 361/366  step  2957312  return   5.821  success  0.46 (top 0.92/bot 0.03)  ep_len  418.8  hazard_steps   1.2  approx_kl 0.0025  SPS 475
[z_t] iter 362/366  step  2965504  return   5.309  success  0.44 (top 0.92/bot 0.03)  ep_len  427.4  hazard_steps   1.9  approx_kl 0.0009  SPS 476
[z_t] iter 363/366  step  2973696  return   6.280  success  0.48 (top 0.93/bot 0.03)  ep_len  411.6  hazard_steps   1.9  approx_kl 0.0014  SPS 476
[z_t] iter 364/366  step  2981888  return   6.074  success  0.48 (top 0.93/bot 0.03)  ep_len  411.7  hazard_steps   2.0  approx_kl 0.0010  SPS 477
[z_t] iter 365/366  step  2990080  return   4.873  success  0.42 (top 0.92/bot 0.03)  ep_len  434.8  hazard_steps   2.0  approx_kl 0.0002  SPS 477
[z_t] iter 366/366  step  2998272  return   3.075  success  0.34 (top 0.92/bot 0.02)  ep_len  467.4  hazard_steps   1.1  approx_kl 0.0001  SPS 477

[z_t/seed1] FINAL success 0.340  hazard_steps 1.08
saved policy -> runs/race_v4/z_t_s1.pt
wrote run json -> runs/race_v4/z_t_s1.json
