[INFO][AppLauncher]: Using device: cuda:0
[INFO][AppLauncher]: Loading experience file: /data/howard/isaac/IsaacLab/apps/isaaclab.python.headless.rendering.kit
Loading user config located at: '/data/howard/isaac/envs/isaaclab/lib/python3.11/site-packages/isaacsim/kit/data/Kit/Isaac-Sim/5.1/user.config.json'
[Info] [carb] Logging to file: /data/howard/isaac/envs/isaaclab/lib/python3.11/site-packages/isaacsim/kit/logs/Kit/Isaac-Sim/5.1/kit_20260725_041832.log
2026-07-25T04:18:32Z [359ms] [Warning] [carb.windowing-glfw.plugin] GLFW initialization failed.
2026-07-25T04:18:32Z [359ms] [Warning] [carb] Failed to startup plugin carb.windowing-glfw.plugin (interfaces: [carb::windowing::IGLContext v1.0],[carb::windowing::IWindowing v1.5]) (impl: carb.windowing-glfw.plugin)
2026-07-25T04:18:33Z [483ms] [Warning] [omni.platforminfo.plugin] failed to open the default display.  Can't verify X Server version.
2026-07-25T04:18:33Z [494ms] [Warning] [carb.cudainterop.plugin] CUDA_VISIBLE_DEVICES environment variable is set.
2026-07-25T04:18:33Z [494ms] [Warning] [carb.cudainterop.plugin] Note CUDA device enumeration and Omniverse device enumeration are different.
2026-07-25T04:18:33Z [494ms] [Warning] [carb.cudainterop.plugin] Setting CUDA_VISIBLE_DEVICES can lead to undesired behavior or crashes.
2026-07-25T04:18:33Z [1,311ms] [Warning] [carb.windowing-glfw.plugin] GLFW initialization failed.
2026-07-25T04:18:33Z [1,311ms] [Warning] [carb] Failed to startup plugin carb.windowing-glfw.plugin (interfaces: [carb::windowing::IGLContext v1.0],[carb::windowing::IWindowing v1.5]) (impl: carb.windowing-glfw.plugin)
2026-07-25T04:18:34Z [1,518ms] [Warning] [gpu.foundation.plugin] Skipping NVIDIA GPU due CUDA being in bad state: NVIDIA RTX 6000 Ada Generation
2026-07-25T04:18:34Z [1,518ms] [Warning] [gpu.foundation.plugin] Please restart your system if CUDA is known to work in your system.
2026-07-25T04:18:34Z [1,521ms] [Warning] [gpu.foundation.plugin] Skipping NVIDIA GPU due CUDA being in bad state: NVIDIA RTX 6000 Ada Generation
2026-07-25T04:18:34Z [1,521ms] [Warning] [gpu.foundation.plugin] Please restart your system if CUDA is known to work in your system.
2026-07-25T04:18:34Z [1,526ms] [Warning] [gpu.foundation.plugin] Skipping NVIDIA GPU due CUDA being in bad state: NVIDIA RTX 6000 Ada Generation
2026-07-25T04:18:34Z [1,526ms] [Warning] [gpu.foundation.plugin] Please restart your system if CUDA is known to work in your system.
2026-07-25T04:18:34Z [1,527ms] [Warning] [gpu.foundation.plugin] Skipping NVIDIA GPU due CUDA being in bad state: NVIDIA RTX 6000 Ada Generation
2026-07-25T04:18:34Z [1,527ms] [Warning] [gpu.foundation.plugin] Please restart your system if CUDA is known to work in your system.
2026-07-25T04:18:34Z [1,527ms] [Warning] [gpu.foundation.plugin] Skipping NVIDIA GPU due CUDA being in bad state: NVIDIA RTX 6000 Ada Generation
2026-07-25T04:18:34Z [1,527ms] [Warning] [gpu.foundation.plugin] Please restart your system if CUDA is known to work in your system.
2026-07-25T04:18:34Z [1,527ms] [Warning] [gpu.foundation.plugin] Skipping NVIDIA GPU due CUDA being in bad state: NVIDIA RTX 6000 Ada Generation
2026-07-25T04:18:34Z [1,527ms] [Warning] [gpu.foundation.plugin] Please restart your system if CUDA is known to work in your system.

|---------------------------------------------------------------------------------------------|
| Driver Version: 550.90.12     | Graphics API: Vulkan
|=============================================================================================|
| GPU | Name                             | Active | LDA | GPU Memory | Vendor-ID | LUID       |
|     |                                  |        |     |            | Device-ID | UUID       |
|     |                                  |        |     |            | Bus-ID    |            |
|---------------------------------------------------------------------------------------------|
| 0   | NVIDIA RTX 6000 Ada Generation   |        |     | 49386   MB | 10de      | 0          |
|     |                                  |        |     |            | 26b1      | df04a158.. |
|     |                                  |        |     |            | 1         |            |
|---------------------------------------------------------------------------------------------|
| 1   | NVIDIA RTX 6000 Ada Generation   | Yes: 0 |     | 49386   MB | 10de      | 0          |
|     |                                  |        |     |            | 26b1      | 5cfd6483.. |
|     |                                  |        |     |            | 2c        |            |
|---------------------------------------------------------------------------------------------|
| 2   | NVIDIA RTX 6000 Ada Generation   |        |     | 49386   MB | 10de      | 0          |
|     |                                  |        |     |            | 26b1      | bdb0e57d.. |
|     |                                  |        |     |            | 41        |            |
|---------------------------------------------------------------------------------------------|
| 3   | NVIDIA RTX 6000 Ada Generation   |        |     | 49386   MB | 10de      | 0          |
|     |                                  |        |     |            | 26b1      | 21e14e0d.. |
|     |                                  |        |     |            | 61        |            |
|=============================================================================================|
| OS: 22.04.5 LTS (Jammy Jellyfish) ubuntu, Version: 22.04.5, Kernel: 5.15.0-181-generic
| Processor: AMD Ryzen Threadripper PRO 5995WX 64-Cores
| Cores: 64 | Logical Cores: 128
|---------------------------------------------------------------------------------------------|
| Total Memory (MB): 515582 | Free Memory: 293399
| Total Page/Swap (MB): 10239 | Free Page/Swap: 6388
|---------------------------------------------------------------------------------------------|
2026-07-25T04:18:36Z [3,766ms] [Warning] [carb.windowing-glfw.plugin] GLFW initialization failed.
2026-07-25T04:18:36Z [3,766ms] [Warning] [carb] Failed to startup plugin carb.windowing-glfw.plugin (interfaces: [carb::windowing::IGLContext v1.0],[carb::windowing::IWindowing v1.5]) (impl: carb.windowing-glfw.plugin)
2026-07-25T04:18:36Z [3,799ms] [Warning] [carb.windowing-glfw.plugin] GLFW initialization failed.
2026-07-25T04:18:36Z [3,799ms] [Warning] [carb] Failed to startup plugin carb.windowing-glfw.plugin (interfaces: [carb::windowing::IGLContext v1.0],[carb::windowing::IWindowing v1.5]) (impl: carb.windowing-glfw.plugin)
2026-07-25T04:18:36Z [3,824ms] [Warning] [carb.windowing-glfw.plugin] GLFW initialization failed.
2026-07-25T04:18:36Z [3,824ms] [Warning] [carb] Failed to startup plugin carb.windowing-glfw.plugin (interfaces: [carb::windowing::IGLContext v1.0],[carb::windowing::IWindowing v1.5]) (impl: carb.windowing-glfw.plugin)
2026-07-25T04:18:36Z [3,846ms] [Warning] [carb.windowing-glfw.plugin] GLFW initialization failed.
2026-07-25T04:18:36Z [3,846ms] [Warning] [carb] Failed to startup plugin carb.windowing-glfw.plugin (interfaces: [carb::windowing::IGLContext v1.0],[carb::windowing::IWindowing v1.5]) (impl: carb.windowing-glfw.plugin)
2026-07-25T04:18:36Z [3,849ms] [Warning] [carb.windowing-glfw.plugin] GLFW initialization failed.
2026-07-25T04:18:36Z [3,849ms] [Warning] [carb] Failed to startup plugin carb.windowing-glfw.plugin (interfaces: [carb::windowing::IGLContext v1.0],[carb::windowing::IWindowing v1.5]) (impl: carb.windowing-glfw.plugin)
2026-07-25T04:18:36Z [3,851ms] [Warning] [carb.windowing-glfw.plugin] GLFW initialization failed.
2026-07-25T04:18:36Z [3,851ms] [Warning] [carb] Failed to startup plugin carb.windowing-glfw.plugin (interfaces: [carb::windowing::IGLContext v1.0],[carb::windowing::IWindowing v1.5]) (impl: carb.windowing-glfw.plugin)
2026-07-25T04:18:37Z [4,539ms] [Warning] [omni.log] Source: omni.hydra was already registered.
2026-07-25T04:18:37Z [5,358ms] [Warning] [carb] Acquiring non optional plugin interface which is not listed as dependency: [omni::physx::IPhysxBenchmarks v1.0] (plugin: <default plugin>), by client: omni.physics.physx.plugin. Add it to CARB_PLUGIN_IMPL_DEPS() macro of a client.
2026-07-25T04:18:37Z [5,381ms] [Warning] [omni.isaac.dynamic_control] omni.isaac.dynamic_control is deprecated as of Isaac Sim 4.5. No action is needed from end-users.
2026-07-25T04:18:42Z [9,433ms] [Warning] [pxr.Semantics] pxr.Semantics is deprecated - please use Semantics instead
2026-07-25T04:18:42Z [9,671ms] [Warning] [omni.graph.core.plugin] Found duplicate of category 'Replicator' - was 'Annotators', adding 'Fabric Reader'
2026-07-25T04:18:42Z [9,671ms] [Warning] [omni.graph.core.plugin] Category 'Replicator' not accepted on node type 'omni.replicator.core.FabricReader' in extension 'omni.replicator.core'
2026-07-25T04:18:42Z [9,673ms] [Warning] [omni.replicator.core.scripts.extension] No material configuration file, adding configuration to material settings directly.
2026-07-25T04:18:45Z [12,641ms] [Warning] [omni.kvdb.plugin] Disabling key-value database because another kit process is locking it
2026-07-25T04:18:51Z [19,371ms] [Warning] [omni.fabric.plugin] Warning: attribute viewportHandle not found for bucket id 7

2026-07-25T04:18:53Z [20,527ms] [Warning] [isaaclab.envs.direct_marl_env] Seed not set for the environment. The environment creation may not be deterministic.

[36m========================================================================================================[0m
[36m[1m[INFO][IsaacLab]: Logging to file: /data/howard/isaac/tmp/isaaclab/logs/isaaclab_2026-07-25_04-18-53.log[0m
[36m========================================================================================================[0m

[33m04:18:53 [simulation_context.py] WARNING: The `enable_external_forces_every_iteration` parameter in the PhysxCfg is set to False. If you are experiencing noisy velocities, consider enabling this flag. You may need to slightly increase the number of velocity iterations (setting it to 1 or 2 rather than 0), together with this flag, to improve the accuracy of velocity updates.[0m
[INFO]: Base environment:
	Environment device    : cuda:0
	Environment seed      : None
	Physics step-size     : 0.016666666666666666
	Rendering step-size   : 0.1
	Environment step-size : 0.1
[INFO]: Time taken for scene creation : 4.678342 seconds
[INFO]: Scene manager:  <class InteractiveScene>
	Number of environments: 64
	Environment spacing   : 12.0
	Source prim name      : /World/envs/env_0
	Global prim paths     : []
	Replicate physics     : True
[INFO]: Starting the simulation. This may take a few seconds. Please wait...
[INFO]: Time taken for simulation start : 7.008422 seconds
[INFO]: Completed setting up the environment...
init_nav: loaded 19/19 tensors from runs/nav_pretrain/nav_s1_mouth.pt; widened ['actor.0.weight', 'critic.0.weight']
log_std frozen at [0.6231597661972046, 0.6012086868286133, 0.7243850827217102]
route obedience: trainable=75,140 (encoder frozen)  wrong_corridor=-0.25/step
2026-07-25T04:19:17Z [44,645ms] [Warning] [carb] Client gpu.foundation.plugin has acquired [gpu::unstable::IMemoryBudgetManagerFactory v0.1] 100 times. Consider accessing this interface with carb::getCachedInterface() (Performance warning)
[obey] iter   1/366  step     8192  obey top nan/bot nan  succ top nan/bot nan  wrong_steps    nan  approx_kl 0.0252  SPS 352
[obey] iter   2/366  step    16384  obey top nan/bot 1.00  succ top nan/bot 1.00  wrong_steps    0.0  approx_kl 0.0302  SPS 348
[obey] iter   3/366  step    24576  obey top 1.00/bot 1.00  succ top 1.00/bot 1.00  wrong_steps    0.0  approx_kl 0.0357  SPS 336
[obey] iter   4/366  step    32768  obey top 1.00/bot 1.00  succ top 1.00/bot 1.00  wrong_steps    0.0  approx_kl 0.0217  SPS 338
[obey] iter   5/366  step    40960  obey top 0.19/bot 0.72  succ top 0.15/bot 0.65  wrong_steps  136.5  approx_kl 0.0366  SPS 340
[obey] iter   6/366  step    49152  obey top 0.19/bot 0.72  succ top 0.15/bot 0.66  wrong_steps  134.6  approx_kl 0.0098  SPS 338
[obey] iter   7/366  step    57344  obey top 0.29/bot 0.75  succ top 0.24/bot 0.69  wrong_steps  116.1  approx_kl 0.0314  SPS 337
[obey] iter   8/366  step    65536  obey top 0.28/bot 0.77  succ top 0.23/bot 0.68  wrong_steps  123.9  approx_kl 0.0293  SPS 338
[obey] iter   9/366  step    73728  obey top 0.29/bot 0.77  succ top 0.25/bot 0.69  wrong_steps  123.6  approx_kl 0.0217  SPS 335
[obey] iter  10/366  step    81920  obey top 0.26/bot 0.76  succ top 0.21/bot 0.65  wrong_steps  145.7  approx_kl 0.0158  SPS 337
[obey] iter  11/366  step    90112  obey top 0.30/bot 0.76  succ top 0.24/bot 0.65  wrong_steps  141.1  approx_kl 0.0326  SPS 336
[obey] iter  12/366  step    98304  obey top 0.26/bot 0.76  succ top 0.21/bot 0.64  wrong_steps  152.1  approx_kl 0.0228  SPS 333
[obey] iter  13/366  step   106496  obey top 0.26/bot 0.74  succ top 0.22/bot 0.64  wrong_steps  155.9  approx_kl 0.0211  SPS 335
[obey] iter  14/366  step   114688  obey top 0.28/bot 0.76  succ top 0.22/bot 0.65  wrong_steps  153.5  approx_kl 0.0187  SPS 333
[obey] iter  15/366  step   122880  obey top 0.26/bot 0.75  succ top 0.21/bot 0.61  wrong_steps  176.1  approx_kl 0.0179  SPS 333
[obey] iter  16/366  step   131072  obey top 0.25/bot 0.74  succ top 0.20/bot 0.61  wrong_steps  195.2  approx_kl 0.0229  SPS 334
[obey] iter  17/366  step   139264  obey top 0.26/bot 0.73  succ top 0.20/bot 0.60  wrong_steps  188.6  approx_kl 0.0176  SPS 333
[obey] iter  18/366  step   147456  obey top 0.26/bot 0.72  succ top 0.20/bot 0.59  wrong_steps  181.5  approx_kl 0.0277  SPS 332
[obey] iter  19/366  step   155648  obey top 0.24/bot 0.71  succ top 0.19/bot 0.57  wrong_steps  201.7  approx_kl 0.0229  SPS 333
[obey] iter  20/366  step   163840  obey top 0.24/bot 0.71  succ top 0.18/bot 0.57  wrong_steps  208.5  approx_kl 0.0205  SPS 333
[obey] iter  21/366  step   172032  obey top 0.23/bot 0.71  succ top 0.17/bot 0.58  wrong_steps  216.9  approx_kl 0.0263  SPS 332
[obey] iter  22/366  step   180224  obey top 0.24/bot 0.71  succ top 0.18/bot 0.57  wrong_steps  210.4  approx_kl 0.0232  SPS 331
[obey] iter  23/366  step   188416  obey top 0.23/bot 0.72  succ top 0.18/bot 0.59  wrong_steps  204.5  approx_kl 0.0231  SPS 330
[obey] iter  24/366  step   196608  obey top 0.23/bot 0.72  succ top 0.17/bot 0.58  wrong_steps  214.2  approx_kl 0.0331  SPS 330
[obey] iter  25/366  step   204800  obey top 0.24/bot 0.72  succ top 0.17/bot 0.58  wrong_steps  214.2  approx_kl 0.0154  SPS 329
[obey] iter  26/366  step   212992  obey top 0.23/bot 0.72  succ top 0.15/bot 0.57  wrong_steps  231.6  approx_kl 0.0272  SPS 327
[obey] iter  27/366  step   221184  obey top 0.23/bot 0.71  succ top 0.15/bot 0.56  wrong_steps  224.9  approx_kl 0.0219  SPS 328
[obey] iter  28/366  step   229376  obey top 0.23/bot 0.71  succ top 0.15/bot 0.56  wrong_steps  215.5  approx_kl 0.0204  SPS 328
[obey] iter  29/366  step   237568  obey top 0.23/bot 0.69  succ top 0.15/bot 0.53  wrong_steps  218.8  approx_kl 0.0246  SPS 327
[obey] iter  30/366  step   245760  obey top 0.23/bot 0.69  succ top 0.15/bot 0.51  wrong_steps  230.8  approx_kl 0.0153  SPS 328
[obey] iter  31/366  step   253952  obey top 0.23/bot 0.69  succ top 0.14/bot 0.52  wrong_steps  226.0  approx_kl 0.0195  SPS 328
[obey] iter  32/366  step   262144  obey top 0.23/bot 0.73  succ top 0.14/bot 0.56  wrong_steps  215.6  approx_kl 0.0386  SPS 327
[obey] iter  33/366  step   270336  obey top 0.21/bot 0.72  succ top 0.13/bot 0.54  wrong_steps  225.6  approx_kl 0.0132  SPS 328
[obey] iter  34/366  step   278528  obey top 0.21/bot 0.72  succ top 0.13/bot 0.54  wrong_steps  227.2  approx_kl 0.0215  SPS 328
[obey] iter  35/366  step   286720  obey top 0.20/bot 0.72  succ top 0.12/bot 0.52  wrong_steps  241.4  approx_kl 0.0179  SPS 327
[obey] iter  36/366  step   294912  obey top 0.21/bot 0.71  succ top 0.12/bot 0.51  wrong_steps  247.0  approx_kl 0.0134  SPS 328
[obey] iter  37/366  step   303104  obey top 0.20/bot 0.69  succ top 0.11/bot 0.49  wrong_steps  251.0  approx_kl 0.0178  SPS 327
[obey] iter  38/366  step   311296  obey top 0.21/bot 0.70  succ top 0.12/bot 0.48  wrong_steps  238.8  approx_kl 0.0102  SPS 327
[obey] iter  39/366  step   319488  obey top 0.20/bot 0.70  succ top 0.10/bot 0.47  wrong_steps  245.9  approx_kl 0.0140  SPS 328
[obey] iter  40/366  step   327680  obey top 0.20/bot 0.69  succ top 0.10/bot 0.47  wrong_steps  248.2  approx_kl 0.0201  SPS 327
[obey] iter  41/366  step   335872  obey top 0.20/bot 0.70  succ top 0.10/bot 0.48  wrong_steps  258.2  approx_kl 0.0133  SPS 327
[obey] iter  42/366  step   344064  obey top 0.20/bot 0.70  succ top 0.09/bot 0.47  wrong_steps  269.9  approx_kl 0.0233  SPS 327
[obey] iter  43/366  step   352256  obey top 0.19/bot 0.70  succ top 0.09/bot 0.47  wrong_steps  275.5  approx_kl 0.0165  SPS 327
[obey] iter  44/366  step   360448  obey top 0.20/bot 0.71  succ top 0.09/bot 0.46  wrong_steps  270.8  approx_kl 0.0233  SPS 327
[obey] iter  45/366  step   368640  obey top 0.20/bot 0.71  succ top 0.09/bot 0.47  wrong_steps  281.6  approx_kl 0.0373  SPS 327
[obey] iter  46/366  step   376832  obey top 0.20/bot 0.72  succ top 0.09/bot 0.43  wrong_steps  285.6  approx_kl 0.0349  SPS 326
[obey] iter  47/366  step   385024  obey top 0.20/bot 0.73  succ top 0.09/bot 0.43  wrong_steps  272.6  approx_kl 0.0242  SPS 326
[obey] iter  48/366  step   393216  obey top 0.20/bot 0.74  succ top 0.10/bot 0.43  wrong_steps  263.3  approx_kl 0.0302  SPS 326
[obey] iter  49/366  step   401408  obey top 0.20/bot 0.74  succ top 0.10/bot 0.43  wrong_steps  264.0  approx_kl 0.0143  SPS 326
[obey] iter  50/366  step   409600  obey top 0.18/bot 0.74  succ top 0.09/bot 0.41  wrong_steps  254.8  approx_kl 0.0145  SPS 326
[obey] iter  51/366  step   417792  obey top 0.18/bot 0.74  succ top 0.09/bot 0.40  wrong_steps  271.6  approx_kl 0.0189  SPS 327
[obey] iter  52/366  step   425984  obey top 0.18/bot 0.74  succ top 0.09/bot 0.40  wrong_steps  261.8  approx_kl 0.0226  SPS 326
[obey] iter  53/366  step   434176  obey top 0.17/bot 0.77  succ top 0.09/bot 0.41  wrong_steps  254.0  approx_kl 0.0324  SPS 326
[obey] iter  54/366  step   442368  obey top 0.18/bot 0.76  succ top 0.09/bot 0.40  wrong_steps  250.3  approx_kl 0.0143  SPS 326
[obey] iter  55/366  step   450560  obey top 0.18/bot 0.77  succ top 0.10/bot 0.39  wrong_steps  232.0  approx_kl 0.0233  SPS 326
[obey] iter  56/366  step   458752  obey top 0.19/bot 0.78  succ top 0.09/bot 0.39  wrong_steps  215.4  approx_kl 0.0173  SPS 326
[obey] iter  57/366  step   466944  obey top 0.20/bot 0.80  succ top 0.10/bot 0.41  wrong_steps  213.9  approx_kl 0.0165  SPS 326
[obey] iter  58/366  step   475136  obey top 0.19/bot 0.79  succ top 0.09/bot 0.40  wrong_steps  212.7  approx_kl 0.0254  SPS 325
[obey] iter  59/366  step   483328  obey top 0.19/bot 0.79  succ top 0.09/bot 0.39  wrong_steps  202.9  approx_kl 0.0264  SPS 326
[obey] iter  60/366  step   491520  obey top 0.20/bot 0.79  succ top 0.09/bot 0.40  wrong_steps  214.5  approx_kl 0.0245  SPS 325
[obey] iter  61/366  step   499712  obey top 0.20/bot 0.81  succ top 0.09/bot 0.41  wrong_steps  214.0  approx_kl 0.0353  SPS 325
[obey] iter  62/366  step   507904  obey top 0.20/bot 0.82  succ top 0.10/bot 0.44  wrong_steps  199.7  approx_kl 0.0349  SPS 326
[obey] iter  63/366  step   516096  obey top 0.21/bot 0.82  succ top 0.10/bot 0.43  wrong_steps  188.7  approx_kl 0.0272  SPS 325
[obey] iter  64/366  step   524288  obey top 0.20/bot 0.84  succ top 0.10/bot 0.45  wrong_steps  179.3  approx_kl 0.0235  SPS 325
[obey] iter  65/366  step   532480  obey top 0.21/bot 0.84  succ top 0.10/bot 0.46  wrong_steps  185.6  approx_kl 0.0206  SPS 325
[obey] iter  66/366  step   540672  obey top 0.21/bot 0.85  succ top 0.10/bot 0.47  wrong_steps  203.2  approx_kl 0.0301  SPS 325
[obey] iter  67/366  step   548864  obey top 0.21/bot 0.86  succ top 0.10/bot 0.48  wrong_steps  205.0  approx_kl 0.0149  SPS 325
[obey] iter  68/366  step   557056  obey top 0.22/bot 0.86  succ top 0.11/bot 0.49  wrong_steps  207.0  approx_kl 0.0268  SPS 326
[obey] iter  69/366  step   565248  obey top 0.23/bot 0.87  succ top 0.11/bot 0.49  wrong_steps  205.1  approx_kl 0.0156  SPS 325
[obey] iter  70/366  step   573440  obey top 0.24/bot 0.87  succ top 0.12/bot 0.53  wrong_steps  198.9  approx_kl 0.0348  SPS 325
[obey] iter  71/366  step   581632  obey top 0.24/bot 0.86  succ top 0.12/bot 0.52  wrong_steps  209.1  approx_kl 0.0229  SPS 326
[obey] iter  72/366  step   589824  obey top 0.24/bot 0.86  succ top 0.12/bot 0.52  wrong_steps  199.6  approx_kl 0.0154  SPS 325
[obey] iter  73/366  step   598016  obey top 0.25/bot 0.87  succ top 0.12/bot 0.53  wrong_steps  194.0  approx_kl 0.0333  SPS 325
[obey] iter  74/366  step   606208  obey top 0.26/bot 0.86  succ top 0.14/bot 0.53  wrong_steps  198.9  approx_kl 0.0398  SPS 326
[obey] iter  75/366  step   614400  obey top 0.28/bot 0.86  succ top 0.14/bot 0.54  wrong_steps  218.2  approx_kl 0.0162  SPS 325
[obey] iter  76/366  step   622592  obey top 0.28/bot 0.87  succ top 0.14/bot 0.54  wrong_steps  226.8  approx_kl 0.0134  SPS 325
[obey] iter  77/366  step   630784  obey top 0.28/bot 0.86  succ top 0.14/bot 0.54  wrong_steps  226.6  approx_kl 0.0219  SPS 326
[obey] iter  78/366  step   638976  obey top 0.28/bot 0.86  succ top 0.14/bot 0.53  wrong_steps  225.6  approx_kl 0.0244  SPS 325
[obey] iter  79/366  step   647168  obey top 0.27/bot 0.86  succ top 0.14/bot 0.54  wrong_steps  220.9  approx_kl 0.0292  SPS 325
[obey] iter  80/366  step   655360  obey top 0.27/bot 0.85  succ top 0.14/bot 0.55  wrong_steps  226.5  approx_kl 0.0219  SPS 325
[obey] iter  81/366  step   663552  obey top 0.28/bot 0.85  succ top 0.14/bot 0.55  wrong_steps  228.4  approx_kl 0.0466  SPS 325
[obey] iter  82/366  step   671744  obey top 0.29/bot 0.84  succ top 0.14/bot 0.53  wrong_steps  233.9  approx_kl 0.0220  SPS 325
[obey] iter  83/366  step   679936  obey top 0.31/bot 0.84  succ top 0.14/bot 0.53  wrong_steps  226.2  approx_kl 0.0207  SPS 325
[obey] iter  84/366  step   688128  obey top 0.30/bot 0.84  succ top 0.15/bot 0.52  wrong_steps  224.5  approx_kl 0.0195  SPS 325
[obey] iter  85/366  step   696320  obey top 0.30/bot 0.85  succ top 0.15/bot 0.53  wrong_steps  231.2  approx_kl 0.0348  SPS 325
[obey] iter  86/366  step   704512  obey top 0.30/bot 0.85  succ top 0.15/bot 0.51  wrong_steps  238.7  approx_kl 0.0250  SPS 325
[obey] iter  87/366  step   712704  obey top 0.29/bot 0.84  succ top 0.14/bot 0.51  wrong_steps  237.5  approx_kl 0.0196  SPS 325
[obey] iter  88/366  step   720896  obey top 0.28/bot 0.84  succ top 0.14/bot 0.51  wrong_steps  229.2  approx_kl 0.0356  SPS 325
[obey] iter  89/366  step   729088  obey top 0.28/bot 0.84  succ top 0.13/bot 0.50  wrong_steps  236.8  approx_kl 0.0770  SPS 325
[obey] iter  90/366  step   737280  obey top 0.28/bot 0.83  succ top 0.13/bot 0.49  wrong_steps  236.3  approx_kl 0.0360  SPS 324
[obey] iter  91/366  step   745472  obey top 0.29/bot 0.83  succ top 0.14/bot 0.50  wrong_steps  233.6  approx_kl 0.0318  SPS 325
[obey] iter  92/366  step   753664  obey top 0.27/bot 0.83  succ top 0.13/bot 0.49  wrong_steps  232.3  approx_kl 0.0446  SPS 324
[obey] iter  93/366  step   761856  obey top 0.26/bot 0.84  succ top 0.12/bot 0.48  wrong_steps  233.0  approx_kl 0.0334  SPS 324
[obey] iter  94/366  step   770048  obey top 0.25/bot 0.83  succ top 0.14/bot 0.47  wrong_steps  231.8  approx_kl 0.0170  SPS 324
[obey] iter  95/366  step   778240  obey top 0.26/bot 0.83  succ top 0.12/bot 0.48  wrong_steps  235.6  approx_kl 0.0405  SPS 324
[obey] iter  96/366  step   786432  obey top 0.27/bot 0.83  succ top 0.13/bot 0.47  wrong_steps  234.2  approx_kl 0.0220  SPS 324
[obey] iter  97/366  step   794624  obey top 0.25/bot 0.83  succ top 0.12/bot 0.45  wrong_steps  236.2  approx_kl 0.0181  SPS 324
[obey] iter  98/366  step   802816  obey top 0.23/bot 0.83  succ top 0.10/bot 0.46  wrong_steps  235.5  approx_kl 0.0192  SPS 324
[obey] iter  99/366  step   811008  obey top 0.22/bot 0.83  succ top 0.11/bot 0.45  wrong_steps  238.3  approx_kl 0.0245  SPS 324
[obey] iter 100/366  step   819200  obey top 0.23/bot 0.82  succ top 0.11/bot 0.45  wrong_steps  234.3  approx_kl 0.0302  SPS 324
[obey] iter 101/366  step   827392  obey top 0.23/bot 0.81  succ top 0.12/bot 0.45  wrong_steps  234.9  approx_kl 0.0128  SPS 324
[obey] iter 102/366  step   835584  obey top 0.21/bot 0.82  succ top 0.12/bot 0.46  wrong_steps  227.4  approx_kl 0.0285  SPS 324
[obey] iter 103/366  step   843776  obey top 0.21/bot 0.82  succ top 0.12/bot 0.47  wrong_steps  226.0  approx_kl 0.0188  SPS 324
[obey] iter 104/366  step   851968  obey top 0.20/bot 0.81  succ top 0.14/bot 0.46  wrong_steps  236.6  approx_kl 0.0104  SPS 323
[obey] iter 105/366  step   860160  obey top 0.19/bot 0.81  succ top 0.14/bot 0.45  wrong_steps  238.0  approx_kl 0.0218  SPS 324
[obey] iter 106/366  step   868352  obey top 0.19/bot 0.81  succ top 0.14/bot 0.45  wrong_steps  229.6  approx_kl 0.0218  SPS 324
[obey] iter 107/366  step   876544  obey top 0.18/bot 0.81  succ top 0.14/bot 0.46  wrong_steps  228.8  approx_kl 0.0229  SPS 323
[obey] iter 108/366  step   884736  obey top 0.17/bot 0.81  succ top 0.14/bot 0.46  wrong_steps  223.8  approx_kl 0.0219  SPS 323
[obey] iter 109/366  step   892928  obey top 0.17/bot 0.81  succ top 0.14/bot 0.46  wrong_steps  208.8  approx_kl 0.0193  SPS 323
[obey] iter 110/366  step   901120  obey top 0.18/bot 0.81  succ top 0.15/bot 0.45  wrong_steps  204.1  approx_kl 0.0271  SPS 323
[obey] iter 111/366  step   909312  obey top 0.18/bot 0.81  succ top 0.15/bot 0.47  wrong_steps  197.8  approx_kl 0.0190  SPS 323
[obey] iter 112/366  step   917504  obey top 0.17/bot 0.82  succ top 0.16/bot 0.47  wrong_steps  197.4  approx_kl 0.0328  SPS 323
[obey] iter 113/366  step   925696  obey top 0.18/bot 0.83  succ top 0.16/bot 0.46  wrong_steps  179.9  approx_kl 0.0285  SPS 323
[obey] iter 114/366  step   933888  obey top 0.18/bot 0.83  succ top 0.17/bot 0.47  wrong_steps  170.5  approx_kl 0.0332  SPS 323
[obey] iter 115/366  step   942080  obey top 0.20/bot 0.83  succ top 0.17/bot 0.48  wrong_steps  173.8  approx_kl 0.0195  SPS 323
[obey] iter 116/366  step   950272  obey top 0.19/bot 0.83  succ top 0.18/bot 0.48  wrong_steps  164.0  approx_kl 0.0301  SPS 323
[obey] iter 117/366  step   958464  obey top 0.20/bot 0.82  succ top 0.19/bot 0.47  wrong_steps  163.3  approx_kl 0.0301  SPS 323
[obey] iter 118/366  step   966656  obey top 0.21/bot 0.82  succ top 0.20/bot 0.47  wrong_steps  161.1  approx_kl 0.0167  SPS 323
[obey] iter 119/366  step   974848  obey top 0.21/bot 0.82  succ top 0.20/bot 0.48  wrong_steps  161.5  approx_kl 0.0193  SPS 323
[obey] iter 120/366  step   983040  obey top 0.20/bot 0.81  succ top 0.20/bot 0.49  wrong_steps  166.0  approx_kl 0.0191  SPS 323
[obey] iter 121/366  step   991232  obey top 0.20/bot 0.83  succ top 0.20/bot 0.51  wrong_steps  167.7  approx_kl 0.0333  SPS 323
[obey] iter 122/366  step   999424  obey top 0.20/bot 0.82  succ top 0.20/bot 0.53  wrong_steps  162.1  approx_kl 0.0200  SPS 323
[obey] iter 123/366  step  1007616  obey top 0.20/bot 0.83  succ top 0.21/bot 0.51  wrong_steps  165.6  approx_kl 0.0112  SPS 323
[obey] iter 124/366  step  1015808  obey top 0.19/bot 0.85  succ top 0.21/bot 0.53  wrong_steps  157.5  approx_kl 0.0376  SPS 323
[obey] iter 125/366  step  1024000  obey top 0.20/bot 0.85  succ top 0.23/bot 0.52  wrong_steps  163.6  approx_kl 0.0184  SPS 323
[obey] iter 126/366  step  1032192  obey top 0.18/bot 0.84  succ top 0.23/bot 0.51  wrong_steps  183.6  approx_kl 0.0186  SPS 323
[obey] iter 127/366  step  1040384  obey top 0.18/bot 0.84  succ top 0.22/bot 0.50  wrong_steps  199.7  approx_kl 0.0122  SPS 323
[obey] iter 128/366  step  1048576  obey top 0.18/bot 0.86  succ top 0.22/bot 0.51  wrong_steps  188.0  approx_kl 0.0172  SPS 323
[obey] iter 129/366  step  1056768  obey top 0.20/bot 0.86  succ top 0.21/bot 0.51  wrong_steps  184.4  approx_kl 0.0155  SPS 323
[obey] iter 130/366  step  1064960  obey top 0.20/bot 0.87  succ top 0.21/bot 0.50  wrong_steps  175.8  approx_kl 0.0188  SPS 323
[obey] iter 131/366  step  1073152  obey top 0.20/bot 0.88  succ top 0.21/bot 0.50  wrong_steps  179.3  approx_kl 0.0194  SPS 322
[obey] iter 132/366  step  1081344  obey top 0.20/bot 0.85  succ top 0.21/bot 0.47  wrong_steps  170.7  approx_kl 0.0163  SPS 323
[obey] iter 133/366  step  1089536  obey top 0.19/bot 0.85  succ top 0.21/bot 0.47  wrong_steps  164.5  approx_kl 0.0195  SPS 322
[obey] iter 134/366  step  1097728  obey top 0.18/bot 0.85  succ top 0.20/bot 0.47  wrong_steps  172.9  approx_kl 0.0184  SPS 322
[obey] iter 135/366  step  1105920  obey top 0.18/bot 0.85  succ top 0.20/bot 0.47  wrong_steps  165.6  approx_kl 0.0239  SPS 322
[obey] iter 136/366  step  1114112  obey top 0.17/bot 0.84  succ top 0.20/bot 0.47  wrong_steps  160.9  approx_kl 0.0258  SPS 322
[obey] iter 137/366  step  1122304  obey top 0.17/bot 0.84  succ top 0.20/bot 0.47  wrong_steps  163.9  approx_kl 0.0162  SPS 322
[obey] iter 138/366  step  1130496  obey top 0.17/bot 0.85  succ top 0.20/bot 0.48  wrong_steps  150.0  approx_kl 0.0192  SPS 322
[obey] iter 139/366  step  1138688  obey top 0.14/bot 0.85  succ top 0.20/bot 0.48  wrong_steps  129.6  approx_kl 0.0230  SPS 322
[obey] iter 140/366  step  1146880  obey top 0.16/bot 0.84  succ top 0.20/bot 0.46  wrong_steps  126.1  approx_kl 0.0200  SPS 322
[obey] iter 141/366  step  1155072  obey top 0.17/bot 0.84  succ top 0.20/bot 0.46  wrong_steps  126.8  approx_kl 0.0312  SPS 322
[obey] iter 142/366  step  1163264  obey top 0.17/bot 0.83  succ top 0.19/bot 0.46  wrong_steps  119.1  approx_kl 0.0113  SPS 322
[obey] iter 143/366  step  1171456  obey top 0.17/bot 0.84  succ top 0.18/bot 0.46  wrong_steps  120.9  approx_kl 0.0335  SPS 322
[obey] iter 144/366  step  1179648  obey top 0.16/bot 0.84  succ top 0.18/bot 0.44  wrong_steps  125.9  approx_kl 0.0400  SPS 322
[obey] iter 145/366  step  1187840  obey top 0.17/bot 0.84  succ top 0.17/bot 0.43  wrong_steps  118.6  approx_kl 0.0337  SPS 323
[obey] iter 146/366  step  1196032  obey top 0.17/bot 0.84  succ top 0.17/bot 0.42  wrong_steps  121.7  approx_kl 0.0356  SPS 323
[obey] iter 147/366  step  1204224  obey top 0.19/bot 0.85  succ top 0.16/bot 0.42  wrong_steps  116.4  approx_kl 0.0198  SPS 323
[obey] iter 148/366  step  1212416  obey top 0.20/bot 0.83  succ top 0.15/bot 0.43  wrong_steps  120.2  approx_kl 0.0221  SPS 323
[obey] iter 149/366  step  1220608  obey top 0.20/bot 0.83  succ top 0.15/bot 0.42  wrong_steps  117.4  approx_kl 0.0217  SPS 324
[obey] iter 150/366  step  1228800  obey top 0.21/bot 0.82  succ top 0.14/bot 0.42  wrong_steps  110.0  approx_kl 0.0270  SPS 324
[obey] iter 151/366  step  1236992  obey top 0.20/bot 0.82  succ top 0.14/bot 0.42  wrong_steps  105.7  approx_kl 0.0185  SPS 325
[obey] iter 152/366  step  1245184  obey top 0.20/bot 0.82  succ top 0.14/bot 0.41  wrong_steps  100.2  approx_kl 0.0278  SPS 325
[obey] iter 153/366  step  1253376  obey top 0.20/bot 0.81  succ top 0.14/bot 0.39  wrong_steps   98.0  approx_kl 0.0242  SPS 326
[obey] iter 154/366  step  1261568  obey top 0.20/bot 0.81  succ top 0.14/bot 0.40  wrong_steps   91.5  approx_kl 0.0276  SPS 327
[obey] iter 155/366  step  1269760  obey top 0.20/bot 0.81  succ top 0.14/bot 0.40  wrong_steps   99.3  approx_kl 0.0226  SPS 327
[obey] iter 156/366  step  1277952  obey top 0.20/bot 0.81  succ top 0.14/bot 0.39  wrong_steps   93.1  approx_kl 0.0214  SPS 328
[obey] iter 157/366  step  1286144  obey top 0.18/bot 0.82  succ top 0.12/bot 0.38  wrong_steps   86.1  approx_kl 0.0222  SPS 328
[obey] iter 158/366  step  1294336  obey top 0.18/bot 0.82  succ top 0.11/bot 0.38  wrong_steps   86.5  approx_kl 0.0367  SPS 329
[obey] iter 159/366  step  1302528  obey top 0.18/bot 0.83  succ top 0.12/bot 0.39  wrong_steps   79.6  approx_kl 0.0534  SPS 330
[obey] iter 160/366  step  1310720  obey top 0.17/bot 0.83  succ top 0.11/bot 0.37  wrong_steps   73.7  approx_kl 0.0262  SPS 330
[obey] iter 161/366  step  1318912  obey top 0.17/bot 0.83  succ top 0.10/bot 0.35  wrong_steps   80.1  approx_kl 0.0239  SPS 331
[obey] iter 162/366  step  1327104  obey top 0.17/bot 0.83  succ top 0.10/bot 0.35  wrong_steps   71.1  approx_kl 0.0293  SPS 331
[obey] iter 163/366  step  1335296  obey top 0.17/bot 0.83  succ top 0.10/bot 0.33  wrong_steps   77.3  approx_kl 0.0359  SPS 331
[obey] iter 164/366  step  1343488  obey top 0.17/bot 0.83  succ top 0.08/bot 0.31  wrong_steps   70.2  approx_kl 0.0229  SPS 332
[obey] iter 165/366  step  1351680  obey top 0.17/bot 0.84  succ top 0.07/bot 0.32  wrong_steps   68.2  approx_kl 0.0306  SPS 332
[obey] iter 166/366  step  1359872  obey top 0.17/bot 0.84  succ top 0.08/bot 0.32  wrong_steps   70.3  approx_kl 0.0230  SPS 332
[obey] iter 167/366  step  1368064  obey top 0.17/bot 0.85  succ top 0.07/bot 0.32  wrong_steps   68.2  approx_kl 0.0279  SPS 332
[obey] iter 168/366  step  1376256  obey top 0.17/bot 0.84  succ top 0.07/bot 0.33  wrong_steps   75.7  approx_kl 0.0149  SPS 332
[obey] iter 169/366  step  1384448  obey top 0.15/bot 0.84  succ top 0.07/bot 0.31  wrong_steps   74.6  approx_kl 0.0301  SPS 332
[obey] iter 170/366  step  1392640  obey top 0.14/bot 0.84  succ top 0.07/bot 0.30  wrong_steps   72.4  approx_kl 0.0218  SPS 332
[obey] iter 171/366  step  1400832  obey top 0.14/bot 0.85  succ top 0.06/bot 0.30  wrong_steps   67.4  approx_kl 0.0181  SPS 332
[obey] iter 172/366  step  1409024  obey top 0.14/bot 0.85  succ top 0.06/bot 0.28  wrong_steps   76.1  approx_kl 0.0192  SPS 331
[obey] iter 173/366  step  1417216  obey top 0.12/bot 0.85  succ top 0.06/bot 0.29  wrong_steps   77.6  approx_kl 0.0309  SPS 332
[obey] iter 174/366  step  1425408  obey top 0.11/bot 0.86  succ top 0.06/bot 0.28  wrong_steps   72.0  approx_kl 0.0120  SPS 332
[obey] iter 175/366  step  1433600  obey top 0.10/bot 0.85  succ top 0.05/bot 0.28  wrong_steps   70.8  approx_kl 0.0302  SPS 331
[obey] iter 176/366  step  1441792  obey top 0.08/bot 0.86  succ top 0.06/bot 0.27  wrong_steps   79.2  approx_kl 0.0106  SPS 331
[obey] iter 177/366  step  1449984  obey top 0.06/bot 0.87  succ top 0.06/bot 0.26  wrong_steps   78.2  approx_kl 0.0265  SPS 331
[obey] iter 178/366  step  1458176  obey top 0.06/bot 0.88  succ top 0.05/bot 0.26  wrong_steps   81.6  approx_kl 0.0312  SPS 331
[obey] iter 179/366  step  1466368  obey top 0.06/bot 0.89  succ top 0.05/bot 0.27  wrong_steps   86.3  approx_kl 0.0275  SPS 331
[obey] iter 180/366  step  1474560  obey top 0.07/bot 0.89  succ top 0.04/bot 0.28  wrong_steps   82.5  approx_kl 0.0314  SPS 331
[obey] iter 181/366  step  1482752  obey top 0.07/bot 0.90  succ top 0.04/bot 0.27  wrong_steps   85.6  approx_kl 0.0350  SPS 331
[obey] iter 182/366  step  1490944  obey top 0.06/bot 0.91  succ top 0.04/bot 0.26  wrong_steps   89.1  approx_kl 0.0397  SPS 331
[obey] iter 183/366  step  1499136  obey top 0.06/bot 0.91  succ top 0.04/bot 0.28  wrong_steps   88.5  approx_kl 0.0212  SPS 331
[obey] iter 184/366  step  1507328  obey top 0.07/bot 0.91  succ top 0.04/bot 0.29  wrong_steps   88.5  approx_kl 0.0215  SPS 331
[obey] iter 185/366  step  1515520  obey top 0.07/bot 0.92  succ top 0.04/bot 0.31  wrong_steps   83.2  approx_kl 0.0250  SPS 330
[obey] iter 186/366  step  1523712  obey top 0.06/bot 0.92  succ top 0.04/bot 0.32  wrong_steps   80.0  approx_kl 0.0184  SPS 330
[obey] iter 187/366  step  1531904  obey top 0.06/bot 0.93  succ top 0.03/bot 0.32  wrong_steps   74.8  approx_kl 0.0256  SPS 330
[obey] iter 188/366  step  1540096  obey top 0.06/bot 0.93  succ top 0.04/bot 0.33  wrong_steps   75.4  approx_kl 0.0232  SPS 330
[obey] iter 189/366  step  1548288  obey top 0.06/bot 0.93  succ top 0.04/bot 0.32  wrong_steps   73.7  approx_kl 0.0380  SPS 330
[obey] iter 190/366  step  1556480  obey top 0.06/bot 0.93  succ top 0.04/bot 0.32  wrong_steps   66.9  approx_kl 0.0323  SPS 330
[obey] iter 191/366  step  1564672  obey top 0.04/bot 0.93  succ top 0.04/bot 0.32  wrong_steps   58.9  approx_kl 0.0318  SPS 330
[obey] iter 192/366  step  1572864  obey top 0.04/bot 0.94  succ top 0.04/bot 0.32  wrong_steps   61.3  approx_kl 0.0346  SPS 330
[obey] iter 193/366  step  1581056  obey top 0.04/bot 0.94  succ top 0.05/bot 0.33  wrong_steps   63.5  approx_kl 0.0274  SPS 330
[obey] iter 194/366  step  1589248  obey top 0.04/bot 0.95  succ top 0.06/bot 0.30  wrong_steps   61.0  approx_kl 0.0186  SPS 330
[obey] iter 195/366  step  1597440  obey top 0.04/bot 0.94  succ top 0.05/bot 0.30  wrong_steps   58.0  approx_kl 0.0236  SPS 330
[obey] iter 196/366  step  1605632  obey top 0.04/bot 0.94  succ top 0.06/bot 0.30  wrong_steps   49.2  approx_kl 0.0176  SPS 330
[obey] iter 197/366  step  1613824  obey top 0.04/bot 0.94  succ top 0.06/bot 0.30  wrong_steps   47.9  approx_kl 0.0312  SPS 330
[obey] iter 198/366  step  1622016  obey top 0.04/bot 0.94  succ top 0.06/bot 0.30  wrong_steps   49.2  approx_kl 0.0215  SPS 330
[obey] iter 199/366  step  1630208  obey top 0.04/bot 0.94  succ top 0.07/bot 0.30  wrong_steps   46.0  approx_kl 0.0156  SPS 330
[obey] iter 200/366  step  1638400  obey top 0.04/bot 0.95  succ top 0.07/bot 0.31  wrong_steps   51.0  approx_kl 0.0193  SPS 330
[obey] iter 201/366  step  1646592  obey top 0.04/bot 0.94  succ top 0.07/bot 0.33  wrong_steps   56.4  approx_kl 0.0190  SPS 329
[obey] iter 202/366  step  1654784  obey top 0.04/bot 0.94  succ top 0.08/bot 0.33  wrong_steps   72.3  approx_kl 0.0192  SPS 330
[obey] iter 203/366  step  1662976  obey top 0.04/bot 0.95  succ top 0.09/bot 0.32  wrong_steps   77.7  approx_kl 0.0242  SPS 329
[obey] iter 204/366  step  1671168  obey top 0.04/bot 0.95  succ top 0.09/bot 0.34  wrong_steps   81.5  approx_kl 0.0206  SPS 329
[obey] iter 205/366  step  1679360  obey top 0.04/bot 0.95  succ top 0.10/bot 0.34  wrong_steps   86.7  approx_kl 0.0302  SPS 329
[obey] iter 206/366  step  1687552  obey top 0.04/bot 0.95  succ top 0.10/bot 0.34  wrong_steps   95.9  approx_kl 0.0154  SPS 329
[obey] iter 207/366  step  1695744  obey top 0.04/bot 0.95  succ top 0.10/bot 0.35  wrong_steps   95.0  approx_kl 0.0176  SPS 329
[obey] iter 208/366  step  1703936  obey top 0.04/bot 0.95  succ top 0.10/bot 0.35  wrong_steps  100.1  approx_kl 0.0381  SPS 329
[obey] iter 209/366  step  1712128  obey top 0.04/bot 0.95  succ top 0.10/bot 0.35  wrong_steps   99.1  approx_kl 0.0192  SPS 329
[obey] iter 210/366  step  1720320  obey top 0.04/bot 0.95  succ top 0.10/bot 0.34  wrong_steps  100.9  approx_kl 0.0228  SPS 329
[obey] iter 211/366  step  1728512  obey top 0.04/bot 0.95  succ top 0.10/bot 0.32  wrong_steps   98.9  approx_kl 0.0213  SPS 329
[obey] iter 212/366  step  1736704  obey top 0.04/bot 0.96  succ top 0.10/bot 0.33  wrong_steps  100.3  approx_kl 0.0183  SPS 329
[obey] iter 213/366  step  1744896  obey top 0.04/bot 0.96  succ top 0.10/bot 0.34  wrong_steps   93.5  approx_kl 0.0234  SPS 329
[obey] iter 214/366  step  1753088  obey top 0.04/bot 0.96  succ top 0.10/bot 0.34  wrong_steps   88.2  approx_kl 0.0165  SPS 329
[obey] iter 215/366  step  1761280  obey top 0.04/bot 0.95  succ top 0.10/bot 0.34  wrong_steps   75.5  approx_kl 0.0258  SPS 329
[obey] iter 216/366  step  1769472  obey top 0.05/bot 0.95  succ top 0.10/bot 0.35  wrong_steps   72.8  approx_kl 0.0326  SPS 329
[obey] iter 217/366  step  1777664  obey top 0.06/bot 0.95  succ top 0.09/bot 0.34  wrong_steps   66.6  approx_kl 0.0307  SPS 328
[obey] iter 218/366  step  1785856  obey top 0.05/bot 0.94  succ top 0.10/bot 0.33  wrong_steps   66.4  approx_kl 0.0192  SPS 328
[obey] iter 219/366  step  1794048  obey top 0.05/bot 0.94  succ top 0.09/bot 0.33  wrong_steps   60.4  approx_kl 0.0241  SPS 328
[obey] iter 220/366  step  1802240  obey top 0.05/bot 0.94  succ top 0.09/bot 0.33  wrong_steps   59.0  approx_kl 0.0445  SPS 328
[obey] iter 221/366  step  1810432  obey top 0.04/bot 0.94  succ top 0.09/bot 0.33  wrong_steps   57.2  approx_kl 0.0183  SPS 328
[obey] iter 222/366  step  1818624  obey top 0.05/bot 0.94  succ top 0.09/bot 0.32  wrong_steps   49.6  approx_kl 0.0198  SPS 328
[obey] iter 223/366  step  1826816  obey top 0.05/bot 0.94  succ top 0.09/bot 0.32  wrong_steps   50.1  approx_kl 0.0149  SPS 328
[obey] iter 224/366  step  1835008  obey top 0.04/bot 0.94  succ top 0.07/bot 0.32  wrong_steps   44.2  approx_kl 0.0199  SPS 328
[obey] iter 225/366  step  1843200  obey top 0.04/bot 0.95  succ top 0.07/bot 0.32  wrong_steps   46.8  approx_kl 0.0136  SPS 328
[obey] iter 226/366  step  1851392  obey top 0.04/bot 0.95  succ top 0.07/bot 0.31  wrong_steps   48.2  approx_kl 0.0203  SPS 328
[obey] iter 227/366  step  1859584  obey top 0.04/bot 0.95  succ top 0.06/bot 0.32  wrong_steps   46.6  approx_kl 0.0147  SPS 328
[obey] iter 228/366  step  1867776  obey top 0.04/bot 0.95  succ top 0.07/bot 0.31  wrong_steps   49.5  approx_kl 0.0169  SPS 328
[obey] iter 229/366  step  1875968  obey top 0.04/bot 0.95  succ top 0.07/bot 0.30  wrong_steps   50.3  approx_kl 0.0231  SPS 328
[obey] iter 230/366  step  1884160  obey top 0.04/bot 0.95  succ top 0.07/bot 0.30  wrong_steps   50.5  approx_kl 0.0180  SPS 328
[obey] iter 231/366  step  1892352  obey top 0.04/bot 0.96  succ top 0.06/bot 0.29  wrong_steps   57.7  approx_kl 0.0263  SPS 328
[obey] iter 232/366  step  1900544  obey top 0.03/bot 0.96  succ top 0.06/bot 0.29  wrong_steps   48.8  approx_kl 0.0188  SPS 328
[obey] iter 233/366  step  1908736  obey top 0.03/bot 0.96  succ top 0.05/bot 0.29  wrong_steps   45.7  approx_kl 0.0128  SPS 328
[obey] iter 234/366  step  1916928  obey top 0.03/bot 0.96  succ top 0.05/bot 0.28  wrong_steps   38.1  approx_kl 0.0202  SPS 328
[obey] iter 235/366  step  1925120  obey top 0.03/bot 0.96  succ top 0.05/bot 0.27  wrong_steps   41.0  approx_kl 0.0136  SPS 328
[obey] iter 236/366  step  1933312  obey top 0.03/bot 0.95  succ top 0.05/bot 0.27  wrong_steps   41.4  approx_kl 0.0267  SPS 328
[obey] iter 237/366  step  1941504  obey top 0.02/bot 0.95  succ top 0.05/bot 0.26  wrong_steps   40.8  approx_kl 0.0219  SPS 328
[obey] iter 238/366  step  1949696  obey top 0.02/bot 0.95  succ top 0.04/bot 0.26  wrong_steps   50.7  approx_kl 0.0305  SPS 328
[obey] iter 239/366  step  1957888  obey top 0.02/bot 0.96  succ top 0.04/bot 0.27  wrong_steps   52.5  approx_kl 0.0206  SPS 328
[obey] iter 240/366  step  1966080  obey top 0.01/bot 0.96  succ top 0.05/bot 0.27  wrong_steps   54.1  approx_kl 0.0319  SPS 328
[obey] iter 241/366  step  1974272  obey top 0.01/bot 0.95  succ top 0.05/bot 0.27  wrong_steps   59.8  approx_kl 0.0244  SPS 328
[obey] iter 242/366  step  1982464  obey top 0.01/bot 0.95  succ top 0.04/bot 0.27  wrong_steps   54.5  approx_kl 0.0128  SPS 328
[obey] iter 243/366  step  1990656  obey top 0.01/bot 0.95  succ top 0.04/bot 0.26  wrong_steps   48.0  approx_kl 0.0224  SPS 328
[obey] iter 244/366  step  1998848  obey top 0.01/bot 0.96  succ top 0.04/bot 0.27  wrong_steps   48.0  approx_kl 0.0244  SPS 328
[obey] iter 245/366  step  2007040  obey top 0.01/bot 0.96  succ top 0.04/bot 0.27  wrong_steps   43.6  approx_kl 0.0345  SPS 328
[obey] iter 246/366  step  2015232  obey top 0.01/bot 0.97  succ top 0.04/bot 0.28  wrong_steps   44.3  approx_kl 0.0208  SPS 328
[obey] iter 247/366  step  2023424  obey top 0.01/bot 0.97  succ top 0.04/bot 0.28  wrong_steps   44.6  approx_kl 0.0137  SPS 328
[obey] iter 248/366  step  2031616  obey top 0.01/bot 0.97  succ top 0.03/bot 0.29  wrong_steps   49.7  approx_kl 0.0375  SPS 327
[obey] iter 249/366  step  2039808  obey top 0.01/bot 0.97  succ top 0.03/bot 0.29  wrong_steps   45.9  approx_kl 0.0173  SPS 327
[obey] iter 250/366  step  2048000  obey top 0.01/bot 0.96  succ top 0.03/bot 0.30  wrong_steps   45.1  approx_kl 0.0297  SPS 327
[obey] iter 251/366  step  2056192  obey top 0.00/bot 0.96  succ top 0.03/bot 0.30  wrong_steps   43.4  approx_kl 0.0288  SPS 327
[obey] iter 252/366  step  2064384  obey top 0.00/bot 0.96  succ top 0.03/bot 0.29  wrong_steps   40.6  approx_kl 0.0127  SPS 327
[obey] iter 253/366  step  2072576  obey top 0.00/bot 0.96  succ top 0.03/bot 0.29  wrong_steps   38.0  approx_kl 0.0225  SPS 327
[obey] iter 254/366  step  2080768  obey top 0.00/bot 0.96  succ top 0.03/bot 0.29  wrong_steps   34.0  approx_kl 0.0126  SPS 327
[obey] iter 255/366  step  2088960  obey top 0.00/bot 0.96  succ top 0.04/bot 0.29  wrong_steps   31.1  approx_kl 0.0209  SPS 327
[obey] iter 256/366  step  2097152  obey top 0.00/bot 0.97  succ top 0.04/bot 0.29  wrong_steps   33.1  approx_kl 0.0154  SPS 327
[obey] iter 257/366  step  2105344  obey top 0.00/bot 0.97  succ top 0.03/bot 0.30  wrong_steps   32.6  approx_kl 0.0158  SPS 327
[obey] iter 258/366  step  2113536  obey top 0.00/bot 0.97  succ top 0.02/bot 0.31  wrong_steps   32.6  approx_kl 0.0274  SPS 327
[obey] iter 259/366  step  2121728  obey top 0.00/bot 0.96  succ top 0.01/bot 0.32  wrong_steps   32.5  approx_kl 0.0182  SPS 327
[obey] iter 260/366  step  2129920  obey top 0.00/bot 0.96  succ top 0.01/bot 0.32  wrong_steps   35.4  approx_kl 0.0256  SPS 327
[obey] iter 261/366  step  2138112  obey top 0.00/bot 0.96  succ top 0.01/bot 0.32  wrong_steps   33.2  approx_kl 0.0265  SPS 327
[obey] iter 262/366  step  2146304  obey top 0.00/bot 0.96  succ top 0.01/bot 0.33  wrong_steps   29.2  approx_kl 0.0190  SPS 327
[obey] iter 263/366  step  2154496  obey top 0.00/bot 0.96  succ top 0.01/bot 0.33  wrong_steps   29.2  approx_kl 0.0068  SPS 327
[obey] iter 264/366  step  2162688  obey top 0.00/bot 0.96  succ top 0.01/bot 0.33  wrong_steps   27.2  approx_kl 0.0182  SPS 327
[obey] iter 265/366  step  2170880  obey top 0.00/bot 0.95  succ top 0.01/bot 0.34  wrong_steps   24.9  approx_kl 0.0140  SPS 327
[obey] iter 266/366  step  2179072  obey top 0.00/bot 0.95  succ top 0.01/bot 0.33  wrong_steps   20.3  approx_kl 0.0201  SPS 327
[obey] iter 267/366  step  2187264  obey top 0.00/bot 0.95  succ top 0.01/bot 0.32  wrong_steps   20.3  approx_kl 0.0164  SPS 327
[obey] iter 268/366  step  2195456  obey top 0.00/bot 0.95  succ top 0.01/bot 0.32  wrong_steps   21.8  approx_kl 0.0138  SPS 327
[obey] iter 269/366  step  2203648  obey top 0.00/bot 0.95  succ top 0.01/bot 0.32  wrong_steps   19.6  approx_kl 0.0159  SPS 327
[obey] iter 270/366  step  2211840  obey top 0.00/bot 0.94  succ top 0.01/bot 0.31  wrong_steps   17.6  approx_kl 0.0158  SPS 327
[obey] iter 271/366  step  2220032  obey top 0.00/bot 0.94  succ top 0.01/bot 0.29  wrong_steps   17.6  approx_kl 0.0121  SPS 327
[obey] iter 272/366  step  2228224  obey top 0.00/bot 0.93  succ top 0.01/bot 0.28  wrong_steps   17.6  approx_kl 0.0199  SPS 327
[obey] iter 273/366  step  2236416  obey top 0.00/bot 0.93  succ top 0.01/bot 0.29  wrong_steps   15.0  approx_kl 0.0113  SPS 327
[obey] iter 274/366  step  2244608  obey top 0.00/bot 0.93  succ top 0.01/bot 0.29  wrong_steps   11.4  approx_kl 0.0197  SPS 327
[obey] iter 275/366  step  2252800  obey top 0.00/bot 0.92  succ top 0.01/bot 0.28  wrong_steps   10.7  approx_kl 0.0240  SPS 327
[obey] iter 276/366  step  2260992  obey top 0.00/bot 0.93  succ top 0.01/bot 0.28  wrong_steps   11.6  approx_kl 0.0159  SPS 327
[obey] iter 277/366  step  2269184  obey top 0.00/bot 0.93  succ top 0.01/bot 0.29  wrong_steps   11.6  approx_kl 0.0175  SPS 327
[obey] iter 278/366  step  2277376  obey top 0.00/bot 0.93  succ top 0.01/bot 0.29  wrong_steps   11.6  approx_kl 0.0157  SPS 327
[obey] iter 279/366  step  2285568  obey top 0.00/bot 0.92  succ top 0.01/bot 0.31  wrong_steps    6.8  approx_kl 0.0348  SPS 327
[obey] iter 280/366  step  2293760  obey top 0.00/bot 0.92  succ top 0.01/bot 0.30  wrong_steps    6.8  approx_kl 0.0128  SPS 327
[obey] iter 281/366  step  2301952  obey top 0.00/bot 0.92  succ top 0.01/bot 0.32  wrong_steps    8.3  approx_kl 0.0205  SPS 327
[obey] iter 282/366  step  2310144  obey top 0.00/bot 0.92  succ top 0.01/bot 0.33  wrong_steps    5.2  approx_kl 0.0175  SPS 327
[obey] iter 283/366  step  2318336  obey top 0.00/bot 0.92  succ top 0.00/bot 0.32  wrong_steps    5.2  approx_kl 0.0144  SPS 327
[obey] iter 284/366  step  2326528  obey top 0.00/bot 0.92  succ top 0.00/bot 0.33  wrong_steps    9.0  approx_kl 0.0179  SPS 327
[obey] iter 285/366  step  2334720  obey top 0.00/bot 0.92  succ top 0.00/bot 0.30  wrong_steps    9.0  approx_kl 0.0111  SPS 327
[obey] iter 286/366  step  2342912  obey top 0.00/bot 0.93  succ top 0.00/bot 0.31  wrong_steps    9.0  approx_kl 0.0111  SPS 327
[obey] iter 287/366  step  2351104  obey top 0.00/bot 0.93  succ top 0.00/bot 0.30  wrong_steps   12.4  approx_kl 0.0183  SPS 327
[obey] iter 288/366  step  2359296  obey top 0.00/bot 0.93  succ top 0.00/bot 0.30  wrong_steps   12.4  approx_kl 0.0184  SPS 327
[obey] iter 289/366  step  2367488  obey top 0.00/bot 0.93  succ top 0.00/bot 0.30  wrong_steps   15.1  approx_kl 0.0135  SPS 327
[obey] iter 290/366  step  2375680  obey top 0.00/bot 0.93  succ top 0.00/bot 0.32  wrong_steps   12.8  approx_kl 0.0132  SPS 327
[obey] iter 291/366  step  2383872  obey top 0.00/bot 0.93  succ top 0.00/bot 0.32  wrong_steps   12.8  approx_kl 0.0175  SPS 327
[obey] iter 292/366  step  2392064  obey top 0.00/bot 0.93  succ top 0.00/bot 0.33  wrong_steps   12.8  approx_kl 0.0234  SPS 327
[obey] iter 293/366  step  2400256  obey top 0.00/bot 0.94  succ top 0.00/bot 0.32  wrong_steps   12.8  approx_kl 0.0207  SPS 327
[obey] iter 294/366  step  2408448  obey top 0.00/bot 0.94  succ top 0.00/bot 0.33  wrong_steps   13.9  approx_kl 0.0165  SPS 327
[obey] iter 295/366  step  2416640  obey top 0.00/bot 0.94  succ top 0.00/bot 0.33  wrong_steps   13.8  approx_kl 0.0147  SPS 327
[obey] iter 296/366  step  2424832  obey top 0.00/bot 0.94  succ top 0.00/bot 0.34  wrong_steps   16.6  approx_kl 0.0113  SPS 327
[obey] iter 297/366  step  2433024  obey top 0.00/bot 0.95  succ top 0.00/bot 0.35  wrong_steps   14.2  approx_kl 0.0105  SPS 327
[obey] iter 298/366  step  2441216  obey top 0.00/bot 0.96  succ top 0.00/bot 0.36  wrong_steps   15.1  approx_kl 0.0106  SPS 327
[obey] iter 299/366  step  2449408  obey top 0.00/bot 0.96  succ top 0.00/bot 0.34  wrong_steps   17.4  approx_kl 0.0087  SPS 327
[obey] iter 300/366  step  2457600  obey top 0.00/bot 0.96  succ top 0.00/bot 0.36  wrong_steps   16.6  approx_kl 0.0188  SPS 327
[obey] iter 301/366  step  2465792  obey top 0.00/bot 0.96  succ top 0.00/bot 0.38  wrong_steps   14.0  approx_kl 0.0090  SPS 327
[obey] iter 302/366  step  2473984  obey top 0.00/bot 0.97  succ top 0.00/bot 0.40  wrong_steps   20.8  approx_kl 0.0153  SPS 327
[obey] iter 303/366  step  2482176  obey top 0.00/bot 0.97  succ top 0.00/bot 0.40  wrong_steps   22.8  approx_kl 0.0142  SPS 327
[obey] iter 304/366  step  2490368  obey top 0.00/bot 0.96  succ top 0.00/bot 0.40  wrong_steps   24.0  approx_kl 0.0170  SPS 327
[obey] iter 305/366  step  2498560  obey top 0.00/bot 0.97  succ top 0.00/bot 0.41  wrong_steps   26.4  approx_kl 0.0106  SPS 327
[obey] iter 306/366  step  2506752  obey top 0.00/bot 0.97  succ top 0.00/bot 0.41  wrong_steps   28.8  approx_kl 0.0183  SPS 327
[obey] iter 307/366  step  2514944  obey top 0.00/bot 0.97  succ top 0.00/bot 0.41  wrong_steps   29.8  approx_kl 0.0111  SPS 327
[obey] iter 308/366  step  2523136  obey top 0.00/bot 0.97  succ top 0.00/bot 0.40  wrong_steps   28.1  approx_kl 0.0159  SPS 327
[obey] iter 309/366  step  2531328  obey top 0.00/bot 0.97  succ top 0.00/bot 0.41  wrong_steps   28.1  approx_kl 0.0111  SPS 327
[obey] iter 310/366  step  2539520  obey top 0.00/bot 0.97  succ top 0.00/bot 0.40  wrong_steps   28.1  approx_kl 0.0311  SPS 327
[obey] iter 311/366  step  2547712  obey top 0.00/bot 0.97  succ top 0.00/bot 0.41  wrong_steps   27.4  approx_kl 0.0087  SPS 327
[obey] iter 312/366  step  2555904  obey top 0.00/bot 0.97  succ top 0.00/bot 0.41  wrong_steps   27.4  approx_kl 0.0154  SPS 327
[obey] iter 313/366  step  2564096  obey top 0.00/bot 0.97  succ top 0.00/bot 0.41  wrong_steps   25.2  approx_kl 0.0213  SPS 327
[obey] iter 314/366  step  2572288  obey top 0.00/bot 0.97  succ top 0.00/bot 0.41  wrong_steps   25.2  approx_kl 0.0094  SPS 327
[obey] iter 315/366  step  2580480  obey top 0.00/bot 0.97  succ top 0.00/bot 0.41  wrong_steps   25.2  approx_kl 0.0107  SPS 327
[obey] iter 316/366  step  2588672  obey top 0.00/bot 0.98  succ top 0.00/bot 0.41  wrong_steps   15.7  approx_kl 0.0105  SPS 327
[obey] iter 317/366  step  2596864  obey top 0.00/bot 0.97  succ top 0.00/bot 0.40  wrong_steps   13.7  approx_kl 0.0181  SPS 327
[obey] iter 318/366  step  2605056  obey top 0.00/bot 0.97  succ top 0.00/bot 0.41  wrong_steps   13.0  approx_kl 0.0091  SPS 327
[obey] iter 319/366  step  2613248  obey top 0.00/bot 0.97  succ top 0.00/bot 0.40  wrong_steps   15.8  approx_kl 0.0135  SPS 327
[obey] iter 320/366  step  2621440  obey top 0.00/bot 0.97  succ top 0.00/bot 0.41  wrong_steps   13.4  approx_kl 0.0053  SPS 327
[obey] iter 321/366  step  2629632  obey top 0.00/bot 0.97  succ top 0.00/bot 0.41  wrong_steps   12.4  approx_kl 0.0142  SPS 327
[obey] iter 322/366  step  2637824  obey top 0.00/bot 0.97  succ top 0.00/bot 0.41  wrong_steps    9.9  approx_kl 0.0079  SPS 327
[obey] iter 323/366  step  2646016  obey top 0.00/bot 0.97  succ top 0.00/bot 0.41  wrong_steps   10.7  approx_kl 0.0059  SPS 327
[obey] iter 324/366  step  2654208  obey top 0.00/bot 0.97  succ top 0.00/bot 0.42  wrong_steps   12.8  approx_kl 0.0104  SPS 327
[obey] iter 325/366  step  2662400  obey top 0.00/bot 0.97  succ top 0.00/bot 0.42  wrong_steps   15.0  approx_kl 0.0125  SPS 327
[obey] iter 326/366  step  2670592  obey top 0.00/bot 0.97  succ top 0.00/bot 0.44  wrong_steps   18.5  approx_kl 0.0049  SPS 327
[obey] iter 327/366  step  2678784  obey top 0.00/bot 0.97  succ top 0.00/bot 0.44  wrong_steps   20.8  approx_kl 0.0088  SPS 327
[obey] iter 328/366  step  2686976  obey top 0.00/bot 0.97  succ top 0.00/bot 0.45  wrong_steps   20.8  approx_kl 0.0204  SPS 327
[obey] iter 329/366  step  2695168  obey top 0.00/bot 0.97  succ top 0.00/bot 0.45  wrong_steps   20.8  approx_kl 0.0054  SPS 327
[obey] iter 330/366  step  2703360  obey top 0.00/bot 0.97  succ top 0.00/bot 0.44  wrong_steps   22.1  approx_kl 0.0131  SPS 327
[obey] iter 331/366  step  2711552  obey top 0.00/bot 0.97  succ top 0.00/bot 0.45  wrong_steps   27.1  approx_kl 0.0085  SPS 327
[obey] iter 332/366  step  2719744  obey top 0.00/bot 0.97  succ top 0.00/bot 0.47  wrong_steps   24.1  approx_kl 0.0078  SPS 327
[obey] iter 333/366  step  2727936  obey top 0.00/bot 0.98  succ top 0.00/bot 0.47  wrong_steps   26.7  approx_kl 0.0077  SPS 327
[obey] iter 334/366  step  2736128  obey top 0.00/bot 0.98  succ top 0.00/bot 0.48  wrong_steps   26.7  approx_kl 0.0056  SPS 327
[obey] iter 335/366  step  2744320  obey top 0.00/bot 0.98  succ top 0.00/bot 0.48  wrong_steps   27.7  approx_kl 0.0111  SPS 327
[obey] iter 336/366  step  2752512  obey top 0.00/bot 0.97  succ top 0.00/bot 0.49  wrong_steps   26.9  approx_kl 0.0162  SPS 327
[obey] iter 337/366  step  2760704  obey top 0.00/bot 0.97  succ top 0.00/bot 0.49  wrong_steps   24.8  approx_kl 0.0100  SPS 327
[obey] iter 338/366  step  2768896  obey top 0.00/bot 0.97  succ top 0.00/bot 0.51  wrong_steps   23.0  approx_kl 0.0044  SPS 327
[obey] iter 339/366  step  2777088  obey top 0.00/bot 0.97  succ top 0.00/bot 0.51  wrong_steps   25.7  approx_kl 0.0144  SPS 327
[obey] iter 340/366  step  2785280  obey top 0.00/bot 0.97  succ top 0.00/bot 0.49  wrong_steps   21.9  approx_kl 0.0070  SPS 327
[obey] iter 341/366  step  2793472  obey top 0.00/bot 0.96  succ top 0.00/bot 0.49  wrong_steps   24.5  approx_kl 0.0091  SPS 327
[obey] iter 342/366  step  2801664  obey top 0.00/bot 0.96  succ top 0.00/bot 0.50  wrong_steps   27.0  approx_kl 0.0068  SPS 327
[obey] iter 343/366  step  2809856  obey top 0.00/bot 0.96  succ top 0.00/bot 0.51  wrong_steps   28.3  approx_kl 0.0173  SPS 327
[obey] iter 344/366  step  2818048  obey top 0.00/bot 0.96  succ top 0.00/bot 0.52  wrong_steps   23.3  approx_kl 0.0082  SPS 327
[obey] iter 345/366  step  2826240  obey top 0.00/bot 0.96  succ top 0.00/bot 0.52  wrong_steps   20.6  approx_kl 0.0124  SPS 327
[obey] iter 346/366  step  2834432  obey top 0.00/bot 0.96  succ top 0.00/bot 0.54  wrong_steps   20.6  approx_kl 0.0077  SPS 327
[obey] iter 347/366  step  2842624  obey top 0.00/bot 0.97  succ top 0.00/bot 0.54  wrong_steps   22.7  approx_kl 0.0037  SPS 327
[obey] iter 348/366  step  2850816  obey top 0.00/bot 0.97  succ top 0.00/bot 0.54  wrong_steps   20.0  approx_kl 0.0107  SPS 327
[obey] iter 349/366  step  2859008  obey top 0.01/bot 0.97  succ top 0.00/bot 0.53  wrong_steps   19.3  approx_kl 0.0302  SPS 327
[obey] iter 350/366  step  2867200  obey top 0.01/bot 0.97  succ top 0.00/bot 0.53  wrong_steps   21.9  approx_kl 0.0092  SPS 327
[obey] iter 351/366  step  2875392  obey top 0.01/bot 0.97  succ top 0.00/bot 0.52  wrong_steps   19.9  approx_kl 0.0077  SPS 327
[obey] iter 352/366  step  2883584  obey top 0.01/bot 0.96  succ top 0.00/bot 0.51  wrong_steps   15.1  approx_kl 0.0107  SPS 327
[obey] iter 353/366  step  2891776  obey top 0.01/bot 0.96  succ top 0.00/bot 0.49  wrong_steps   18.4  approx_kl 0.0095  SPS 327
[obey] iter 354/366  step  2899968  obey top 0.01/bot 0.96  succ top 0.00/bot 0.49  wrong_steps   18.4  approx_kl 0.0072  SPS 327
[obey] iter 355/366  step  2908160  obey top 0.01/bot 0.95  succ top 0.00/bot 0.48  wrong_steps   13.3  approx_kl 0.0098  SPS 327
[obey] iter 356/366  step  2916352  obey top 0.01/bot 0.95  succ top 0.00/bot 0.47  wrong_steps   10.7  approx_kl 0.0172  SPS 327
[obey] iter 357/366  step  2924544  obey top 0.01/bot 0.95  succ top 0.00/bot 0.46  wrong_steps   15.8  approx_kl 0.0065  SPS 327
[obey] iter 358/366  step  2932736  obey top 0.01/bot 0.95  succ top 0.00/bot 0.45  wrong_steps   15.8  approx_kl 0.0085  SPS 327
[obey] iter 359/366  step  2940928  obey top 0.01/bot 0.95  succ top 0.00/bot 0.45  wrong_steps   16.2  approx_kl 0.0124  SPS 327
[obey] iter 360/366  step  2949120  obey top 0.01/bot 0.95  succ top 0.00/bot 0.45  wrong_steps   16.2  approx_kl 0.0071  SPS 327
[obey] iter 361/366  step  2957312  obey top 0.01/bot 0.95  succ top 0.00/bot 0.45  wrong_steps   16.8  approx_kl 0.0074  SPS 327
[obey] iter 362/366  step  2965504  obey top 0.01/bot 0.96  succ top 0.00/bot 0.44  wrong_steps   16.8  approx_kl 0.0111  SPS 327
[obey] iter 363/366  step  2973696  obey top 0.01/bot 0.96  succ top 0.00/bot 0.46  wrong_steps   15.1  approx_kl 0.0016  SPS 327
[obey] iter 364/366  step  2981888  obey top 0.02/bot 0.96  succ top 0.00/bot 0.47  wrong_steps   16.2  approx_kl 0.0023  SPS 327
[obey] iter 365/366  step  2990080  obey top 0.02/bot 0.96  succ top 0.00/bot 0.47  wrong_steps   16.4  approx_kl 0.0009  SPS 327
[obey] iter 366/366  step  2998272  obey top 0.02/bot 0.95  succ top 0.00/bot 0.47  wrong_steps   16.4  approx_kl 0.0003  SPS 327

[obey/seed1] FINAL obey top 0.020 bottom 0.955  success top 0.000 bottom 0.470
STAGE-2 GATE (obedience >= 0.90 both ways): FAIL (worst direction 0.020)
saved policy -> runs/route_obey/soft.pt
wrote run json -> runs/route_obey/soft.json
