[INFO][AppLauncher]: Using device: cuda:0
[INFO][AppLauncher]: Loading experience file: /data/howard/isaac/IsaacLab/apps/isaaclab.python.headless.rendering.kit
Loading user config located at: '/data/howard/isaac/envs/isaaclab/lib/python3.11/site-packages/isaacsim/kit/data/Kit/Isaac-Sim/5.1/user.config.json'
[Info] [carb] Logging to file: /data/howard/isaac/envs/isaaclab/lib/python3.11/site-packages/isaacsim/kit/logs/Kit/Isaac-Sim/5.1/kit_20260806_015801.log
2026-08-06T01:58:01Z [155ms] [Warning] [carb.windowing-glfw.plugin] GLFW initialization failed.
2026-08-06T01:58:01Z [155ms] [Warning] [carb] Failed to startup plugin carb.windowing-glfw.plugin (interfaces: [carb::windowing::IGLContext v1.0],[carb::windowing::IWindowing v1.5]) (impl: carb.windowing-glfw.plugin)
2026-08-06T01:58:01Z [224ms] [Warning] [omni.platforminfo.plugin] failed to open the default display.  Can't verify X Server version.
2026-08-06T01:58:01Z [225ms] [Warning] [carb.cudainterop.plugin] CUDA_VISIBLE_DEVICES environment variable is set.
2026-08-06T01:58:01Z [225ms] [Warning] [carb.cudainterop.plugin] Note CUDA device enumeration and Omniverse device enumeration are different.
2026-08-06T01:58:01Z [225ms] [Warning] [carb.cudainterop.plugin] Setting CUDA_VISIBLE_DEVICES can lead to undesired behavior or crashes.
2026-08-06T01:58:01Z [588ms] [Warning] [carb.windowing-glfw.plugin] GLFW initialization failed.
2026-08-06T01:58:01Z [588ms] [Warning] [carb] Failed to startup plugin carb.windowing-glfw.plugin (interfaces: [carb::windowing::IGLContext v1.0],[carb::windowing::IWindowing v1.5]) (impl: carb.windowing-glfw.plugin)
2026-08-06T01:58:02Z [1,549ms] [Warning] [gpu.foundation.plugin] Skipping NVIDIA GPU due CUDA being in bad state: NVIDIA RTX 6000 Ada Generation
2026-08-06T01:58:02Z [1,549ms] [Warning] [gpu.foundation.plugin] Please restart your system if CUDA is known to work in your system.
2026-08-06T01:58:02Z [1,550ms] [Warning] [gpu.foundation.plugin] Skipping NVIDIA GPU due CUDA being in bad state: NVIDIA RTX 6000 Ada Generation
2026-08-06T01:58:02Z [1,550ms] [Warning] [gpu.foundation.plugin] Please restart your system if CUDA is known to work in your system.
2026-08-06T01:58:02Z [1,550ms] [Warning] [gpu.foundation.plugin] Skipping NVIDIA GPU due CUDA being in bad state: NVIDIA RTX 6000 Ada Generation
2026-08-06T01:58:02Z [1,550ms] [Warning] [gpu.foundation.plugin] Please restart your system if CUDA is known to work in your system.
2026-08-06T01:58:02Z [1,550ms] [Warning] [gpu.foundation.plugin] Skipping NVIDIA GPU due CUDA being in bad state: NVIDIA RTX 6000 Ada Generation
2026-08-06T01:58:02Z [1,550ms] [Warning] [gpu.foundation.plugin] Please restart your system if CUDA is known to work in your system.
2026-08-06T01:58:02Z [1,550ms] [Warning] [gpu.foundation.plugin] Skipping NVIDIA GPU due CUDA being in bad state: NVIDIA RTX 6000 Ada Generation
2026-08-06T01:58:02Z [1,550ms] [Warning] [gpu.foundation.plugin] Please restart your system if CUDA is known to work in your system.
2026-08-06T01:58:02Z [1,550ms] [Warning] [gpu.foundation.plugin] Skipping NVIDIA GPU due CUDA being in bad state: NVIDIA RTX 6000 Ada Generation
2026-08-06T01:58:02Z [1,550ms] [Warning] [gpu.foundation.plugin] Please restart your system if CUDA is known to work in your system.

|---------------------------------------------------------------------------------------------|
| Driver Version: 550.90.12     | Graphics API: Vulkan
|=============================================================================================|
| GPU | Name                             | Active | LDA | GPU Memory | Vendor-ID | LUID       |
|     |                                  |        |     |            | Device-ID | UUID       |
|     |                                  |        |     |            | Bus-ID    |            |
|---------------------------------------------------------------------------------------------|
| 0   | NVIDIA RTX 6000 Ada Generation   |        |     | 49386   MB | 10de      | 0          |
|     |                                  |        |     |            | 26b1      | df04a158.. |
|     |                                  |        |     |            | 1         |            |
|---------------------------------------------------------------------------------------------|
| 1   | NVIDIA RTX 6000 Ada Generation   | Yes: 0 |     | 49386   MB | 10de      | 0          |
|     |                                  |        |     |            | 26b1      | 5cfd6483.. |
|     |                                  |        |     |            | 2c        |            |
|---------------------------------------------------------------------------------------------|
| 2   | NVIDIA RTX 6000 Ada Generation   |        |     | 49386   MB | 10de      | 0          |
|     |                                  |        |     |            | 26b1      | bdb0e57d.. |
|     |                                  |        |     |            | 41        |            |
|---------------------------------------------------------------------------------------------|
| 3   | NVIDIA RTX 6000 Ada Generation   |        |     | 49386   MB | 10de      | 0          |
|     |                                  |        |     |            | 26b1      | 21e14e0d.. |
|     |                                  |        |     |            | 61        |            |
|=============================================================================================|
| OS: 22.04.5 LTS (Jammy Jellyfish) ubuntu, Version: 22.04.5, Kernel: 5.15.0-181-generic
| Processor: AMD Ryzen Threadripper PRO 5995WX 64-Cores
| Cores: 64 | Logical Cores: 128
|---------------------------------------------------------------------------------------------|
| Total Memory (MB): 515582 | Free Memory: 314954
| Total Page/Swap (MB): 10239 | Free Page/Swap: 7541
|---------------------------------------------------------------------------------------------|
2026-08-06T01:58:03Z [2,871ms] [Warning] [carb.windowing-glfw.plugin] GLFW initialization failed.
2026-08-06T01:58:03Z [2,871ms] [Warning] [carb] Failed to startup plugin carb.windowing-glfw.plugin (interfaces: [carb::windowing::IGLContext v1.0],[carb::windowing::IWindowing v1.5]) (impl: carb.windowing-glfw.plugin)
2026-08-06T01:58:04Z [3,064ms] [Warning] [carb.windowing-glfw.plugin] GLFW initialization failed.
2026-08-06T01:58:04Z [3,064ms] [Warning] [carb] Failed to startup plugin carb.windowing-glfw.plugin (interfaces: [carb::windowing::IGLContext v1.0],[carb::windowing::IWindowing v1.5]) (impl: carb.windowing-glfw.plugin)
2026-08-06T01:58:04Z [3,071ms] [Warning] [carb.windowing-glfw.plugin] GLFW initialization failed.
2026-08-06T01:58:04Z [3,071ms] [Warning] [carb] Failed to startup plugin carb.windowing-glfw.plugin (interfaces: [carb::windowing::IGLContext v1.0],[carb::windowing::IWindowing v1.5]) (impl: carb.windowing-glfw.plugin)
2026-08-06T01:58:04Z [3,080ms] [Warning] [carb.windowing-glfw.plugin] GLFW initialization failed.
2026-08-06T01:58:04Z [3,080ms] [Warning] [carb] Failed to startup plugin carb.windowing-glfw.plugin (interfaces: [carb::windowing::IGLContext v1.0],[carb::windowing::IWindowing v1.5]) (impl: carb.windowing-glfw.plugin)
2026-08-06T01:58:04Z [3,080ms] [Warning] [carb.windowing-glfw.plugin] GLFW initialization failed.
2026-08-06T01:58:04Z [3,080ms] [Warning] [carb] Failed to startup plugin carb.windowing-glfw.plugin (interfaces: [carb::windowing::IGLContext v1.0],[carb::windowing::IWindowing v1.5]) (impl: carb.windowing-glfw.plugin)
2026-08-06T01:58:04Z [3,081ms] [Warning] [carb.windowing-glfw.plugin] GLFW initialization failed.
2026-08-06T01:58:04Z [3,081ms] [Warning] [carb] Failed to startup plugin carb.windowing-glfw.plugin (interfaces: [carb::windowing::IGLContext v1.0],[carb::windowing::IWindowing v1.5]) (impl: carb.windowing-glfw.plugin)
2026-08-06T01:58:04Z [3,355ms] [Warning] [omni.log] Source: omni.hydra was already registered.
2026-08-06T01:58:04Z [3,666ms] [Warning] [carb] Acquiring non optional plugin interface which is not listed as dependency: [omni::physx::IPhysxBenchmarks v1.0] (plugin: <default plugin>), by client: omni.physics.physx.plugin. Add it to CARB_PLUGIN_IMPL_DEPS() macro of a client.
2026-08-06T01:58:04Z [3,677ms] [Warning] [omni.isaac.dynamic_control] omni.isaac.dynamic_control is deprecated as of Isaac Sim 4.5. No action is needed from end-users.
2026-08-06T01:58:07Z [5,993ms] [Warning] [pxr.Semantics] pxr.Semantics is deprecated - please use Semantics instead
2026-08-06T01:58:07Z [6,098ms] [Warning] [omni.graph.core.plugin] Found duplicate of category 'Replicator' - was 'Annotators', adding 'Fabric Reader'
2026-08-06T01:58:07Z [6,098ms] [Warning] [omni.graph.core.plugin] Category 'Replicator' not accepted on node type 'omni.replicator.core.FabricReader' in extension 'omni.replicator.core'
2026-08-06T01:58:07Z [6,098ms] [Warning] [omni.replicator.core.scripts.extension] No material configuration file, adding configuration to material settings directly.
2026-08-06T01:58:08Z [7,411ms] [Warning] [omni.kvdb.plugin] Disabling key-value database because another kit process is locking it
2026-08-06T01:58:10Z [9,818ms] [Warning] [omni.fabric.plugin] Warning: attribute viewPickingId not found for bucket id 7

2026-08-06T01:58:11Z [10,371ms] [Warning] [isaaclab.envs.direct_marl_env] Seed not set for the environment. The environment creation may not be deterministic.

[36m========================================================================================================[0m
[36m[1m[INFO][IsaacLab]: Logging to file: /data/howard/isaac/tmp/isaaclab/logs/isaaclab_2026-08-06_01-58-11.log[0m
[36m========================================================================================================[0m

[33m01:58:11 [simulation_context.py] WARNING: The `enable_external_forces_every_iteration` parameter in the PhysxCfg is set to False. If you are experiencing noisy velocities, consider enabling this flag. You may need to slightly increase the number of velocity iterations (setting it to 1 or 2 rather than 0), together with this flag, to improve the accuracy of velocity updates.[0m
[INFO]: Base environment:
	Environment device    : cuda:0
	Environment seed      : None
	Physics step-size     : 0.016666666666666666
	Rendering step-size   : 0.1
	Environment step-size : 0.1
[INFO]: Time taken for scene creation : 1.471370 seconds
[INFO]: Scene manager:  <class InteractiveScene>
	Number of environments: 64
	Environment spacing   : 12.0
	Source prim name      : /World/envs/env_0
	Global prim paths     : []
	Replicate physics     : True
[INFO]: Starting the simulation. This may take a few seconds. Please wait...
[INFO]: Time taken for simulation start : 2.906946 seconds
[INFO]: Completed setting up the environment...
race v8  condition=kinematic  wire=66  trainable=4,483  executor FROZEN (runs/route_obey_v6/cont.pt)
2026-08-06T01:58:21Z [19,910ms] [Warning] [carb] Client gpu.foundation.plugin has acquired [gpu::unstable::IMemoryBudgetManagerFactory v0.1] 100 times. Consider accessing this interface with carb::getCachedInterface() (Performance warning)
[v8/kinematic] update   1  ep   258  route_opt 0.562  succ 0.562  hazard  0.38  obey 1.000  ret   9.50  H 0.681  bad 0  SPS 733
[v8/kinematic] update   2  ep   514  route_opt 0.524  succ 0.524  hazard  0.44  obey 1.000  ret   8.59  H 0.671  bad 0  SPS 732
[v8/kinematic] update   3  ep   770  route_opt 0.498  succ 0.494  hazard  0.43  obey 1.000  ret   7.82  H 0.677  bad 0  SPS 732
[v8/kinematic] update   4  ep  1026  route_opt 0.456  succ 0.454  hazard  0.64  obey 1.000  ret   7.00  H 0.664  bad 0  SPS 733
[v8/kinematic] update   5  ep  1282  route_opt 0.468  succ 0.466  hazard  0.55  obey 1.000  ret   8.40  H 0.641  bad 0  SPS 733
[v8/kinematic] update   6  ep  1538  route_opt 0.502  succ 0.500  hazard  0.09  obey 1.000  ret   8.43  H 0.658  bad 0  SPS 733
[v8/kinematic] update   7  ep  1794  route_opt 0.490  succ 0.488  hazard  0.00  obey 1.000  ret   7.93  H 0.613  bad 0  SPS 734
[v8/kinematic] update   8  ep  2050  route_opt 0.520  succ 0.518  hazard  0.15  obey 1.000  ret   9.97  H 0.512  bad 0  SPS 734
[v8/kinematic] update   9  ep  2306  route_opt 0.532  succ 0.532  hazard  0.20  obey 1.000  ret   8.43  H 0.524  bad 0  SPS 733
[v8/kinematic] update  10  ep  2562  route_opt 0.488  succ 0.488  hazard  0.04  obey 1.000  ret   8.03  H 0.507  bad 0  SPS 733
[v8/kinematic] update  11  ep  2818  route_opt 0.480  succ 0.480  hazard  0.28  obey 1.000  ret   8.38  H 0.513  bad 0  SPS 734
[v8/kinematic] update  12  ep  3074  route_opt 0.516  succ 0.516  hazard  0.29  obey 1.000  ret   9.54  H 0.451  bad 0  SPS 733
[v8/kinematic] update  13  ep  3330  route_opt 0.520  succ 0.520  hazard  0.34  obey 1.000  ret   8.74  H 0.505  bad 0  SPS 733
[v8/kinematic] update  14  ep  3586  route_opt 0.484  succ 0.484  hazard  0.45  obey 1.000  ret   8.14  H 0.499  bad 0  SPS 733
[v8/kinematic] update  15  ep  3842  route_opt 0.464  succ 0.464  hazard  0.66  obey 1.000  ret   7.82  H 0.444  bad 0  SPS 737
[v8/kinematic] update  16  ep  4098  route_opt 0.504  succ 0.504  hazard  0.66  obey 1.000  ret   9.96  H 0.472  bad 0  SPS 754
[v8/kinematic] update  17  ep  4354  route_opt 0.528  succ 0.528  hazard  0.46  obey 1.000  ret   8.43  H 0.445  bad 0  SPS 771
[v8/kinematic] update  18  ep  4610  route_opt 0.482  succ 0.482  hazard  0.95  obey 1.000  ret   7.98  H 0.396  bad 0  SPS 786
[v8/kinematic] update  19  ep  4866  route_opt 0.500  succ 0.500  hazard  0.68  obey 1.000  ret   9.39  H 0.374  bad 0  SPS 801
[v8/kinematic] update  20  ep  5122  route_opt 0.506  succ 0.506  hazard  0.72  obey 1.000  ret   8.24  H 0.400  bad 0  SPS 814
[v8/kinematic] update  21  ep  5378  route_opt 0.472  succ 0.472  hazard  1.09  obey 1.000  ret   7.83  H 0.418  bad 0  SPS 826
[v8/kinematic] update  22  ep  5634  route_opt 0.490  succ 0.488  hazard  0.91  obey 1.000  ret   8.85  H 0.429  bad 0  SPS 838
[v8/kinematic] update  23  ep  5890  route_opt 0.502  succ 0.500  hazard  0.71  obey 1.000  ret   8.57  H 0.422  bad 0  SPS 848

[v8/kinematic/seed1] FINAL (last 500 eps)  route_opt 0.496  success 0.494  hazard 0.59  obey 1.000
RACE-V8 READOUT (kinematic): route_opt >= 0.90 and hazard <= 2.0: FAIL
saved head -> runs/race_v8b/kinematic_s1.pt
wrote run json -> runs/race_v8b/kinematic_s1.json
