[INFO][AppLauncher]: Using device: cuda:0
[INFO][AppLauncher]: Loading experience file: /data/howard/isaac/IsaacLab/apps/isaaclab.python.headless.rendering.kit
Loading user config located at: '/data/howard/isaac/envs/isaaclab/lib/python3.11/site-packages/isaacsim/kit/data/Kit/Isaac-Sim/5.1/user.config.json'
[Info] [carb] Logging to file: /data/howard/isaac/envs/isaaclab/lib/python3.11/site-packages/isaacsim/kit/logs/Kit/Isaac-Sim/5.1/kit_20260806_030528.log
2026-08-06T03:05:28Z [168ms] [Warning] [carb.windowing-glfw.plugin] GLFW initialization failed.
2026-08-06T03:05:28Z [168ms] [Warning] [carb] Failed to startup plugin carb.windowing-glfw.plugin (interfaces: [carb::windowing::IGLContext v1.0],[carb::windowing::IWindowing v1.5]) (impl: carb.windowing-glfw.plugin)
2026-08-06T03:05:28Z [257ms] [Warning] [omni.platforminfo.plugin] failed to open the default display.  Can't verify X Server version.
2026-08-06T03:05:28Z [258ms] [Warning] [carb.cudainterop.plugin] CUDA_VISIBLE_DEVICES environment variable is set.
2026-08-06T03:05:28Z [258ms] [Warning] [carb.cudainterop.plugin] Note CUDA device enumeration and Omniverse device enumeration are different.
2026-08-06T03:05:28Z [258ms] [Warning] [carb.cudainterop.plugin] Setting CUDA_VISIBLE_DEVICES can lead to undesired behavior or crashes.
2026-08-06T03:05:28Z [710ms] [Warning] [carb.windowing-glfw.plugin] GLFW initialization failed.
2026-08-06T03:05:28Z [710ms] [Warning] [carb] Failed to startup plugin carb.windowing-glfw.plugin (interfaces: [carb::windowing::IGLContext v1.0],[carb::windowing::IWindowing v1.5]) (impl: carb.windowing-glfw.plugin)
2026-08-06T03:05:30Z [2,049ms] [Warning] [gpu.foundation.plugin] Skipping NVIDIA GPU due CUDA being in bad state: NVIDIA RTX 6000 Ada Generation
2026-08-06T03:05:30Z [2,049ms] [Warning] [gpu.foundation.plugin] Please restart your system if CUDA is known to work in your system.
2026-08-06T03:05:30Z [2,052ms] [Warning] [gpu.foundation.plugin] Skipping NVIDIA GPU due CUDA being in bad state: NVIDIA RTX 6000 Ada Generation
2026-08-06T03:05:30Z [2,052ms] [Warning] [gpu.foundation.plugin] Please restart your system if CUDA is known to work in your system.
2026-08-06T03:05:30Z [2,055ms] [Warning] [gpu.foundation.plugin] Skipping NVIDIA GPU due CUDA being in bad state: NVIDIA RTX 6000 Ada Generation
2026-08-06T03:05:30Z [2,055ms] [Warning] [gpu.foundation.plugin] Please restart your system if CUDA is known to work in your system.
2026-08-06T03:05:30Z [2,056ms] [Warning] [gpu.foundation.plugin] Skipping NVIDIA GPU due CUDA being in bad state: NVIDIA RTX 6000 Ada Generation
2026-08-06T03:05:30Z [2,056ms] [Warning] [gpu.foundation.plugin] Please restart your system if CUDA is known to work in your system.
2026-08-06T03:05:30Z [2,056ms] [Warning] [gpu.foundation.plugin] Skipping NVIDIA GPU due CUDA being in bad state: NVIDIA RTX 6000 Ada Generation
2026-08-06T03:05:30Z [2,056ms] [Warning] [gpu.foundation.plugin] Please restart your system if CUDA is known to work in your system.
2026-08-06T03:05:30Z [2,056ms] [Warning] [gpu.foundation.plugin] Skipping NVIDIA GPU due CUDA being in bad state: NVIDIA RTX 6000 Ada Generation
2026-08-06T03:05:30Z [2,056ms] [Warning] [gpu.foundation.plugin] Please restart your system if CUDA is known to work in your system.

|---------------------------------------------------------------------------------------------|
| Driver Version: 550.90.12     | Graphics API: Vulkan
|=============================================================================================|
| GPU | Name                             | Active | LDA | GPU Memory | Vendor-ID | LUID       |
|     |                                  |        |     |            | Device-ID | UUID       |
|     |                                  |        |     |            | Bus-ID    |            |
|---------------------------------------------------------------------------------------------|
| 0   | NVIDIA RTX 6000 Ada Generation   |        |     | 49386   MB | 10de      | 0          |
|     |                                  |        |     |            | 26b1      | df04a158.. |
|     |                                  |        |     |            | 1         |            |
|---------------------------------------------------------------------------------------------|
| 1   | NVIDIA RTX 6000 Ada Generation   | Yes: 0 |     | 49386   MB | 10de      | 0          |
|     |                                  |        |     |            | 26b1      | 5cfd6483.. |
|     |                                  |        |     |            | 2c        |            |
|---------------------------------------------------------------------------------------------|
| 2   | NVIDIA RTX 6000 Ada Generation   |        |     | 49386   MB | 10de      | 0          |
|     |                                  |        |     |            | 26b1      | bdb0e57d.. |
|     |                                  |        |     |            | 41        |            |
|---------------------------------------------------------------------------------------------|
| 3   | NVIDIA RTX 6000 Ada Generation   |        |     | 49386   MB | 10de      | 0          |
|     |                                  |        |     |            | 26b1      | 21e14e0d.. |
|     |                                  |        |     |            | 61        |            |
|=============================================================================================|
| OS: 22.04.5 LTS (Jammy Jellyfish) ubuntu, Version: 22.04.5, Kernel: 5.15.0-181-generic
| Processor: AMD Ryzen Threadripper PRO 5995WX 64-Cores
| Cores: 64 | Logical Cores: 128
|---------------------------------------------------------------------------------------------|
| Total Memory (MB): 515582 | Free Memory: 314010
| Total Page/Swap (MB): 10239 | Free Page/Swap: 7541
|---------------------------------------------------------------------------------------------|
2026-08-06T03:05:33Z [4,887ms] [Warning] [carb.windowing-glfw.plugin] GLFW initialization failed.
2026-08-06T03:05:33Z [4,887ms] [Warning] [carb] Failed to startup plugin carb.windowing-glfw.plugin (interfaces: [carb::windowing::IGLContext v1.0],[carb::windowing::IWindowing v1.5]) (impl: carb.windowing-glfw.plugin)
2026-08-06T03:05:33Z [4,997ms] [Warning] [carb.windowing-glfw.plugin] GLFW initialization failed.
2026-08-06T03:05:33Z [4,997ms] [Warning] [carb] Failed to startup plugin carb.windowing-glfw.plugin (interfaces: [carb::windowing::IGLContext v1.0],[carb::windowing::IWindowing v1.5]) (impl: carb.windowing-glfw.plugin)
2026-08-06T03:05:33Z [5,007ms] [Warning] [carb.windowing-glfw.plugin] GLFW initialization failed.
2026-08-06T03:05:33Z [5,007ms] [Warning] [carb] Failed to startup plugin carb.windowing-glfw.plugin (interfaces: [carb::windowing::IGLContext v1.0],[carb::windowing::IWindowing v1.5]) (impl: carb.windowing-glfw.plugin)
2026-08-06T03:05:33Z [5,020ms] [Warning] [carb.windowing-glfw.plugin] GLFW initialization failed.
2026-08-06T03:05:33Z [5,020ms] [Warning] [carb] Failed to startup plugin carb.windowing-glfw.plugin (interfaces: [carb::windowing::IGLContext v1.0],[carb::windowing::IWindowing v1.5]) (impl: carb.windowing-glfw.plugin)
2026-08-06T03:05:33Z [5,023ms] [Warning] [carb.windowing-glfw.plugin] GLFW initialization failed.
2026-08-06T03:05:33Z [5,023ms] [Warning] [carb] Failed to startup plugin carb.windowing-glfw.plugin (interfaces: [carb::windowing::IGLContext v1.0],[carb::windowing::IWindowing v1.5]) (impl: carb.windowing-glfw.plugin)
2026-08-06T03:05:33Z [5,025ms] [Warning] [carb.windowing-glfw.plugin] GLFW initialization failed.
2026-08-06T03:05:33Z [5,025ms] [Warning] [carb] Failed to startup plugin carb.windowing-glfw.plugin (interfaces: [carb::windowing::IGLContext v1.0],[carb::windowing::IWindowing v1.5]) (impl: carb.windowing-glfw.plugin)
2026-08-06T03:05:33Z [5,228ms] [Warning] [omni.log] Source: omni.hydra was already registered.
2026-08-06T03:05:33Z [5,667ms] [Warning] [carb] Acquiring non optional plugin interface which is not listed as dependency: [omni::physx::IPhysxBenchmarks v1.0] (plugin: <default plugin>), by client: omni.physics.physx.plugin. Add it to CARB_PLUGIN_IMPL_DEPS() macro of a client.
2026-08-06T03:05:33Z [5,676ms] [Warning] [omni.isaac.dynamic_control] omni.isaac.dynamic_control is deprecated as of Isaac Sim 4.5. No action is needed from end-users.
2026-08-06T03:05:35Z [7,628ms] [Warning] [pxr.Semantics] pxr.Semantics is deprecated - please use Semantics instead
2026-08-06T03:05:36Z [7,769ms] [Warning] [omni.graph.core.plugin] Found duplicate of category 'Replicator' - was 'Annotators', adding 'Fabric Reader'
2026-08-06T03:05:36Z [7,769ms] [Warning] [omni.graph.core.plugin] Category 'Replicator' not accepted on node type 'omni.replicator.core.FabricReader' in extension 'omni.replicator.core'
2026-08-06T03:05:36Z [7,769ms] [Warning] [omni.replicator.core.scripts.extension] No material configuration file, adding configuration to material settings directly.
2026-08-06T03:05:37Z [9,161ms] [Warning] [omni.kvdb.plugin] Disabling key-value database because another kit process is locking it
2026-08-06T03:05:43Z [14,932ms] [Warning] [omni.fabric.plugin] Warning: attribute viewportHandle not found for bucket id 7

2026-08-06T03:06:28Z [60,535ms] [Warning] [isaaclab.envs.direct_marl_env] Seed not set for the environment. The environment creation may not be deterministic.

[36m========================================================================================================[0m
[36m[1m[INFO][IsaacLab]: Logging to file: /data/howard/isaac/tmp/isaaclab/logs/isaaclab_2026-08-06_03-06-28.log[0m
[36m========================================================================================================[0m

[33m03:06:28 [simulation_context.py] WARNING: The `enable_external_forces_every_iteration` parameter in the PhysxCfg is set to False. If you are experiencing noisy velocities, consider enabling this flag. You may need to slightly increase the number of velocity iterations (setting it to 1 or 2 rather than 0), together with this flag, to improve the accuracy of velocity updates.[0m
[INFO]: Base environment:
	Environment device    : cuda:0
	Environment seed      : None
	Physics step-size     : 0.016666666666666666
	Rendering step-size   : 0.1
	Environment step-size : 0.1
[INFO]: Time taken for scene creation : 1.461299 seconds
[INFO]: Scene manager:  <class InteractiveScene>
	Number of environments: 64
	Environment spacing   : 12.0
	Source prim name      : /World/envs/env_0
	Global prim paths     : []
	Replicate physics     : True
[INFO]: Starting the simulation. This may take a few seconds. Please wait...
[INFO]: Time taken for simulation start : 5.944313 seconds
[INFO]: Completed setting up the environment...
race v8  condition=none  wire=66  trainable=4,483  executor FROZEN (runs/route_obey_v6/cont.pt)
2026-08-06T03:06:43Z [74,751ms] [Warning] [carb] Client gpu.foundation.plugin has acquired [gpu::unstable::IMemoryBudgetManagerFactory v0.1] 100 times. Consider accessing this interface with carb::getCachedInterface() (Performance warning)
[v8/none] update   1  ep   256  route_opt 0.613  succ 0.613  hazard  0.00  obey 1.000  ret  10.69  H 0.693  bad 0  SPS 601
[v8/none] update   2  ep   512  route_opt 0.550  succ 0.548  hazard  0.34  obey 1.000  ret   8.29  H 0.691  bad 0  SPS 594
[v8/none] update   3  ep   768  route_opt 0.508  succ 0.506  hazard  0.34  obey 1.000  ret   8.18  H 0.684  bad 0  SPS 591
[v8/none] update   4  ep  1024  route_opt 0.480  succ 0.480  hazard  0.40  obey 1.000  ret   7.80  H 0.659  bad 0  SPS 588
[v8/none] update   5  ep  1280  route_opt 0.442  succ 0.440  hazard  0.77  obey 1.000  ret   6.56  H 0.614  bad 0  SPS 588
[v8/none] update   6  ep  1536  route_opt 0.436  succ 0.434  hazard  0.66  obey 1.000  ret   7.68  H 0.577  bad 0  SPS 588
[v8/none] update   7  ep  1792  route_opt 0.486  succ 0.486  hazard  0.51  obey 1.000  ret   9.11  H 0.546  bad 0  SPS 588
[v8/none] update   8  ep  2048  route_opt 0.528  succ 0.526  hazard  0.14  obey 1.000  ret   8.98  H 0.525  bad 0  SPS 587
[v8/none] update   9  ep  2304  route_opt 0.462  succ 0.456  hazard  0.05  obey 1.000  ret   6.33  H 0.491  bad 0  SPS 587
[v8/none] update  10  ep  2560  route_opt 0.424  succ 0.418  hazard  0.74  obey 1.000  ret   7.86  H 0.419  bad 0  SPS 588
[v8/none] update  11  ep  2816  route_opt 0.466  succ 0.462  hazard  0.89  obey 1.000  ret   7.70  H 0.385  bad 0  SPS 588
[v8/none] update  12  ep  3072  route_opt 0.470  succ 0.468  hazard  0.18  obey 1.000  ret   8.22  H 0.365  bad 0  SPS 587
[v8/none] update  13  ep  3328  route_opt 0.518  succ 0.518  hazard  0.22  obey 1.000  ret   9.70  H 0.293  bad 0  SPS 587
[v8/none] update  14  ep  3584  route_opt 0.512  succ 0.510  hazard  0.22  obey 1.000  ret   8.37  H 0.266  bad 0  SPS 587
[v8/none] update  15  ep  3840  route_opt 0.496  succ 0.494  hazard  0.00  obey 1.000  ret   8.85  H 0.264  bad 0  SPS 589
[v8/none] update  16  ep  4097  route_opt 0.516  succ 0.516  hazard  0.35  obey 1.000  ret   9.29  H 0.269  bad 0  SPS 603
[v8/none] update  17  ep  4353  route_opt 0.522  succ 0.522  hazard  0.48  obey 1.000  ret   8.72  H 0.285  bad 0  SPS 620
[v8/none] update  18  ep  4609  route_opt 0.492  succ 0.492  hazard  0.25  obey 1.000  ret   8.36  H 0.280  bad 0  SPS 637
[v8/none] update  19  ep  4865  route_opt 0.502  succ 0.502  hazard  0.54  obey 1.000  ret   8.99  H 0.269  bad 0  SPS 653
[v8/none] update  20  ep  5121  route_opt 0.496  succ 0.496  hazard  0.42  obey 1.000  ret   8.26  H 0.231  bad 0  SPS 668
[v8/none] update  21  ep  5377  route_opt 0.514  succ 0.514  hazard  0.00  obey 1.000  ret   9.76  H 0.229  bad 0  SPS 682
[v8/none] update  22  ep  5633  route_opt 0.502  succ 0.502  hazard  0.00  obey 1.000  ret   7.88  H 0.228  bad 0  SPS 696
[v8/none] update  23  ep  5889  route_opt 0.490  succ 0.490  hazard  0.11  obey 1.000  ret   9.26  H 0.225  bad 0  SPS 710

[v8/none/seed4] FINAL (last 500 eps)  route_opt 0.510  success 0.510  hazard 0.11  obey 1.000
RACE-V8 READOUT (none): route_opt >= 0.90 and hazard <= 2.0: FAIL
saved head -> runs/race_v8b/none_s4.pt
wrote run json -> runs/race_v8b/none_s4.json
