[INFO][AppLauncher]: Using device: cuda:0
[INFO][AppLauncher]: Loading experience file: /data/howard/isaac/IsaacLab/apps/isaaclab.python.headless.rendering.kit
Loading user config located at: '/data/howard/isaac/envs/isaaclab/lib/python3.11/site-packages/isaacsim/kit/data/Kit/Isaac-Sim/5.1/user.config.json'
[Info] [carb] Logging to file: /data/howard/isaac/envs/isaaclab/lib/python3.11/site-packages/isaacsim/kit/logs/Kit/Isaac-Sim/5.1/kit_20260806_004808.log
2026-08-06T00:48:09Z [159ms] [Warning] [carb.windowing-glfw.plugin] GLFW initialization failed.
2026-08-06T00:48:09Z [159ms] [Warning] [carb] Failed to startup plugin carb.windowing-glfw.plugin (interfaces: [carb::windowing::IGLContext v1.0],[carb::windowing::IWindowing v1.5]) (impl: carb.windowing-glfw.plugin)
2026-08-06T00:48:09Z [228ms] [Warning] [omni.platforminfo.plugin] failed to open the default display.  Can't verify X Server version.
2026-08-06T00:48:09Z [229ms] [Warning] [carb.cudainterop.plugin] CUDA_VISIBLE_DEVICES environment variable is set.
2026-08-06T00:48:09Z [229ms] [Warning] [carb.cudainterop.plugin] Note CUDA device enumeration and Omniverse device enumeration are different.
2026-08-06T00:48:09Z [229ms] [Warning] [carb.cudainterop.plugin] Setting CUDA_VISIBLE_DEVICES can lead to undesired behavior or crashes.
2026-08-06T00:48:09Z [619ms] [Warning] [carb.windowing-glfw.plugin] GLFW initialization failed.
2026-08-06T00:48:09Z [619ms] [Warning] [carb] Failed to startup plugin carb.windowing-glfw.plugin (interfaces: [carb::windowing::IGLContext v1.0],[carb::windowing::IWindowing v1.5]) (impl: carb.windowing-glfw.plugin)
2026-08-06T00:48:10Z [1,500ms] [Warning] [gpu.foundation.plugin] Skipping NVIDIA GPU due CUDA being in bad state: NVIDIA RTX 6000 Ada Generation
2026-08-06T00:48:10Z [1,500ms] [Warning] [gpu.foundation.plugin] Please restart your system if CUDA is known to work in your system.
2026-08-06T00:48:10Z [1,501ms] [Warning] [gpu.foundation.plugin] Skipping NVIDIA GPU due CUDA being in bad state: NVIDIA RTX 6000 Ada Generation
2026-08-06T00:48:10Z [1,501ms] [Warning] [gpu.foundation.plugin] Please restart your system if CUDA is known to work in your system.
2026-08-06T00:48:10Z [1,503ms] [Warning] [gpu.foundation.plugin] Skipping NVIDIA GPU due CUDA being in bad state: NVIDIA RTX 6000 Ada Generation
2026-08-06T00:48:10Z [1,503ms] [Warning] [gpu.foundation.plugin] Please restart your system if CUDA is known to work in your system.
2026-08-06T00:48:10Z [1,504ms] [Warning] [gpu.foundation.plugin] Skipping NVIDIA GPU due CUDA being in bad state: NVIDIA RTX 6000 Ada Generation
2026-08-06T00:48:10Z [1,504ms] [Warning] [gpu.foundation.plugin] Please restart your system if CUDA is known to work in your system.
2026-08-06T00:48:10Z [1,504ms] [Warning] [gpu.foundation.plugin] Skipping NVIDIA GPU due CUDA being in bad state: NVIDIA RTX 6000 Ada Generation
2026-08-06T00:48:10Z [1,504ms] [Warning] [gpu.foundation.plugin] Please restart your system if CUDA is known to work in your system.
2026-08-06T00:48:10Z [1,504ms] [Warning] [gpu.foundation.plugin] Skipping NVIDIA GPU due CUDA being in bad state: NVIDIA RTX 6000 Ada Generation
2026-08-06T00:48:10Z [1,504ms] [Warning] [gpu.foundation.plugin] Please restart your system if CUDA is known to work in your system.

|---------------------------------------------------------------------------------------------|
| Driver Version: 550.90.12     | Graphics API: Vulkan
|=============================================================================================|
| GPU | Name                             | Active | LDA | GPU Memory | Vendor-ID | LUID       |
|     |                                  |        |     |            | Device-ID | UUID       |
|     |                                  |        |     |            | Bus-ID    |            |
|---------------------------------------------------------------------------------------------|
| 0   | NVIDIA RTX 6000 Ada Generation   |        |     | 49386   MB | 10de      | 0          |
|     |                                  |        |     |            | 26b1      | df04a158.. |
|     |                                  |        |     |            | 1         |            |
|---------------------------------------------------------------------------------------------|
| 1   | NVIDIA RTX 6000 Ada Generation   |        |     | 49386   MB | 10de      | 0          |
|     |                                  |        |     |            | 26b1      | 5cfd6483.. |
|     |                                  |        |     |            | 2c        |            |
|---------------------------------------------------------------------------------------------|
| 2   | NVIDIA RTX 6000 Ada Generation   |        |     | 49386   MB | 10de      | 0          |
|     |                                  |        |     |            | 26b1      | bdb0e57d.. |
|     |                                  |        |     |            | 41        |            |
|---------------------------------------------------------------------------------------------|
| 3   | NVIDIA RTX 6000 Ada Generation   | Yes: 0 |     | 49386   MB | 10de      | 0          |
|     |                                  |        |     |            | 26b1      | 21e14e0d.. |
|     |                                  |        |     |            | 61        |            |
|=============================================================================================|
| OS: 22.04.5 LTS (Jammy Jellyfish) ubuntu, Version: 22.04.5, Kernel: 5.15.0-181-generic
| Processor: AMD Ryzen Threadripper PRO 5995WX 64-Cores
| Cores: 64 | Logical Cores: 128
|---------------------------------------------------------------------------------------------|
| Total Memory (MB): 515582 | Free Memory: 320905
| Total Page/Swap (MB): 10239 | Free Page/Swap: 7559
|---------------------------------------------------------------------------------------------|
2026-08-06T00:48:12Z [3,423ms] [Warning] [carb.windowing-glfw.plugin] GLFW initialization failed.
2026-08-06T00:48:12Z [3,423ms] [Warning] [carb] Failed to startup plugin carb.windowing-glfw.plugin (interfaces: [carb::windowing::IGLContext v1.0],[carb::windowing::IWindowing v1.5]) (impl: carb.windowing-glfw.plugin)
2026-08-06T00:48:12Z [3,435ms] [Warning] [carb.windowing-glfw.plugin] GLFW initialization failed.
2026-08-06T00:48:12Z [3,435ms] [Warning] [carb] Failed to startup plugin carb.windowing-glfw.plugin (interfaces: [carb::windowing::IGLContext v1.0],[carb::windowing::IWindowing v1.5]) (impl: carb.windowing-glfw.plugin)
2026-08-06T00:48:12Z [3,441ms] [Warning] [carb.windowing-glfw.plugin] GLFW initialization failed.
2026-08-06T00:48:12Z [3,441ms] [Warning] [carb] Failed to startup plugin carb.windowing-glfw.plugin (interfaces: [carb::windowing::IGLContext v1.0],[carb::windowing::IWindowing v1.5]) (impl: carb.windowing-glfw.plugin)
2026-08-06T00:48:12Z [3,450ms] [Warning] [carb.windowing-glfw.plugin] GLFW initialization failed.
2026-08-06T00:48:12Z [3,451ms] [Warning] [carb] Failed to startup plugin carb.windowing-glfw.plugin (interfaces: [carb::windowing::IGLContext v1.0],[carb::windowing::IWindowing v1.5]) (impl: carb.windowing-glfw.plugin)
2026-08-06T00:48:12Z [3,451ms] [Warning] [carb.windowing-glfw.plugin] GLFW initialization failed.
2026-08-06T00:48:12Z [3,451ms] [Warning] [carb] Failed to startup plugin carb.windowing-glfw.plugin (interfaces: [carb::windowing::IGLContext v1.0],[carb::windowing::IWindowing v1.5]) (impl: carb.windowing-glfw.plugin)
2026-08-06T00:48:12Z [3,452ms] [Warning] [carb.windowing-glfw.plugin] GLFW initialization failed.
2026-08-06T00:48:12Z [3,452ms] [Warning] [carb] Failed to startup plugin carb.windowing-glfw.plugin (interfaces: [carb::windowing::IGLContext v1.0],[carb::windowing::IWindowing v1.5]) (impl: carb.windowing-glfw.plugin)
2026-08-06T00:48:12Z [3,646ms] [Warning] [omni.log] Source: omni.hydra was already registered.
2026-08-06T00:48:12Z [3,987ms] [Warning] [carb] Acquiring non optional plugin interface which is not listed as dependency: [omni::physx::IPhysxBenchmarks v1.0] (plugin: <default plugin>), by client: omni.physics.physx.plugin. Add it to CARB_PLUGIN_IMPL_DEPS() macro of a client.
2026-08-06T00:48:12Z [4,000ms] [Warning] [omni.isaac.dynamic_control] omni.isaac.dynamic_control is deprecated as of Isaac Sim 4.5. No action is needed from end-users.
2026-08-06T00:48:14Z [6,015ms] [Warning] [pxr.Semantics] pxr.Semantics is deprecated - please use Semantics instead
2026-08-06T00:48:15Z [6,122ms] [Warning] [omni.graph.core.plugin] Found duplicate of category 'Replicator' - was 'Annotators', adding 'Fabric Reader'
2026-08-06T00:48:15Z [6,122ms] [Warning] [omni.graph.core.plugin] Category 'Replicator' not accepted on node type 'omni.replicator.core.FabricReader' in extension 'omni.replicator.core'
2026-08-06T00:48:15Z [6,123ms] [Warning] [omni.replicator.core.scripts.extension] No material configuration file, adding configuration to material settings directly.
2026-08-06T00:48:16Z [7,440ms] [Warning] [omni.kvdb.plugin] Disabling key-value database because another kit process is locking it
2026-08-06T00:48:18Z [9,931ms] [Warning] [omni.fabric.plugin] Warning: attribute viewportHandle not found for bucket id 7

2026-08-06T00:48:19Z [10,459ms] [Warning] [isaaclab.envs.direct_marl_env] Seed not set for the environment. The environment creation may not be deterministic.

[36m========================================================================================================[0m
[36m[1m[INFO][IsaacLab]: Logging to file: /data/howard/isaac/tmp/isaaclab/logs/isaaclab_2026-08-06_00-48-19.log[0m
[36m========================================================================================================[0m

[33m00:48:19 [simulation_context.py] WARNING: The `enable_external_forces_every_iteration` parameter in the PhysxCfg is set to False. If you are experiencing noisy velocities, consider enabling this flag. You may need to slightly increase the number of velocity iterations (setting it to 1 or 2 rather than 0), together with this flag, to improve the accuracy of velocity updates.[0m
[INFO]: Base environment:
	Environment device    : cuda:0
	Environment seed      : None
	Physics step-size     : 0.016666666666666666
	Rendering step-size   : 0.1
	Environment step-size : 0.1
[INFO]: Time taken for scene creation : 1.523142 seconds
[INFO]: Scene manager:  <class InteractiveScene>
	Number of environments: 64
	Environment spacing   : 12.0
	Source prim name      : /World/envs/env_0
	Global prim paths     : []
	Replicate physics     : True
[INFO]: Starting the simulation. This may take a few seconds. Please wait...
[INFO]: Time taken for simulation start : 3.001672 seconds
[INFO]: Completed setting up the environment...
race v8  condition=none  wire=66  trainable=4,483  executor FROZEN (runs/route_obey_v6/cont.pt)
2026-08-06T00:48:29Z [20,476ms] [Warning] [carb] Client gpu.foundation.plugin has acquired [gpu::unstable::IMemoryBudgetManagerFactory v0.1] 100 times. Consider accessing this interface with carb::getCachedInterface() (Performance warning)
[v8/none] update   1  ep   256  route_opt 0.617  succ 0.609  hazard  0.00  obey 1.000  ret  10.58  H 0.693  bad 0  SPS 769
[v8/none] update   2  ep   512  route_opt 0.534  succ 0.530  hazard  0.13  obey 1.000  ret   7.73  H 0.687  bad 0  SPS 766
[v8/none] update   3  ep   768  route_opt 0.506  succ 0.504  hazard  0.13  obey 1.000  ret   9.13  H 0.670  bad 0  SPS 766
[v8/none] update   4  ep  1024  route_opt 0.532  succ 0.530  hazard  0.23  obey 1.000  ret   8.22  H 0.685  bad 0  SPS 767
[v8/none] update   5  ep  1280  route_opt 0.502  succ 0.502  hazard  0.38  obey 1.000  ret   8.37  H 0.688  bad 0  SPS 766
[v8/none] update   6  ep  1536  route_opt 0.510  succ 0.508  hazard  0.15  obey 1.000  ret   8.46  H 0.691  bad 0  SPS 765
[v8/none] update   7  ep  1792  route_opt 0.500  succ 0.498  hazard  0.24  obey 1.000  ret   8.13  H 0.689  bad 0  SPS 766
[v8/none] update   8  ep  2050  route_opt 0.456  succ 0.456  hazard  0.97  obey 1.000  ret   6.82  H 0.692  bad 0  SPS 766
[v8/none] update   9  ep  2306  route_opt 0.480  succ 0.478  hazard  0.82  obey 1.000  ret   8.66  H 0.676  bad 0  SPS 766
[v8/none] update  10  ep  2562  route_opt 0.552  succ 0.546  hazard  0.10  obey 1.000  ret   9.92  H 0.651  bad 0  SPS 766
[v8/none] update  11  ep  2818  route_opt 0.576  succ 0.570  hazard  0.00  obey 1.000  ret   9.82  H 0.608  bad 0  SPS 765
[v8/none] update  12  ep  3074  route_opt 0.536  succ 0.532  hazard  0.18  obey 1.000  ret   8.36  H 0.558  bad 0  SPS 765
[v8/none] update  13  ep  3330  route_opt 0.504  succ 0.502  hazard  0.42  obey 1.000  ret   8.87  H 0.562  bad 0  SPS 765
[v8/none] update  14  ep  3586  route_opt 0.488  succ 0.488  hazard  0.35  obey 1.000  ret   7.74  H 0.532  bad 0  SPS 765
[v8/none] update  15  ep  3842  route_opt 0.448  succ 0.444  hazard  0.10  obey 1.000  ret   7.21  H 0.482  bad 0  SPS 766
[v8/none] update  16  ep  4098  route_opt 0.462  succ 0.456  hazard  0.07  obey 1.000  ret   8.33  H 0.489  bad 0  SPS 766
[v8/none] update  17  ep  4354  route_opt 0.502  succ 0.500  hazard  0.30  obey 1.000  ret   9.05  H 0.494  bad 0  SPS 766
[v8/none] update  18  ep  4611  route_opt 0.492  succ 0.492  hazard  0.23  obey 1.000  ret   8.02  H 0.497  bad 0  SPS 766
[v8/none] update  19  ep  4867  route_opt 0.488  succ 0.488  hazard  0.14  obey 1.000  ret   8.58  H 0.500  bad 0  SPS 766
[v8/none] update  20  ep  5123  route_opt 0.480  succ 0.480  hazard  0.14  obey 1.000  ret   8.07  H 0.462  bad 0  SPS 766
[v8/none] update  21  ep  5379  route_opt 0.478  succ 0.478  hazard  0.00  obey 1.000  ret   8.43  H 0.463  bad 0  SPS 766
[v8/none] update  22  ep  5635  route_opt 0.494  succ 0.492  hazard  0.00  obey 1.000  ret   8.63  H 0.466  bad 0  SPS 766
[v8/none] update  23  ep  5892  route_opt 0.494  succ 0.492  hazard  0.00  obey 1.000  ret   8.48  H 0.458  bad 0  SPS 766

[v8/none/seed3] FINAL (last 500 eps)  route_opt 0.484  success 0.484  hazard 0.04  obey 1.000
RACE-V8 READOUT (none): route_opt >= 0.90 and hazard <= 2.0: FAIL
saved head -> runs/race_v8b/none_s3.pt
wrote run json -> runs/race_v8b/none_s3.json
