[INFO][AppLauncher]: Using device: cuda:0
[INFO][AppLauncher]: Loading experience file: /data/howard/isaac/IsaacLab/apps/isaaclab.python.headless.rendering.kit
Loading user config located at: '/data/howard/isaac/envs/isaaclab/lib/python3.11/site-packages/isaacsim/kit/data/Kit/Isaac-Sim/5.1/user.config.json'
[Info] [carb] Logging to file: /data/howard/isaac/envs/isaaclab/lib/python3.11/site-packages/isaacsim/kit/logs/Kit/Isaac-Sim/5.1/kit_20260806_004808.log
2026-08-06T00:48:09Z [156ms] [Warning] [carb.windowing-glfw.plugin] GLFW initialization failed.
2026-08-06T00:48:09Z [156ms] [Warning] [carb] Failed to startup plugin carb.windowing-glfw.plugin (interfaces: [carb::windowing::IGLContext v1.0],[carb::windowing::IWindowing v1.5]) (impl: carb.windowing-glfw.plugin)
2026-08-06T00:48:09Z [209ms] [Warning] [omni.platforminfo.plugin] failed to open the default display.  Can't verify X Server version.
2026-08-06T00:48:09Z [210ms] [Warning] [carb.cudainterop.plugin] CUDA_VISIBLE_DEVICES environment variable is set.
2026-08-06T00:48:09Z [210ms] [Warning] [carb.cudainterop.plugin] Note CUDA device enumeration and Omniverse device enumeration are different.
2026-08-06T00:48:09Z [210ms] [Warning] [carb.cudainterop.plugin] Setting CUDA_VISIBLE_DEVICES can lead to undesired behavior or crashes.
2026-08-06T00:48:09Z [551ms] [Warning] [carb.windowing-glfw.plugin] GLFW initialization failed.
2026-08-06T00:48:09Z [551ms] [Warning] [carb] Failed to startup plugin carb.windowing-glfw.plugin (interfaces: [carb::windowing::IGLContext v1.0],[carb::windowing::IWindowing v1.5]) (impl: carb.windowing-glfw.plugin)
2026-08-06T00:48:10Z [1,083ms] [Warning] [gpu.foundation.plugin] Skipping NVIDIA GPU due CUDA being in bad state: NVIDIA RTX 6000 Ada Generation
2026-08-06T00:48:10Z [1,083ms] [Warning] [gpu.foundation.plugin] Please restart your system if CUDA is known to work in your system.
2026-08-06T00:48:10Z [1,086ms] [Warning] [gpu.foundation.plugin] Skipping NVIDIA GPU due CUDA being in bad state: NVIDIA RTX 6000 Ada Generation
2026-08-06T00:48:10Z [1,086ms] [Warning] [gpu.foundation.plugin] Please restart your system if CUDA is known to work in your system.
2026-08-06T00:48:10Z [1,107ms] [Warning] [gpu.foundation.plugin] Skipping NVIDIA GPU due CUDA being in bad state: NVIDIA RTX 6000 Ada Generation
2026-08-06T00:48:10Z [1,107ms] [Warning] [gpu.foundation.plugin] Please restart your system if CUDA is known to work in your system.
2026-08-06T00:48:10Z [1,108ms] [Warning] [gpu.foundation.plugin] Skipping NVIDIA GPU due CUDA being in bad state: NVIDIA RTX 6000 Ada Generation
2026-08-06T00:48:10Z [1,108ms] [Warning] [gpu.foundation.plugin] Please restart your system if CUDA is known to work in your system.
2026-08-06T00:48:10Z [1,108ms] [Warning] [gpu.foundation.plugin] Skipping NVIDIA GPU due CUDA being in bad state: NVIDIA RTX 6000 Ada Generation
2026-08-06T00:48:10Z [1,108ms] [Warning] [gpu.foundation.plugin] Please restart your system if CUDA is known to work in your system.
2026-08-06T00:48:10Z [1,108ms] [Warning] [gpu.foundation.plugin] Skipping NVIDIA GPU due CUDA being in bad state: NVIDIA RTX 6000 Ada Generation
2026-08-06T00:48:10Z [1,108ms] [Warning] [gpu.foundation.plugin] Please restart your system if CUDA is known to work in your system.

|---------------------------------------------------------------------------------------------|
| Driver Version: 550.90.12     | Graphics API: Vulkan
|=============================================================================================|
| GPU | Name                             | Active | LDA | GPU Memory | Vendor-ID | LUID       |
|     |                                  |        |     |            | Device-ID | UUID       |
|     |                                  |        |     |            | Bus-ID    |            |
|---------------------------------------------------------------------------------------------|
| 0   | NVIDIA RTX 6000 Ada Generation   |        |     | 49386   MB | 10de      | 0          |
|     |                                  |        |     |            | 26b1      | df04a158.. |
|     |                                  |        |     |            | 1         |            |
|---------------------------------------------------------------------------------------------|
| 1   | NVIDIA RTX 6000 Ada Generation   |        |     | 49386   MB | 10de      | 0          |
|     |                                  |        |     |            | 26b1      | 5cfd6483.. |
|     |                                  |        |     |            | 2c        |            |
|---------------------------------------------------------------------------------------------|
| 2   | NVIDIA RTX 6000 Ada Generation   | Yes: 0 |     | 49386   MB | 10de      | 0          |
|     |                                  |        |     |            | 26b1      | bdb0e57d.. |
|     |                                  |        |     |            | 41        |            |
|---------------------------------------------------------------------------------------------|
| 3   | NVIDIA RTX 6000 Ada Generation   |        |     | 49386   MB | 10de      | 0          |
|     |                                  |        |     |            | 26b1      | 21e14e0d.. |
|     |                                  |        |     |            | 61        |            |
|=============================================================================================|
| OS: 22.04.5 LTS (Jammy Jellyfish) ubuntu, Version: 22.04.5, Kernel: 5.15.0-181-generic
| Processor: AMD Ryzen Threadripper PRO 5995WX 64-Cores
| Cores: 64 | Logical Cores: 128
|---------------------------------------------------------------------------------------------|
| Total Memory (MB): 515582 | Free Memory: 321353
| Total Page/Swap (MB): 10239 | Free Page/Swap: 7559
|---------------------------------------------------------------------------------------------|
2026-08-06T00:48:11Z [2,390ms] [Warning] [carb.windowing-glfw.plugin] GLFW initialization failed.
2026-08-06T00:48:11Z [2,390ms] [Warning] [carb] Failed to startup plugin carb.windowing-glfw.plugin (interfaces: [carb::windowing::IGLContext v1.0],[carb::windowing::IWindowing v1.5]) (impl: carb.windowing-glfw.plugin)
2026-08-06T00:48:11Z [2,980ms] [Warning] [carb.windowing-glfw.plugin] GLFW initialization failed.
2026-08-06T00:48:11Z [2,980ms] [Warning] [carb] Failed to startup plugin carb.windowing-glfw.plugin (interfaces: [carb::windowing::IGLContext v1.0],[carb::windowing::IWindowing v1.5]) (impl: carb.windowing-glfw.plugin)
2026-08-06T00:48:11Z [2,987ms] [Warning] [carb.windowing-glfw.plugin] GLFW initialization failed.
2026-08-06T00:48:11Z [2,987ms] [Warning] [carb] Failed to startup plugin carb.windowing-glfw.plugin (interfaces: [carb::windowing::IGLContext v1.0],[carb::windowing::IWindowing v1.5]) (impl: carb.windowing-glfw.plugin)
2026-08-06T00:48:11Z [2,995ms] [Warning] [carb.windowing-glfw.plugin] GLFW initialization failed.
2026-08-06T00:48:11Z [2,995ms] [Warning] [carb] Failed to startup plugin carb.windowing-glfw.plugin (interfaces: [carb::windowing::IGLContext v1.0],[carb::windowing::IWindowing v1.5]) (impl: carb.windowing-glfw.plugin)
2026-08-06T00:48:11Z [2,996ms] [Warning] [carb.windowing-glfw.plugin] GLFW initialization failed.
2026-08-06T00:48:11Z [2,996ms] [Warning] [carb] Failed to startup plugin carb.windowing-glfw.plugin (interfaces: [carb::windowing::IGLContext v1.0],[carb::windowing::IWindowing v1.5]) (impl: carb.windowing-glfw.plugin)
2026-08-06T00:48:11Z [2,997ms] [Warning] [carb.windowing-glfw.plugin] GLFW initialization failed.
2026-08-06T00:48:11Z [2,997ms] [Warning] [carb] Failed to startup plugin carb.windowing-glfw.plugin (interfaces: [carb::windowing::IGLContext v1.0],[carb::windowing::IWindowing v1.5]) (impl: carb.windowing-glfw.plugin)
2026-08-06T00:48:12Z [3,254ms] [Warning] [omni.log] Source: omni.hydra was already registered.
2026-08-06T00:48:12Z [3,629ms] [Warning] [carb] Acquiring non optional plugin interface which is not listed as dependency: [omni::physx::IPhysxBenchmarks v1.0] (plugin: <default plugin>), by client: omni.physics.physx.plugin. Add it to CARB_PLUGIN_IMPL_DEPS() macro of a client.
2026-08-06T00:48:12Z [3,639ms] [Warning] [omni.isaac.dynamic_control] omni.isaac.dynamic_control is deprecated as of Isaac Sim 4.5. No action is needed from end-users.
2026-08-06T00:48:14Z [5,683ms] [Warning] [pxr.Semantics] pxr.Semantics is deprecated - please use Semantics instead
2026-08-06T00:48:14Z [5,788ms] [Warning] [omni.graph.core.plugin] Found duplicate of category 'Replicator' - was 'Annotators', adding 'Fabric Reader'
2026-08-06T00:48:14Z [5,788ms] [Warning] [omni.graph.core.plugin] Category 'Replicator' not accepted on node type 'omni.replicator.core.FabricReader' in extension 'omni.replicator.core'
2026-08-06T00:48:14Z [5,789ms] [Warning] [omni.replicator.core.scripts.extension] No material configuration file, adding configuration to material settings directly.
2026-08-06T00:48:18Z [9,492ms] [Warning] [omni.fabric.plugin] Warning: attribute viewportHandle not found for bucket id 7

2026-08-06T00:48:18Z [10,009ms] [Warning] [isaaclab.envs.direct_marl_env] Seed not set for the environment. The environment creation may not be deterministic.

[36m========================================================================================================[0m
[36m[1m[INFO][IsaacLab]: Logging to file: /data/howard/isaac/tmp/isaaclab/logs/isaaclab_2026-08-06_00-48-18.log[0m
[36m========================================================================================================[0m

[33m00:48:19 [simulation_context.py] WARNING: The `enable_external_forces_every_iteration` parameter in the PhysxCfg is set to False. If you are experiencing noisy velocities, consider enabling this flag. You may need to slightly increase the number of velocity iterations (setting it to 1 or 2 rather than 0), together with this flag, to improve the accuracy of velocity updates.[0m
[INFO]: Base environment:
	Environment device    : cuda:0
	Environment seed      : None
	Physics step-size     : 0.016666666666666666
	Rendering step-size   : 0.1
	Environment step-size : 0.1
[INFO]: Time taken for scene creation : 1.540643 seconds
[INFO]: Scene manager:  <class InteractiveScene>
	Number of environments: 64
	Environment spacing   : 12.0
	Source prim name      : /World/envs/env_0
	Global prim paths     : []
	Replicate physics     : True
[INFO]: Starting the simulation. This may take a few seconds. Please wait...
[INFO]: Time taken for simulation start : 3.038410 seconds
[INFO]: Completed setting up the environment...
race v8  condition=none  wire=66  trainable=4,483  executor FROZEN (runs/route_obey_v6/cont.pt)
2026-08-06T00:48:28Z [19,828ms] [Warning] [carb] Client gpu.foundation.plugin has acquired [gpu::unstable::IMemoryBudgetManagerFactory v0.1] 100 times. Consider accessing this interface with carb::getCachedInterface() (Performance warning)
[v8/none] update   1  ep   256  route_opt 0.516  succ 0.512  hazard  0.00  obey 1.000  ret   8.71  H 0.691  bad 0  SPS 778
[v8/none] update   2  ep   512  route_opt 0.490  succ 0.488  hazard  0.18  obey 1.000  ret   8.19  H 0.671  bad 0  SPS 771
[v8/none] update   3  ep   769  route_opt 0.500  succ 0.496  hazard  0.25  obey 1.000  ret   8.60  H 0.646  bad 0  SPS 771
[v8/none] update   4  ep  1025  route_opt 0.500  succ 0.496  hazard  0.15  obey 1.000  ret   8.21  H 0.641  bad 0  SPS 771
[v8/none] update   5  ep  1281  route_opt 0.480  succ 0.480  hazard  0.35  obey 1.000  ret   8.15  H 0.569  bad 0  SPS 772
[v8/none] update   6  ep  1537  route_opt 0.484  succ 0.484  hazard  0.78  obey 1.000  ret   8.51  H 0.529  bad 0  SPS 771
[v8/none] update   7  ep  1793  route_opt 0.508  succ 0.506  hazard  0.72  obey 1.000  ret   9.42  H 0.471  bad 0  SPS 772
[v8/none] update   8  ep  2049  route_opt 0.512  succ 0.510  hazard  0.21  obey 1.000  ret   8.29  H 0.445  bad 0  SPS 772
[v8/none] update   9  ep  2305  route_opt 0.482  succ 0.482  hazard  0.31  obey 1.000  ret   8.10  H 0.437  bad 0  SPS 772
[v8/none] update  10  ep  2561  route_opt 0.474  succ 0.474  hazard  0.31  obey 1.000  ret   8.19  H 0.411  bad 0  SPS 772
[v8/none] update  11  ep  2817  route_opt 0.506  succ 0.506  hazard  0.04  obey 1.000  ret   9.20  H 0.384  bad 0  SPS 772
[v8/none] update  12  ep  3073  route_opt 0.474  succ 0.474  hazard  0.04  obey 1.000  ret   7.49  H 0.368  bad 0  SPS 773
[v8/none] update  13  ep  3329  route_opt 0.456  succ 0.454  hazard  0.00  obey 1.000  ret   7.61  H 0.347  bad 0  SPS 773
[v8/none] update  14  ep  3585  route_opt 0.492  succ 0.490  hazard  0.00  obey 1.000  ret   9.47  H 0.315  bad 0  SPS 773
[v8/none] update  15  ep  3841  route_opt 0.510  succ 0.510  hazard  0.03  obey 1.000  ret   8.57  H 0.292  bad 0  SPS 772
[v8/none] update  16  ep  4097  route_opt 0.480  succ 0.480  hazard  0.04  obey 1.000  ret   8.10  H 0.250  bad 0  SPS 772
[v8/none] update  17  ep  4353  route_opt 0.500  succ 0.500  hazard  0.14  obey 1.000  ret   9.31  H 0.221  bad 0  SPS 773
[v8/none] update  18  ep  4609  route_opt 0.494  succ 0.494  hazard  0.13  obey 1.000  ret   7.95  H 0.185  bad 0  SPS 772
[v8/none] update  19  ep  4865  route_opt 0.470  succ 0.470  hazard  0.31  obey 1.000  ret   8.67  H 0.189  bad 0  SPS 773
[v8/none] update  20  ep  5121  route_opt 0.536  succ 0.536  hazard  0.31  obey 1.000  ret  10.15  H 0.183  bad 0  SPS 772
[v8/none] update  21  ep  5377  route_opt 0.536  succ 0.536  hazard  0.01  obey 1.000  ret   8.92  H 0.176  bad 0  SPS 772
[v8/none] update  22  ep  5633  route_opt 0.514  succ 0.514  hazard  0.01  obey 1.000  ret   9.10  H 0.174  bad 0  SPS 772
[v8/none] update  23  ep  5889  route_opt 0.522  succ 0.522  hazard  0.00  obey 1.000  ret   9.21  H 0.174  bad 0  SPS 772

[v8/none/seed2] FINAL (last 500 eps)  route_opt 0.522  success 0.522  hazard 0.00  obey 1.000
RACE-V8 READOUT (none): route_opt >= 0.90 and hazard <= 2.0: FAIL
saved head -> runs/race_v8b/none_s2.pt
wrote run json -> runs/race_v8b/none_s2.json
