[INFO][AppLauncher]: Using device: cuda:0
[INFO][AppLauncher]: Loading experience file: /data/howard/isaac/IsaacLab/apps/isaaclab.python.headless.rendering.kit
Loading user config located at: '/data/howard/isaac/envs/isaaclab/lib/python3.11/site-packages/isaacsim/kit/data/Kit/Isaac-Sim/5.1/user.config.json'
[Info] [carb] Logging to file: /data/howard/isaac/envs/isaaclab/lib/python3.11/site-packages/isaacsim/kit/logs/Kit/Isaac-Sim/5.1/kit_20260806_030528.log
2026-08-06T03:05:28Z [184ms] [Warning] [carb.windowing-glfw.plugin] GLFW initialization failed.
2026-08-06T03:05:28Z [184ms] [Warning] [carb] Failed to startup plugin carb.windowing-glfw.plugin (interfaces: [carb::windowing::IGLContext v1.0],[carb::windowing::IWindowing v1.5]) (impl: carb.windowing-glfw.plugin)
2026-08-06T03:05:28Z [252ms] [Warning] [omni.platforminfo.plugin] failed to open the default display.  Can't verify X Server version.
2026-08-06T03:05:28Z [253ms] [Warning] [carb.cudainterop.plugin] CUDA_VISIBLE_DEVICES environment variable is set.
2026-08-06T03:05:28Z [253ms] [Warning] [carb.cudainterop.plugin] Note CUDA device enumeration and Omniverse device enumeration are different.
2026-08-06T03:05:28Z [253ms] [Warning] [carb.cudainterop.plugin] Setting CUDA_VISIBLE_DEVICES can lead to undesired behavior or crashes.
2026-08-06T03:05:28Z [682ms] [Warning] [carb.windowing-glfw.plugin] GLFW initialization failed.
2026-08-06T03:05:28Z [682ms] [Warning] [carb] Failed to startup plugin carb.windowing-glfw.plugin (interfaces: [carb::windowing::IGLContext v1.0],[carb::windowing::IWindowing v1.5]) (impl: carb.windowing-glfw.plugin)
2026-08-06T03:05:30Z [2,050ms] [Warning] [gpu.foundation.plugin] Skipping NVIDIA GPU due CUDA being in bad state: NVIDIA RTX 6000 Ada Generation
2026-08-06T03:05:30Z [2,050ms] [Warning] [gpu.foundation.plugin] Please restart your system if CUDA is known to work in your system.
2026-08-06T03:05:30Z [2,050ms] [Warning] [gpu.foundation.plugin] Skipping NVIDIA GPU due CUDA being in bad state: NVIDIA RTX 6000 Ada Generation
2026-08-06T03:05:30Z [2,050ms] [Warning] [gpu.foundation.plugin] Please restart your system if CUDA is known to work in your system.
2026-08-06T03:05:30Z [2,055ms] [Warning] [gpu.foundation.plugin] Skipping NVIDIA GPU due CUDA being in bad state: NVIDIA RTX 6000 Ada Generation
2026-08-06T03:05:30Z [2,055ms] [Warning] [gpu.foundation.plugin] Please restart your system if CUDA is known to work in your system.
2026-08-06T03:05:30Z [2,055ms] [Warning] [gpu.foundation.plugin] Skipping NVIDIA GPU due CUDA being in bad state: NVIDIA RTX 6000 Ada Generation
2026-08-06T03:05:30Z [2,055ms] [Warning] [gpu.foundation.plugin] Please restart your system if CUDA is known to work in your system.
2026-08-06T03:05:30Z [2,055ms] [Warning] [gpu.foundation.plugin] Skipping NVIDIA GPU due CUDA being in bad state: NVIDIA RTX 6000 Ada Generation
2026-08-06T03:05:30Z [2,055ms] [Warning] [gpu.foundation.plugin] Please restart your system if CUDA is known to work in your system.
2026-08-06T03:05:30Z [2,055ms] [Warning] [gpu.foundation.plugin] Skipping NVIDIA GPU due CUDA being in bad state: NVIDIA RTX 6000 Ada Generation
2026-08-06T03:05:30Z [2,055ms] [Warning] [gpu.foundation.plugin] Please restart your system if CUDA is known to work in your system.

|---------------------------------------------------------------------------------------------|
| Driver Version: 550.90.12     | Graphics API: Vulkan
|=============================================================================================|
| GPU | Name                             | Active | LDA | GPU Memory | Vendor-ID | LUID       |
|     |                                  |        |     |            | Device-ID | UUID       |
|     |                                  |        |     |            | Bus-ID    |            |
|---------------------------------------------------------------------------------------------|
| 0   | NVIDIA RTX 6000 Ada Generation   |        |     | 49386   MB | 10de      | 0          |
|     |                                  |        |     |            | 26b1      | df04a158.. |
|     |                                  |        |     |            | 1         |            |
|---------------------------------------------------------------------------------------------|
| 1   | NVIDIA RTX 6000 Ada Generation   |        |     | 49386   MB | 10de      | 0          |
|     |                                  |        |     |            | 26b1      | 5cfd6483.. |
|     |                                  |        |     |            | 2c        |            |
|---------------------------------------------------------------------------------------------|
| 2   | NVIDIA RTX 6000 Ada Generation   | Yes: 0 |     | 49386   MB | 10de      | 0          |
|     |                                  |        |     |            | 26b1      | bdb0e57d.. |
|     |                                  |        |     |            | 41        |            |
|---------------------------------------------------------------------------------------------|
| 3   | NVIDIA RTX 6000 Ada Generation   |        |     | 49386   MB | 10de      | 0          |
|     |                                  |        |     |            | 26b1      | 21e14e0d.. |
|     |                                  |        |     |            | 61        |            |
|=============================================================================================|
| OS: 22.04.5 LTS (Jammy Jellyfish) ubuntu, Version: 22.04.5, Kernel: 5.15.0-181-generic
| Processor: AMD Ryzen Threadripper PRO 5995WX 64-Cores
| Cores: 64 | Logical Cores: 128
|---------------------------------------------------------------------------------------------|
| Total Memory (MB): 515582 | Free Memory: 313998
| Total Page/Swap (MB): 10239 | Free Page/Swap: 7541
|---------------------------------------------------------------------------------------------|
2026-08-06T03:05:31Z [3,538ms] [Warning] [carb.windowing-glfw.plugin] GLFW initialization failed.
2026-08-06T03:05:31Z [3,538ms] [Warning] [carb] Failed to startup plugin carb.windowing-glfw.plugin (interfaces: [carb::windowing::IGLContext v1.0],[carb::windowing::IWindowing v1.5]) (impl: carb.windowing-glfw.plugin)
2026-08-06T03:05:31Z [3,644ms] [Warning] [carb.windowing-glfw.plugin] GLFW initialization failed.
2026-08-06T03:05:31Z [3,644ms] [Warning] [carb] Failed to startup plugin carb.windowing-glfw.plugin (interfaces: [carb::windowing::IGLContext v1.0],[carb::windowing::IWindowing v1.5]) (impl: carb.windowing-glfw.plugin)
2026-08-06T03:05:32Z [4,282ms] [Warning] [carb.windowing-glfw.plugin] GLFW initialization failed.
2026-08-06T03:05:32Z [4,282ms] [Warning] [carb] Failed to startup plugin carb.windowing-glfw.plugin (interfaces: [carb::windowing::IGLContext v1.0],[carb::windowing::IWindowing v1.5]) (impl: carb.windowing-glfw.plugin)
2026-08-06T03:05:32Z [4,290ms] [Warning] [carb.windowing-glfw.plugin] GLFW initialization failed.
2026-08-06T03:05:32Z [4,290ms] [Warning] [carb] Failed to startup plugin carb.windowing-glfw.plugin (interfaces: [carb::windowing::IGLContext v1.0],[carb::windowing::IWindowing v1.5]) (impl: carb.windowing-glfw.plugin)
2026-08-06T03:05:32Z [4,291ms] [Warning] [carb.windowing-glfw.plugin] GLFW initialization failed.
2026-08-06T03:05:32Z [4,291ms] [Warning] [carb] Failed to startup plugin carb.windowing-glfw.plugin (interfaces: [carb::windowing::IGLContext v1.0],[carb::windowing::IWindowing v1.5]) (impl: carb.windowing-glfw.plugin)
2026-08-06T03:05:32Z [4,292ms] [Warning] [carb.windowing-glfw.plugin] GLFW initialization failed.
2026-08-06T03:05:32Z [4,292ms] [Warning] [carb] Failed to startup plugin carb.windowing-glfw.plugin (interfaces: [carb::windowing::IGLContext v1.0],[carb::windowing::IWindowing v1.5]) (impl: carb.windowing-glfw.plugin)
2026-08-06T03:05:32Z [4,581ms] [Warning] [omni.log] Source: omni.hydra was already registered.
2026-08-06T03:05:33Z [4,941ms] [Warning] [carb] Acquiring non optional plugin interface which is not listed as dependency: [omni::physx::IPhysxBenchmarks v1.0] (plugin: <default plugin>), by client: omni.physics.physx.plugin. Add it to CARB_PLUGIN_IMPL_DEPS() macro of a client.
2026-08-06T03:05:33Z [4,951ms] [Warning] [omni.isaac.dynamic_control] omni.isaac.dynamic_control is deprecated as of Isaac Sim 4.5. No action is needed from end-users.
2026-08-06T03:05:35Z [7,067ms] [Warning] [pxr.Semantics] pxr.Semantics is deprecated - please use Semantics instead
2026-08-06T03:05:35Z [7,165ms] [Warning] [omni.graph.core.plugin] Found duplicate of category 'Replicator' - was 'Annotators', adding 'Fabric Reader'
2026-08-06T03:05:35Z [7,165ms] [Warning] [omni.graph.core.plugin] Category 'Replicator' not accepted on node type 'omni.replicator.core.FabricReader' in extension 'omni.replicator.core'
2026-08-06T03:05:35Z [7,166ms] [Warning] [omni.replicator.core.scripts.extension] No material configuration file, adding configuration to material settings directly.
2026-08-06T03:05:36Z [8,485ms] [Warning] [omni.kvdb.plugin] Disabling key-value database because another kit process is locking it
2026-08-06T03:05:39Z [11,120ms] [Warning] [omni.fabric.plugin] Warning: attribute viewportHandle not found for bucket id 7

2026-08-06T03:05:40Z [11,759ms] [Warning] [isaaclab.envs.direct_marl_env] Seed not set for the environment. The environment creation may not be deterministic.

[36m========================================================================================================[0m
[36m[1m[INFO][IsaacLab]: Logging to file: /data/howard/isaac/tmp/isaaclab/logs/isaaclab_2026-08-06_03-05-40.log[0m
[36m========================================================================================================[0m

[33m03:05:40 [simulation_context.py] WARNING: The `enable_external_forces_every_iteration` parameter in the PhysxCfg is set to False. If you are experiencing noisy velocities, consider enabling this flag. You may need to slightly increase the number of velocity iterations (setting it to 1 or 2 rather than 0), together with this flag, to improve the accuracy of velocity updates.[0m
[INFO]: Base environment:
	Environment device    : cuda:0
	Environment seed      : None
	Physics step-size     : 0.016666666666666666
	Rendering step-size   : 0.1
	Environment step-size : 0.1
[INFO]: Time taken for scene creation : 1.916460 seconds
[INFO]: Scene manager:  <class InteractiveScene>
	Number of environments: 64
	Environment spacing   : 12.0
	Source prim name      : /World/envs/env_0
	Global prim paths     : []
	Replicate physics     : True
[INFO]: Starting the simulation. This may take a few seconds. Please wait...
[INFO]: Time taken for simulation start : 5.364363 seconds
[INFO]: Completed setting up the environment...
race v8  condition=none  wire=66  trainable=4,483  executor FROZEN (runs/route_obey_v6/cont.pt)
2026-08-06T03:05:56Z [28,565ms] [Warning] [carb] Client gpu.foundation.plugin has acquired [gpu::unstable::IMemoryBudgetManagerFactory v0.1] 100 times. Consider accessing this interface with carb::getCachedInterface() (Performance warning)
[v8/none] update   1  ep   256  route_opt 0.598  succ 0.598  hazard  0.48  obey 1.000  ret  10.20  H 0.693  bad 0  SPS 555
[v8/none] update   2  ep   512  route_opt 0.524  succ 0.524  hazard  0.64  obey 1.000  ret   7.66  H 0.693  bad 0  SPS 562
[v8/none] update   3  ep   768  route_opt 0.498  succ 0.498  hazard  0.51  obey 1.000  ret   8.44  H 0.690  bad 0  SPS 562
[v8/none] update   4  ep  1024  route_opt 0.498  succ 0.498  hazard  0.11  obey 1.000  ret   8.22  H 0.670  bad 0  SPS 563
[v8/none] update   5  ep  1280  route_opt 0.494  succ 0.492  hazard  0.15  obey 1.000  ret   8.32  H 0.676  bad 0  SPS 565
[v8/none] update   6  ep  1536  route_opt 0.480  succ 0.480  hazard  0.85  obey 1.000  ret   7.74  H 0.647  bad 0  SPS 565
[v8/none] update   7  ep  1792  route_opt 0.498  succ 0.496  hazard  0.97  obey 1.000  ret   8.90  H 0.592  bad 0  SPS 565
[v8/none] update   8  ep  2048  route_opt 0.526  succ 0.524  hazard  0.37  obey 1.000  ret   9.00  H 0.540  bad 0  SPS 565
[v8/none] update   9  ep  2304  route_opt 0.520  succ 0.518  hazard  0.33  obey 1.000  ret   9.06  H 0.514  bad 0  SPS 565
[v8/none] update  10  ep  2560  route_opt 0.516  succ 0.512  hazard  0.26  obey 1.000  ret   8.70  H 0.533  bad 0  SPS 565
[v8/none] update  11  ep  2816  route_opt 0.500  succ 0.496  hazard  0.41  obey 1.000  ret   8.07  H 0.529  bad 0  SPS 566
[v8/none] update  12  ep  3073  route_opt 0.490  succ 0.488  hazard  0.47  obey 1.000  ret   8.60  H 0.461  bad 0  SPS 566
[v8/none] update  13  ep  3329  route_opt 0.476  succ 0.476  hazard  0.04  obey 1.000  ret   7.53  H 0.415  bad 0  SPS 566
[v8/none] update  14  ep  3585  route_opt 0.462  succ 0.462  hazard  0.35  obey 1.000  ret   8.26  H 0.421  bad 0  SPS 566
[v8/none] update  15  ep  3842  route_opt 0.486  succ 0.486  hazard  0.54  obey 1.000  ret   8.52  H 0.430  bad 0  SPS 571
[v8/none] update  16  ep  4098  route_opt 0.502  succ 0.502  hazard  0.23  obey 1.000  ret   9.00  H 0.437  bad 0  SPS 580
[v8/none] update  17  ep  4354  route_opt 0.508  succ 0.508  hazard  0.28  obey 1.000  ret   8.82  H 0.414  bad 0  SPS 589
[v8/none] update  18  ep  4610  route_opt 0.484  succ 0.484  hazard  0.28  obey 1.000  ret   7.91  H 0.385  bad 0  SPS 598
[v8/none] update  19  ep  4866  route_opt 0.482  succ 0.480  hazard  0.18  obey 1.000  ret   8.57  H 0.430  bad 0  SPS 613
[v8/none] update  20  ep  5122  route_opt 0.522  succ 0.520  hazard  0.63  obey 1.000  ret   9.56  H 0.430  bad 0  SPS 628
[v8/none] update  21  ep  5378  route_opt 0.504  succ 0.504  hazard  0.45  obey 1.000  ret   7.90  H 0.416  bad 0  SPS 643
[v8/none] update  22  ep  5634  route_opt 0.490  succ 0.490  hazard  0.06  obey 1.000  ret   9.06  H 0.381  bad 0  SPS 658
[v8/none] update  23  ep  5890  route_opt 0.512  succ 0.512  hazard  0.25  obey 1.000  ret   8.98  H 0.371  bad 0  SPS 672

[v8/none/seed5] FINAL (last 500 eps)  route_opt 0.494  success 0.494  hazard 0.25  obey 1.000
RACE-V8 READOUT (none): route_opt >= 0.90 and hazard <= 2.0: FAIL
saved head -> runs/race_v8b/none_s5.pt
wrote run json -> runs/race_v8b/none_s5.json
