[INFO][AppLauncher]: Using device: cuda:0
[INFO][AppLauncher]: Loading experience file: /data/howard/isaac/IsaacLab/apps/isaaclab.python.headless.rendering.kit
Loading user config located at: '/data/howard/isaac/envs/isaaclab/lib/python3.11/site-packages/isaacsim/kit/data/Kit/Isaac-Sim/5.1/user.config.json'
[Info] [carb] Logging to file: /data/howard/isaac/envs/isaaclab/lib/python3.11/site-packages/isaacsim/kit/logs/Kit/Isaac-Sim/5.1/kit_20260806_030528.log
2026-08-06T03:05:28Z [165ms] [Warning] [carb.windowing-glfw.plugin] GLFW initialization failed.
2026-08-06T03:05:28Z [165ms] [Warning] [carb] Failed to startup plugin carb.windowing-glfw.plugin (interfaces: [carb::windowing::IGLContext v1.0],[carb::windowing::IWindowing v1.5]) (impl: carb.windowing-glfw.plugin)
2026-08-06T03:05:28Z [254ms] [Warning] [omni.platforminfo.plugin] failed to open the default display.  Can't verify X Server version.
2026-08-06T03:05:28Z [255ms] [Warning] [carb.cudainterop.plugin] CUDA_VISIBLE_DEVICES environment variable is set.
2026-08-06T03:05:28Z [255ms] [Warning] [carb.cudainterop.plugin] Note CUDA device enumeration and Omniverse device enumeration are different.
2026-08-06T03:05:28Z [255ms] [Warning] [carb.cudainterop.plugin] Setting CUDA_VISIBLE_DEVICES can lead to undesired behavior or crashes.
2026-08-06T03:05:28Z [721ms] [Warning] [carb.windowing-glfw.plugin] GLFW initialization failed.
2026-08-06T03:05:28Z [721ms] [Warning] [carb] Failed to startup plugin carb.windowing-glfw.plugin (interfaces: [carb::windowing::IGLContext v1.0],[carb::windowing::IWindowing v1.5]) (impl: carb.windowing-glfw.plugin)
2026-08-06T03:05:30Z [2,048ms] [Warning] [gpu.foundation.plugin] Skipping NVIDIA GPU due CUDA being in bad state: NVIDIA RTX 6000 Ada Generation
2026-08-06T03:05:30Z [2,048ms] [Warning] [gpu.foundation.plugin] Please restart your system if CUDA is known to work in your system.
2026-08-06T03:05:30Z [2,050ms] [Warning] [gpu.foundation.plugin] Skipping NVIDIA GPU due CUDA being in bad state: NVIDIA RTX 6000 Ada Generation
2026-08-06T03:05:30Z [2,050ms] [Warning] [gpu.foundation.plugin] Please restart your system if CUDA is known to work in your system.
2026-08-06T03:05:30Z [2,051ms] [Warning] [gpu.foundation.plugin] Skipping NVIDIA GPU due CUDA being in bad state: NVIDIA RTX 6000 Ada Generation
2026-08-06T03:05:30Z [2,051ms] [Warning] [gpu.foundation.plugin] Please restart your system if CUDA is known to work in your system.
2026-08-06T03:05:30Z [2,055ms] [Warning] [gpu.foundation.plugin] Skipping NVIDIA GPU due CUDA being in bad state: NVIDIA RTX 6000 Ada Generation
2026-08-06T03:05:30Z [2,055ms] [Warning] [gpu.foundation.plugin] Please restart your system if CUDA is known to work in your system.
2026-08-06T03:05:30Z [2,055ms] [Warning] [gpu.foundation.plugin] Skipping NVIDIA GPU due CUDA being in bad state: NVIDIA RTX 6000 Ada Generation
2026-08-06T03:05:30Z [2,055ms] [Warning] [gpu.foundation.plugin] Please restart your system if CUDA is known to work in your system.
2026-08-06T03:05:30Z [2,055ms] [Warning] [gpu.foundation.plugin] Skipping NVIDIA GPU due CUDA being in bad state: NVIDIA RTX 6000 Ada Generation
2026-08-06T03:05:30Z [2,055ms] [Warning] [gpu.foundation.plugin] Please restart your system if CUDA is known to work in your system.

|---------------------------------------------------------------------------------------------|
| Driver Version: 550.90.12     | Graphics API: Vulkan
|=============================================================================================|
| GPU | Name                             | Active | LDA | GPU Memory | Vendor-ID | LUID       |
|     |                                  |        |     |            | Device-ID | UUID       |
|     |                                  |        |     |            | Bus-ID    |            |
|---------------------------------------------------------------------------------------------|
| 0   | NVIDIA RTX 6000 Ada Generation   |        |     | 49386   MB | 10de      | 0          |
|     |                                  |        |     |            | 26b1      | df04a158.. |
|     |                                  |        |     |            | 1         |            |
|---------------------------------------------------------------------------------------------|
| 1   | NVIDIA RTX 6000 Ada Generation   |        |     | 49386   MB | 10de      | 0          |
|     |                                  |        |     |            | 26b1      | 5cfd6483.. |
|     |                                  |        |     |            | 2c        |            |
|---------------------------------------------------------------------------------------------|
| 2   | NVIDIA RTX 6000 Ada Generation   |        |     | 49386   MB | 10de      | 0          |
|     |                                  |        |     |            | 26b1      | bdb0e57d.. |
|     |                                  |        |     |            | 41        |            |
|---------------------------------------------------------------------------------------------|
| 3   | NVIDIA RTX 6000 Ada Generation   | Yes: 0 |     | 49386   MB | 10de      | 0          |
|     |                                  |        |     |            | 26b1      | 21e14e0d.. |
|     |                                  |        |     |            | 61        |            |
|=============================================================================================|
| OS: 22.04.5 LTS (Jammy Jellyfish) ubuntu, Version: 22.04.5, Kernel: 5.15.0-181-generic
| Processor: AMD Ryzen Threadripper PRO 5995WX 64-Cores
| Cores: 64 | Logical Cores: 128
|---------------------------------------------------------------------------------------------|
| Total Memory (MB): 515582 | Free Memory: 314010
| Total Page/Swap (MB): 10239 | Free Page/Swap: 7541
|---------------------------------------------------------------------------------------------|
2026-08-06T03:05:32Z [4,740ms] [Warning] [carb.windowing-glfw.plugin] GLFW initialization failed.
2026-08-06T03:05:32Z [4,740ms] [Warning] [carb] Failed to startup plugin carb.windowing-glfw.plugin (interfaces: [carb::windowing::IGLContext v1.0],[carb::windowing::IWindowing v1.5]) (impl: carb.windowing-glfw.plugin)
2026-08-06T03:05:33Z [4,878ms] [Warning] [carb.windowing-glfw.plugin] GLFW initialization failed.
2026-08-06T03:05:33Z [4,878ms] [Warning] [carb] Failed to startup plugin carb.windowing-glfw.plugin (interfaces: [carb::windowing::IGLContext v1.0],[carb::windowing::IWindowing v1.5]) (impl: carb.windowing-glfw.plugin)
2026-08-06T03:05:33Z [4,886ms] [Warning] [carb.windowing-glfw.plugin] GLFW initialization failed.
2026-08-06T03:05:33Z [4,887ms] [Warning] [carb] Failed to startup plugin carb.windowing-glfw.plugin (interfaces: [carb::windowing::IGLContext v1.0],[carb::windowing::IWindowing v1.5]) (impl: carb.windowing-glfw.plugin)
2026-08-06T03:05:33Z [4,895ms] [Warning] [carb.windowing-glfw.plugin] GLFW initialization failed.
2026-08-06T03:05:33Z [4,895ms] [Warning] [carb] Failed to startup plugin carb.windowing-glfw.plugin (interfaces: [carb::windowing::IGLContext v1.0],[carb::windowing::IWindowing v1.5]) (impl: carb.windowing-glfw.plugin)
2026-08-06T03:05:33Z [4,897ms] [Warning] [carb.windowing-glfw.plugin] GLFW initialization failed.
2026-08-06T03:05:33Z [4,897ms] [Warning] [carb] Failed to startup plugin carb.windowing-glfw.plugin (interfaces: [carb::windowing::IGLContext v1.0],[carb::windowing::IWindowing v1.5]) (impl: carb.windowing-glfw.plugin)
2026-08-06T03:05:33Z [4,898ms] [Warning] [carb.windowing-glfw.plugin] GLFW initialization failed.
2026-08-06T03:05:33Z [4,898ms] [Warning] [carb] Failed to startup plugin carb.windowing-glfw.plugin (interfaces: [carb::windowing::IGLContext v1.0],[carb::windowing::IWindowing v1.5]) (impl: carb.windowing-glfw.plugin)
2026-08-06T03:05:33Z [5,086ms] [Warning] [omni.log] Source: omni.hydra was already registered.
2026-08-06T03:05:33Z [5,451ms] [Warning] [carb] Acquiring non optional plugin interface which is not listed as dependency: [omni::physx::IPhysxBenchmarks v1.0] (plugin: <default plugin>), by client: omni.physics.physx.plugin. Add it to CARB_PLUGIN_IMPL_DEPS() macro of a client.
2026-08-06T03:05:33Z [5,461ms] [Warning] [omni.isaac.dynamic_control] omni.isaac.dynamic_control is deprecated as of Isaac Sim 4.5. No action is needed from end-users.
2026-08-06T03:05:35Z [7,430ms] [Warning] [pxr.Semantics] pxr.Semantics is deprecated - please use Semantics instead
2026-08-06T03:05:35Z [7,535ms] [Warning] [omni.graph.core.plugin] Found duplicate of category 'Replicator' - was 'Annotators', adding 'Fabric Reader'
2026-08-06T03:05:35Z [7,535ms] [Warning] [omni.graph.core.plugin] Category 'Replicator' not accepted on node type 'omni.replicator.core.FabricReader' in extension 'omni.replicator.core'
2026-08-06T03:05:35Z [7,536ms] [Warning] [omni.replicator.core.scripts.extension] No material configuration file, adding configuration to material settings directly.
2026-08-06T03:05:37Z [8,863ms] [Warning] [omni.kvdb.plugin] Disabling key-value database because another kit process is locking it
2026-08-06T03:05:43Z [14,847ms] [Warning] [omni.fabric.plugin] Warning: attribute viewportHandle not found for bucket id 7

2026-08-06T03:06:26Z [58,730ms] [Warning] [isaaclab.envs.direct_marl_env] Seed not set for the environment. The environment creation may not be deterministic.

[36m========================================================================================================[0m
[36m[1m[INFO][IsaacLab]: Logging to file: /data/howard/isaac/tmp/isaaclab/logs/isaaclab_2026-08-06_03-06-26.log[0m
[36m========================================================================================================[0m

[33m03:06:27 [simulation_context.py] WARNING: The `enable_external_forces_every_iteration` parameter in the PhysxCfg is set to False. If you are experiencing noisy velocities, consider enabling this flag. You may need to slightly increase the number of velocity iterations (setting it to 1 or 2 rather than 0), together with this flag, to improve the accuracy of velocity updates.[0m
[INFO]: Base environment:
	Environment device    : cuda:0
	Environment seed      : None
	Physics step-size     : 0.016666666666666666
	Rendering step-size   : 0.1
	Environment step-size : 0.1
[INFO]: Time taken for scene creation : 1.439848 seconds
[INFO]: Scene manager:  <class InteractiveScene>
	Number of environments: 64
	Environment spacing   : 12.0
	Source prim name      : /World/envs/env_0
	Global prim paths     : []
	Replicate physics     : True
[INFO]: Starting the simulation. This may take a few seconds. Please wait...
[INFO]: Time taken for simulation start : 6.409031 seconds
[INFO]: Completed setting up the environment...
race v8  condition=oracle  wire=66  trainable=4,483  executor FROZEN (runs/route_obey_v6/cont.pt)
2026-08-06T03:06:41Z [73,661ms] [Warning] [carb] Client gpu.foundation.plugin has acquired [gpu::unstable::IMemoryBudgetManagerFactory v0.1] 100 times. Consider accessing this interface with carb::getCachedInterface() (Performance warning)
[v8/oracle] update   1  ep   262  route_opt 0.569  succ 0.569  hazard  0.00  obey 1.000  ret   9.78  H 0.691  bad 0  SPS 557
[v8/oracle] update   2  ep   518  route_opt 0.540  succ 0.538  hazard  0.00  obey 1.000  ret   9.16  H 0.672  bad 0  SPS 550
[v8/oracle] update   3  ep   774  route_opt 0.568  succ 0.564  hazard  0.43  obey 1.000  ret  10.17  H 0.612  bad 0  SPS 547
[v8/oracle] update   4  ep  1030  route_opt 0.660  succ 0.658  hazard  0.43  obey 1.000  ret  12.70  H 0.530  bad 0  SPS 543
[v8/oracle] update   5  ep  1286  route_opt 0.756  succ 0.756  hazard  0.00  obey 1.000  ret  14.49  H 0.454  bad 0  SPS 541
[v8/oracle] update   6  ep  1542  route_opt 0.838  succ 0.834  hazard  0.00  obey 1.000  ret  15.53  H 0.389  bad 0  SPS 539
[v8/oracle] update   7  ep  1798  route_opt 0.868  succ 0.864  hazard  0.00  obey 1.000  ret  15.80  H 0.345  bad 0  SPS 538
[v8/oracle] update   8  ep  2054  route_opt 0.894  succ 0.888  hazard  0.00  obey 1.000  ret  16.69  H 0.314  bad 0  SPS 536
[v8/oracle] update   9  ep  2310  route_opt 0.904  succ 0.898  hazard  0.00  obey 1.000  ret  16.39  H 0.280  bad 0  SPS 535
[v8/oracle] update  10  ep  2566  route_opt 0.912  succ 0.908  hazard  0.10  obey 1.000  ret  17.00  H 0.246  bad 0  SPS 534
[v8/oracle] update  11  ep  2822  route_opt 0.938  succ 0.928  hazard  0.10  obey 1.000  ret  17.16  H 0.223  bad 0  SPS 533
[v8/oracle] update  12  ep  3078  route_opt 0.932  succ 0.924  hazard  0.00  obey 1.000  ret  16.86  H 0.199  bad 0  SPS 532
[v8/oracle] update  13  ep  3334  route_opt 0.942  succ 0.936  hazard  0.00  obey 1.000  ret  17.53  H 0.173  bad 0  SPS 531
[v8/oracle] update  14  ep  3590  route_opt 0.944  succ 0.938  hazard  0.04  obey 1.000  ret  17.00  H 0.152  bad 0  SPS 531
[v8/oracle] update  15  ep  3846  route_opt 0.942  succ 0.938  hazard  0.04  obey 1.000  ret  17.57  H 0.134  bad 0  SPS 530
[v8/oracle] update  16  ep  4102  route_opt 0.960  succ 0.954  hazard  0.00  obey 1.000  ret  17.57  H 0.118  bad 0  SPS 529
[v8/oracle] update  17  ep  4359  route_opt 0.974  succ 0.966  hazard  0.00  obey 1.000  ret  18.15  H 0.103  bad 0  SPS 528
[v8/oracle] update  18  ep  4615  route_opt 0.976  succ 0.970  hazard  0.00  obey 1.000  ret  17.77  H 0.094  bad 0  SPS 528
[v8/oracle] update  19  ep  4871  route_opt 0.974  succ 0.972  hazard  0.00  obey 1.000  ret  18.34  H 0.081  bad 0  SPS 528
[v8/oracle] update  20  ep  5127  route_opt 0.984  succ 0.980  hazard  0.00  obey 1.000  ret  18.13  H 0.076  bad 0  SPS 527
[v8/oracle] update  21  ep  5383  route_opt 0.988  succ 0.976  hazard  0.00  obey 1.000  ret  18.16  H 0.069  bad 0  SPS 527
[v8/oracle] update  22  ep  5640  route_opt 0.990  succ 0.982  hazard  0.00  obey 1.000  ret  18.33  H 0.067  bad 0  SPS 530
[v8/oracle] update  23  ep  5896  route_opt 0.982  succ 0.982  hazard  0.00  obey 1.000  ret  18.17  H 0.066  bad 0  SPS 535

[v8/oracle/seed5] FINAL (last 500 eps)  route_opt 0.982  success 0.982  hazard 0.00  obey 1.000
RACE-V8 READOUT (oracle): route_opt >= 0.90 and hazard <= 2.0: PASS
saved head -> runs/race_v8b/oracle_s5.pt
wrote run json -> runs/race_v8b/oracle_s5.json
