[INFO][AppLauncher]: Using device: cuda:0
[INFO][AppLauncher]: Loading experience file: /data/howard/isaac/IsaacLab/apps/isaaclab.python.headless.rendering.kit
Loading user config located at: '/data/howard/isaac/envs/isaaclab/lib/python3.11/site-packages/isaacsim/kit/data/Kit/Isaac-Sim/5.1/user.config.json'
[Info] [carb] Logging to file: /data/howard/isaac/envs/isaaclab/lib/python3.11/site-packages/isaacsim/kit/logs/Kit/Isaac-Sim/5.1/kit_20260806_004808.log
2026-08-06T00:48:09Z [153ms] [Warning] [carb.windowing-glfw.plugin] GLFW initialization failed.
2026-08-06T00:48:09Z [153ms] [Warning] [carb] Failed to startup plugin carb.windowing-glfw.plugin (interfaces: [carb::windowing::IGLContext v1.0],[carb::windowing::IWindowing v1.5]) (impl: carb.windowing-glfw.plugin)
2026-08-06T00:48:09Z [207ms] [Warning] [omni.platforminfo.plugin] failed to open the default display.  Can't verify X Server version.
2026-08-06T00:48:09Z [208ms] [Warning] [carb.cudainterop.plugin] CUDA_VISIBLE_DEVICES environment variable is set.
2026-08-06T00:48:09Z [208ms] [Warning] [carb.cudainterop.plugin] Note CUDA device enumeration and Omniverse device enumeration are different.
2026-08-06T00:48:09Z [208ms] [Warning] [carb.cudainterop.plugin] Setting CUDA_VISIBLE_DEVICES can lead to undesired behavior or crashes.
2026-08-06T00:48:09Z [635ms] [Warning] [carb.windowing-glfw.plugin] GLFW initialization failed.
2026-08-06T00:48:09Z [635ms] [Warning] [carb] Failed to startup plugin carb.windowing-glfw.plugin (interfaces: [carb::windowing::IGLContext v1.0],[carb::windowing::IWindowing v1.5]) (impl: carb.windowing-glfw.plugin)
2026-08-06T00:48:10Z [1,497ms] [Warning] [gpu.foundation.plugin] Skipping NVIDIA GPU due CUDA being in bad state: NVIDIA RTX 6000 Ada Generation
2026-08-06T00:48:10Z [1,497ms] [Warning] [gpu.foundation.plugin] Please restart your system if CUDA is known to work in your system.
2026-08-06T00:48:10Z [1,499ms] [Warning] [gpu.foundation.plugin] Skipping NVIDIA GPU due CUDA being in bad state: NVIDIA RTX 6000 Ada Generation
2026-08-06T00:48:10Z [1,499ms] [Warning] [gpu.foundation.plugin] Please restart your system if CUDA is known to work in your system.
2026-08-06T00:48:10Z [1,499ms] [Warning] [gpu.foundation.plugin] Skipping NVIDIA GPU due CUDA being in bad state: NVIDIA RTX 6000 Ada Generation
2026-08-06T00:48:10Z [1,499ms] [Warning] [gpu.foundation.plugin] Please restart your system if CUDA is known to work in your system.
2026-08-06T00:48:10Z [1,499ms] [Warning] [gpu.foundation.plugin] Skipping NVIDIA GPU due CUDA being in bad state: NVIDIA RTX 6000 Ada Generation
2026-08-06T00:48:10Z [1,499ms] [Warning] [gpu.foundation.plugin] Please restart your system if CUDA is known to work in your system.
2026-08-06T00:48:10Z [1,499ms] [Warning] [gpu.foundation.plugin] Skipping NVIDIA GPU due CUDA being in bad state: NVIDIA RTX 6000 Ada Generation
2026-08-06T00:48:10Z [1,499ms] [Warning] [gpu.foundation.plugin] Please restart your system if CUDA is known to work in your system.
2026-08-06T00:48:10Z [1,499ms] [Warning] [gpu.foundation.plugin] Skipping NVIDIA GPU due CUDA being in bad state: NVIDIA RTX 6000 Ada Generation
2026-08-06T00:48:10Z [1,499ms] [Warning] [gpu.foundation.plugin] Please restart your system if CUDA is known to work in your system.

|---------------------------------------------------------------------------------------------|
| Driver Version: 550.90.12     | Graphics API: Vulkan
|=============================================================================================|
| GPU | Name                             | Active | LDA | GPU Memory | Vendor-ID | LUID       |
|     |                                  |        |     |            | Device-ID | UUID       |
|     |                                  |        |     |            | Bus-ID    |            |
|---------------------------------------------------------------------------------------------|
| 0   | NVIDIA RTX 6000 Ada Generation   |        |     | 49386   MB | 10de      | 0          |
|     |                                  |        |     |            | 26b1      | df04a158.. |
|     |                                  |        |     |            | 1         |            |
|---------------------------------------------------------------------------------------------|
| 1   | NVIDIA RTX 6000 Ada Generation   | Yes: 0 |     | 49386   MB | 10de      | 0          |
|     |                                  |        |     |            | 26b1      | 5cfd6483.. |
|     |                                  |        |     |            | 2c        |            |
|---------------------------------------------------------------------------------------------|
| 2   | NVIDIA RTX 6000 Ada Generation   |        |     | 49386   MB | 10de      | 0          |
|     |                                  |        |     |            | 26b1      | bdb0e57d.. |
|     |                                  |        |     |            | 41        |            |
|---------------------------------------------------------------------------------------------|
| 3   | NVIDIA RTX 6000 Ada Generation   |        |     | 49386   MB | 10de      | 0          |
|     |                                  |        |     |            | 26b1      | 21e14e0d.. |
|     |                                  |        |     |            | 61        |            |
|=============================================================================================|
| OS: 22.04.5 LTS (Jammy Jellyfish) ubuntu, Version: 22.04.5, Kernel: 5.15.0-181-generic
| Processor: AMD Ryzen Threadripper PRO 5995WX 64-Cores
| Cores: 64 | Logical Cores: 128
|---------------------------------------------------------------------------------------------|
| Total Memory (MB): 515582 | Free Memory: 320896
| Total Page/Swap (MB): 10239 | Free Page/Swap: 7559
|---------------------------------------------------------------------------------------------|
2026-08-06T00:48:12Z [3,412ms] [Warning] [carb.windowing-glfw.plugin] GLFW initialization failed.
2026-08-06T00:48:12Z [3,412ms] [Warning] [carb] Failed to startup plugin carb.windowing-glfw.plugin (interfaces: [carb::windowing::IGLContext v1.0],[carb::windowing::IWindowing v1.5]) (impl: carb.windowing-glfw.plugin)
2026-08-06T00:48:12Z [3,422ms] [Warning] [carb.windowing-glfw.plugin] GLFW initialization failed.
2026-08-06T00:48:12Z [3,422ms] [Warning] [carb] Failed to startup plugin carb.windowing-glfw.plugin (interfaces: [carb::windowing::IGLContext v1.0],[carb::windowing::IWindowing v1.5]) (impl: carb.windowing-glfw.plugin)
2026-08-06T00:48:12Z [3,428ms] [Warning] [carb.windowing-glfw.plugin] GLFW initialization failed.
2026-08-06T00:48:12Z [3,428ms] [Warning] [carb] Failed to startup plugin carb.windowing-glfw.plugin (interfaces: [carb::windowing::IGLContext v1.0],[carb::windowing::IWindowing v1.5]) (impl: carb.windowing-glfw.plugin)
2026-08-06T00:48:12Z [3,436ms] [Warning] [carb.windowing-glfw.plugin] GLFW initialization failed.
2026-08-06T00:48:12Z [3,436ms] [Warning] [carb] Failed to startup plugin carb.windowing-glfw.plugin (interfaces: [carb::windowing::IGLContext v1.0],[carb::windowing::IWindowing v1.5]) (impl: carb.windowing-glfw.plugin)
2026-08-06T00:48:12Z [3,437ms] [Warning] [carb.windowing-glfw.plugin] GLFW initialization failed.
2026-08-06T00:48:12Z [3,437ms] [Warning] [carb] Failed to startup plugin carb.windowing-glfw.plugin (interfaces: [carb::windowing::IGLContext v1.0],[carb::windowing::IWindowing v1.5]) (impl: carb.windowing-glfw.plugin)
2026-08-06T00:48:12Z [3,438ms] [Warning] [carb.windowing-glfw.plugin] GLFW initialization failed.
2026-08-06T00:48:12Z [3,438ms] [Warning] [carb] Failed to startup plugin carb.windowing-glfw.plugin (interfaces: [carb::windowing::IGLContext v1.0],[carb::windowing::IWindowing v1.5]) (impl: carb.windowing-glfw.plugin)
2026-08-06T00:48:12Z [3,639ms] [Warning] [omni.log] Source: omni.hydra was already registered.
2026-08-06T00:48:12Z [3,953ms] [Warning] [carb] Acquiring non optional plugin interface which is not listed as dependency: [omni::physx::IPhysxBenchmarks v1.0] (plugin: <default plugin>), by client: omni.physics.physx.plugin. Add it to CARB_PLUGIN_IMPL_DEPS() macro of a client.
2026-08-06T00:48:12Z [3,965ms] [Warning] [omni.isaac.dynamic_control] omni.isaac.dynamic_control is deprecated as of Isaac Sim 4.5. No action is needed from end-users.
2026-08-06T00:48:14Z [5,935ms] [Warning] [pxr.Semantics] pxr.Semantics is deprecated - please use Semantics instead
2026-08-06T00:48:15Z [6,061ms] [Warning] [omni.graph.core.plugin] Found duplicate of category 'Replicator' - was 'Annotators', adding 'Fabric Reader'
2026-08-06T00:48:15Z [6,061ms] [Warning] [omni.graph.core.plugin] Category 'Replicator' not accepted on node type 'omni.replicator.core.FabricReader' in extension 'omni.replicator.core'
2026-08-06T00:48:15Z [6,062ms] [Warning] [omni.replicator.core.scripts.extension] No material configuration file, adding configuration to material settings directly.
2026-08-06T00:48:16Z [7,401ms] [Warning] [omni.kvdb.plugin] Disabling key-value database because another kit process is locking it
2026-08-06T00:48:18Z [9,825ms] [Warning] [omni.fabric.plugin] Warning: attribute viewportHandle not found for bucket id 7

2026-08-06T00:48:19Z [10,382ms] [Warning] [isaaclab.envs.direct_marl_env] Seed not set for the environment. The environment creation may not be deterministic.

[36m========================================================================================================[0m
[36m[1m[INFO][IsaacLab]: Logging to file: /data/howard/isaac/tmp/isaaclab/logs/isaaclab_2026-08-06_00-48-19.log[0m
[36m========================================================================================================[0m

[33m00:48:19 [simulation_context.py] WARNING: The `enable_external_forces_every_iteration` parameter in the PhysxCfg is set to False. If you are experiencing noisy velocities, consider enabling this flag. You may need to slightly increase the number of velocity iterations (setting it to 1 or 2 rather than 0), together with this flag, to improve the accuracy of velocity updates.[0m
[INFO]: Base environment:
	Environment device    : cuda:0
	Environment seed      : None
	Physics step-size     : 0.016666666666666666
	Rendering step-size   : 0.1
	Environment step-size : 0.1
[INFO]: Time taken for scene creation : 1.576654 seconds
[INFO]: Scene manager:  <class InteractiveScene>
	Number of environments: 64
	Environment spacing   : 12.0
	Source prim name      : /World/envs/env_0
	Global prim paths     : []
	Replicate physics     : True
[INFO]: Starting the simulation. This may take a few seconds. Please wait...
[INFO]: Time taken for simulation start : 3.101156 seconds
[INFO]: Completed setting up the environment...
race v8  condition=position  wire=66  trainable=4,483  executor FROZEN (runs/route_obey_v6/cont.pt)
2026-08-06T00:48:29Z [20,577ms] [Warning] [carb] Client gpu.foundation.plugin has acquired [gpu::unstable::IMemoryBudgetManagerFactory v0.1] 100 times. Consider accessing this interface with carb::getCachedInterface() (Performance warning)
[v8/position] update   1  ep   262  route_opt 0.584  succ 0.580  hazard  0.01  obey 1.000  ret  10.04  H 0.693  bad 0  SPS 768
[v8/position] update   2  ep   518  route_opt 0.500  succ 0.498  hazard  0.07  obey 1.000  ret   7.26  H 0.693  bad 0  SPS 760
[v8/position] update   3  ep   774  route_opt 0.498  succ 0.498  hazard  0.24  obey 1.000  ret   9.32  H 0.685  bad 0  SPS 760
[v8/position] update   4  ep  1030  route_opt 0.526  succ 0.526  hazard  0.18  obey 1.000  ret   8.66  H 0.655  bad 0  SPS 760
[v8/position] update   5  ep  1286  route_opt 0.494  succ 0.494  hazard  0.18  obey 1.000  ret   7.88  H 0.677  bad 0  SPS 760
[v8/position] update   6  ep  1542  route_opt 0.498  succ 0.492  hazard  0.70  obey 1.000  ret   8.42  H 0.679  bad 0  SPS 760
[v8/position] update   7  ep  1798  route_opt 0.508  succ 0.502  hazard  0.72  obey 1.000  ret   8.44  H 0.620  bad 0  SPS 761
[v8/position] update   8  ep  2054  route_opt 0.496  succ 0.496  hazard  0.25  obey 1.000  ret   8.20  H 0.649  bad 0  SPS 760
[v8/position] update   9  ep  2310  route_opt 0.480  succ 0.478  hazard  0.05  obey 1.000  ret   8.09  H 0.548  bad 0  SPS 761
[v8/position] update  10  ep  2566  route_opt 0.480  succ 0.476  hazard  0.66  obey 1.000  ret   8.18  H 0.534  bad 0  SPS 761
[v8/position] update  11  ep  2822  route_opt 0.506  succ 0.504  hazard  0.66  obey 1.000  ret   9.36  H 0.479  bad 0  SPS 761
[v8/position] update  12  ep  3078  route_opt 0.536  succ 0.536  hazard  0.04  obey 1.000  ret   9.55  H 0.443  bad 0  SPS 761
[v8/position] update  13  ep  3335  route_opt 0.546  succ 0.546  hazard  0.04  obey 1.000  ret   9.50  H 0.423  bad 0  SPS 760
[v8/position] update  14  ep  3591  route_opt 0.518  succ 0.518  hazard  0.19  obey 1.000  ret   8.60  H 0.370  bad 0  SPS 760
[v8/position] update  15  ep  3847  route_opt 0.472  succ 0.472  hazard  0.31  obey 1.000  ret   7.61  H 0.399  bad 0  SPS 760
[v8/position] update  16  ep  4104  route_opt 0.428  succ 0.428  hazard  0.14  obey 1.000  ret   6.80  H 0.400  bad 0  SPS 760
[v8/position] update  17  ep  4360  route_opt 0.476  succ 0.474  hazard  0.32  obey 1.000  ret   9.39  H 0.390  bad 0  SPS 760
[v8/position] update  18  ep  4616  route_opt 0.504  succ 0.502  hazard  0.41  obey 1.000  ret   8.11  H 0.385  bad 0  SPS 760
[v8/position] update  19  ep  4872  route_opt 0.510  succ 0.510  hazard  0.39  obey 1.000  ret   9.51  H 0.376  bad 0  SPS 760
[v8/position] update  20  ep  5128  route_opt 0.492  succ 0.492  hazard  0.67  obey 1.000  ret   7.83  H 0.362  bad 0  SPS 760
[v8/position] update  21  ep  5384  route_opt 0.480  succ 0.480  hazard  0.63  obey 1.000  ret   8.71  H 0.362  bad 0  SPS 760
[v8/position] update  22  ep  5640  route_opt 0.502  succ 0.500  hazard  0.24  obey 1.000  ret   8.76  H 0.354  bad 0  SPS 760
[v8/position] update  23  ep  5896  route_opt 0.486  succ 0.482  hazard  0.14  obey 1.000  ret   8.19  H 0.350  bad 0  SPS 760

[v8/position/seed1] FINAL (last 500 eps)  route_opt 0.482  success 0.480  hazard 0.52  obey 1.000
RACE-V8 READOUT (position): route_opt >= 0.90 and hazard <= 2.0: FAIL
saved head -> runs/race_v8b/position_s1.pt
wrote run json -> runs/race_v8b/position_s1.json
