[INFO][AppLauncher]: Using device: cuda:0
[INFO][AppLauncher]: Loading experience file: /data/howard/isaac/IsaacLab/apps/isaaclab.python.headless.rendering.kit
Loading user config located at: '/data/howard/isaac/envs/isaaclab/lib/python3.11/site-packages/isaacsim/kit/data/Kit/Isaac-Sim/5.1/user.config.json'
[Info] [carb] Logging to file: /data/howard/isaac/envs/isaaclab/lib/python3.11/site-packages/isaacsim/kit/logs/Kit/Isaac-Sim/5.1/kit_20260806_004808.log
2026-08-06T00:48:09Z [160ms] [Warning] [carb.windowing-glfw.plugin] GLFW initialization failed.
2026-08-06T00:48:09Z [160ms] [Warning] [carb] Failed to startup plugin carb.windowing-glfw.plugin (interfaces: [carb::windowing::IGLContext v1.0],[carb::windowing::IWindowing v1.5]) (impl: carb.windowing-glfw.plugin)
2026-08-06T00:48:09Z [214ms] [Warning] [omni.platforminfo.plugin] failed to open the default display.  Can't verify X Server version.
2026-08-06T00:48:09Z [215ms] [Warning] [carb.cudainterop.plugin] CUDA_VISIBLE_DEVICES environment variable is set.
2026-08-06T00:48:09Z [215ms] [Warning] [carb.cudainterop.plugin] Note CUDA device enumeration and Omniverse device enumeration are different.
2026-08-06T00:48:09Z [215ms] [Warning] [carb.cudainterop.plugin] Setting CUDA_VISIBLE_DEVICES can lead to undesired behavior or crashes.
2026-08-06T00:48:09Z [629ms] [Warning] [carb.windowing-glfw.plugin] GLFW initialization failed.
2026-08-06T00:48:09Z [629ms] [Warning] [carb] Failed to startup plugin carb.windowing-glfw.plugin (interfaces: [carb::windowing::IGLContext v1.0],[carb::windowing::IWindowing v1.5]) (impl: carb.windowing-glfw.plugin)
2026-08-06T00:48:10Z [1,496ms] [Warning] [gpu.foundation.plugin] Skipping NVIDIA GPU due CUDA being in bad state: NVIDIA RTX 6000 Ada Generation
2026-08-06T00:48:10Z [1,496ms] [Warning] [gpu.foundation.plugin] Please restart your system if CUDA is known to work in your system.
2026-08-06T00:48:10Z [1,497ms] [Warning] [gpu.foundation.plugin] Skipping NVIDIA GPU due CUDA being in bad state: NVIDIA RTX 6000 Ada Generation
2026-08-06T00:48:10Z [1,497ms] [Warning] [gpu.foundation.plugin] Please restart your system if CUDA is known to work in your system.
2026-08-06T00:48:10Z [1,500ms] [Warning] [gpu.foundation.plugin] Skipping NVIDIA GPU due CUDA being in bad state: NVIDIA RTX 6000 Ada Generation
2026-08-06T00:48:10Z [1,500ms] [Warning] [gpu.foundation.plugin] Please restart your system if CUDA is known to work in your system.
2026-08-06T00:48:10Z [1,500ms] [Warning] [gpu.foundation.plugin] Skipping NVIDIA GPU due CUDA being in bad state: NVIDIA RTX 6000 Ada Generation
2026-08-06T00:48:10Z [1,500ms] [Warning] [gpu.foundation.plugin] Please restart your system if CUDA is known to work in your system.
2026-08-06T00:48:10Z [1,500ms] [Warning] [gpu.foundation.plugin] Skipping NVIDIA GPU due CUDA being in bad state: NVIDIA RTX 6000 Ada Generation
2026-08-06T00:48:10Z [1,500ms] [Warning] [gpu.foundation.plugin] Please restart your system if CUDA is known to work in your system.
2026-08-06T00:48:10Z [1,500ms] [Warning] [gpu.foundation.plugin] Skipping NVIDIA GPU due CUDA being in bad state: NVIDIA RTX 6000 Ada Generation
2026-08-06T00:48:10Z [1,500ms] [Warning] [gpu.foundation.plugin] Please restart your system if CUDA is known to work in your system.

|---------------------------------------------------------------------------------------------|
| Driver Version: 550.90.12     | Graphics API: Vulkan
|=============================================================================================|
| GPU | Name                             | Active | LDA | GPU Memory | Vendor-ID | LUID       |
|     |                                  |        |     |            | Device-ID | UUID       |
|     |                                  |        |     |            | Bus-ID    |            |
|---------------------------------------------------------------------------------------------|
| 0   | NVIDIA RTX 6000 Ada Generation   |        |     | 49386   MB | 10de      | 0          |
|     |                                  |        |     |            | 26b1      | df04a158.. |
|     |                                  |        |     |            | 1         |            |
|---------------------------------------------------------------------------------------------|
| 1   | NVIDIA RTX 6000 Ada Generation   |        |     | 49386   MB | 10de      | 0          |
|     |                                  |        |     |            | 26b1      | 5cfd6483.. |
|     |                                  |        |     |            | 2c        |            |
|---------------------------------------------------------------------------------------------|
| 2   | NVIDIA RTX 6000 Ada Generation   | Yes: 0 |     | 49386   MB | 10de      | 0          |
|     |                                  |        |     |            | 26b1      | bdb0e57d.. |
|     |                                  |        |     |            | 41        |            |
|---------------------------------------------------------------------------------------------|
| 3   | NVIDIA RTX 6000 Ada Generation   |        |     | 49386   MB | 10de      | 0          |
|     |                                  |        |     |            | 26b1      | 21e14e0d.. |
|     |                                  |        |     |            | 61        |            |
|=============================================================================================|
| OS: 22.04.5 LTS (Jammy Jellyfish) ubuntu, Version: 22.04.5, Kernel: 5.15.0-181-generic
| Processor: AMD Ryzen Threadripper PRO 5995WX 64-Cores
| Cores: 64 | Logical Cores: 128
|---------------------------------------------------------------------------------------------|
| Total Memory (MB): 515582 | Free Memory: 320912
| Total Page/Swap (MB): 10239 | Free Page/Swap: 7559
|---------------------------------------------------------------------------------------------|
2026-08-06T00:48:12Z [3,481ms] [Warning] [carb.windowing-glfw.plugin] GLFW initialization failed.
2026-08-06T00:48:12Z [3,481ms] [Warning] [carb] Failed to startup plugin carb.windowing-glfw.plugin (interfaces: [carb::windowing::IGLContext v1.0],[carb::windowing::IWindowing v1.5]) (impl: carb.windowing-glfw.plugin)
2026-08-06T00:48:12Z [3,508ms] [Warning] [carb.windowing-glfw.plugin] GLFW initialization failed.
2026-08-06T00:48:12Z [3,508ms] [Warning] [carb] Failed to startup plugin carb.windowing-glfw.plugin (interfaces: [carb::windowing::IGLContext v1.0],[carb::windowing::IWindowing v1.5]) (impl: carb.windowing-glfw.plugin)
2026-08-06T00:48:12Z [3,517ms] [Warning] [carb.windowing-glfw.plugin] GLFW initialization failed.
2026-08-06T00:48:12Z [3,517ms] [Warning] [carb] Failed to startup plugin carb.windowing-glfw.plugin (interfaces: [carb::windowing::IGLContext v1.0],[carb::windowing::IWindowing v1.5]) (impl: carb.windowing-glfw.plugin)
2026-08-06T00:48:12Z [3,525ms] [Warning] [carb.windowing-glfw.plugin] GLFW initialization failed.
2026-08-06T00:48:12Z [3,525ms] [Warning] [carb] Failed to startup plugin carb.windowing-glfw.plugin (interfaces: [carb::windowing::IGLContext v1.0],[carb::windowing::IWindowing v1.5]) (impl: carb.windowing-glfw.plugin)
2026-08-06T00:48:12Z [3,527ms] [Warning] [carb.windowing-glfw.plugin] GLFW initialization failed.
2026-08-06T00:48:12Z [3,527ms] [Warning] [carb] Failed to startup plugin carb.windowing-glfw.plugin (interfaces: [carb::windowing::IGLContext v1.0],[carb::windowing::IWindowing v1.5]) (impl: carb.windowing-glfw.plugin)
2026-08-06T00:48:12Z [3,528ms] [Warning] [carb.windowing-glfw.plugin] GLFW initialization failed.
2026-08-06T00:48:12Z [3,528ms] [Warning] [carb] Failed to startup plugin carb.windowing-glfw.plugin (interfaces: [carb::windowing::IGLContext v1.0],[carb::windowing::IWindowing v1.5]) (impl: carb.windowing-glfw.plugin)
2026-08-06T00:48:12Z [3,726ms] [Warning] [omni.log] Source: omni.hydra was already registered.
2026-08-06T00:48:13Z [4,056ms] [Warning] [carb] Acquiring non optional plugin interface which is not listed as dependency: [omni::physx::IPhysxBenchmarks v1.0] (plugin: <default plugin>), by client: omni.physics.physx.plugin. Add it to CARB_PLUGIN_IMPL_DEPS() macro of a client.
2026-08-06T00:48:13Z [4,066ms] [Warning] [omni.isaac.dynamic_control] omni.isaac.dynamic_control is deprecated as of Isaac Sim 4.5. No action is needed from end-users.
2026-08-06T00:48:14Z [5,984ms] [Warning] [pxr.Semantics] pxr.Semantics is deprecated - please use Semantics instead
2026-08-06T00:48:15Z [6,116ms] [Warning] [omni.graph.core.plugin] Found duplicate of category 'Replicator' - was 'Annotators', adding 'Fabric Reader'
2026-08-06T00:48:15Z [6,116ms] [Warning] [omni.graph.core.plugin] Category 'Replicator' not accepted on node type 'omni.replicator.core.FabricReader' in extension 'omni.replicator.core'
2026-08-06T00:48:15Z [6,116ms] [Warning] [omni.replicator.core.scripts.extension] No material configuration file, adding configuration to material settings directly.
2026-08-06T00:48:16Z [7,469ms] [Warning] [omni.kvdb.plugin] Disabling key-value database because another kit process is locking it
2026-08-06T00:48:18Z [9,855ms] [Warning] [omni.fabric.plugin] Warning: attribute viewportHandle not found for bucket id 7

2026-08-06T00:48:19Z [10,417ms] [Warning] [isaaclab.envs.direct_marl_env] Seed not set for the environment. The environment creation may not be deterministic.

[36m========================================================================================================[0m
[36m[1m[INFO][IsaacLab]: Logging to file: /data/howard/isaac/tmp/isaaclab/logs/isaaclab_2026-08-06_00-48-19.log[0m
[36m========================================================================================================[0m

[33m00:48:19 [simulation_context.py] WARNING: The `enable_external_forces_every_iteration` parameter in the PhysxCfg is set to False. If you are experiencing noisy velocities, consider enabling this flag. You may need to slightly increase the number of velocity iterations (setting it to 1 or 2 rather than 0), together with this flag, to improve the accuracy of velocity updates.[0m
[INFO]: Base environment:
	Environment device    : cuda:0
	Environment seed      : None
	Physics step-size     : 0.016666666666666666
	Rendering step-size   : 0.1
	Environment step-size : 0.1
[INFO]: Time taken for scene creation : 1.531334 seconds
[INFO]: Scene manager:  <class InteractiveScene>
	Number of environments: 64
	Environment spacing   : 12.0
	Source prim name      : /World/envs/env_0
	Global prim paths     : []
	Replicate physics     : True
[INFO]: Starting the simulation. This may take a few seconds. Please wait...
[INFO]: Time taken for simulation start : 3.079139 seconds
[INFO]: Completed setting up the environment...
race v8  condition=position  wire=66  trainable=4,483  executor FROZEN (runs/route_obey_v6/cont.pt)
2026-08-06T00:48:29Z [20,604ms] [Warning] [carb] Client gpu.foundation.plugin has acquired [gpu::unstable::IMemoryBudgetManagerFactory v0.1] 100 times. Consider accessing this interface with carb::getCachedInterface() (Performance warning)
[v8/position] update   1  ep   256  route_opt 0.523  succ 0.520  hazard  0.30  obey 1.000  ret   8.84  H 0.693  bad 0  SPS 768
[v8/position] update   2  ep   513  route_opt 0.512  succ 0.510  hazard  0.37  obey 1.000  ret   8.76  H 0.692  bad 0  SPS 759
[v8/position] update   3  ep   769  route_opt 0.506  succ 0.504  hazard  0.32  obey 1.000  ret   8.17  H 0.685  bad 0  SPS 758
[v8/position] update   4  ep  1025  route_opt 0.498  succ 0.494  hazard  0.10  obey 1.000  ret   8.29  H 0.684  bad 0  SPS 757
[v8/position] update   5  ep  1282  route_opt 0.492  succ 0.490  hazard  0.00  obey 1.000  ret   7.99  H 0.656  bad 0  SPS 757
[v8/position] update   6  ep  1538  route_opt 0.478  succ 0.476  hazard  0.27  obey 1.000  ret   8.06  H 0.649  bad 0  SPS 758
[v8/position] update   7  ep  1794  route_opt 0.482  succ 0.478  hazard  0.54  obey 1.000  ret   7.80  H 0.612  bad 0  SPS 758
[v8/position] update   8  ep  2050  route_opt 0.456  succ 0.454  hazard  0.62  obey 1.000  ret   7.35  H 0.607  bad 0  SPS 757
[v8/position] update   9  ep  2306  route_opt 0.482  succ 0.482  hazard  0.52  obey 1.000  ret   8.81  H 0.599  bad 0  SPS 757
[v8/position] update  10  ep  2562  route_opt 0.510  succ 0.510  hazard  0.31  obey 1.000  ret   8.41  H 0.617  bad 0  SPS 757
[v8/position] update  11  ep  2818  route_opt 0.482  succ 0.482  hazard  0.29  obey 1.000  ret   7.83  H 0.566  bad 0  SPS 757
[v8/position] update  12  ep  3074  route_opt 0.474  succ 0.472  hazard  0.38  obey 1.000  ret   8.09  H 0.545  bad 0  SPS 757
[v8/position] update  13  ep  3330  route_opt 0.496  succ 0.494  hazard  0.29  obey 1.000  ret   9.09  H 0.504  bad 0  SPS 757
[v8/position] update  14  ep  3587  route_opt 0.506  succ 0.506  hazard  0.30  obey 1.000  ret   8.48  H 0.490  bad 0  SPS 757
[v8/position] update  15  ep  3843  route_opt 0.502  succ 0.502  hazard  0.31  obey 1.000  ret   8.92  H 0.540  bad 0  SPS 757
[v8/position] update  16  ep  4099  route_opt 0.522  succ 0.522  hazard  0.11  obey 1.000  ret   9.23  H 0.517  bad 0  SPS 757
[v8/position] update  17  ep  4355  route_opt 0.496  succ 0.496  hazard  0.39  obey 1.000  ret   7.97  H 0.462  bad 0  SPS 756
[v8/position] update  18  ep  4611  route_opt 0.488  succ 0.488  hazard  0.40  obey 1.000  ret   8.69  H 0.497  bad 0  SPS 756
[v8/position] update  19  ep  4868  route_opt 0.522  succ 0.522  hazard  0.15  obey 1.000  ret   9.53  H 0.512  bad 0  SPS 756
[v8/position] update  20  ep  5124  route_opt 0.528  succ 0.528  hazard  0.22  obey 1.000  ret   8.91  H 0.483  bad 0  SPS 756
[v8/position] update  21  ep  5381  route_opt 0.498  succ 0.498  hazard  0.28  obey 1.000  ret   8.24  H 0.451  bad 0  SPS 756
[v8/position] update  22  ep  5638  route_opt 0.474  succ 0.474  hazard  0.36  obey 1.000  ret   8.01  H 0.436  bad 0  SPS 756
[v8/position] update  23  ep  5894  route_opt 0.466  succ 0.462  hazard  0.30  obey 1.000  ret   7.95  H 0.430  bad 0  SPS 756

[v8/position/seed2] FINAL (last 500 eps)  route_opt 0.480  success 0.476  hazard 0.30  obey 1.000
RACE-V8 READOUT (position): route_opt >= 0.90 and hazard <= 2.0: FAIL
saved head -> runs/race_v8b/position_s2.pt
wrote run json -> runs/race_v8b/position_s2.json
