[INFO][AppLauncher]: Using device: cuda:0
[INFO][AppLauncher]: Loading experience file: /data/howard/isaac/IsaacLab/apps/isaaclab.python.headless.rendering.kit
Loading user config located at: '/data/howard/isaac/envs/isaaclab/lib/python3.11/site-packages/isaacsim/kit/data/Kit/Isaac-Sim/5.1/user.config.json'
[Info] [carb] Logging to file: /data/howard/isaac/envs/isaaclab/lib/python3.11/site-packages/isaacsim/kit/logs/Kit/Isaac-Sim/5.1/kit_20260806_030528.log
2026-08-06T03:05:28Z [169ms] [Warning] [carb.windowing-glfw.plugin] GLFW initialization failed.
2026-08-06T03:05:28Z [169ms] [Warning] [carb] Failed to startup plugin carb.windowing-glfw.plugin (interfaces: [carb::windowing::IGLContext v1.0],[carb::windowing::IWindowing v1.5]) (impl: carb.windowing-glfw.plugin)
2026-08-06T03:05:28Z [258ms] [Warning] [omni.platforminfo.plugin] failed to open the default display.  Can't verify X Server version.
2026-08-06T03:05:28Z [259ms] [Warning] [carb.cudainterop.plugin] CUDA_VISIBLE_DEVICES environment variable is set.
2026-08-06T03:05:28Z [259ms] [Warning] [carb.cudainterop.plugin] Note CUDA device enumeration and Omniverse device enumeration are different.
2026-08-06T03:05:28Z [259ms] [Warning] [carb.cudainterop.plugin] Setting CUDA_VISIBLE_DEVICES can lead to undesired behavior or crashes.
2026-08-06T03:05:28Z [680ms] [Warning] [carb.windowing-glfw.plugin] GLFW initialization failed.
2026-08-06T03:05:28Z [680ms] [Warning] [carb] Failed to startup plugin carb.windowing-glfw.plugin (interfaces: [carb::windowing::IGLContext v1.0],[carb::windowing::IWindowing v1.5]) (impl: carb.windowing-glfw.plugin)
2026-08-06T03:05:30Z [2,049ms] [Warning] [gpu.foundation.plugin] Skipping NVIDIA GPU due CUDA being in bad state: NVIDIA RTX 6000 Ada Generation
2026-08-06T03:05:30Z [2,049ms] [Warning] [gpu.foundation.plugin] Please restart your system if CUDA is known to work in your system.
2026-08-06T03:05:30Z [2,052ms] [Warning] [gpu.foundation.plugin] Skipping NVIDIA GPU due CUDA being in bad state: NVIDIA RTX 6000 Ada Generation
2026-08-06T03:05:30Z [2,052ms] [Warning] [gpu.foundation.plugin] Please restart your system if CUDA is known to work in your system.
2026-08-06T03:05:30Z [2,055ms] [Warning] [gpu.foundation.plugin] Skipping NVIDIA GPU due CUDA being in bad state: NVIDIA RTX 6000 Ada Generation
2026-08-06T03:05:30Z [2,055ms] [Warning] [gpu.foundation.plugin] Please restart your system if CUDA is known to work in your system.
2026-08-06T03:05:30Z [2,058ms] [Warning] [gpu.foundation.plugin] Skipping NVIDIA GPU due CUDA being in bad state: NVIDIA RTX 6000 Ada Generation
2026-08-06T03:05:30Z [2,058ms] [Warning] [gpu.foundation.plugin] Please restart your system if CUDA is known to work in your system.
2026-08-06T03:05:30Z [2,058ms] [Warning] [gpu.foundation.plugin] Skipping NVIDIA GPU due CUDA being in bad state: NVIDIA RTX 6000 Ada Generation
2026-08-06T03:05:30Z [2,058ms] [Warning] [gpu.foundation.plugin] Please restart your system if CUDA is known to work in your system.
2026-08-06T03:05:30Z [2,058ms] [Warning] [gpu.foundation.plugin] Skipping NVIDIA GPU due CUDA being in bad state: NVIDIA RTX 6000 Ada Generation
2026-08-06T03:05:30Z [2,058ms] [Warning] [gpu.foundation.plugin] Please restart your system if CUDA is known to work in your system.

|---------------------------------------------------------------------------------------------|
| Driver Version: 550.90.12     | Graphics API: Vulkan
|=============================================================================================|
| GPU | Name                             | Active | LDA | GPU Memory | Vendor-ID | LUID       |
|     |                                  |        |     |            | Device-ID | UUID       |
|     |                                  |        |     |            | Bus-ID    |            |
|---------------------------------------------------------------------------------------------|
| 0   | NVIDIA RTX 6000 Ada Generation   |        |     | 49386   MB | 10de      | 0          |
|     |                                  |        |     |            | 26b1      | df04a158.. |
|     |                                  |        |     |            | 1         |            |
|---------------------------------------------------------------------------------------------|
| 1   | NVIDIA RTX 6000 Ada Generation   |        |     | 49386   MB | 10de      | 0          |
|     |                                  |        |     |            | 26b1      | 5cfd6483.. |
|     |                                  |        |     |            | 2c        |            |
|---------------------------------------------------------------------------------------------|
| 2   | NVIDIA RTX 6000 Ada Generation   |        |     | 49386   MB | 10de      | 0          |
|     |                                  |        |     |            | 26b1      | bdb0e57d.. |
|     |                                  |        |     |            | 41        |            |
|---------------------------------------------------------------------------------------------|
| 3   | NVIDIA RTX 6000 Ada Generation   | Yes: 0 |     | 49386   MB | 10de      | 0          |
|     |                                  |        |     |            | 26b1      | 21e14e0d.. |
|     |                                  |        |     |            | 61        |            |
|=============================================================================================|
| OS: 22.04.5 LTS (Jammy Jellyfish) ubuntu, Version: 22.04.5, Kernel: 5.15.0-181-generic
| Processor: AMD Ryzen Threadripper PRO 5995WX 64-Cores
| Cores: 64 | Logical Cores: 128
|---------------------------------------------------------------------------------------------|
| Total Memory (MB): 515582 | Free Memory: 314003
| Total Page/Swap (MB): 10239 | Free Page/Swap: 7541
|---------------------------------------------------------------------------------------------|
2026-08-06T03:05:32Z [4,078ms] [Warning] [carb.windowing-glfw.plugin] GLFW initialization failed.
2026-08-06T03:05:32Z [4,078ms] [Warning] [carb] Failed to startup plugin carb.windowing-glfw.plugin (interfaces: [carb::windowing::IGLContext v1.0],[carb::windowing::IWindowing v1.5]) (impl: carb.windowing-glfw.plugin)
2026-08-06T03:05:32Z [4,293ms] [Warning] [carb.windowing-glfw.plugin] GLFW initialization failed.
2026-08-06T03:05:32Z [4,293ms] [Warning] [carb] Failed to startup plugin carb.windowing-glfw.plugin (interfaces: [carb::windowing::IGLContext v1.0],[carb::windowing::IWindowing v1.5]) (impl: carb.windowing-glfw.plugin)
2026-08-06T03:05:32Z [4,355ms] [Warning] [carb.windowing-glfw.plugin] GLFW initialization failed.
2026-08-06T03:05:32Z [4,355ms] [Warning] [carb] Failed to startup plugin carb.windowing-glfw.plugin (interfaces: [carb::windowing::IGLContext v1.0],[carb::windowing::IWindowing v1.5]) (impl: carb.windowing-glfw.plugin)
2026-08-06T03:05:32Z [4,365ms] [Warning] [carb.windowing-glfw.plugin] GLFW initialization failed.
2026-08-06T03:05:32Z [4,365ms] [Warning] [carb] Failed to startup plugin carb.windowing-glfw.plugin (interfaces: [carb::windowing::IGLContext v1.0],[carb::windowing::IWindowing v1.5]) (impl: carb.windowing-glfw.plugin)
2026-08-06T03:05:32Z [4,367ms] [Warning] [carb.windowing-glfw.plugin] GLFW initialization failed.
2026-08-06T03:05:32Z [4,367ms] [Warning] [carb] Failed to startup plugin carb.windowing-glfw.plugin (interfaces: [carb::windowing::IGLContext v1.0],[carb::windowing::IWindowing v1.5]) (impl: carb.windowing-glfw.plugin)
2026-08-06T03:05:32Z [4,368ms] [Warning] [carb.windowing-glfw.plugin] GLFW initialization failed.
2026-08-06T03:05:32Z [4,368ms] [Warning] [carb] Failed to startup plugin carb.windowing-glfw.plugin (interfaces: [carb::windowing::IGLContext v1.0],[carb::windowing::IWindowing v1.5]) (impl: carb.windowing-glfw.plugin)
2026-08-06T03:05:32Z [4,587ms] [Warning] [omni.log] Source: omni.hydra was already registered.
2026-08-06T03:05:33Z [4,929ms] [Warning] [carb] Acquiring non optional plugin interface which is not listed as dependency: [omni::physx::IPhysxBenchmarks v1.0] (plugin: <default plugin>), by client: omni.physics.physx.plugin. Add it to CARB_PLUGIN_IMPL_DEPS() macro of a client.
2026-08-06T03:05:33Z [4,938ms] [Warning] [omni.isaac.dynamic_control] omni.isaac.dynamic_control is deprecated as of Isaac Sim 4.5. No action is needed from end-users.
2026-08-06T03:05:35Z [6,963ms] [Warning] [pxr.Semantics] pxr.Semantics is deprecated - please use Semantics instead
2026-08-06T03:05:35Z [7,137ms] [Warning] [omni.graph.core.plugin] Found duplicate of category 'Replicator' - was 'Annotators', adding 'Fabric Reader'
2026-08-06T03:05:35Z [7,137ms] [Warning] [omni.graph.core.plugin] Category 'Replicator' not accepted on node type 'omni.replicator.core.FabricReader' in extension 'omni.replicator.core'
2026-08-06T03:05:35Z [7,138ms] [Warning] [omni.replicator.core.scripts.extension] No material configuration file, adding configuration to material settings directly.
2026-08-06T03:05:36Z [8,520ms] [Warning] [omni.kvdb.plugin] Disabling key-value database because another kit process is locking it
2026-08-06T03:05:39Z [11,131ms] [Warning] [omni.fabric.plugin] Warning: attribute viewPickingId not found for bucket id 7

2026-08-06T03:05:40Z [11,786ms] [Warning] [isaaclab.envs.direct_marl_env] Seed not set for the environment. The environment creation may not be deterministic.

[36m========================================================================================================[0m
[36m[1m[INFO][IsaacLab]: Logging to file: /data/howard/isaac/tmp/isaaclab/logs/isaaclab_2026-08-06_03-05-40.log[0m
[36m========================================================================================================[0m

[33m03:05:40 [simulation_context.py] WARNING: The `enable_external_forces_every_iteration` parameter in the PhysxCfg is set to False. If you are experiencing noisy velocities, consider enabling this flag. You may need to slightly increase the number of velocity iterations (setting it to 1 or 2 rather than 0), together with this flag, to improve the accuracy of velocity updates.[0m
[INFO]: Base environment:
	Environment device    : cuda:0
	Environment seed      : None
	Physics step-size     : 0.016666666666666666
	Rendering step-size   : 0.1
	Environment step-size : 0.1
[INFO]: Time taken for scene creation : 1.868429 seconds
[INFO]: Scene manager:  <class InteractiveScene>
	Number of environments: 64
	Environment spacing   : 12.0
	Source prim name      : /World/envs/env_0
	Global prim paths     : []
	Replicate physics     : True
[INFO]: Starting the simulation. This may take a few seconds. Please wait...
[INFO]: Time taken for simulation start : 5.060493 seconds
[INFO]: Completed setting up the environment...
race v8  condition=raw_obs  wire=12290  trainable=786,819  executor FROZEN (runs/route_obey_v6/cont.pt)
2026-08-06T03:05:54Z [25,856ms] [Warning] [carb] Client gpu.foundation.plugin has acquired [gpu::unstable::IMemoryBudgetManagerFactory v0.1] 100 times. Consider accessing this interface with carb::getCachedInterface() (Performance warning)
[v8/raw_obs] update   1  ep   256  route_opt 0.531  succ 0.531  hazard  0.05  obey 1.000  ret   8.93  H 0.374  bad 0  SPS 594
[v8/raw_obs] update   2  ep   512  route_opt 0.486  succ 0.486  hazard  0.27  obey 1.000  ret   8.00  H 0.014  bad 0  SPS 577
[v8/raw_obs] update   3  ep   768  route_opt 0.482  succ 0.480  hazard  0.49  obey 1.000  ret   8.82  H 0.017  bad 0  SPS 572
[v8/raw_obs] update   4  ep  1024  route_opt 0.496  succ 0.494  hazard  0.57  obey 1.000  ret   8.88  H 0.069  bad 0  SPS 569
[v8/raw_obs] update   5  ep  1280  route_opt 0.496  succ 0.496  hazard  0.32  obey 1.000  ret   8.95  H 0.334  bad 0  SPS 567
[v8/raw_obs] update   6  ep  1536  route_opt 0.556  succ 0.556  hazard  0.18  obey 1.000  ret  10.87  H 0.331  bad 0  SPS 565
[v8/raw_obs] update   7  ep  1792  route_opt 0.706  succ 0.702  hazard  0.28  obey 1.000  ret  14.00  H 0.390  bad 0  SPS 564
[v8/raw_obs] update   8  ep  2048  route_opt 0.774  succ 0.770  hazard  0.10  obey 1.000  ret  13.85  H 0.206  bad 0  SPS 562
[v8/raw_obs] update   9  ep  2304  route_opt 0.790  succ 0.790  hazard  0.00  obey 1.000  ret  15.20  H 0.011  bad 0  SPS 560
[v8/raw_obs] update  10  ep  2561  route_opt 0.926  succ 0.922  hazard  0.00  obey 1.000  ret  18.36  H 0.023  bad 0  SPS 558
[v8/raw_obs] update  11  ep  2817  route_opt 0.996  succ 0.992  hazard  0.00  obey 1.000  ret  18.52  H 0.053  bad 0  SPS 557
[v8/raw_obs] update  12  ep  3073  route_opt 0.830  succ 0.826  hazard  0.00  obey 1.000  ret  12.24  H 0.000  bad 0  SPS 557
[v8/raw_obs] update  13  ep  3329  route_opt 0.604  succ 0.600  hazard  0.36  obey 1.000  ret   9.86  H 0.000  bad 0  SPS 558
[v8/raw_obs] update  14  ep  3585  route_opt 0.554  succ 0.554  hazard  0.56  obey 1.000  ret  10.08  H 0.000  bad 0  SPS 558
[v8/raw_obs] update  15  ep  3841  route_opt 0.532  succ 0.532  hazard  0.30  obey 1.000  ret   9.06  H 0.000  bad 0  SPS 558
[v8/raw_obs] update  16  ep  4097  route_opt 0.508  succ 0.508  hazard  0.10  obey 1.000  ret   8.81  H 0.000  bad 0  SPS 559
[v8/raw_obs] update  17  ep  4353  route_opt 0.496  succ 0.496  hazard  0.50  obey 1.000  ret   8.63  H 0.000  bad 0  SPS 562
[v8/raw_obs] update  18  ep  4609  route_opt 0.484  succ 0.484  hazard  0.33  obey 1.000  ret   8.20  H 0.000  bad 0  SPS 573
[v8/raw_obs] update  19  ep  4865  route_opt 0.486  succ 0.486  hazard  0.32  obey 1.000  ret   9.05  H 0.000  bad 0  SPS 591
[v8/raw_obs] update  20  ep  5121  route_opt 0.514  succ 0.514  hazard  0.53  obey 1.000  ret   9.21  H 0.000  bad 0  SPS 608
[v8/raw_obs] update  21  ep  5377  route_opt 0.524  succ 0.524  hazard  0.36  obey 1.000  ret   9.40  H 0.000  bad 0  SPS 624
[v8/raw_obs] update  22  ep  5633  route_opt 0.558  succ 0.556  hazard  0.39  obey 1.000  ret  10.59  H 0.000  bad 0  SPS 638
[v8/raw_obs] update  23  ep  5889  route_opt 0.568  succ 0.566  hazard  0.23  obey 1.000  ret   9.81  H 0.000  bad 0  SPS 652

[v8/raw_obs/seed3] FINAL (last 500 eps)  route_opt 0.554  success 0.552  hazard 0.23  obey 1.000
RACE-V8 READOUT (raw_obs): route_opt >= 0.90 and hazard <= 2.0: FAIL
saved head -> runs/race_v8b/raw_obs_s3.pt
wrote run json -> runs/race_v8b/raw_obs_s3.json
