[INFO][AppLauncher]: Using device: cuda:0
[INFO][AppLauncher]: Loading experience file: /data/howard/isaac/IsaacLab/apps/isaaclab.python.headless.rendering.kit
Loading user config located at: '/data/howard/isaac/envs/isaaclab/lib/python3.11/site-packages/isaacsim/kit/data/Kit/Isaac-Sim/5.1/user.config.json'
[Info] [carb] Logging to file: /data/howard/isaac/envs/isaaclab/lib/python3.11/site-packages/isaacsim/kit/logs/Kit/Isaac-Sim/5.1/kit_20260806_030528.log
2026-08-06T03:05:28Z [165ms] [Warning] [carb.windowing-glfw.plugin] GLFW initialization failed.
2026-08-06T03:05:28Z [165ms] [Warning] [carb] Failed to startup plugin carb.windowing-glfw.plugin (interfaces: [carb::windowing::IGLContext v1.0],[carb::windowing::IWindowing v1.5]) (impl: carb.windowing-glfw.plugin)
2026-08-06T03:05:28Z [256ms] [Warning] [omni.platforminfo.plugin] failed to open the default display.  Can't verify X Server version.
2026-08-06T03:05:28Z [257ms] [Warning] [carb.cudainterop.plugin] CUDA_VISIBLE_DEVICES environment variable is set.
2026-08-06T03:05:28Z [257ms] [Warning] [carb.cudainterop.plugin] Note CUDA device enumeration and Omniverse device enumeration are different.
2026-08-06T03:05:28Z [257ms] [Warning] [carb.cudainterop.plugin] Setting CUDA_VISIBLE_DEVICES can lead to undesired behavior or crashes.
2026-08-06T03:05:28Z [648ms] [Warning] [carb.windowing-glfw.plugin] GLFW initialization failed.
2026-08-06T03:05:28Z [648ms] [Warning] [carb] Failed to startup plugin carb.windowing-glfw.plugin (interfaces: [carb::windowing::IGLContext v1.0],[carb::windowing::IWindowing v1.5]) (impl: carb.windowing-glfw.plugin)
2026-08-06T03:05:30Z [2,054ms] [Warning] [gpu.foundation.plugin] Skipping NVIDIA GPU due CUDA being in bad state: NVIDIA RTX 6000 Ada Generation
2026-08-06T03:05:30Z [2,054ms] [Warning] [gpu.foundation.plugin] Please restart your system if CUDA is known to work in your system.
2026-08-06T03:05:30Z [2,059ms] [Warning] [gpu.foundation.plugin] Skipping NVIDIA GPU due CUDA being in bad state: NVIDIA RTX 6000 Ada Generation
2026-08-06T03:05:30Z [2,059ms] [Warning] [gpu.foundation.plugin] Please restart your system if CUDA is known to work in your system.
2026-08-06T03:05:30Z [2,060ms] [Warning] [gpu.foundation.plugin] Skipping NVIDIA GPU due CUDA being in bad state: NVIDIA RTX 6000 Ada Generation
2026-08-06T03:05:30Z [2,060ms] [Warning] [gpu.foundation.plugin] Please restart your system if CUDA is known to work in your system.
2026-08-06T03:05:30Z [2,060ms] [Warning] [gpu.foundation.plugin] Skipping NVIDIA GPU due CUDA being in bad state: NVIDIA RTX 6000 Ada Generation
2026-08-06T03:05:30Z [2,060ms] [Warning] [gpu.foundation.plugin] Please restart your system if CUDA is known to work in your system.
2026-08-06T03:05:30Z [2,060ms] [Warning] [gpu.foundation.plugin] Skipping NVIDIA GPU due CUDA being in bad state: NVIDIA RTX 6000 Ada Generation
2026-08-06T03:05:30Z [2,060ms] [Warning] [gpu.foundation.plugin] Please restart your system if CUDA is known to work in your system.
2026-08-06T03:05:30Z [2,060ms] [Warning] [gpu.foundation.plugin] Skipping NVIDIA GPU due CUDA being in bad state: NVIDIA RTX 6000 Ada Generation
2026-08-06T03:05:30Z [2,060ms] [Warning] [gpu.foundation.plugin] Please restart your system if CUDA is known to work in your system.

|---------------------------------------------------------------------------------------------|
| Driver Version: 550.90.12     | Graphics API: Vulkan
|=============================================================================================|
| GPU | Name                             | Active | LDA | GPU Memory | Vendor-ID | LUID       |
|     |                                  |        |     |            | Device-ID | UUID       |
|     |                                  |        |     |            | Bus-ID    |            |
|---------------------------------------------------------------------------------------------|
| 0   | NVIDIA RTX 6000 Ada Generation   |        |     | 49386   MB | 10de      | 0          |
|     |                                  |        |     |            | 26b1      | df04a158.. |
|     |                                  |        |     |            | 1         |            |
|---------------------------------------------------------------------------------------------|
| 1   | NVIDIA RTX 6000 Ada Generation   | Yes: 0 |     | 49386   MB | 10de      | 0          |
|     |                                  |        |     |            | 26b1      | 5cfd6483.. |
|     |                                  |        |     |            | 2c        |            |
|---------------------------------------------------------------------------------------------|
| 2   | NVIDIA RTX 6000 Ada Generation   |        |     | 49386   MB | 10de      | 0          |
|     |                                  |        |     |            | 26b1      | bdb0e57d.. |
|     |                                  |        |     |            | 41        |            |
|---------------------------------------------------------------------------------------------|
| 3   | NVIDIA RTX 6000 Ada Generation   |        |     | 49386   MB | 10de      | 0          |
|     |                                  |        |     |            | 26b1      | 21e14e0d.. |
|     |                                  |        |     |            | 61        |            |
|=============================================================================================|
| OS: 22.04.5 LTS (Jammy Jellyfish) ubuntu, Version: 22.04.5, Kernel: 5.15.0-181-generic
| Processor: AMD Ryzen Threadripper PRO 5995WX 64-Cores
| Cores: 64 | Logical Cores: 128
|---------------------------------------------------------------------------------------------|
| Total Memory (MB): 515582 | Free Memory: 313998
| Total Page/Swap (MB): 10239 | Free Page/Swap: 7541
|---------------------------------------------------------------------------------------------|
2026-08-06T03:05:32Z [4,077ms] [Warning] [carb.windowing-glfw.plugin] GLFW initialization failed.
2026-08-06T03:05:32Z [4,077ms] [Warning] [carb] Failed to startup plugin carb.windowing-glfw.plugin (interfaces: [carb::windowing::IGLContext v1.0],[carb::windowing::IWindowing v1.5]) (impl: carb.windowing-glfw.plugin)
2026-08-06T03:05:32Z [4,292ms] [Warning] [carb.windowing-glfw.plugin] GLFW initialization failed.
2026-08-06T03:05:32Z [4,292ms] [Warning] [carb] Failed to startup plugin carb.windowing-glfw.plugin (interfaces: [carb::windowing::IGLContext v1.0],[carb::windowing::IWindowing v1.5]) (impl: carb.windowing-glfw.plugin)
2026-08-06T03:05:32Z [4,307ms] [Warning] [carb.windowing-glfw.plugin] GLFW initialization failed.
2026-08-06T03:05:32Z [4,307ms] [Warning] [carb] Failed to startup plugin carb.windowing-glfw.plugin (interfaces: [carb::windowing::IGLContext v1.0],[carb::windowing::IWindowing v1.5]) (impl: carb.windowing-glfw.plugin)
2026-08-06T03:05:32Z [4,315ms] [Warning] [carb.windowing-glfw.plugin] GLFW initialization failed.
2026-08-06T03:05:32Z [4,315ms] [Warning] [carb] Failed to startup plugin carb.windowing-glfw.plugin (interfaces: [carb::windowing::IGLContext v1.0],[carb::windowing::IWindowing v1.5]) (impl: carb.windowing-glfw.plugin)
2026-08-06T03:05:32Z [4,316ms] [Warning] [carb.windowing-glfw.plugin] GLFW initialization failed.
2026-08-06T03:05:32Z [4,316ms] [Warning] [carb] Failed to startup plugin carb.windowing-glfw.plugin (interfaces: [carb::windowing::IGLContext v1.0],[carb::windowing::IWindowing v1.5]) (impl: carb.windowing-glfw.plugin)
2026-08-06T03:05:32Z [4,317ms] [Warning] [carb.windowing-glfw.plugin] GLFW initialization failed.
2026-08-06T03:05:32Z [4,317ms] [Warning] [carb] Failed to startup plugin carb.windowing-glfw.plugin (interfaces: [carb::windowing::IGLContext v1.0],[carb::windowing::IWindowing v1.5]) (impl: carb.windowing-glfw.plugin)
2026-08-06T03:05:32Z [4,584ms] [Warning] [omni.log] Source: omni.hydra was already registered.
2026-08-06T03:05:33Z [4,905ms] [Warning] [carb] Acquiring non optional plugin interface which is not listed as dependency: [omni::physx::IPhysxBenchmarks v1.0] (plugin: <default plugin>), by client: omni.physics.physx.plugin. Add it to CARB_PLUGIN_IMPL_DEPS() macro of a client.
2026-08-06T03:05:33Z [4,916ms] [Warning] [omni.isaac.dynamic_control] omni.isaac.dynamic_control is deprecated as of Isaac Sim 4.5. No action is needed from end-users.
2026-08-06T03:05:35Z [6,897ms] [Warning] [pxr.Semantics] pxr.Semantics is deprecated - please use Semantics instead
2026-08-06T03:05:35Z [7,074ms] [Warning] [omni.graph.core.plugin] Found duplicate of category 'Replicator' - was 'Annotators', adding 'Fabric Reader'
2026-08-06T03:05:35Z [7,074ms] [Warning] [omni.graph.core.plugin] Category 'Replicator' not accepted on node type 'omni.replicator.core.FabricReader' in extension 'omni.replicator.core'
2026-08-06T03:05:35Z [7,075ms] [Warning] [omni.replicator.core.scripts.extension] No material configuration file, adding configuration to material settings directly.
2026-08-06T03:05:39Z [10,920ms] [Warning] [omni.fabric.plugin] Warning: attribute viewportHandle not found for bucket id 7

2026-08-06T03:05:39Z [11,641ms] [Warning] [isaaclab.envs.direct_marl_env] Seed not set for the environment. The environment creation may not be deterministic.

[36m========================================================================================================[0m
[36m[1m[INFO][IsaacLab]: Logging to file: /data/howard/isaac/tmp/isaaclab/logs/isaaclab_2026-08-06_03-05-39.log[0m
[36m========================================================================================================[0m

[33m03:05:39 [simulation_context.py] WARNING: The `enable_external_forces_every_iteration` parameter in the PhysxCfg is set to False. If you are experiencing noisy velocities, consider enabling this flag. You may need to slightly increase the number of velocity iterations (setting it to 1 or 2 rather than 0), together with this flag, to improve the accuracy of velocity updates.[0m
[INFO]: Base environment:
	Environment device    : cuda:0
	Environment seed      : None
	Physics step-size     : 0.016666666666666666
	Rendering step-size   : 0.1
	Environment step-size : 0.1
[INFO]: Time taken for scene creation : 1.831507 seconds
[INFO]: Scene manager:  <class InteractiveScene>
	Number of environments: 64
	Environment spacing   : 12.0
	Source prim name      : /World/envs/env_0
	Global prim paths     : []
	Replicate physics     : True
[INFO]: Starting the simulation. This may take a few seconds. Please wait...
[INFO]: Time taken for simulation start : 4.977502 seconds
[INFO]: Completed setting up the environment...
race v8  condition=raw_obs  wire=12290  trainable=786,819  executor FROZEN (runs/route_obey_v6/cont.pt)
2026-08-06T03:05:54Z [25,975ms] [Warning] [carb] Client gpu.foundation.plugin has acquired [gpu::unstable::IMemoryBudgetManagerFactory v0.1] 100 times. Consider accessing this interface with carb::getCachedInterface() (Performance warning)
[v8/raw_obs] update   1  ep   256  route_opt 0.598  succ 0.594  hazard  0.00  obey 1.000  ret  10.18  H 0.480  bad 0  SPS 607
[v8/raw_obs] update   2  ep   512  route_opt 0.518  succ 0.516  hazard  0.12  obey 1.000  ret   7.81  H 0.529  bad 0  SPS 595
[v8/raw_obs] update   3  ep   768  route_opt 0.518  succ 0.518  hazard  0.12  obey 1.000  ret   9.88  H 0.531  bad 0  SPS 590
[v8/raw_obs] update   4  ep  1024  route_opt 0.648  succ 0.648  hazard  0.00  obey 1.000  ret  13.01  H 0.479  bad 0  SPS 587
[v8/raw_obs] update   5  ep  1280  route_opt 0.676  succ 0.676  hazard  0.06  obey 1.000  ret  11.43  H 0.343  bad 0  SPS 585
[v8/raw_obs] update   6  ep  1536  route_opt 0.696  succ 0.696  hazard  0.16  obey 1.000  ret  13.72  H 0.475  bad 0  SPS 582
[v8/raw_obs] update   7  ep  1792  route_opt 0.772  succ 0.770  hazard  0.29  obey 1.000  ret  14.19  H 0.302  bad 0  SPS 580
[v8/raw_obs] update   8  ep  2048  route_opt 0.834  succ 0.832  hazard  0.19  obey 1.000  ret  16.35  H 0.074  bad 0  SPS 578
[v8/raw_obs] update   9  ep  2304  route_opt 0.930  succ 0.926  hazard  0.00  obey 1.000  ret  18.02  H 0.037  bad 0  SPS 576
[v8/raw_obs] update  10  ep  2560  route_opt 0.980  succ 0.968  hazard  0.00  obey 1.000  ret  17.87  H 0.019  bad 0  SPS 575
[v8/raw_obs] update  11  ep  2816  route_opt 0.990  succ 0.972  hazard  0.00  obey 1.000  ret  18.08  H 0.024  bad 0  SPS 573
[v8/raw_obs] update  12  ep  3072  route_opt 0.996  succ 0.982  hazard  0.00  obey 1.000  ret  18.49  H 0.027  bad 0  SPS 572
[v8/raw_obs] update  13  ep  3328  route_opt 0.994  succ 0.984  hazard  0.00  obey 1.000  ret  18.21  H 0.055  bad 0  SPS 570
[v8/raw_obs] update  14  ep  3585  route_opt 0.992  succ 0.986  hazard  0.00  obey 1.000  ret  18.49  H 0.242  bad 0  SPS 569
[v8/raw_obs] update  15  ep  3841  route_opt 0.966  succ 0.962  hazard  0.00  obey 1.000  ret  17.30  H 0.101  bad 0  SPS 569
[v8/raw_obs] update  16  ep  4097  route_opt 0.856  succ 0.846  hazard  0.00  obey 1.000  ret  13.43  H 0.194  bad 0  SPS 569
[v8/raw_obs] update  17  ep  4353  route_opt 0.792  succ 0.784  hazard  0.00  obey 1.000  ret  14.64  H 0.047  bad 0  SPS 569
[v8/raw_obs] update  18  ep  4609  route_opt 0.914  succ 0.910  hazard  0.00  obey 1.000  ret  18.54  H 0.022  bad 0  SPS 568
[v8/raw_obs] update  19  ep  4865  route_opt 0.990  succ 0.984  hazard  0.00  obey 1.000  ret  18.06  H 0.090  bad 0  SPS 567
[v8/raw_obs] update  20  ep  5121  route_opt 0.976  succ 0.968  hazard  0.00  obey 1.000  ret  17.73  H 0.059  bad 0  SPS 566
[v8/raw_obs] update  21  ep  5377  route_opt 0.974  succ 0.966  hazard  0.00  obey 1.000  ret  18.10  H 0.065  bad 0  SPS 566
[v8/raw_obs] update  22  ep  5633  route_opt 0.978  succ 0.974  hazard  0.00  obey 1.000  ret  18.10  H 0.104  bad 0  SPS 565
[v8/raw_obs] update  23  ep  5889  route_opt 0.958  succ 0.950  hazard  0.00  obey 1.000  ret  16.99  H 0.218  bad 0  SPS 568

[v8/raw_obs/seed1] FINAL (last 500 eps)  route_opt 0.948  success 0.940  hazard 0.00  obey 1.000
RACE-V8 READOUT (raw_obs): route_opt >= 0.90 and hazard <= 2.0: PASS
saved head -> runs/race_v8b/raw_obs_s1.pt
wrote run json -> runs/race_v8b/raw_obs_s1.json
