[INFO][AppLauncher]: Using device: cuda:0
[INFO][AppLauncher]: Loading experience file: /data/howard/isaac/IsaacLab/apps/isaaclab.python.headless.rendering.kit
Loading user config located at: '/data/howard/isaac/envs/isaaclab/lib/python3.11/site-packages/isaacsim/kit/data/Kit/Isaac-Sim/5.1/user.config.json'
[Info] [carb] Logging to file: /data/howard/isaac/envs/isaaclab/lib/python3.11/site-packages/isaacsim/kit/logs/Kit/Isaac-Sim/5.1/kit_20260806_015801.log
2026-08-06T01:58:01Z [153ms] [Warning] [carb.windowing-glfw.plugin] GLFW initialization failed.
2026-08-06T01:58:01Z [153ms] [Warning] [carb] Failed to startup plugin carb.windowing-glfw.plugin (interfaces: [carb::windowing::IGLContext v1.0],[carb::windowing::IWindowing v1.5]) (impl: carb.windowing-glfw.plugin)
2026-08-06T01:58:01Z [203ms] [Warning] [omni.platforminfo.plugin] failed to open the default display.  Can't verify X Server version.
2026-08-06T01:58:01Z [204ms] [Warning] [carb.cudainterop.plugin] CUDA_VISIBLE_DEVICES environment variable is set.
2026-08-06T01:58:01Z [204ms] [Warning] [carb.cudainterop.plugin] Note CUDA device enumeration and Omniverse device enumeration are different.
2026-08-06T01:58:01Z [204ms] [Warning] [carb.cudainterop.plugin] Setting CUDA_VISIBLE_DEVICES can lead to undesired behavior or crashes.
2026-08-06T01:58:01Z [579ms] [Warning] [carb.windowing-glfw.plugin] GLFW initialization failed.
2026-08-06T01:58:01Z [579ms] [Warning] [carb] Failed to startup plugin carb.windowing-glfw.plugin (interfaces: [carb::windowing::IGLContext v1.0],[carb::windowing::IWindowing v1.5]) (impl: carb.windowing-glfw.plugin)
2026-08-06T01:58:02Z [1,567ms] [Warning] [gpu.foundation.plugin] Skipping NVIDIA GPU due CUDA being in bad state: NVIDIA RTX 6000 Ada Generation
2026-08-06T01:58:02Z [1,567ms] [Warning] [gpu.foundation.plugin] Please restart your system if CUDA is known to work in your system.
2026-08-06T01:58:02Z [1,568ms] [Warning] [gpu.foundation.plugin] Skipping NVIDIA GPU due CUDA being in bad state: NVIDIA RTX 6000 Ada Generation
2026-08-06T01:58:02Z [1,568ms] [Warning] [gpu.foundation.plugin] Please restart your system if CUDA is known to work in your system.
2026-08-06T01:58:02Z [1,569ms] [Warning] [gpu.foundation.plugin] Skipping NVIDIA GPU due CUDA being in bad state: NVIDIA RTX 6000 Ada Generation
2026-08-06T01:58:02Z [1,569ms] [Warning] [gpu.foundation.plugin] Please restart your system if CUDA is known to work in your system.
2026-08-06T01:58:02Z [1,569ms] [Warning] [gpu.foundation.plugin] Skipping NVIDIA GPU due CUDA being in bad state: NVIDIA RTX 6000 Ada Generation
2026-08-06T01:58:02Z [1,569ms] [Warning] [gpu.foundation.plugin] Please restart your system if CUDA is known to work in your system.
2026-08-06T01:58:02Z [1,569ms] [Warning] [gpu.foundation.plugin] Skipping NVIDIA GPU due CUDA being in bad state: NVIDIA RTX 6000 Ada Generation
2026-08-06T01:58:02Z [1,569ms] [Warning] [gpu.foundation.plugin] Please restart your system if CUDA is known to work in your system.
2026-08-06T01:58:02Z [1,569ms] [Warning] [gpu.foundation.plugin] Skipping NVIDIA GPU due CUDA being in bad state: NVIDIA RTX 6000 Ada Generation
2026-08-06T01:58:02Z [1,569ms] [Warning] [gpu.foundation.plugin] Please restart your system if CUDA is known to work in your system.

|---------------------------------------------------------------------------------------------|
| Driver Version: 550.90.12     | Graphics API: Vulkan
|=============================================================================================|
| GPU | Name                             | Active | LDA | GPU Memory | Vendor-ID | LUID       |
|     |                                  |        |     |            | Device-ID | UUID       |
|     |                                  |        |     |            | Bus-ID    |            |
|---------------------------------------------------------------------------------------------|
| 0   | NVIDIA RTX 6000 Ada Generation   |        |     | 49386   MB | 10de      | 0          |
|     |                                  |        |     |            | 26b1      | df04a158.. |
|     |                                  |        |     |            | 1         |            |
|---------------------------------------------------------------------------------------------|
| 1   | NVIDIA RTX 6000 Ada Generation   |        |     | 49386   MB | 10de      | 0          |
|     |                                  |        |     |            | 26b1      | 5cfd6483.. |
|     |                                  |        |     |            | 2c        |            |
|---------------------------------------------------------------------------------------------|
| 2   | NVIDIA RTX 6000 Ada Generation   | Yes: 0 |     | 49386   MB | 10de      | 0          |
|     |                                  |        |     |            | 26b1      | bdb0e57d.. |
|     |                                  |        |     |            | 41        |            |
|---------------------------------------------------------------------------------------------|
| 3   | NVIDIA RTX 6000 Ada Generation   |        |     | 49386   MB | 10de      | 0          |
|     |                                  |        |     |            | 26b1      | 21e14e0d.. |
|     |                                  |        |     |            | 61        |            |
|=============================================================================================|
| OS: 22.04.5 LTS (Jammy Jellyfish) ubuntu, Version: 22.04.5, Kernel: 5.15.0-181-generic
| Processor: AMD Ryzen Threadripper PRO 5995WX 64-Cores
| Cores: 64 | Logical Cores: 128
|---------------------------------------------------------------------------------------------|
| Total Memory (MB): 515582 | Free Memory: 314921
| Total Page/Swap (MB): 10239 | Free Page/Swap: 7541
|---------------------------------------------------------------------------------------------|
2026-08-06T01:58:04Z [3,590ms] [Warning] [carb.windowing-glfw.plugin] GLFW initialization failed.
2026-08-06T01:58:04Z [3,590ms] [Warning] [carb] Failed to startup plugin carb.windowing-glfw.plugin (interfaces: [carb::windowing::IGLContext v1.0],[carb::windowing::IWindowing v1.5]) (impl: carb.windowing-glfw.plugin)
2026-08-06T01:58:04Z [3,600ms] [Warning] [carb.windowing-glfw.plugin] GLFW initialization failed.
2026-08-06T01:58:04Z [3,600ms] [Warning] [carb] Failed to startup plugin carb.windowing-glfw.plugin (interfaces: [carb::windowing::IGLContext v1.0],[carb::windowing::IWindowing v1.5]) (impl: carb.windowing-glfw.plugin)
2026-08-06T01:58:04Z [3,607ms] [Warning] [carb.windowing-glfw.plugin] GLFW initialization failed.
2026-08-06T01:58:04Z [3,607ms] [Warning] [carb] Failed to startup plugin carb.windowing-glfw.plugin (interfaces: [carb::windowing::IGLContext v1.0],[carb::windowing::IWindowing v1.5]) (impl: carb.windowing-glfw.plugin)
2026-08-06T01:58:04Z [3,615ms] [Warning] [carb.windowing-glfw.plugin] GLFW initialization failed.
2026-08-06T01:58:04Z [3,615ms] [Warning] [carb] Failed to startup plugin carb.windowing-glfw.plugin (interfaces: [carb::windowing::IGLContext v1.0],[carb::windowing::IWindowing v1.5]) (impl: carb.windowing-glfw.plugin)
2026-08-06T01:58:04Z [3,616ms] [Warning] [carb.windowing-glfw.plugin] GLFW initialization failed.
2026-08-06T01:58:04Z [3,616ms] [Warning] [carb] Failed to startup plugin carb.windowing-glfw.plugin (interfaces: [carb::windowing::IGLContext v1.0],[carb::windowing::IWindowing v1.5]) (impl: carb.windowing-glfw.plugin)
2026-08-06T01:58:04Z [3,617ms] [Warning] [carb.windowing-glfw.plugin] GLFW initialization failed.
2026-08-06T01:58:04Z [3,617ms] [Warning] [carb] Failed to startup plugin carb.windowing-glfw.plugin (interfaces: [carb::windowing::IGLContext v1.0],[carb::windowing::IWindowing v1.5]) (impl: carb.windowing-glfw.plugin)
2026-08-06T01:58:04Z [3,826ms] [Warning] [omni.log] Source: omni.hydra was already registered.
2026-08-06T01:58:05Z [4,176ms] [Warning] [carb] Acquiring non optional plugin interface which is not listed as dependency: [omni::physx::IPhysxBenchmarks v1.0] (plugin: <default plugin>), by client: omni.physics.physx.plugin. Add it to CARB_PLUGIN_IMPL_DEPS() macro of a client.
2026-08-06T01:58:05Z [4,187ms] [Warning] [omni.isaac.dynamic_control] omni.isaac.dynamic_control is deprecated as of Isaac Sim 4.5. No action is needed from end-users.
2026-08-06T01:58:07Z [6,147ms] [Warning] [pxr.Semantics] pxr.Semantics is deprecated - please use Semantics instead
2026-08-06T01:58:07Z [6,249ms] [Warning] [omni.graph.core.plugin] Found duplicate of category 'Replicator' - was 'Annotators', adding 'Fabric Reader'
2026-08-06T01:58:07Z [6,249ms] [Warning] [omni.graph.core.plugin] Category 'Replicator' not accepted on node type 'omni.replicator.core.FabricReader' in extension 'omni.replicator.core'
2026-08-06T01:58:07Z [6,249ms] [Warning] [omni.replicator.core.scripts.extension] No material configuration file, adding configuration to material settings directly.
2026-08-06T01:58:08Z [7,577ms] [Warning] [omni.kvdb.plugin] Disabling key-value database because another kit process is locking it
2026-08-06T01:58:12Z [10,907ms] [Warning] [omni.fabric.plugin] Warning: attribute viewportHandle not found for bucket id 7

2026-08-06T01:58:12Z [11,417ms] [Warning] [isaaclab.envs.direct_marl_env] Seed not set for the environment. The environment creation may not be deterministic.

[36m========================================================================================================[0m
[36m[1m[INFO][IsaacLab]: Logging to file: /data/howard/isaac/tmp/isaaclab/logs/isaaclab_2026-08-06_01-58-12.log[0m
[36m========================================================================================================[0m

[33m01:58:12 [simulation_context.py] WARNING: The `enable_external_forces_every_iteration` parameter in the PhysxCfg is set to False. If you are experiencing noisy velocities, consider enabling this flag. You may need to slightly increase the number of velocity iterations (setting it to 1 or 2 rather than 0), together with this flag, to improve the accuracy of velocity updates.[0m
[INFO]: Base environment:
	Environment device    : cuda:0
	Environment seed      : None
	Physics step-size     : 0.016666666666666666
	Rendering step-size   : 0.1
	Environment step-size : 0.1
[INFO]: Time taken for scene creation : 1.412782 seconds
[INFO]: Scene manager:  <class InteractiveScene>
	Number of environments: 64
	Environment spacing   : 12.0
	Source prim name      : /World/envs/env_0
	Global prim paths     : []
	Replicate physics     : True
[INFO]: Starting the simulation. This may take a few seconds. Please wait...
[INFO]: Time taken for simulation start : 2.917028 seconds
[INFO]: Completed setting up the environment...
race v8  condition=z_hat  wire=66  trainable=4,483  executor FROZEN (runs/route_obey_v6/cont.pt)
2026-08-06T01:58:22Z [21,353ms] [Warning] [carb] Client gpu.foundation.plugin has acquired [gpu::unstable::IMemoryBudgetManagerFactory v0.1] 100 times. Consider accessing this interface with carb::getCachedInterface() (Performance warning)
[v8/z_hat] update   1  ep   256  route_opt 0.586  succ 0.586  hazard  0.00  obey 1.000  ret  10.14  H 0.666  bad 0  SPS 723
[v8/z_hat] update   2  ep   512  route_opt 0.576  succ 0.574  hazard  0.00  obey 1.000  ret  10.01  H 0.624  bad 0  SPS 717
[v8/z_hat] update   3  ep   768  route_opt 0.660  succ 0.658  hazard  0.25  obey 1.000  ret  12.58  H 0.488  bad 0  SPS 712
[v8/z_hat] update   4  ep  1024  route_opt 0.778  succ 0.778  hazard  0.00  obey 1.000  ret  15.32  H 0.323  bad 0  SPS 708
[v8/z_hat] update   5  ep  1280  route_opt 0.880  succ 0.880  hazard  0.00  obey 1.000  ret  16.96  H 0.225  bad 0  SPS 704
[v8/z_hat] update   6  ep  1536  route_opt 0.924  succ 0.920  hazard  0.00  obey 1.000  ret  17.04  H 0.154  bad 0  SPS 701
[v8/z_hat] update   7  ep  1792  route_opt 0.948  succ 0.944  hazard  0.00  obey 1.000  ret  17.74  H 0.086  bad 0  SPS 699
[v8/z_hat] update   8  ep  2048  route_opt 0.958  succ 0.956  hazard  0.00  obey 1.000  ret  17.81  H 0.061  bad 0  SPS 697
[v8/z_hat] update   9  ep  2304  route_opt 0.976  succ 0.970  hazard  0.00  obey 1.000  ret  18.15  H 0.062  bad 0  SPS 696
[v8/z_hat] update  10  ep  2560  route_opt 0.986  succ 0.982  hazard  0.00  obey 1.000  ret  18.31  H 0.176  bad 0  SPS 695
[v8/z_hat] update  11  ep  2816  route_opt 0.912  succ 0.910  hazard  0.00  obey 1.000  ret  15.54  H 0.170  bad 0  SPS 695
[v8/z_hat] update  12  ep  3072  route_opt 0.848  succ 0.846  hazard  0.00  obey 1.000  ret  15.86  H 0.114  bad 0  SPS 694
[v8/z_hat] update  13  ep  3328  route_opt 0.916  succ 0.916  hazard  0.00  obey 1.000  ret  18.02  H 0.059  bad 0  SPS 694
[v8/z_hat] update  14  ep  3584  route_opt 0.968  succ 0.964  hazard  0.00  obey 1.000  ret  17.83  H 0.080  bad 0  SPS 693
[v8/z_hat] update  15  ep  3840  route_opt 0.980  succ 0.976  hazard  0.00  obey 1.000  ret  18.41  H 0.099  bad 0  SPS 692
[v8/z_hat] update  16  ep  4096  route_opt 0.976  succ 0.976  hazard  0.00  obey 1.000  ret  17.93  H 0.065  bad 0  SPS 691
[v8/z_hat] update  17  ep  4352  route_opt 0.976  succ 0.968  hazard  0.00  obey 1.000  ret  17.95  H 0.048  bad 0  SPS 691
[v8/z_hat] update  18  ep  4608  route_opt 0.990  succ 0.980  hazard  0.00  obey 1.000  ret  18.31  H 0.042  bad 0  SPS 690
[v8/z_hat] update  19  ep  4864  route_opt 0.990  succ 0.986  hazard  0.00  obey 1.000  ret  18.27  H 0.035  bad 0  SPS 690
[v8/z_hat] update  20  ep  5120  route_opt 0.992  succ 0.988  hazard  0.00  obey 1.000  ret  18.43  H 0.032  bad 0  SPS 689
[v8/z_hat] update  21  ep  5376  route_opt 0.996  succ 0.992  hazard  0.00  obey 1.000  ret  18.61  H 0.033  bad 0  SPS 689
[v8/z_hat] update  22  ep  5632  route_opt 0.998  succ 0.994  hazard  0.00  obey 1.000  ret  18.43  H 0.034  bad 0  SPS 689
[v8/z_hat] update  23  ep  5888  route_opt 0.992  succ 0.986  hazard  0.00  obey 1.000  ret  18.19  H 0.024  bad 0  SPS 688

[v8/z_hat/seed2] FINAL (last 500 eps)  route_opt 0.992  success 0.988  hazard 0.00  obey 1.000
RACE-V8 READOUT (z_hat): route_opt >= 0.90 and hazard <= 2.0: PASS
saved head -> runs/race_v8b/z_hat_s2.pt
wrote run json -> runs/race_v8b/z_hat_s2.json
