[INFO][AppLauncher]: Using device: cuda:0
[INFO][AppLauncher]: Loading experience file: /data/howard/isaac/IsaacLab/apps/isaaclab.python.headless.rendering.kit
Loading user config located at: '/data/howard/isaac/envs/isaaclab/lib/python3.11/site-packages/isaacsim/kit/data/Kit/Isaac-Sim/5.1/user.config.json'
[Info] [carb] Logging to file: /data/howard/isaac/envs/isaaclab/lib/python3.11/site-packages/isaacsim/kit/logs/Kit/Isaac-Sim/5.1/kit_20260806_015801.log
2026-08-06T01:58:01Z [154ms] [Warning] [carb.windowing-glfw.plugin] GLFW initialization failed.
2026-08-06T01:58:01Z [154ms] [Warning] [carb] Failed to startup plugin carb.windowing-glfw.plugin (interfaces: [carb::windowing::IGLContext v1.0],[carb::windowing::IWindowing v1.5]) (impl: carb.windowing-glfw.plugin)
2026-08-06T01:58:01Z [206ms] [Warning] [omni.platforminfo.plugin] failed to open the default display.  Can't verify X Server version.
2026-08-06T01:58:01Z [207ms] [Warning] [carb.cudainterop.plugin] CUDA_VISIBLE_DEVICES environment variable is set.
2026-08-06T01:58:01Z [207ms] [Warning] [carb.cudainterop.plugin] Note CUDA device enumeration and Omniverse device enumeration are different.
2026-08-06T01:58:01Z [207ms] [Warning] [carb.cudainterop.plugin] Setting CUDA_VISIBLE_DEVICES can lead to undesired behavior or crashes.
2026-08-06T01:58:01Z [571ms] [Warning] [carb.windowing-glfw.plugin] GLFW initialization failed.
2026-08-06T01:58:01Z [571ms] [Warning] [carb] Failed to startup plugin carb.windowing-glfw.plugin (interfaces: [carb::windowing::IGLContext v1.0],[carb::windowing::IWindowing v1.5]) (impl: carb.windowing-glfw.plugin)
2026-08-06T01:58:02Z [1,555ms] [Warning] [gpu.foundation.plugin] Skipping NVIDIA GPU due CUDA being in bad state: NVIDIA RTX 6000 Ada Generation
2026-08-06T01:58:02Z [1,555ms] [Warning] [gpu.foundation.plugin] Please restart your system if CUDA is known to work in your system.
2026-08-06T01:58:02Z [1,556ms] [Warning] [gpu.foundation.plugin] Skipping NVIDIA GPU due CUDA being in bad state: NVIDIA RTX 6000 Ada Generation
2026-08-06T01:58:02Z [1,556ms] [Warning] [gpu.foundation.plugin] Please restart your system if CUDA is known to work in your system.
2026-08-06T01:58:02Z [1,557ms] [Warning] [gpu.foundation.plugin] Skipping NVIDIA GPU due CUDA being in bad state: NVIDIA RTX 6000 Ada Generation
2026-08-06T01:58:02Z [1,557ms] [Warning] [gpu.foundation.plugin] Please restart your system if CUDA is known to work in your system.
2026-08-06T01:58:02Z [1,557ms] [Warning] [gpu.foundation.plugin] Skipping NVIDIA GPU due CUDA being in bad state: NVIDIA RTX 6000 Ada Generation
2026-08-06T01:58:02Z [1,557ms] [Warning] [gpu.foundation.plugin] Please restart your system if CUDA is known to work in your system.
2026-08-06T01:58:02Z [1,557ms] [Warning] [gpu.foundation.plugin] Skipping NVIDIA GPU due CUDA being in bad state: NVIDIA RTX 6000 Ada Generation
2026-08-06T01:58:02Z [1,557ms] [Warning] [gpu.foundation.plugin] Please restart your system if CUDA is known to work in your system.
2026-08-06T01:58:02Z [1,557ms] [Warning] [gpu.foundation.plugin] Skipping NVIDIA GPU due CUDA being in bad state: NVIDIA RTX 6000 Ada Generation
2026-08-06T01:58:02Z [1,557ms] [Warning] [gpu.foundation.plugin] Please restart your system if CUDA is known to work in your system.

|---------------------------------------------------------------------------------------------|
| Driver Version: 550.90.12     | Graphics API: Vulkan
|=============================================================================================|
| GPU | Name                             | Active | LDA | GPU Memory | Vendor-ID | LUID       |
|     |                                  |        |     |            | Device-ID | UUID       |
|     |                                  |        |     |            | Bus-ID    |            |
|---------------------------------------------------------------------------------------------|
| 0   | NVIDIA RTX 6000 Ada Generation   |        |     | 49386   MB | 10de      | 0          |
|     |                                  |        |     |            | 26b1      | df04a158.. |
|     |                                  |        |     |            | 1         |            |
|---------------------------------------------------------------------------------------------|
| 1   | NVIDIA RTX 6000 Ada Generation   |        |     | 49386   MB | 10de      | 0          |
|     |                                  |        |     |            | 26b1      | 5cfd6483.. |
|     |                                  |        |     |            | 2c        |            |
|---------------------------------------------------------------------------------------------|
| 2   | NVIDIA RTX 6000 Ada Generation   |        |     | 49386   MB | 10de      | 0          |
|     |                                  |        |     |            | 26b1      | bdb0e57d.. |
|     |                                  |        |     |            | 41        |            |
|---------------------------------------------------------------------------------------------|
| 3   | NVIDIA RTX 6000 Ada Generation   | Yes: 0 |     | 49386   MB | 10de      | 0          |
|     |                                  |        |     |            | 26b1      | 21e14e0d.. |
|     |                                  |        |     |            | 61        |            |
|=============================================================================================|
| OS: 22.04.5 LTS (Jammy Jellyfish) ubuntu, Version: 22.04.5, Kernel: 5.15.0-181-generic
| Processor: AMD Ryzen Threadripper PRO 5995WX 64-Cores
| Cores: 64 | Logical Cores: 128
|---------------------------------------------------------------------------------------------|
| Total Memory (MB): 515582 | Free Memory: 314945
| Total Page/Swap (MB): 10239 | Free Page/Swap: 7541
|---------------------------------------------------------------------------------------------|
2026-08-06T01:58:04Z [2,902ms] [Warning] [carb.windowing-glfw.plugin] GLFW initialization failed.
2026-08-06T01:58:04Z [2,902ms] [Warning] [carb] Failed to startup plugin carb.windowing-glfw.plugin (interfaces: [carb::windowing::IGLContext v1.0],[carb::windowing::IWindowing v1.5]) (impl: carb.windowing-glfw.plugin)
2026-08-06T01:58:04Z [3,063ms] [Warning] [carb.windowing-glfw.plugin] GLFW initialization failed.
2026-08-06T01:58:04Z [3,063ms] [Warning] [carb] Failed to startup plugin carb.windowing-glfw.plugin (interfaces: [carb::windowing::IGLContext v1.0],[carb::windowing::IWindowing v1.5]) (impl: carb.windowing-glfw.plugin)
2026-08-06T01:58:04Z [3,070ms] [Warning] [carb.windowing-glfw.plugin] GLFW initialization failed.
2026-08-06T01:58:04Z [3,070ms] [Warning] [carb] Failed to startup plugin carb.windowing-glfw.plugin (interfaces: [carb::windowing::IGLContext v1.0],[carb::windowing::IWindowing v1.5]) (impl: carb.windowing-glfw.plugin)
2026-08-06T01:58:04Z [3,079ms] [Warning] [carb.windowing-glfw.plugin] GLFW initialization failed.
2026-08-06T01:58:04Z [3,079ms] [Warning] [carb] Failed to startup plugin carb.windowing-glfw.plugin (interfaces: [carb::windowing::IGLContext v1.0],[carb::windowing::IWindowing v1.5]) (impl: carb.windowing-glfw.plugin)
2026-08-06T01:58:04Z [3,080ms] [Warning] [carb.windowing-glfw.plugin] GLFW initialization failed.
2026-08-06T01:58:04Z [3,080ms] [Warning] [carb] Failed to startup plugin carb.windowing-glfw.plugin (interfaces: [carb::windowing::IGLContext v1.0],[carb::windowing::IWindowing v1.5]) (impl: carb.windowing-glfw.plugin)
2026-08-06T01:58:04Z [3,081ms] [Warning] [carb.windowing-glfw.plugin] GLFW initialization failed.
2026-08-06T01:58:04Z [3,081ms] [Warning] [carb] Failed to startup plugin carb.windowing-glfw.plugin (interfaces: [carb::windowing::IGLContext v1.0],[carb::windowing::IWindowing v1.5]) (impl: carb.windowing-glfw.plugin)
2026-08-06T01:58:04Z [3,330ms] [Warning] [omni.log] Source: omni.hydra was already registered.
2026-08-06T01:58:04Z [3,652ms] [Warning] [carb] Acquiring non optional plugin interface which is not listed as dependency: [omni::physx::IPhysxBenchmarks v1.0] (plugin: <default plugin>), by client: omni.physics.physx.plugin. Add it to CARB_PLUGIN_IMPL_DEPS() macro of a client.
2026-08-06T01:58:04Z [3,662ms] [Warning] [omni.isaac.dynamic_control] omni.isaac.dynamic_control is deprecated as of Isaac Sim 4.5. No action is needed from end-users.
2026-08-06T01:58:07Z [5,982ms] [Warning] [pxr.Semantics] pxr.Semantics is deprecated - please use Semantics instead
2026-08-06T01:58:07Z [6,102ms] [Warning] [omni.graph.core.plugin] Found duplicate of category 'Replicator' - was 'Annotators', adding 'Fabric Reader'
2026-08-06T01:58:07Z [6,102ms] [Warning] [omni.graph.core.plugin] Category 'Replicator' not accepted on node type 'omni.replicator.core.FabricReader' in extension 'omni.replicator.core'
2026-08-06T01:58:07Z [6,103ms] [Warning] [omni.replicator.core.scripts.extension] No material configuration file, adding configuration to material settings directly.
2026-08-06T01:58:11Z [10,785ms] [Warning] [omni.fabric.plugin] Warning: attribute viewportHandle not found for bucket id 7

2026-08-06T01:58:12Z [11,293ms] [Warning] [isaaclab.envs.direct_marl_env] Seed not set for the environment. The environment creation may not be deterministic.

[36m========================================================================================================[0m
[36m[1m[INFO][IsaacLab]: Logging to file: /data/howard/isaac/tmp/isaaclab/logs/isaaclab_2026-08-06_01-58-12.log[0m
[36m========================================================================================================[0m

[33m01:58:12 [simulation_context.py] WARNING: The `enable_external_forces_every_iteration` parameter in the PhysxCfg is set to False. If you are experiencing noisy velocities, consider enabling this flag. You may need to slightly increase the number of velocity iterations (setting it to 1 or 2 rather than 0), together with this flag, to improve the accuracy of velocity updates.[0m
[INFO]: Base environment:
	Environment device    : cuda:0
	Environment seed      : None
	Physics step-size     : 0.016666666666666666
	Rendering step-size   : 0.1
	Environment step-size : 0.1
[INFO]: Time taken for scene creation : 1.380649 seconds
[INFO]: Scene manager:  <class InteractiveScene>
	Number of environments: 64
	Environment spacing   : 12.0
	Source prim name      : /World/envs/env_0
	Global prim paths     : []
	Replicate physics     : True
[INFO]: Starting the simulation. This may take a few seconds. Please wait...
[INFO]: Time taken for simulation start : 2.935916 seconds
[INFO]: Completed setting up the environment...
race v8  condition=z_hat  wire=66  trainable=4,483  executor FROZEN (runs/route_obey_v6/cont.pt)
2026-08-06T01:58:22Z [21,322ms] [Warning] [carb] Client gpu.foundation.plugin has acquired [gpu::unstable::IMemoryBudgetManagerFactory v0.1] 100 times. Consider accessing this interface with carb::getCachedInterface() (Performance warning)
[v8/z_hat] update   1  ep   256  route_opt 0.559  succ 0.555  hazard  0.55  obey 1.000  ret   9.43  H 0.674  bad 0  SPS 716
[v8/z_hat] update   2  ep   513  route_opt 0.564  succ 0.560  hazard  0.60  obey 1.000  ret   9.98  H 0.619  bad 0  SPS 710
[v8/z_hat] update   3  ep   769  route_opt 0.650  succ 0.646  hazard  0.32  obey 1.000  ret  12.45  H 0.478  bad 0  SPS 706
[v8/z_hat] update   4  ep  1025  route_opt 0.774  succ 0.772  hazard  0.00  obey 1.000  ret  15.47  H 0.325  bad 0  SPS 701
[v8/z_hat] update   5  ep  1281  route_opt 0.882  succ 0.880  hazard  0.21  obey 1.000  ret  16.81  H 0.229  bad 0  SPS 698
[v8/z_hat] update   6  ep  1538  route_opt 0.926  succ 0.924  hazard  0.21  obey 1.000  ret  17.39  H 0.172  bad 0  SPS 695
[v8/z_hat] update   7  ep  1794  route_opt 0.942  succ 0.934  hazard  0.00  obey 1.000  ret  17.37  H 0.112  bad 0  SPS 694
[v8/z_hat] update   8  ep  2050  route_opt 0.962  succ 0.950  hazard  0.00  obey 1.000  ret  17.79  H 0.088  bad 0  SPS 692
[v8/z_hat] update   9  ep  2306  route_opt 0.972  succ 0.966  hazard  0.00  obey 1.000  ret  18.11  H 0.068  bad 0  SPS 690
[v8/z_hat] update  10  ep  2562  route_opt 0.984  succ 0.980  hazard  0.00  obey 1.000  ret  18.32  H 0.077  bad 0  SPS 689
[v8/z_hat] update  11  ep  2818  route_opt 0.982  succ 0.976  hazard  0.00  obey 1.000  ret  17.91  H 0.093  bad 0  SPS 688
[v8/z_hat] update  12  ep  3074  route_opt 0.982  succ 0.978  hazard  0.00  obey 1.000  ret  18.32  H 0.049  bad 0  SPS 688
[v8/z_hat] update  13  ep  3331  route_opt 0.992  succ 0.990  hazard  0.00  obey 1.000  ret  18.47  H 0.178  bad 0  SPS 687
[v8/z_hat] update  14  ep  3587  route_opt 0.902  succ 0.896  hazard  0.00  obey 1.000  ret  14.75  H 0.274  bad 0  SPS 687
[v8/z_hat] update  15  ep  3843  route_opt 0.832  succ 0.826  hazard  0.12  obey 1.000  ret  15.73  H 0.153  bad 0  SPS 687
[v8/z_hat] update  16  ep  4099  route_opt 0.906  succ 0.902  hazard  0.26  obey 1.000  ret  17.42  H 0.096  bad 0  SPS 687
[v8/z_hat] update  17  ep  4355  route_opt 0.952  succ 0.950  hazard  0.14  obey 1.000  ret  17.62  H 0.048  bad 0  SPS 686
[v8/z_hat] update  18  ep  4611  route_opt 0.972  succ 0.968  hazard  0.00  obey 1.000  ret  18.25  H 0.033  bad 0  SPS 686
[v8/z_hat] update  19  ep  4868  route_opt 0.992  succ 0.984  hazard  0.00  obey 1.000  ret  18.33  H 0.034  bad 0  SPS 685
[v8/z_hat] update  20  ep  5124  route_opt 0.996  succ 0.992  hazard  0.00  obey 1.000  ret  18.52  H 0.089  bad 0  SPS 685
[v8/z_hat] update  21  ep  5380  route_opt 0.988  succ 0.986  hazard  0.00  obey 1.000  ret  17.98  H 0.132  bad 0  SPS 685
[v8/z_hat] update  22  ep  5636  route_opt 0.964  succ 0.960  hazard  0.00  obey 1.000  ret  17.48  H 0.040  bad 0  SPS 684
[v8/z_hat] update  23  ep  5892  route_opt 0.976  succ 0.974  hazard  0.00  obey 1.000  ret  18.60  H 0.033  bad 0  SPS 684

[v8/z_hat/seed3] FINAL (last 500 eps)  route_opt 0.992  success 0.988  hazard 0.00  obey 1.000
RACE-V8 READOUT (z_hat): route_opt >= 0.90 and hazard <= 2.0: PASS
saved head -> runs/race_v8b/z_hat_s3.pt
wrote run json -> runs/race_v8b/z_hat_s3.json
