[INFO][AppLauncher]: Using device: cuda:0
[INFO][AppLauncher]: Loading experience file: /data/howard/isaac/IsaacLab/apps/isaaclab.python.headless.rendering.kit
Loading user config located at: '/data/howard/isaac/envs/isaaclab/lib/python3.11/site-packages/isaacsim/kit/data/Kit/Isaac-Sim/5.1/user.config.json'
[Info] [carb] Logging to file: /data/howard/isaac/envs/isaaclab/lib/python3.11/site-packages/isaacsim/kit/logs/Kit/Isaac-Sim/5.1/kit_20260806_015801.log
2026-08-06T01:58:01Z [152ms] [Warning] [carb.windowing-glfw.plugin] GLFW initialization failed.
2026-08-06T01:58:01Z [152ms] [Warning] [carb] Failed to startup plugin carb.windowing-glfw.plugin (interfaces: [carb::windowing::IGLContext v1.0],[carb::windowing::IWindowing v1.5]) (impl: carb.windowing-glfw.plugin)
2026-08-06T01:58:01Z [223ms] [Warning] [omni.platforminfo.plugin] failed to open the default display.  Can't verify X Server version.
2026-08-06T01:58:01Z [224ms] [Warning] [carb.cudainterop.plugin] CUDA_VISIBLE_DEVICES environment variable is set.
2026-08-06T01:58:01Z [224ms] [Warning] [carb.cudainterop.plugin] Note CUDA device enumeration and Omniverse device enumeration are different.
2026-08-06T01:58:01Z [224ms] [Warning] [carb.cudainterop.plugin] Setting CUDA_VISIBLE_DEVICES can lead to undesired behavior or crashes.
2026-08-06T01:58:01Z [623ms] [Warning] [carb.windowing-glfw.plugin] GLFW initialization failed.
2026-08-06T01:58:01Z [623ms] [Warning] [carb] Failed to startup plugin carb.windowing-glfw.plugin (interfaces: [carb::windowing::IGLContext v1.0],[carb::windowing::IWindowing v1.5]) (impl: carb.windowing-glfw.plugin)
2026-08-06T01:58:02Z [1,569ms] [Warning] [gpu.foundation.plugin] Skipping NVIDIA GPU due CUDA being in bad state: NVIDIA RTX 6000 Ada Generation
2026-08-06T01:58:02Z [1,569ms] [Warning] [gpu.foundation.plugin] Please restart your system if CUDA is known to work in your system.
2026-08-06T01:58:02Z [1,569ms] [Warning] [gpu.foundation.plugin] Skipping NVIDIA GPU due CUDA being in bad state: NVIDIA RTX 6000 Ada Generation
2026-08-06T01:58:02Z [1,569ms] [Warning] [gpu.foundation.plugin] Please restart your system if CUDA is known to work in your system.
2026-08-06T01:58:02Z [1,570ms] [Warning] [gpu.foundation.plugin] Skipping NVIDIA GPU due CUDA being in bad state: NVIDIA RTX 6000 Ada Generation
2026-08-06T01:58:02Z [1,570ms] [Warning] [gpu.foundation.plugin] Please restart your system if CUDA is known to work in your system.
2026-08-06T01:58:02Z [1,570ms] [Warning] [gpu.foundation.plugin] Skipping NVIDIA GPU due CUDA being in bad state: NVIDIA RTX 6000 Ada Generation
2026-08-06T01:58:02Z [1,570ms] [Warning] [gpu.foundation.plugin] Please restart your system if CUDA is known to work in your system.
2026-08-06T01:58:02Z [1,570ms] [Warning] [gpu.foundation.plugin] Skipping NVIDIA GPU due CUDA being in bad state: NVIDIA RTX 6000 Ada Generation
2026-08-06T01:58:02Z [1,570ms] [Warning] [gpu.foundation.plugin] Please restart your system if CUDA is known to work in your system.
2026-08-06T01:58:02Z [1,570ms] [Warning] [gpu.foundation.plugin] Skipping NVIDIA GPU due CUDA being in bad state: NVIDIA RTX 6000 Ada Generation
2026-08-06T01:58:02Z [1,570ms] [Warning] [gpu.foundation.plugin] Please restart your system if CUDA is known to work in your system.

|---------------------------------------------------------------------------------------------|
| Driver Version: 550.90.12     | Graphics API: Vulkan
|=============================================================================================|
| GPU | Name                             | Active | LDA | GPU Memory | Vendor-ID | LUID       |
|     |                                  |        |     |            | Device-ID | UUID       |
|     |                                  |        |     |            | Bus-ID    |            |
|---------------------------------------------------------------------------------------------|
| 0   | NVIDIA RTX 6000 Ada Generation   |        |     | 49386   MB | 10de      | 0          |
|     |                                  |        |     |            | 26b1      | df04a158.. |
|     |                                  |        |     |            | 1         |            |
|---------------------------------------------------------------------------------------------|
| 1   | NVIDIA RTX 6000 Ada Generation   | Yes: 0 |     | 49386   MB | 10de      | 0          |
|     |                                  |        |     |            | 26b1      | 5cfd6483.. |
|     |                                  |        |     |            | 2c        |            |
|---------------------------------------------------------------------------------------------|
| 2   | NVIDIA RTX 6000 Ada Generation   |        |     | 49386   MB | 10de      | 0          |
|     |                                  |        |     |            | 26b1      | bdb0e57d.. |
|     |                                  |        |     |            | 41        |            |
|---------------------------------------------------------------------------------------------|
| 3   | NVIDIA RTX 6000 Ada Generation   |        |     | 49386   MB | 10de      | 0          |
|     |                                  |        |     |            | 26b1      | 21e14e0d.. |
|     |                                  |        |     |            | 61        |            |
|=============================================================================================|
| OS: 22.04.5 LTS (Jammy Jellyfish) ubuntu, Version: 22.04.5, Kernel: 5.15.0-181-generic
| Processor: AMD Ryzen Threadripper PRO 5995WX 64-Cores
| Cores: 64 | Logical Cores: 128
|---------------------------------------------------------------------------------------------|
| Total Memory (MB): 515582 | Free Memory: 314915
| Total Page/Swap (MB): 10239 | Free Page/Swap: 7541
|---------------------------------------------------------------------------------------------|
2026-08-06T01:58:04Z [3,491ms] [Warning] [carb.windowing-glfw.plugin] GLFW initialization failed.
2026-08-06T01:58:04Z [3,491ms] [Warning] [carb] Failed to startup plugin carb.windowing-glfw.plugin (interfaces: [carb::windowing::IGLContext v1.0],[carb::windowing::IWindowing v1.5]) (impl: carb.windowing-glfw.plugin)
2026-08-06T01:58:04Z [3,500ms] [Warning] [carb.windowing-glfw.plugin] GLFW initialization failed.
2026-08-06T01:58:04Z [3,500ms] [Warning] [carb] Failed to startup plugin carb.windowing-glfw.plugin (interfaces: [carb::windowing::IGLContext v1.0],[carb::windowing::IWindowing v1.5]) (impl: carb.windowing-glfw.plugin)
2026-08-06T01:58:04Z [3,506ms] [Warning] [carb.windowing-glfw.plugin] GLFW initialization failed.
2026-08-06T01:58:04Z [3,506ms] [Warning] [carb] Failed to startup plugin carb.windowing-glfw.plugin (interfaces: [carb::windowing::IGLContext v1.0],[carb::windowing::IWindowing v1.5]) (impl: carb.windowing-glfw.plugin)
2026-08-06T01:58:04Z [3,516ms] [Warning] [carb.windowing-glfw.plugin] GLFW initialization failed.
2026-08-06T01:58:04Z [3,516ms] [Warning] [carb] Failed to startup plugin carb.windowing-glfw.plugin (interfaces: [carb::windowing::IGLContext v1.0],[carb::windowing::IWindowing v1.5]) (impl: carb.windowing-glfw.plugin)
2026-08-06T01:58:04Z [3,517ms] [Warning] [carb.windowing-glfw.plugin] GLFW initialization failed.
2026-08-06T01:58:04Z [3,517ms] [Warning] [carb] Failed to startup plugin carb.windowing-glfw.plugin (interfaces: [carb::windowing::IGLContext v1.0],[carb::windowing::IWindowing v1.5]) (impl: carb.windowing-glfw.plugin)
2026-08-06T01:58:04Z [3,518ms] [Warning] [carb.windowing-glfw.plugin] GLFW initialization failed.
2026-08-06T01:58:04Z [3,518ms] [Warning] [carb] Failed to startup plugin carb.windowing-glfw.plugin (interfaces: [carb::windowing::IGLContext v1.0],[carb::windowing::IWindowing v1.5]) (impl: carb.windowing-glfw.plugin)
2026-08-06T01:58:04Z [3,717ms] [Warning] [omni.log] Source: omni.hydra was already registered.
2026-08-06T01:58:05Z [4,031ms] [Warning] [carb] Acquiring non optional plugin interface which is not listed as dependency: [omni::physx::IPhysxBenchmarks v1.0] (plugin: <default plugin>), by client: omni.physics.physx.plugin. Add it to CARB_PLUGIN_IMPL_DEPS() macro of a client.
2026-08-06T01:58:05Z [4,045ms] [Warning] [omni.isaac.dynamic_control] omni.isaac.dynamic_control is deprecated as of Isaac Sim 4.5. No action is needed from end-users.
2026-08-06T01:58:07Z [6,022ms] [Warning] [pxr.Semantics] pxr.Semantics is deprecated - please use Semantics instead
2026-08-06T01:58:07Z [6,150ms] [Warning] [omni.graph.core.plugin] Found duplicate of category 'Replicator' - was 'Annotators', adding 'Fabric Reader'
2026-08-06T01:58:07Z [6,150ms] [Warning] [omni.graph.core.plugin] Category 'Replicator' not accepted on node type 'omni.replicator.core.FabricReader' in extension 'omni.replicator.core'
2026-08-06T01:58:07Z [6,151ms] [Warning] [omni.replicator.core.scripts.extension] No material configuration file, adding configuration to material settings directly.
2026-08-06T01:58:08Z [7,446ms] [Warning] [omni.kvdb.plugin] Disabling key-value database because another kit process is locking it
2026-08-06T01:58:10Z [9,888ms] [Warning] [omni.fabric.plugin] Warning: attribute viewportHandle not found for bucket id 7

2026-08-06T01:58:11Z [10,456ms] [Warning] [isaaclab.envs.direct_marl_env] Seed not set for the environment. The environment creation may not be deterministic.

[36m========================================================================================================[0m
[36m[1m[INFO][IsaacLab]: Logging to file: /data/howard/isaac/tmp/isaaclab/logs/isaaclab_2026-08-06_01-58-11.log[0m
[36m========================================================================================================[0m

[33m01:58:11 [simulation_context.py] WARNING: The `enable_external_forces_every_iteration` parameter in the PhysxCfg is set to False. If you are experiencing noisy velocities, consider enabling this flag. You may need to slightly increase the number of velocity iterations (setting it to 1 or 2 rather than 0), together with this flag, to improve the accuracy of velocity updates.[0m
[INFO]: Base environment:
	Environment device    : cuda:0
	Environment seed      : None
	Physics step-size     : 0.016666666666666666
	Rendering step-size   : 0.1
	Environment step-size : 0.1
[INFO]: Time taken for scene creation : 1.579334 seconds
[INFO]: Scene manager:  <class InteractiveScene>
	Number of environments: 64
	Environment spacing   : 12.0
	Source prim name      : /World/envs/env_0
	Global prim paths     : []
	Replicate physics     : True
[INFO]: Starting the simulation. This may take a few seconds. Please wait...
[INFO]: Time taken for simulation start : 3.198528 seconds
[INFO]: Completed setting up the environment...
race v8  condition=z_hat  wire=66  trainable=4,483  executor FROZEN (runs/route_obey_v6/cont.pt)
2026-08-06T01:58:22Z [20,963ms] [Warning] [carb] Client gpu.foundation.plugin has acquired [gpu::unstable::IMemoryBudgetManagerFactory v0.1] 100 times. Consider accessing this interface with carb::getCachedInterface() (Performance warning)
[v8/z_hat] update   1  ep   263  route_opt 0.555  succ 0.555  hazard  0.43  obey 1.000  ret   9.35  H 0.680  bad 0  SPS 724
[v8/z_hat] update   2  ep   519  route_opt 0.584  succ 0.584  hazard  0.43  obey 1.000  ret  11.38  H 0.642  bad 0  SPS 718
[v8/z_hat] update   3  ep   775  route_opt 0.644  succ 0.644  hazard  0.24  obey 1.000  ret  11.23  H 0.575  bad 0  SPS 714
[v8/z_hat] update   4  ep  1031  route_opt 0.672  succ 0.672  hazard  0.43  obey 1.000  ret  12.13  H 0.440  bad 0  SPS 712
[v8/z_hat] update   5  ep  1287  route_opt 0.782  succ 0.780  hazard  0.39  obey 1.000  ret  15.50  H 0.316  bad 0  SPS 709
[v8/z_hat] update   6  ep  1543  route_opt 0.876  succ 0.870  hazard  0.20  obey 1.000  ret  16.17  H 0.251  bad 0  SPS 706
[v8/z_hat] update   7  ep  1799  route_opt 0.922  succ 0.918  hazard  0.20  obey 1.000  ret  17.59  H 0.152  bad 0  SPS 703
[v8/z_hat] update   8  ep  2055  route_opt 0.964  succ 0.962  hazard  0.00  obey 1.000  ret  18.15  H 0.092  bad 0  SPS 702
[v8/z_hat] update   9  ep  2312  route_opt 0.988  succ 0.984  hazard  0.00  obey 1.000  ret  18.38  H 0.076  bad 0  SPS 700
[v8/z_hat] update  10  ep  2568  route_opt 0.992  succ 0.986  hazard  0.00  obey 1.000  ret  18.27  H 0.075  bad 0  SPS 699
[v8/z_hat] update  11  ep  2824  route_opt 0.990  succ 0.984  hazard  0.00  obey 1.000  ret  18.32  H 0.099  bad 0  SPS 698
[v8/z_hat] update  12  ep  3081  route_opt 0.982  succ 0.970  hazard  0.00  obey 1.000  ret  17.76  H 0.064  bad 0  SPS 697
[v8/z_hat] update  13  ep  3337  route_opt 0.986  succ 0.974  hazard  0.00  obey 1.000  ret  18.43  H 0.081  bad 0  SPS 696
[v8/z_hat] update  14  ep  3594  route_opt 0.968  succ 0.960  hazard  0.00  obey 1.000  ret  17.19  H 0.160  bad 0  SPS 696
[v8/z_hat] update  15  ep  3850  route_opt 0.954  succ 0.948  hazard  0.00  obey 1.000  ret  17.96  H 0.035  bad 0  SPS 696
[v8/z_hat] update  16  ep  4106  route_opt 0.984  succ 0.984  hazard  0.00  obey 1.000  ret  18.68  H 0.054  bad 0  SPS 695
[v8/z_hat] update  17  ep  4362  route_opt 0.988  succ 0.988  hazard  0.00  obey 1.000  ret  18.12  H 0.072  bad 0  SPS 694
[v8/z_hat] update  18  ep  4618  route_opt 0.976  succ 0.974  hazard  0.00  obey 1.000  ret  17.97  H 0.072  bad 0  SPS 694
[v8/z_hat] update  19  ep  4874  route_opt 0.978  succ 0.970  hazard  0.00  obey 1.000  ret  18.04  H 0.079  bad 0  SPS 694
[v8/z_hat] update  20  ep  5130  route_opt 0.966  succ 0.950  hazard  0.00  obey 1.000  ret  17.25  H 0.054  bad 0  SPS 694
[v8/z_hat] update  21  ep  5388  route_opt 0.972  succ 0.960  hazard  0.00  obey 1.000  ret  18.24  H 0.050  bad 0  SPS 693
[v8/z_hat] update  22  ep  5644  route_opt 0.988  succ 0.984  hazard  0.00  obey 1.000  ret  18.24  H 0.025  bad 0  SPS 693
[v8/z_hat] update  23  ep  5901  route_opt 0.994  succ 0.992  hazard  0.00  obey 1.000  ret  18.52  H 0.022  bad 0  SPS 693

[v8/z_hat/seed1] FINAL (last 500 eps)  route_opt 1.000  success 0.998  hazard 0.00  obey 1.000
RACE-V8 READOUT (z_hat): route_opt >= 0.90 and hazard <= 2.0: PASS
saved head -> runs/race_v8b/z_hat_s1.pt
wrote run json -> runs/race_v8b/z_hat_s1.json
