[INFO][AppLauncher]: Using device: cuda:0
[INFO][AppLauncher]: Loading experience file: /data/howard/isaac/IsaacLab/apps/isaaclab.python.headless.rendering.kit
Loading user config located at: '/data/howard/isaac/envs/isaaclab/lib/python3.11/site-packages/isaacsim/kit/data/Kit/Isaac-Sim/5.1/user.config.json'
[Info] [carb] Logging to file: /data/howard/isaac/envs/isaaclab/lib/python3.11/site-packages/isaacsim/kit/logs/Kit/Isaac-Sim/5.1/kit_20260806_030528.log
2026-08-06T03:05:28Z [186ms] [Warning] [carb.windowing-glfw.plugin] GLFW initialization failed.
2026-08-06T03:05:28Z [186ms] [Warning] [carb] Failed to startup plugin carb.windowing-glfw.plugin (interfaces: [carb::windowing::IGLContext v1.0],[carb::windowing::IWindowing v1.5]) (impl: carb.windowing-glfw.plugin)
2026-08-06T03:05:28Z [254ms] [Warning] [omni.platforminfo.plugin] failed to open the default display.  Can't verify X Server version.
2026-08-06T03:05:28Z [255ms] [Warning] [carb.cudainterop.plugin] CUDA_VISIBLE_DEVICES environment variable is set.
2026-08-06T03:05:28Z [255ms] [Warning] [carb.cudainterop.plugin] Note CUDA device enumeration and Omniverse device enumeration are different.
2026-08-06T03:05:28Z [255ms] [Warning] [carb.cudainterop.plugin] Setting CUDA_VISIBLE_DEVICES can lead to undesired behavior or crashes.
2026-08-06T03:05:28Z [633ms] [Warning] [carb.windowing-glfw.plugin] GLFW initialization failed.
2026-08-06T03:05:28Z [634ms] [Warning] [carb] Failed to startup plugin carb.windowing-glfw.plugin (interfaces: [carb::windowing::IGLContext v1.0],[carb::windowing::IWindowing v1.5]) (impl: carb.windowing-glfw.plugin)
2026-08-06T03:05:30Z [2,044ms] [Warning] [gpu.foundation.plugin] Skipping NVIDIA GPU due CUDA being in bad state: NVIDIA RTX 6000 Ada Generation
2026-08-06T03:05:30Z [2,044ms] [Warning] [gpu.foundation.plugin] Please restart your system if CUDA is known to work in your system.
2026-08-06T03:05:30Z [2,046ms] [Warning] [gpu.foundation.plugin] Skipping NVIDIA GPU due CUDA being in bad state: NVIDIA RTX 6000 Ada Generation
2026-08-06T03:05:30Z [2,046ms] [Warning] [gpu.foundation.plugin] Please restart your system if CUDA is known to work in your system.
2026-08-06T03:05:30Z [2,052ms] [Warning] [gpu.foundation.plugin] Skipping NVIDIA GPU due CUDA being in bad state: NVIDIA RTX 6000 Ada Generation
2026-08-06T03:05:30Z [2,052ms] [Warning] [gpu.foundation.plugin] Please restart your system if CUDA is known to work in your system.
2026-08-06T03:05:30Z [2,052ms] [Warning] [gpu.foundation.plugin] Skipping NVIDIA GPU due CUDA being in bad state: NVIDIA RTX 6000 Ada Generation
2026-08-06T03:05:30Z [2,052ms] [Warning] [gpu.foundation.plugin] Please restart your system if CUDA is known to work in your system.
2026-08-06T03:05:30Z [2,052ms] [Warning] [gpu.foundation.plugin] Skipping NVIDIA GPU due CUDA being in bad state: NVIDIA RTX 6000 Ada Generation
2026-08-06T03:05:30Z [2,052ms] [Warning] [gpu.foundation.plugin] Please restart your system if CUDA is known to work in your system.
2026-08-06T03:05:30Z [2,052ms] [Warning] [gpu.foundation.plugin] Skipping NVIDIA GPU due CUDA being in bad state: NVIDIA RTX 6000 Ada Generation
2026-08-06T03:05:30Z [2,052ms] [Warning] [gpu.foundation.plugin] Please restart your system if CUDA is known to work in your system.

|---------------------------------------------------------------------------------------------|
| Driver Version: 550.90.12     | Graphics API: Vulkan
|=============================================================================================|
| GPU | Name                             | Active | LDA | GPU Memory | Vendor-ID | LUID       |
|     |                                  |        |     |            | Device-ID | UUID       |
|     |                                  |        |     |            | Bus-ID    |            |
|---------------------------------------------------------------------------------------------|
| 0   | NVIDIA RTX 6000 Ada Generation   |        |     | 49386   MB | 10de      | 0          |
|     |                                  |        |     |            | 26b1      | df04a158.. |
|     |                                  |        |     |            | 1         |            |
|---------------------------------------------------------------------------------------------|
| 1   | NVIDIA RTX 6000 Ada Generation   |        |     | 49386   MB | 10de      | 0          |
|     |                                  |        |     |            | 26b1      | 5cfd6483.. |
|     |                                  |        |     |            | 2c        |            |
|---------------------------------------------------------------------------------------------|
| 2   | NVIDIA RTX 6000 Ada Generation   | Yes: 0 |     | 49386   MB | 10de      | 0          |
|     |                                  |        |     |            | 26b1      | bdb0e57d.. |
|     |                                  |        |     |            | 41        |            |
|---------------------------------------------------------------------------------------------|
| 3   | NVIDIA RTX 6000 Ada Generation   |        |     | 49386   MB | 10de      | 0          |
|     |                                  |        |     |            | 26b1      | 21e14e0d.. |
|     |                                  |        |     |            | 61        |            |
|=============================================================================================|
| OS: 22.04.5 LTS (Jammy Jellyfish) ubuntu, Version: 22.04.5, Kernel: 5.15.0-181-generic
| Processor: AMD Ryzen Threadripper PRO 5995WX 64-Cores
| Cores: 64 | Logical Cores: 128
|---------------------------------------------------------------------------------------------|
| Total Memory (MB): 515582 | Free Memory: 314010
| Total Page/Swap (MB): 10239 | Free Page/Swap: 7541
|---------------------------------------------------------------------------------------------|
2026-08-06T03:05:33Z [4,760ms] [Warning] [carb.windowing-glfw.plugin] GLFW initialization failed.
2026-08-06T03:05:33Z [4,760ms] [Warning] [carb] Failed to startup plugin carb.windowing-glfw.plugin (interfaces: [carb::windowing::IGLContext v1.0],[carb::windowing::IWindowing v1.5]) (impl: carb.windowing-glfw.plugin)
2026-08-06T03:05:33Z [4,770ms] [Warning] [carb.windowing-glfw.plugin] GLFW initialization failed.
2026-08-06T03:05:33Z [4,770ms] [Warning] [carb] Failed to startup plugin carb.windowing-glfw.plugin (interfaces: [carb::windowing::IGLContext v1.0],[carb::windowing::IWindowing v1.5]) (impl: carb.windowing-glfw.plugin)
2026-08-06T03:05:33Z [4,776ms] [Warning] [carb.windowing-glfw.plugin] GLFW initialization failed.
2026-08-06T03:05:33Z [4,776ms] [Warning] [carb] Failed to startup plugin carb.windowing-glfw.plugin (interfaces: [carb::windowing::IGLContext v1.0],[carb::windowing::IWindowing v1.5]) (impl: carb.windowing-glfw.plugin)
2026-08-06T03:05:33Z [4,785ms] [Warning] [carb.windowing-glfw.plugin] GLFW initialization failed.
2026-08-06T03:05:33Z [4,785ms] [Warning] [carb] Failed to startup plugin carb.windowing-glfw.plugin (interfaces: [carb::windowing::IGLContext v1.0],[carb::windowing::IWindowing v1.5]) (impl: carb.windowing-glfw.plugin)
2026-08-06T03:05:33Z [4,786ms] [Warning] [carb.windowing-glfw.plugin] GLFW initialization failed.
2026-08-06T03:05:33Z [4,786ms] [Warning] [carb] Failed to startup plugin carb.windowing-glfw.plugin (interfaces: [carb::windowing::IGLContext v1.0],[carb::windowing::IWindowing v1.5]) (impl: carb.windowing-glfw.plugin)
2026-08-06T03:05:33Z [4,787ms] [Warning] [carb.windowing-glfw.plugin] GLFW initialization failed.
2026-08-06T03:05:33Z [4,787ms] [Warning] [carb] Failed to startup plugin carb.windowing-glfw.plugin (interfaces: [carb::windowing::IGLContext v1.0],[carb::windowing::IWindowing v1.5]) (impl: carb.windowing-glfw.plugin)
2026-08-06T03:05:33Z [4,994ms] [Warning] [omni.log] Source: omni.hydra was already registered.
2026-08-06T03:05:33Z [5,378ms] [Warning] [carb] Acquiring non optional plugin interface which is not listed as dependency: [omni::physx::IPhysxBenchmarks v1.0] (plugin: <default plugin>), by client: omni.physics.physx.plugin. Add it to CARB_PLUGIN_IMPL_DEPS() macro of a client.
2026-08-06T03:05:33Z [5,390ms] [Warning] [omni.isaac.dynamic_control] omni.isaac.dynamic_control is deprecated as of Isaac Sim 4.5. No action is needed from end-users.
2026-08-06T03:05:35Z [7,297ms] [Warning] [pxr.Semantics] pxr.Semantics is deprecated - please use Semantics instead
2026-08-06T03:05:35Z [7,480ms] [Warning] [omni.graph.core.plugin] Found duplicate of category 'Replicator' - was 'Annotators', adding 'Fabric Reader'
2026-08-06T03:05:35Z [7,480ms] [Warning] [omni.graph.core.plugin] Category 'Replicator' not accepted on node type 'omni.replicator.core.FabricReader' in extension 'omni.replicator.core'
2026-08-06T03:05:35Z [7,481ms] [Warning] [omni.replicator.core.scripts.extension] No material configuration file, adding configuration to material settings directly.
2026-08-06T03:05:37Z [8,893ms] [Warning] [omni.kvdb.plugin] Disabling key-value database because another kit process is locking it
2026-08-06T03:05:39Z [11,647ms] [Warning] [omni.fabric.plugin] Warning: attribute viewPickingId not found for bucket id 7

2026-08-06T03:05:40Z [12,224ms] [Warning] [isaaclab.envs.direct_marl_env] Seed not set for the environment. The environment creation may not be deterministic.

[36m========================================================================================================[0m
[36m[1m[INFO][IsaacLab]: Logging to file: /data/howard/isaac/tmp/isaaclab/logs/isaaclab_2026-08-06_03-05-40.log[0m
[36m========================================================================================================[0m

[33m03:05:40 [simulation_context.py] WARNING: The `enable_external_forces_every_iteration` parameter in the PhysxCfg is set to False. If you are experiencing noisy velocities, consider enabling this flag. You may need to slightly increase the number of velocity iterations (setting it to 1 or 2 rather than 0), together with this flag, to improve the accuracy of velocity updates.[0m
[INFO]: Base environment:
	Environment device    : cuda:0
	Environment seed      : None
	Physics step-size     : 0.016666666666666666
	Rendering step-size   : 0.1
	Environment step-size : 0.1
[INFO]: Time taken for scene creation : 1.893873 seconds
[INFO]: Scene manager:  <class InteractiveScene>
	Number of environments: 64
	Environment spacing   : 12.0
	Source prim name      : /World/envs/env_0
	Global prim paths     : []
	Replicate physics     : True
[INFO]: Starting the simulation. This may take a few seconds. Please wait...
[INFO]: Time taken for simulation start : 4.983062 seconds
[INFO]: Completed setting up the environment...
race v8  condition=z_t  wire=66  trainable=4,483  executor FROZEN (runs/route_obey_v6/cont.pt)
2026-08-06T03:05:55Z [27,701ms] [Warning] [carb] Client gpu.foundation.plugin has acquired [gpu::unstable::IMemoryBudgetManagerFactory v0.1] 100 times. Consider accessing this interface with carb::getCachedInterface() (Performance warning)
[v8/z_t] update   1  ep   257  route_opt 0.545  succ 0.545  hazard  0.49  obey 1.000  ret   9.22  H 0.679  bad 0  SPS 550
[v8/z_t] update   2  ep   514  route_opt 0.528  succ 0.528  hazard  1.02  obey 1.000  ret   9.01  H 0.625  bad 0  SPS 551
[v8/z_t] update   3  ep   770  route_opt 0.632  succ 0.632  hazard  0.89  obey 1.000  ret  12.78  H 0.444  bad 0  SPS 549
[v8/z_t] update   4  ep  1026  route_opt 0.782  succ 0.782  hazard  0.12  obey 1.000  ret  15.30  H 0.241  bad 0  SPS 546
[v8/z_t] update   5  ep  1282  route_opt 0.892  succ 0.890  hazard  0.00  obey 1.000  ret  17.16  H 0.148  bad 0  SPS 543
[v8/z_t] update   6  ep  1538  route_opt 0.940  succ 0.940  hazard  0.00  obey 1.000  ret  17.56  H 0.103  bad 0  SPS 541
[v8/z_t] update   7  ep  1794  route_opt 0.956  succ 0.954  hazard  0.00  obey 1.000  ret  17.83  H 0.057  bad 0  SPS 540
[v8/z_t] update   8  ep  2050  route_opt 0.976  succ 0.974  hazard  0.00  obey 1.000  ret  18.35  H 0.032  bad 0  SPS 538
[v8/z_t] update   9  ep  2306  route_opt 0.986  succ 0.978  hazard  0.00  obey 1.000  ret  17.93  H 0.041  bad 0  SPS 537
[v8/z_t] update  10  ep  2562  route_opt 0.990  succ 0.982  hazard  0.00  obey 1.000  ret  18.72  H 0.010  bad 0  SPS 536
[v8/z_t] update  11  ep  2818  route_opt 1.000  succ 0.994  hazard  0.00  obey 1.000  ret  18.37  H 0.013  bad 0  SPS 535
[v8/z_t] update  12  ep  3074  route_opt 0.996  succ 0.988  hazard  0.00  obey 1.000  ret  18.35  H 0.007  bad 0  SPS 534
[v8/z_t] update  13  ep  3330  route_opt 0.994  succ 0.990  hazard  0.00  obey 1.000  ret  18.40  H 0.013  bad 0  SPS 533
[v8/z_t] update  14  ep  3586  route_opt 0.998  succ 0.996  hazard  0.00  obey 1.000  ret  18.50  H 0.012  bad 0  SPS 533
[v8/z_t] update  15  ep  3842  route_opt 1.000  succ 0.998  hazard  0.00  obey 1.000  ret  18.57  H 0.014  bad 0  SPS 532
[v8/z_t] update  16  ep  4098  route_opt 0.998  succ 0.996  hazard  0.00  obey 1.000  ret  18.49  H 0.012  bad 0  SPS 532
[v8/z_t] update  17  ep  4354  route_opt 0.998  succ 0.994  hazard  0.00  obey 1.000  ret  18.41  H 0.005  bad 0  SPS 531
[v8/z_t] update  18  ep  4610  route_opt 1.000  succ 0.996  hazard  0.00  obey 1.000  ret  18.57  H 0.005  bad 0  SPS 531
[v8/z_t] update  19  ep  4866  route_opt 1.000  succ 1.000  hazard  0.00  obey 1.000  ret  18.52  H 0.005  bad 0  SPS 531
[v8/z_t] update  20  ep  5122  route_opt 0.998  succ 0.994  hazard  0.00  obey 1.000  ret  18.30  H 0.005  bad 0  SPS 530
[v8/z_t] update  21  ep  5379  route_opt 0.998  succ 0.992  hazard  0.00  obey 1.000  ret  18.64  H 0.010  bad 0  SPS 530
[v8/z_t] update  22  ep  5635  route_opt 1.000  succ 0.998  hazard  0.00  obey 1.000  ret  18.63  H 0.014  bad 0  SPS 530
[v8/z_t] update  23  ep  5891  route_opt 1.000  succ 0.998  hazard  0.00  obey 1.000  ret  18.60  H 0.012  bad 0  SPS 530

[v8/z_t/seed4] FINAL (last 500 eps)  route_opt 1.000  success 0.998  hazard 0.00  obey 1.000
RACE-V8 READOUT (z_t): route_opt >= 0.90 and hazard <= 2.0: PASS
saved head -> runs/race_v8b/z_t_s4.pt
wrote run json -> runs/race_v8b/z_t_s4.json
