[INFO][AppLauncher]: Using device: cuda:0
[INFO][AppLauncher]: Loading experience file: /data/howard/isaac/IsaacLab/apps/isaaclab.python.headless.rendering.kit
Loading user config located at: '/data/howard/isaac/envs/isaaclab/lib/python3.11/site-packages/isaacsim/kit/data/Kit/Isaac-Sim/5.1/user.config.json'
[Info] [carb] Logging to file: /data/howard/isaac/envs/isaaclab/lib/python3.11/site-packages/isaacsim/kit/logs/Kit/Isaac-Sim/5.1/kit_20260806_030528.log
2026-08-06T03:05:28Z [166ms] [Warning] [carb.windowing-glfw.plugin] GLFW initialization failed.
2026-08-06T03:05:28Z [166ms] [Warning] [carb] Failed to startup plugin carb.windowing-glfw.plugin (interfaces: [carb::windowing::IGLContext v1.0],[carb::windowing::IWindowing v1.5]) (impl: carb.windowing-glfw.plugin)
2026-08-06T03:05:28Z [218ms] [Warning] [omni.platforminfo.plugin] failed to open the default display.  Can't verify X Server version.
2026-08-06T03:05:28Z [219ms] [Warning] [carb.cudainterop.plugin] CUDA_VISIBLE_DEVICES environment variable is set.
2026-08-06T03:05:28Z [219ms] [Warning] [carb.cudainterop.plugin] Note CUDA device enumeration and Omniverse device enumeration are different.
2026-08-06T03:05:28Z [219ms] [Warning] [carb.cudainterop.plugin] Setting CUDA_VISIBLE_DEVICES can lead to undesired behavior or crashes.
2026-08-06T03:05:28Z [547ms] [Warning] [carb.windowing-glfw.plugin] GLFW initialization failed.
2026-08-06T03:05:28Z [547ms] [Warning] [carb] Failed to startup plugin carb.windowing-glfw.plugin (interfaces: [carb::windowing::IGLContext v1.0],[carb::windowing::IWindowing v1.5]) (impl: carb.windowing-glfw.plugin)
2026-08-06T03:05:29Z [1,376ms] [Warning] [gpu.foundation.plugin] Skipping NVIDIA GPU due CUDA being in bad state: NVIDIA RTX 6000 Ada Generation
2026-08-06T03:05:29Z [1,376ms] [Warning] [gpu.foundation.plugin] Please restart your system if CUDA is known to work in your system.
2026-08-06T03:05:29Z [1,385ms] [Warning] [gpu.foundation.plugin] Skipping NVIDIA GPU due CUDA being in bad state: NVIDIA RTX 6000 Ada Generation
2026-08-06T03:05:29Z [1,385ms] [Warning] [gpu.foundation.plugin] Please restart your system if CUDA is known to work in your system.
2026-08-06T03:05:29Z [1,388ms] [Warning] [gpu.foundation.plugin] Skipping NVIDIA GPU due CUDA being in bad state: NVIDIA RTX 6000 Ada Generation
2026-08-06T03:05:29Z [1,388ms] [Warning] [gpu.foundation.plugin] Please restart your system if CUDA is known to work in your system.
2026-08-06T03:05:29Z [1,391ms] [Warning] [gpu.foundation.plugin] Skipping NVIDIA GPU due CUDA being in bad state: NVIDIA RTX 6000 Ada Generation
2026-08-06T03:05:29Z [1,391ms] [Warning] [gpu.foundation.plugin] Please restart your system if CUDA is known to work in your system.
2026-08-06T03:05:29Z [1,391ms] [Warning] [gpu.foundation.plugin] Skipping NVIDIA GPU due CUDA being in bad state: NVIDIA RTX 6000 Ada Generation
2026-08-06T03:05:29Z [1,391ms] [Warning] [gpu.foundation.plugin] Please restart your system if CUDA is known to work in your system.
2026-08-06T03:05:29Z [1,391ms] [Warning] [gpu.foundation.plugin] Skipping NVIDIA GPU due CUDA being in bad state: NVIDIA RTX 6000 Ada Generation
2026-08-06T03:05:29Z [1,391ms] [Warning] [gpu.foundation.plugin] Please restart your system if CUDA is known to work in your system.

|---------------------------------------------------------------------------------------------|
| Driver Version: 550.90.12     | Graphics API: Vulkan
|=============================================================================================|
| GPU | Name                             | Active | LDA | GPU Memory | Vendor-ID | LUID       |
|     |                                  |        |     |            | Device-ID | UUID       |
|     |                                  |        |     |            | Bus-ID    |            |
|---------------------------------------------------------------------------------------------|
| 0   | NVIDIA RTX 6000 Ada Generation   |        |     | 49386   MB | 10de      | 0          |
|     |                                  |        |     |            | 26b1      | df04a158.. |
|     |                                  |        |     |            | 1         |            |
|---------------------------------------------------------------------------------------------|
| 1   | NVIDIA RTX 6000 Ada Generation   |        |     | 49386   MB | 10de      | 0          |
|     |                                  |        |     |            | 26b1      | 5cfd6483.. |
|     |                                  |        |     |            | 2c        |            |
|---------------------------------------------------------------------------------------------|
| 2   | NVIDIA RTX 6000 Ada Generation   |        |     | 49386   MB | 10de      | 0          |
|     |                                  |        |     |            | 26b1      | bdb0e57d.. |
|     |                                  |        |     |            | 41        |            |
|---------------------------------------------------------------------------------------------|
| 3   | NVIDIA RTX 6000 Ada Generation   | Yes: 0 |     | 49386   MB | 10de      | 0          |
|     |                                  |        |     |            | 26b1      | 21e14e0d.. |
|     |                                  |        |     |            | 61        |            |
|=============================================================================================|
| OS: 22.04.5 LTS (Jammy Jellyfish) ubuntu, Version: 22.04.5, Kernel: 5.15.0-181-generic
| Processor: AMD Ryzen Threadripper PRO 5995WX 64-Cores
| Cores: 64 | Logical Cores: 128
|---------------------------------------------------------------------------------------------|
| Total Memory (MB): 515582 | Free Memory: 314726
| Total Page/Swap (MB): 10239 | Free Page/Swap: 7541
|---------------------------------------------------------------------------------------------|
2026-08-06T03:05:31Z [2,942ms] [Warning] [carb.windowing-glfw.plugin] GLFW initialization failed.
2026-08-06T03:05:31Z [2,942ms] [Warning] [carb] Failed to startup plugin carb.windowing-glfw.plugin (interfaces: [carb::windowing::IGLContext v1.0],[carb::windowing::IWindowing v1.5]) (impl: carb.windowing-glfw.plugin)
2026-08-06T03:05:31Z [3,136ms] [Warning] [carb.windowing-glfw.plugin] GLFW initialization failed.
2026-08-06T03:05:31Z [3,136ms] [Warning] [carb] Failed to startup plugin carb.windowing-glfw.plugin (interfaces: [carb::windowing::IGLContext v1.0],[carb::windowing::IWindowing v1.5]) (impl: carb.windowing-glfw.plugin)
2026-08-06T03:05:31Z [3,460ms] [Warning] [carb.windowing-glfw.plugin] GLFW initialization failed.
2026-08-06T03:05:31Z [3,460ms] [Warning] [carb] Failed to startup plugin carb.windowing-glfw.plugin (interfaces: [carb::windowing::IGLContext v1.0],[carb::windowing::IWindowing v1.5]) (impl: carb.windowing-glfw.plugin)
2026-08-06T03:05:31Z [3,468ms] [Warning] [carb.windowing-glfw.plugin] GLFW initialization failed.
2026-08-06T03:05:31Z [3,468ms] [Warning] [carb] Failed to startup plugin carb.windowing-glfw.plugin (interfaces: [carb::windowing::IGLContext v1.0],[carb::windowing::IWindowing v1.5]) (impl: carb.windowing-glfw.plugin)
2026-08-06T03:05:31Z [3,469ms] [Warning] [carb.windowing-glfw.plugin] GLFW initialization failed.
2026-08-06T03:05:31Z [3,469ms] [Warning] [carb] Failed to startup plugin carb.windowing-glfw.plugin (interfaces: [carb::windowing::IGLContext v1.0],[carb::windowing::IWindowing v1.5]) (impl: carb.windowing-glfw.plugin)
2026-08-06T03:05:31Z [3,470ms] [Warning] [carb.windowing-glfw.plugin] GLFW initialization failed.
2026-08-06T03:05:31Z [3,470ms] [Warning] [carb] Failed to startup plugin carb.windowing-glfw.plugin (interfaces: [carb::windowing::IGLContext v1.0],[carb::windowing::IWindowing v1.5]) (impl: carb.windowing-glfw.plugin)
2026-08-06T03:05:32Z [4,455ms] [Warning] [omni.log] Source: omni.hydra was already registered.
2026-08-06T03:05:33Z [4,884ms] [Warning] [carb] Acquiring non optional plugin interface which is not listed as dependency: [omni::physx::IPhysxBenchmarks v1.0] (plugin: <default plugin>), by client: omni.physics.physx.plugin. Add it to CARB_PLUGIN_IMPL_DEPS() macro of a client.
2026-08-06T03:05:33Z [4,894ms] [Warning] [omni.isaac.dynamic_control] omni.isaac.dynamic_control is deprecated as of Isaac Sim 4.5. No action is needed from end-users.
2026-08-06T03:05:35Z [7,029ms] [Warning] [pxr.Semantics] pxr.Semantics is deprecated - please use Semantics instead
2026-08-06T03:05:35Z [7,134ms] [Warning] [omni.graph.core.plugin] Found duplicate of category 'Replicator' - was 'Annotators', adding 'Fabric Reader'
2026-08-06T03:05:35Z [7,134ms] [Warning] [omni.graph.core.plugin] Category 'Replicator' not accepted on node type 'omni.replicator.core.FabricReader' in extension 'omni.replicator.core'
2026-08-06T03:05:35Z [7,135ms] [Warning] [omni.replicator.core.scripts.extension] No material configuration file, adding configuration to material settings directly.
2026-08-06T03:05:36Z [8,416ms] [Warning] [omni.kvdb.plugin] Disabling key-value database because another kit process is locking it
2026-08-06T03:05:39Z [11,132ms] [Warning] [omni.fabric.plugin] Warning: attribute viewportHandle not found for bucket id 7

2026-08-06T03:05:40Z [11,767ms] [Warning] [isaaclab.envs.direct_marl_env] Seed not set for the environment. The environment creation may not be deterministic.

[36m========================================================================================================[0m
[36m[1m[INFO][IsaacLab]: Logging to file: /data/howard/isaac/tmp/isaaclab/logs/isaaclab_2026-08-06_03-05-40.log[0m
[36m========================================================================================================[0m

[33m03:05:40 [simulation_context.py] WARNING: The `enable_external_forces_every_iteration` parameter in the PhysxCfg is set to False. If you are experiencing noisy velocities, consider enabling this flag. You may need to slightly increase the number of velocity iterations (setting it to 1 or 2 rather than 0), together with this flag, to improve the accuracy of velocity updates.[0m
[INFO]: Base environment:
	Environment device    : cuda:0
	Environment seed      : None
	Physics step-size     : 0.016666666666666666
	Rendering step-size   : 0.1
	Environment step-size : 0.1
[INFO]: Time taken for scene creation : 1.878189 seconds
[INFO]: Scene manager:  <class InteractiveScene>
	Number of environments: 64
	Environment spacing   : 12.0
	Source prim name      : /World/envs/env_0
	Global prim paths     : []
	Replicate physics     : True
[INFO]: Starting the simulation. This may take a few seconds. Please wait...
[INFO]: Time taken for simulation start : 5.452264 seconds
[INFO]: Completed setting up the environment...
race v8  condition=z_t  wire=66  trainable=4,483  executor FROZEN (runs/route_obey_v6/cont.pt)
2026-08-06T03:05:55Z [27,484ms] [Warning] [carb] Client gpu.foundation.plugin has acquired [gpu::unstable::IMemoryBudgetManagerFactory v0.1] 100 times. Consider accessing this interface with carb::getCachedInterface() (Performance warning)
[v8/z_t] update   1  ep   258  route_opt 0.539  succ 0.539  hazard  0.00  obey 1.000  ret   9.23  H 0.675  bad 0  SPS 566
[v8/z_t] update   2  ep   514  route_opt 0.554  succ 0.554  hazard  0.18  obey 1.000  ret  10.20  H 0.646  bad 0  SPS 554
[v8/z_t] update   3  ep   771  route_opt 0.638  succ 0.636  hazard  0.18  obey 1.000  ret  12.04  H 0.506  bad 0  SPS 548
[v8/z_t] update   4  ep  1027  route_opt 0.746  succ 0.744  hazard  0.00  obey 1.000  ret  14.49  H 0.317  bad 0  SPS 543
[v8/z_t] update   5  ep  1283  route_opt 0.856  succ 0.852  hazard  0.31  obey 1.000  ret  16.58  H 0.190  bad 0  SPS 539
[v8/z_t] update   6  ep  1539  route_opt 0.928  succ 0.920  hazard  0.31  obey 1.000  ret  17.20  H 0.126  bad 0  SPS 536
[v8/z_t] update   7  ep  1795  route_opt 0.960  succ 0.952  hazard  0.00  obey 1.000  ret  17.97  H 0.083  bad 0  SPS 535
[v8/z_t] update   8  ep  2051  route_opt 0.976  succ 0.970  hazard  0.00  obey 1.000  ret  18.04  H 0.048  bad 0  SPS 532
[v8/z_t] update   9  ep  2307  route_opt 0.990  succ 0.984  hazard  0.00  obey 1.000  ret  18.41  H 0.063  bad 0  SPS 531
[v8/z_t] update  10  ep  2563  route_opt 0.988  succ 0.978  hazard  0.00  obey 1.000  ret  17.94  H 0.064  bad 0  SPS 530
[v8/z_t] update  11  ep  2819  route_opt 0.976  succ 0.968  hazard  0.00  obey 1.000  ret  18.05  H 0.032  bad 0  SPS 529
[v8/z_t] update  12  ep  3075  route_opt 0.986  succ 0.982  hazard  0.00  obey 1.000  ret  18.42  H 0.028  bad 0  SPS 528
[v8/z_t] update  13  ep  3331  route_opt 0.996  succ 0.994  hazard  0.00  obey 1.000  ret  18.58  H 0.030  bad 0  SPS 527
[v8/z_t] update  14  ep  3587  route_opt 0.998  succ 0.998  hazard  0.00  obey 1.000  ret  18.61  H 0.067  bad 0  SPS 526
[v8/z_t] update  15  ep  3843  route_opt 0.994  succ 0.992  hazard  0.00  obey 1.000  ret  18.14  H 0.026  bad 0  SPS 525
[v8/z_t] update  16  ep  4099  route_opt 0.994  succ 0.992  hazard  0.00  obey 1.000  ret  18.58  H 0.032  bad 0  SPS 524
[v8/z_t] update  17  ep  4355  route_opt 1.000  succ 0.990  hazard  0.00  obey 1.000  ret  18.08  H 0.051  bad 0  SPS 524
[v8/z_t] update  18  ep  4611  route_opt 0.998  succ 0.986  hazard  0.00  obey 1.000  ret  18.49  H 0.028  bad 0  SPS 523
[v8/z_t] update  19  ep  4867  route_opt 0.994  succ 0.990  hazard  0.00  obey 1.000  ret  18.41  H 0.016  bad 0  SPS 523
[v8/z_t] update  20  ep  5123  route_opt 0.994  succ 0.990  hazard  0.00  obey 1.000  ret  18.50  H 0.014  bad 0  SPS 522
[v8/z_t] update  21  ep  5379  route_opt 0.996  succ 0.990  hazard  0.00  obey 1.000  ret  18.31  H 0.014  bad 0  SPS 522
[v8/z_t] update  22  ep  5635  route_opt 0.998  succ 0.990  hazard  0.00  obey 1.000  ret  18.43  H 0.015  bad 0  SPS 522
[v8/z_t] update  23  ep  5891  route_opt 1.000  succ 0.996  hazard  0.00  obey 1.000  ret  18.67  H 0.016  bad 0  SPS 521

[v8/z_t/seed5] FINAL (last 500 eps)  route_opt 1.000  success 0.996  hazard 0.00  obey 1.000
RACE-V8 READOUT (z_t): route_opt >= 0.90 and hazard <= 2.0: PASS
saved head -> runs/race_v8b/z_t_s5.pt
wrote run json -> runs/race_v8b/z_t_s5.json
