[INFO][AppLauncher]: Using device: cuda:0
[INFO][AppLauncher]: Loading experience file: /data/howard/isaac/IsaacLab/apps/isaaclab.python.headless.rendering.kit
Loading user config located at: '/data/howard/isaac/envs/isaaclab/lib/python3.11/site-packages/isaacsim/kit/data/Kit/Isaac-Sim/5.1/user.config.json'
[Info] [carb] Logging to file: /data/howard/isaac/envs/isaaclab/lib/python3.11/site-packages/isaacsim/kit/logs/Kit/Isaac-Sim/5.1/kit_20260804_035059.log
2026-08-04T03:50:59Z [142ms] [Warning] [carb.windowing-glfw.plugin] GLFW initialization failed.
2026-08-04T03:50:59Z [142ms] [Warning] [carb] Failed to startup plugin carb.windowing-glfw.plugin (interfaces: [carb::windowing::IGLContext v1.0],[carb::windowing::IWindowing v1.5]) (impl: carb.windowing-glfw.plugin)
2026-08-04T03:50:59Z [191ms] [Warning] [omni.platforminfo.plugin] failed to open the default display.  Can't verify X Server version.
2026-08-04T03:50:59Z [196ms] [Warning] [carb.cudainterop.plugin] CUDA_VISIBLE_DEVICES environment variable is set.
2026-08-04T03:50:59Z [196ms] [Warning] [carb.cudainterop.plugin] Note CUDA device enumeration and Omniverse device enumeration are different.
2026-08-04T03:50:59Z [196ms] [Warning] [carb.cudainterop.plugin] Setting CUDA_VISIBLE_DEVICES can lead to undesired behavior or crashes.
2026-08-04T03:51:00Z [1,774ms] [Warning] [carb.windowing-glfw.plugin] GLFW initialization failed.
2026-08-04T03:51:00Z [1,774ms] [Warning] [carb] Failed to startup plugin carb.windowing-glfw.plugin (interfaces: [carb::windowing::IGLContext v1.0],[carb::windowing::IWindowing v1.5]) (impl: carb.windowing-glfw.plugin)
2026-08-04T03:51:00Z [1,906ms] [Warning] [gpu.foundation.plugin] Skipping NVIDIA GPU due CUDA being in bad state: NVIDIA RTX 6000 Ada Generation
2026-08-04T03:51:00Z [1,906ms] [Warning] [gpu.foundation.plugin] Please restart your system if CUDA is known to work in your system.
2026-08-04T03:51:00Z [1,906ms] [Warning] [gpu.foundation.plugin] Skipping NVIDIA GPU due CUDA being in bad state: NVIDIA RTX 6000 Ada Generation
2026-08-04T03:51:00Z [1,906ms] [Warning] [gpu.foundation.plugin] Please restart your system if CUDA is known to work in your system.
2026-08-04T03:51:00Z [1,907ms] [Warning] [gpu.foundation.plugin] Skipping NVIDIA GPU due CUDA being in bad state: NVIDIA RTX 6000 Ada Generation
2026-08-04T03:51:00Z [1,907ms] [Warning] [gpu.foundation.plugin] Please restart your system if CUDA is known to work in your system.
2026-08-04T03:51:00Z [1,907ms] [Warning] [gpu.foundation.plugin] Skipping NVIDIA GPU due CUDA being in bad state: NVIDIA RTX 6000 Ada Generation
2026-08-04T03:51:00Z [1,907ms] [Warning] [gpu.foundation.plugin] Please restart your system if CUDA is known to work in your system.
2026-08-04T03:51:00Z [1,907ms] [Warning] [gpu.foundation.plugin] Skipping NVIDIA GPU due CUDA being in bad state: NVIDIA RTX 6000 Ada Generation
2026-08-04T03:51:00Z [1,907ms] [Warning] [gpu.foundation.plugin] Please restart your system if CUDA is known to work in your system.
2026-08-04T03:51:00Z [1,907ms] [Warning] [gpu.foundation.plugin] Skipping NVIDIA GPU due CUDA being in bad state: NVIDIA RTX 6000 Ada Generation
2026-08-04T03:51:00Z [1,907ms] [Warning] [gpu.foundation.plugin] Please restart your system if CUDA is known to work in your system.

|---------------------------------------------------------------------------------------------|
| Driver Version: 550.90.12     | Graphics API: Vulkan
|=============================================================================================|
| GPU | Name                             | Active | LDA | GPU Memory | Vendor-ID | LUID       |
|     |                                  |        |     |            | Device-ID | UUID       |
|     |                                  |        |     |            | Bus-ID    |            |
|---------------------------------------------------------------------------------------------|
| 0   | NVIDIA RTX 6000 Ada Generation   |        |     | 49386   MB | 10de      | 0          |
|     |                                  |        |     |            | 26b1      | df04a158.. |
|     |                                  |        |     |            | 1         |            |
|---------------------------------------------------------------------------------------------|
| 1   | NVIDIA RTX 6000 Ada Generation   |        |     | 49386   MB | 10de      | 0          |
|     |                                  |        |     |            | 26b1      | 5cfd6483.. |
|     |                                  |        |     |            | 2c        |            |
|---------------------------------------------------------------------------------------------|
| 2   | NVIDIA RTX 6000 Ada Generation   |        |     | 49386   MB | 10de      | 0          |
|     |                                  |        |     |            | 26b1      | bdb0e57d.. |
|     |                                  |        |     |            | 41        |            |
|---------------------------------------------------------------------------------------------|
| 3   | NVIDIA RTX 6000 Ada Generation   | Yes: 0 |     | 49386   MB | 10de      | 0          |
|     |                                  |        |     |            | 26b1      | 21e14e0d.. |
|     |                                  |        |     |            | 61        |            |
|=============================================================================================|
| OS: 22.04.5 LTS (Jammy Jellyfish) ubuntu, Version: 22.04.5, Kernel: 5.15.0-181-generic
| Processor: AMD Ryzen Threadripper PRO 5995WX 64-Cores
| Cores: 64 | Logical Cores: 128
|---------------------------------------------------------------------------------------------|
| Total Memory (MB): 515582 | Free Memory: 312462
| Total Page/Swap (MB): 10239 | Free Page/Swap: 7186
|---------------------------------------------------------------------------------------------|
2026-08-04T03:51:02Z [3,569ms] [Warning] [carb.windowing-glfw.plugin] GLFW initialization failed.
2026-08-04T03:51:02Z [3,569ms] [Warning] [carb] Failed to startup plugin carb.windowing-glfw.plugin (interfaces: [carb::windowing::IGLContext v1.0],[carb::windowing::IWindowing v1.5]) (impl: carb.windowing-glfw.plugin)
2026-08-04T03:51:03Z [4,018ms] [Warning] [carb.windowing-glfw.plugin] GLFW initialization failed.
2026-08-04T03:51:03Z [4,018ms] [Warning] [carb] Failed to startup plugin carb.windowing-glfw.plugin (interfaces: [carb::windowing::IGLContext v1.0],[carb::windowing::IWindowing v1.5]) (impl: carb.windowing-glfw.plugin)
2026-08-04T03:51:03Z [4,024ms] [Warning] [carb.windowing-glfw.plugin] GLFW initialization failed.
2026-08-04T03:51:03Z [4,024ms] [Warning] [carb] Failed to startup plugin carb.windowing-glfw.plugin (interfaces: [carb::windowing::IGLContext v1.0],[carb::windowing::IWindowing v1.5]) (impl: carb.windowing-glfw.plugin)
2026-08-04T03:51:03Z [4,032ms] [Warning] [carb.windowing-glfw.plugin] GLFW initialization failed.
2026-08-04T03:51:03Z [4,032ms] [Warning] [carb] Failed to startup plugin carb.windowing-glfw.plugin (interfaces: [carb::windowing::IGLContext v1.0],[carb::windowing::IWindowing v1.5]) (impl: carb.windowing-glfw.plugin)
2026-08-04T03:51:03Z [4,033ms] [Warning] [carb.windowing-glfw.plugin] GLFW initialization failed.
2026-08-04T03:51:03Z [4,033ms] [Warning] [carb] Failed to startup plugin carb.windowing-glfw.plugin (interfaces: [carb::windowing::IGLContext v1.0],[carb::windowing::IWindowing v1.5]) (impl: carb.windowing-glfw.plugin)
2026-08-04T03:51:03Z [4,034ms] [Warning] [carb.windowing-glfw.plugin] GLFW initialization failed.
2026-08-04T03:51:03Z [4,034ms] [Warning] [carb] Failed to startup plugin carb.windowing-glfw.plugin (interfaces: [carb::windowing::IGLContext v1.0],[carb::windowing::IWindowing v1.5]) (impl: carb.windowing-glfw.plugin)
2026-08-04T03:51:03Z [4,247ms] [Warning] [omni.log] Source: omni.hydra was already registered.
2026-08-04T03:51:08Z [9,179ms] [Warning] [carb] Acquiring non optional plugin interface which is not listed as dependency: [omni::physx::IPhysxBenchmarks v1.0] (plugin: <default plugin>), by client: omni.physics.physx.plugin. Add it to CARB_PLUGIN_IMPL_DEPS() macro of a client.
2026-08-04T03:51:08Z [9,540ms] [Warning] [omni.isaac.dynamic_control] omni.isaac.dynamic_control is deprecated as of Isaac Sim 4.5. No action is needed from end-users.
2026-08-04T03:52:02Z [63,306ms] [Warning] [pxr.Semantics] pxr.Semantics is deprecated - please use Semantics instead
2026-08-04T03:52:21Z [82,179ms] [Warning] [omni.graph.core.plugin] Found duplicate of category 'Replicator' - was 'Annotators', adding 'Fabric Reader'
2026-08-04T03:52:21Z [82,179ms] [Warning] [omni.graph.core.plugin] Category 'Replicator' not accepted on node type 'omni.replicator.core.FabricReader' in extension 'omni.replicator.core'
2026-08-04T03:52:21Z [82,180ms] [Warning] [omni.replicator.core.scripts.extension] No material configuration file, adding configuration to material settings directly.
2026-08-04T03:53:02Z [123,488ms] [Warning] [omni.kvdb.plugin] Disabling key-value database because another kit process is locking it
2026-08-04T03:53:32Z [153,306ms] [Warning] [omni.fabric.plugin] Warning: attribute viewportHandle not found for bucket id 7

2026-08-04T03:54:09Z [190,736ms] [Warning] [isaaclab.envs.direct_marl_env] Seed not set for the environment. The environment creation may not be deterministic.

[36m========================================================================================================[0m
[36m[1m[INFO][IsaacLab]: Logging to file: /data/howard/isaac/tmp/isaaclab/logs/isaaclab_2026-08-04_03-54-09.log[0m
[36m========================================================================================================[0m

[33m03:54:11 [simulation_context.py] WARNING: The `enable_external_forces_every_iteration` parameter in the PhysxCfg is set to False. If you are experiencing noisy velocities, consider enabling this flag. You may need to slightly increase the number of velocity iterations (setting it to 1 or 2 rather than 0), together with this flag, to improve the accuracy of velocity updates.[0m
[INFO]: Base environment:
	Environment device    : cuda:0
	Environment seed      : None
	Physics step-size     : 0.016666666666666666
	Rendering step-size   : 0.1
	Environment step-size : 0.1
[INFO]: Time taken for scene creation : 2.367764 seconds
[INFO]: Scene manager:  <class InteractiveScene>
	Number of environments: 64
	Environment spacing   : 12.0
	Source prim name      : /World/envs/env_0
	Global prim paths     : []
	Replicate physics     : True
[INFO]: Starting the simulation. This may take a few seconds. Please wait...
[INFO]: Time taken for simulation start : 8.695383 seconds
[INFO]: Completed setting up the environment...
race v8  condition=none  wire=66  trainable=4,483  executor FROZEN (runs/route_obey_v6/cont.pt)
2026-08-04T03:54:57Z [238,932ms] [Warning] [carb] Client gpu.foundation.plugin has acquired [gpu::unstable::IMemoryBudgetManagerFactory v0.1] 100 times. Consider accessing this interface with carb::getCachedInterface() (Performance warning)
[v8/none] update   1  ep   256  route_opt 0.543  succ 0.539  hazard  0.00  obey 1.000  ret   9.06  H 0.692  bad 0  SPS 766
[v8/none] update   2  ep   512  route_opt 0.504  succ 0.502  hazard  0.04  obey 1.000  ret   8.20  H 0.682  bad 0  SPS 767
[v8/none] update   3  ep   768  route_opt 0.484  succ 0.484  hazard  0.36  obey 1.000  ret   8.05  H 0.647  bad 0  SPS 768
[v8/none] update   4  ep  1024  route_opt 0.494  succ 0.494  hazard  0.32  obey 1.000  ret   8.47  H 0.613  bad 0  SPS 767
[v8/none] update   5  ep  1280  route_opt 0.516  succ 0.516  hazard  0.10  obey 1.000  ret   9.12  H 0.557  bad 0  SPS 767
[v8/none] update   6  ep  1536  route_opt 0.530  succ 0.530  hazard  0.10  obey 1.000  ret   9.21  H 0.528  bad 0  SPS 767
[v8/none] update   7  ep  1792  route_opt 0.502  succ 0.502  hazard  0.01  obey 1.000  ret   7.87  H 0.479  bad 0  SPS 767
[v8/none] update   8  ep  2048  route_opt 0.468  succ 0.468  hazard  0.01  obey 1.000  ret   7.75  H 0.451  bad 0  SPS 767
[v8/none] update   9  ep  2304  route_opt 0.464  succ 0.464  hazard  0.47  obey 1.000  ret   7.94  H 0.455  bad 0  SPS 767
[v8/none] update  10  ep  2560  route_opt 0.520  succ 0.520  hazard  0.55  obey 1.000  ret   9.80  H 0.421  bad 0  SPS 767
[v8/none] update  11  ep  2816  route_opt 0.528  succ 0.528  hazard  0.07  obey 1.000  ret   8.53  H 0.368  bad 0  SPS 767
[v8/none] update  12  ep  3072  route_opt 0.502  succ 0.502  hazard  0.36  obey 1.000  ret   8.94  H 0.309  bad 0  SPS 767
[v8/none] update  13  ep  3328  route_opt 0.494  succ 0.494  hazard  0.50  obey 1.000  ret   8.39  H 0.303  bad 0  SPS 767
[v8/none] update  14  ep  3584  route_opt 0.506  succ 0.506  hazard  0.45  obey 1.000  ret   9.49  H 0.312  bad 0  SPS 767
[v8/none] update  15  ep  3840  route_opt 0.512  succ 0.512  hazard  0.35  obey 1.000  ret   8.63  H 0.293  bad 0  SPS 766
[v8/none] update  16  ep  4096  route_opt 0.496  succ 0.496  hazard  0.04  obey 1.000  ret   8.41  H 0.267  bad 0  SPS 767
[v8/none] update  17  ep  4352  route_opt 0.506  succ 0.506  hazard  0.55  obey 1.000  ret   9.35  H 0.251  bad 0  SPS 769
[v8/none] update  18  ep  4608  route_opt 0.500  succ 0.500  hazard  1.57  obey 1.000  ret   8.27  H 0.265  bad 0  SPS 770
[v8/none] update  19  ep  4864  route_opt 0.472  succ 0.472  hazard  1.43  obey 1.000  ret   8.09  H 0.242  bad 0  SPS 771
[v8/none] update  20  ep  5121  route_opt 0.498  succ 0.498  hazard  0.61  obey 1.000  ret   9.14  H 0.236  bad 0  SPS 772
[v8/none] update  21  ep  5377  route_opt 0.514  succ 0.514  hazard  0.17  obey 1.000  ret   9.01  H 0.241  bad 0  SPS 773
[v8/none] update  22  ep  5633  route_opt 0.484  succ 0.484  hazard  0.49  obey 1.000  ret   7.90  H 0.239  bad 0  SPS 774
[v8/none] update  23  ep  5889  route_opt 0.482  succ 0.482  hazard  0.57  obey 1.000  ret   8.91  H 0.237  bad 0  SPS 775

[v8/none/seed3] FINAL (last 500 eps)  route_opt 0.488  success 0.488  hazard 0.65  obey 1.000
RACE-V8 READOUT (none): route_opt >= 0.90 and hazard <= 2.0: FAIL
saved head -> runs/race_v8/none_s3.pt
wrote run json -> runs/race_v8/none_s3.json
