[INFO][AppLauncher]: Using device: cuda:0
[INFO][AppLauncher]: Loading experience file: /data/howard/isaac/IsaacLab/apps/isaaclab.python.headless.rendering.kit
Loading user config located at: '/data/howard/isaac/envs/isaaclab/lib/python3.11/site-packages/isaacsim/kit/data/Kit/Isaac-Sim/5.1/user.config.json'
[Info] [carb] Logging to file: /data/howard/isaac/envs/isaaclab/lib/python3.11/site-packages/isaacsim/kit/logs/Kit/Isaac-Sim/5.1/kit_20260804_035012.log
2026-08-04T03:50:12Z [302ms] [Warning] [carb.windowing-glfw.plugin] GLFW initialization failed.
2026-08-04T03:50:12Z [302ms] [Warning] [carb] Failed to startup plugin carb.windowing-glfw.plugin (interfaces: [carb::windowing::IGLContext v1.0],[carb::windowing::IWindowing v1.5]) (impl: carb.windowing-glfw.plugin)
2026-08-04T03:50:12Z [371ms] [Warning] [omni.platforminfo.plugin] failed to open the default display.  Can't verify X Server version.
2026-08-04T03:50:13Z [376ms] [Warning] [carb.cudainterop.plugin] CUDA_VISIBLE_DEVICES environment variable is set.
2026-08-04T03:50:13Z [376ms] [Warning] [carb.cudainterop.plugin] Note CUDA device enumeration and Omniverse device enumeration are different.
2026-08-04T03:50:13Z [376ms] [Warning] [carb.cudainterop.plugin] Setting CUDA_VISIBLE_DEVICES can lead to undesired behavior or crashes.
2026-08-04T03:50:14Z [1,448ms] [Warning] [carb.windowing-glfw.plugin] GLFW initialization failed.
2026-08-04T03:50:14Z [1,448ms] [Warning] [carb] Failed to startup plugin carb.windowing-glfw.plugin (interfaces: [carb::windowing::IGLContext v1.0],[carb::windowing::IWindowing v1.5]) (impl: carb.windowing-glfw.plugin)
2026-08-04T03:50:14Z [1,720ms] [Warning] [gpu.foundation.plugin] Skipping NVIDIA GPU due CUDA being in bad state: NVIDIA RTX 6000 Ada Generation
2026-08-04T03:50:14Z [1,720ms] [Warning] [gpu.foundation.plugin] Please restart your system if CUDA is known to work in your system.
2026-08-04T03:50:14Z [1,720ms] [Warning] [gpu.foundation.plugin] Skipping NVIDIA GPU due CUDA being in bad state: NVIDIA RTX 6000 Ada Generation
2026-08-04T03:50:14Z [1,720ms] [Warning] [gpu.foundation.plugin] Please restart your system if CUDA is known to work in your system.
2026-08-04T03:50:14Z [1,721ms] [Warning] [gpu.foundation.plugin] Skipping NVIDIA GPU due CUDA being in bad state: NVIDIA RTX 6000 Ada Generation
2026-08-04T03:50:14Z [1,721ms] [Warning] [gpu.foundation.plugin] Please restart your system if CUDA is known to work in your system.
2026-08-04T03:50:14Z [1,721ms] [Warning] [gpu.foundation.plugin] Skipping NVIDIA GPU due CUDA being in bad state: NVIDIA RTX 6000 Ada Generation
2026-08-04T03:50:14Z [1,721ms] [Warning] [gpu.foundation.plugin] Please restart your system if CUDA is known to work in your system.
2026-08-04T03:50:14Z [1,721ms] [Warning] [gpu.foundation.plugin] Skipping NVIDIA GPU due CUDA being in bad state: NVIDIA RTX 6000 Ada Generation
2026-08-04T03:50:14Z [1,721ms] [Warning] [gpu.foundation.plugin] Please restart your system if CUDA is known to work in your system.
2026-08-04T03:50:14Z [1,721ms] [Warning] [gpu.foundation.plugin] Skipping NVIDIA GPU due CUDA being in bad state: NVIDIA RTX 6000 Ada Generation
2026-08-04T03:50:14Z [1,721ms] [Warning] [gpu.foundation.plugin] Please restart your system if CUDA is known to work in your system.

|---------------------------------------------------------------------------------------------|
| Driver Version: 550.90.12     | Graphics API: Vulkan
|=============================================================================================|
| GPU | Name                             | Active | LDA | GPU Memory | Vendor-ID | LUID       |
|     |                                  |        |     |            | Device-ID | UUID       |
|     |                                  |        |     |            | Bus-ID    |            |
|---------------------------------------------------------------------------------------------|
| 0   | NVIDIA RTX 6000 Ada Generation   |        |     | 49386   MB | 10de      | 0          |
|     |                                  |        |     |            | 26b1      | df04a158.. |
|     |                                  |        |     |            | 1         |            |
|---------------------------------------------------------------------------------------------|
| 1   | NVIDIA RTX 6000 Ada Generation   |        |     | 49386   MB | 10de      | 0          |
|     |                                  |        |     |            | 26b1      | 5cfd6483.. |
|     |                                  |        |     |            | 2c        |            |
|---------------------------------------------------------------------------------------------|
| 2   | NVIDIA RTX 6000 Ada Generation   |        |     | 49386   MB | 10de      | 0          |
|     |                                  |        |     |            | 26b1      | bdb0e57d.. |
|     |                                  |        |     |            | 41        |            |
|---------------------------------------------------------------------------------------------|
| 3   | NVIDIA RTX 6000 Ada Generation   | Yes: 0 |     | 49386   MB | 10de      | 0          |
|     |                                  |        |     |            | 26b1      | 21e14e0d.. |
|     |                                  |        |     |            | 61        |            |
|=============================================================================================|
| OS: 22.04.5 LTS (Jammy Jellyfish) ubuntu, Version: 22.04.5, Kernel: 5.15.0-181-generic
| Processor: AMD Ryzen Threadripper PRO 5995WX 64-Cores
| Cores: 64 | Logical Cores: 128
|---------------------------------------------------------------------------------------------|
| Total Memory (MB): 515582 | Free Memory: 314871
| Total Page/Swap (MB): 10239 | Free Page/Swap: 7186
|---------------------------------------------------------------------------------------------|
2026-08-04T03:50:36Z [23,626ms] [Warning] [carb.windowing-glfw.plugin] GLFW initialization failed.
2026-08-04T03:50:36Z [23,626ms] [Warning] [carb] Failed to startup plugin carb.windowing-glfw.plugin (interfaces: [carb::windowing::IGLContext v1.0],[carb::windowing::IWindowing v1.5]) (impl: carb.windowing-glfw.plugin)
2026-08-04T03:50:37Z [24,585ms] [Warning] [carb.windowing-glfw.plugin] GLFW initialization failed.
2026-08-04T03:50:37Z [24,585ms] [Warning] [carb] Failed to startup plugin carb.windowing-glfw.plugin (interfaces: [carb::windowing::IGLContext v1.0],[carb::windowing::IWindowing v1.5]) (impl: carb.windowing-glfw.plugin)
2026-08-04T03:50:37Z [24,591ms] [Warning] [carb.windowing-glfw.plugin] GLFW initialization failed.
2026-08-04T03:50:37Z [24,591ms] [Warning] [carb] Failed to startup plugin carb.windowing-glfw.plugin (interfaces: [carb::windowing::IGLContext v1.0],[carb::windowing::IWindowing v1.5]) (impl: carb.windowing-glfw.plugin)
2026-08-04T03:50:39Z [26,416ms] [Warning] [carb.windowing-glfw.plugin] GLFW initialization failed.
2026-08-04T03:50:39Z [26,416ms] [Warning] [carb] Failed to startup plugin carb.windowing-glfw.plugin (interfaces: [carb::windowing::IGLContext v1.0],[carb::windowing::IWindowing v1.5]) (impl: carb.windowing-glfw.plugin)
2026-08-04T03:50:39Z [26,417ms] [Warning] [carb.windowing-glfw.plugin] GLFW initialization failed.
2026-08-04T03:50:39Z [26,417ms] [Warning] [carb] Failed to startup plugin carb.windowing-glfw.plugin (interfaces: [carb::windowing::IGLContext v1.0],[carb::windowing::IWindowing v1.5]) (impl: carb.windowing-glfw.plugin)
2026-08-04T03:50:39Z [26,418ms] [Warning] [carb.windowing-glfw.plugin] GLFW initialization failed.
2026-08-04T03:50:39Z [26,418ms] [Warning] [carb] Failed to startup plugin carb.windowing-glfw.plugin (interfaces: [carb::windowing::IGLContext v1.0],[carb::windowing::IWindowing v1.5]) (impl: carb.windowing-glfw.plugin)
2026-08-04T03:50:50Z [37,553ms] [Warning] [omni.log] Source: omni.hydra was already registered.
2026-08-04T03:51:08Z [55,565ms] [Warning] [carb] Acquiring non optional plugin interface which is not listed as dependency: [omni::physx::IPhysxBenchmarks v1.0] (plugin: <default plugin>), by client: omni.physics.physx.plugin. Add it to CARB_PLUGIN_IMPL_DEPS() macro of a client.
2026-08-04T03:51:08Z [55,931ms] [Warning] [omni.isaac.dynamic_control] omni.isaac.dynamic_control is deprecated as of Isaac Sim 4.5. No action is needed from end-users.
2026-08-04T03:52:02Z [109,696ms] [Warning] [pxr.Semantics] pxr.Semantics is deprecated - please use Semantics instead
2026-08-04T03:52:21Z [128,572ms] [Warning] [omni.graph.core.plugin] Found duplicate of category 'Replicator' - was 'Annotators', adding 'Fabric Reader'
2026-08-04T03:52:21Z [128,573ms] [Warning] [omni.graph.core.plugin] Category 'Replicator' not accepted on node type 'omni.replicator.core.FabricReader' in extension 'omni.replicator.core'
2026-08-04T03:52:21Z [128,573ms] [Warning] [omni.replicator.core.scripts.extension] No material configuration file, adding configuration to material settings directly.
2026-08-04T03:53:02Z [169,887ms] [Warning] [omni.kvdb.plugin] Disabling key-value database because another kit process is locking it
2026-08-04T03:53:34Z [202,332ms] [Warning] [omni.fabric.plugin] Warning: attribute viewportHandle not found for bucket id 7

2026-08-04T03:54:25Z [253,190ms] [Warning] [isaaclab.envs.direct_marl_env] Seed not set for the environment. The environment creation may not be deterministic.

[36m========================================================================================================[0m
[36m[1m[INFO][IsaacLab]: Logging to file: /data/howard/isaac/tmp/isaaclab/logs/isaaclab_2026-08-04_03-54-25.log[0m
[36m========================================================================================================[0m

[33m03:54:26 [simulation_context.py] WARNING: The `enable_external_forces_every_iteration` parameter in the PhysxCfg is set to False. If you are experiencing noisy velocities, consider enabling this flag. You may need to slightly increase the number of velocity iterations (setting it to 1 or 2 rather than 0), together with this flag, to improve the accuracy of velocity updates.[0m
[INFO]: Base environment:
	Environment device    : cuda:0
	Environment seed      : None
	Physics step-size     : 0.016666666666666666
	Rendering step-size   : 0.1
	Environment step-size : 0.1
[INFO]: Time taken for scene creation : 1.489975 seconds
[INFO]: Scene manager:  <class InteractiveScene>
	Number of environments: 64
	Environment spacing   : 12.0
	Source prim name      : /World/envs/env_0
	Global prim paths     : []
	Replicate physics     : True
[INFO]: Starting the simulation. This may take a few seconds. Please wait...
[INFO]: Time taken for simulation start : 4.427513 seconds
[INFO]: Completed setting up the environment...
race v8  condition=none  wire=66  trainable=4,483  executor FROZEN (runs/route_obey_v6/cont.pt)
2026-08-04T03:54:57Z [285,326ms] [Warning] [carb] Client gpu.foundation.plugin has acquired [gpu::unstable::IMemoryBudgetManagerFactory v0.1] 100 times. Consider accessing this interface with carb::getCachedInterface() (Performance warning)
[v8/none] update   1  ep   256  route_opt 0.574  succ 0.574  hazard  0.00  obey 1.000  ret   9.87  H 0.693  bad 0  SPS 765
[v8/none] update   2  ep   512  route_opt 0.500  succ 0.500  hazard  0.00  obey 1.000  ret   7.28  H 0.693  bad 0  SPS 766
[v8/none] update   3  ep   768  route_opt 0.468  succ 0.468  hazard  0.00  obey 1.000  ret   7.72  H 0.692  bad 0  SPS 768
[v8/none] update   4  ep  1024  route_opt 0.460  succ 0.458  hazard  0.29  obey 1.000  ret   7.25  H 0.692  bad 0  SPS 768
[v8/none] update   5  ep  1280  route_opt 0.490  succ 0.488  hazard  0.38  obey 1.000  ret   8.88  H 0.691  bad 0  SPS 768
[v8/none] update   6  ep  1536  route_opt 0.526  succ 0.526  hazard  0.13  obey 1.000  ret   9.21  H 0.689  bad 0  SPS 768
[v8/none] update   7  ep  1792  route_opt 0.518  succ 0.518  hazard  0.15  obey 1.000  ret   8.09  H 0.671  bad 0  SPS 769
[v8/none] update   8  ep  2048  route_opt 0.494  succ 0.490  hazard  0.42  obey 1.000  ret   8.23  H 0.638  bad 0  SPS 769
[v8/none] update   9  ep  2304  route_opt 0.490  succ 0.486  hazard  0.75  obey 1.000  ret   8.48  H 0.591  bad 0  SPS 769
[v8/none] update  10  ep  2560  route_opt 0.490  succ 0.490  hazard  0.61  obey 1.000  ret   8.30  H 0.571  bad 0  SPS 770
[v8/none] update  11  ep  2816  route_opt 0.488  succ 0.486  hazard  0.33  obey 1.000  ret   8.09  H 0.557  bad 0  SPS 770
[v8/none] update  12  ep  3072  route_opt 0.474  succ 0.472  hazard  0.77  obey 1.000  ret   7.85  H 0.563  bad 0  SPS 770
[v8/none] update  13  ep  3328  route_opt 0.492  succ 0.492  hazard  0.58  obey 1.000  ret   8.87  H 0.586  bad 0  SPS 770
[v8/none] update  14  ep  3584  route_opt 0.510  succ 0.510  hazard  0.08  obey 1.000  ret   8.69  H 0.538  bad 0  SPS 770
[v8/none] update  15  ep  3840  route_opt 0.506  succ 0.504  hazard  0.11  obey 1.000  ret   8.86  H 0.494  bad 0  SPS 770
[v8/none] update  16  ep  4096  route_opt 0.470  succ 0.468  hazard  0.09  obey 1.000  ret   7.20  H 0.470  bad 0  SPS 771
[v8/none] update  17  ep  4352  route_opt 0.466  succ 0.466  hazard  0.03  obey 1.000  ret   8.38  H 0.438  bad 0  SPS 773
[v8/none] update  18  ep  4608  route_opt 0.490  succ 0.490  hazard  0.13  obey 1.000  ret   8.51  H 0.433  bad 0  SPS 774
[v8/none] update  19  ep  4864  route_opt 0.486  succ 0.486  hazard  0.13  obey 1.000  ret   8.09  H 0.432  bad 0  SPS 775
[v8/none] update  20  ep  5120  route_opt 0.478  succ 0.478  hazard  0.03  obey 1.000  ret   8.17  H 0.419  bad 0  SPS 776
[v8/none] update  21  ep  5376  route_opt 0.502  succ 0.502  hazard  0.16  obey 1.000  ret   9.36  H 0.387  bad 0  SPS 777
[v8/none] update  22  ep  5632  route_opt 0.514  succ 0.514  hazard  0.57  obey 1.000  ret   8.64  H 0.377  bad 0  SPS 776
[v8/none] update  23  ep  5888  route_opt 0.502  succ 0.502  hazard  0.49  obey 1.000  ret   8.79  H 0.375  bad 0  SPS 777

[v8/none/seed2] FINAL (last 500 eps)  route_opt 0.494  success 0.494  hazard 0.06  obey 1.000
RACE-V8 READOUT (none): route_opt >= 0.90 and hazard <= 2.0: FAIL
saved head -> runs/race_v8/none_s2.pt
wrote run json -> runs/race_v8/none_s2.json
