[INFO][AppLauncher]: Using device: cuda:0
[INFO][AppLauncher]: Loading experience file: /data/howard/isaac/IsaacLab/apps/isaaclab.python.headless.rendering.kit
Loading user config located at: '/data/howard/isaac/envs/isaaclab/lib/python3.11/site-packages/isaacsim/kit/data/Kit/Isaac-Sim/5.1/user.config.json'
[Info] [carb] Logging to file: /data/howard/isaac/envs/isaaclab/lib/python3.11/site-packages/isaacsim/kit/logs/Kit/Isaac-Sim/5.1/kit_20260804_024206.log
2026-08-04T02:42:06Z [139ms] [Warning] [carb.windowing-glfw.plugin] GLFW initialization failed.
2026-08-04T02:42:06Z [139ms] [Warning] [carb] Failed to startup plugin carb.windowing-glfw.plugin (interfaces: [carb::windowing::IGLContext v1.0],[carb::windowing::IWindowing v1.5]) (impl: carb.windowing-glfw.plugin)
2026-08-04T02:42:06Z [184ms] [Warning] [omni.platforminfo.plugin] failed to open the default display.  Can't verify X Server version.
2026-08-04T02:42:06Z [189ms] [Warning] [carb.cudainterop.plugin] CUDA_VISIBLE_DEVICES environment variable is set.
2026-08-04T02:42:06Z [190ms] [Warning] [carb.cudainterop.plugin] Note CUDA device enumeration and Omniverse device enumeration are different.
2026-08-04T02:42:06Z [190ms] [Warning] [carb.cudainterop.plugin] Setting CUDA_VISIBLE_DEVICES can lead to undesired behavior or crashes.
2026-08-04T02:42:06Z [445ms] [Warning] [carb.windowing-glfw.plugin] GLFW initialization failed.
2026-08-04T02:42:06Z [445ms] [Warning] [carb] Failed to startup plugin carb.windowing-glfw.plugin (interfaces: [carb::windowing::IGLContext v1.0],[carb::windowing::IWindowing v1.5]) (impl: carb.windowing-glfw.plugin)
2026-08-04T02:42:07Z [821ms] [Warning] [gpu.foundation.plugin] Skipping NVIDIA GPU due CUDA being in bad state: NVIDIA RTX 6000 Ada Generation
2026-08-04T02:42:07Z [821ms] [Warning] [gpu.foundation.plugin] Please restart your system if CUDA is known to work in your system.
2026-08-04T02:42:07Z [829ms] [Warning] [gpu.foundation.plugin] Skipping NVIDIA GPU due CUDA being in bad state: NVIDIA RTX 6000 Ada Generation
2026-08-04T02:42:07Z [829ms] [Warning] [gpu.foundation.plugin] Please restart your system if CUDA is known to work in your system.
2026-08-04T02:42:07Z [840ms] [Warning] [gpu.foundation.plugin] Skipping NVIDIA GPU due CUDA being in bad state: NVIDIA RTX 6000 Ada Generation
2026-08-04T02:42:07Z [840ms] [Warning] [gpu.foundation.plugin] Please restart your system if CUDA is known to work in your system.
2026-08-04T02:42:07Z [845ms] [Warning] [gpu.foundation.plugin] Skipping NVIDIA GPU due CUDA being in bad state: NVIDIA RTX 6000 Ada Generation
2026-08-04T02:42:07Z [845ms] [Warning] [gpu.foundation.plugin] Please restart your system if CUDA is known to work in your system.
2026-08-04T02:42:07Z [845ms] [Warning] [gpu.foundation.plugin] Skipping NVIDIA GPU due CUDA being in bad state: NVIDIA RTX 6000 Ada Generation
2026-08-04T02:42:07Z [845ms] [Warning] [gpu.foundation.plugin] Please restart your system if CUDA is known to work in your system.
2026-08-04T02:42:07Z [845ms] [Warning] [gpu.foundation.plugin] Skipping NVIDIA GPU due CUDA being in bad state: NVIDIA RTX 6000 Ada Generation
2026-08-04T02:42:07Z [845ms] [Warning] [gpu.foundation.plugin] Please restart your system if CUDA is known to work in your system.

|---------------------------------------------------------------------------------------------|
| Driver Version: 550.90.12     | Graphics API: Vulkan
|=============================================================================================|
| GPU | Name                             | Active | LDA | GPU Memory | Vendor-ID | LUID       |
|     |                                  |        |     |            | Device-ID | UUID       |
|     |                                  |        |     |            | Bus-ID    |            |
|---------------------------------------------------------------------------------------------|
| 0   | NVIDIA RTX 6000 Ada Generation   |        |     | 49386   MB | 10de      | 0          |
|     |                                  |        |     |            | 26b1      | df04a158.. |
|     |                                  |        |     |            | 1         |            |
|---------------------------------------------------------------------------------------------|
| 1   | NVIDIA RTX 6000 Ada Generation   |        |     | 49386   MB | 10de      | 0          |
|     |                                  |        |     |            | 26b1      | 5cfd6483.. |
|     |                                  |        |     |            | 2c        |            |
|---------------------------------------------------------------------------------------------|
| 2   | NVIDIA RTX 6000 Ada Generation   |        |     | 49386   MB | 10de      | 0          |
|     |                                  |        |     |            | 26b1      | bdb0e57d.. |
|     |                                  |        |     |            | 41        |            |
|---------------------------------------------------------------------------------------------|
| 3   | NVIDIA RTX 6000 Ada Generation   | Yes: 0 |     | 49386   MB | 10de      | 0          |
|     |                                  |        |     |            | 26b1      | 21e14e0d.. |
|     |                                  |        |     |            | 61        |            |
|=============================================================================================|
| OS: 22.04.5 LTS (Jammy Jellyfish) ubuntu, Version: 22.04.5, Kernel: 5.15.0-181-generic
| Processor: AMD Ryzen Threadripper PRO 5995WX 64-Cores
| Cores: 64 | Logical Cores: 128
|---------------------------------------------------------------------------------------------|
| Total Memory (MB): 515582 | Free Memory: 313379
| Total Page/Swap (MB): 10239 | Free Page/Swap: 7303
|---------------------------------------------------------------------------------------------|
2026-08-04T02:42:08Z [2,099ms] [Warning] [carb.windowing-glfw.plugin] GLFW initialization failed.
2026-08-04T02:42:08Z [2,099ms] [Warning] [carb] Failed to startup plugin carb.windowing-glfw.plugin (interfaces: [carb::windowing::IGLContext v1.0],[carb::windowing::IWindowing v1.5]) (impl: carb.windowing-glfw.plugin)
2026-08-04T02:42:08Z [2,108ms] [Warning] [carb.windowing-glfw.plugin] GLFW initialization failed.
2026-08-04T02:42:08Z [2,108ms] [Warning] [carb] Failed to startup plugin carb.windowing-glfw.plugin (interfaces: [carb::windowing::IGLContext v1.0],[carb::windowing::IWindowing v1.5]) (impl: carb.windowing-glfw.plugin)
2026-08-04T02:42:08Z [2,114ms] [Warning] [carb.windowing-glfw.plugin] GLFW initialization failed.
2026-08-04T02:42:08Z [2,114ms] [Warning] [carb] Failed to startup plugin carb.windowing-glfw.plugin (interfaces: [carb::windowing::IGLContext v1.0],[carb::windowing::IWindowing v1.5]) (impl: carb.windowing-glfw.plugin)
2026-08-04T02:42:08Z [2,122ms] [Warning] [carb.windowing-glfw.plugin] GLFW initialization failed.
2026-08-04T02:42:08Z [2,122ms] [Warning] [carb] Failed to startup plugin carb.windowing-glfw.plugin (interfaces: [carb::windowing::IGLContext v1.0],[carb::windowing::IWindowing v1.5]) (impl: carb.windowing-glfw.plugin)
2026-08-04T02:42:08Z [2,123ms] [Warning] [carb.windowing-glfw.plugin] GLFW initialization failed.
2026-08-04T02:42:08Z [2,123ms] [Warning] [carb] Failed to startup plugin carb.windowing-glfw.plugin (interfaces: [carb::windowing::IGLContext v1.0],[carb::windowing::IWindowing v1.5]) (impl: carb.windowing-glfw.plugin)
2026-08-04T02:42:08Z [2,123ms] [Warning] [carb.windowing-glfw.plugin] GLFW initialization failed.
2026-08-04T02:42:08Z [2,123ms] [Warning] [carb] Failed to startup plugin carb.windowing-glfw.plugin (interfaces: [carb::windowing::IGLContext v1.0],[carb::windowing::IWindowing v1.5]) (impl: carb.windowing-glfw.plugin)
2026-08-04T02:42:08Z [2,314ms] [Warning] [omni.log] Source: omni.hydra was already registered.
2026-08-04T02:42:09Z [2,762ms] [Warning] [carb] Acquiring non optional plugin interface which is not listed as dependency: [omni::physx::IPhysxBenchmarks v1.0] (plugin: <default plugin>), by client: omni.physics.physx.plugin. Add it to CARB_PLUGIN_IMPL_DEPS() macro of a client.
2026-08-04T02:42:09Z [2,773ms] [Warning] [omni.isaac.dynamic_control] omni.isaac.dynamic_control is deprecated as of Isaac Sim 4.5. No action is needed from end-users.
2026-08-04T02:42:15Z [9,298ms] [Warning] [pxr.Semantics] pxr.Semantics is deprecated - please use Semantics instead
2026-08-04T02:42:15Z [9,421ms] [Warning] [omni.graph.core.plugin] Found duplicate of category 'Replicator' - was 'Annotators', adding 'Fabric Reader'
2026-08-04T02:42:15Z [9,421ms] [Warning] [omni.graph.core.plugin] Category 'Replicator' not accepted on node type 'omni.replicator.core.FabricReader' in extension 'omni.replicator.core'
2026-08-04T02:42:15Z [9,421ms] [Warning] [omni.replicator.core.scripts.extension] No material configuration file, adding configuration to material settings directly.
2026-08-04T02:42:24Z [17,791ms] [Warning] [omni.fabric.plugin] Warning: attribute viewportHandle not found for bucket id 7

2026-08-04T02:42:24Z [18,321ms] [Warning] [isaaclab.envs.direct_marl_env] Seed not set for the environment. The environment creation may not be deterministic.

[36m========================================================================================================[0m
[36m[1m[INFO][IsaacLab]: Logging to file: /data/howard/isaac/tmp/isaaclab/logs/isaaclab_2026-08-04_02-42-24.log[0m
[36m========================================================================================================[0m

[33m02:42:24 [simulation_context.py] WARNING: The `enable_external_forces_every_iteration` parameter in the PhysxCfg is set to False. If you are experiencing noisy velocities, consider enabling this flag. You may need to slightly increase the number of velocity iterations (setting it to 1 or 2 rather than 0), together with this flag, to improve the accuracy of velocity updates.[0m
[INFO]: Base environment:
	Environment device    : cuda:0
	Environment seed      : None
	Physics step-size     : 0.016666666666666666
	Rendering step-size   : 0.1
	Environment step-size : 0.1
[INFO]: Time taken for scene creation : 1.440134 seconds
[INFO]: Scene manager:  <class InteractiveScene>
	Number of environments: 64
	Environment spacing   : 12.0
	Source prim name      : /World/envs/env_0
	Global prim paths     : []
	Replicate physics     : True
[INFO]: Starting the simulation. This may take a few seconds. Please wait...
[INFO]: Time taken for simulation start : 3.534995 seconds
[INFO]: Completed setting up the environment...
race v8  condition=none  wire=66  trainable=4,483  executor FROZEN (runs/route_obey_v6/cont.pt)
2026-08-04T02:42:33Z [27,428ms] [Warning] [carb] Client gpu.foundation.plugin has acquired [gpu::unstable::IMemoryBudgetManagerFactory v0.1] 100 times. Consider accessing this interface with carb::getCachedInterface() (Performance warning)
[v8/none] update   1  ep   256  route_opt 0.582  succ 0.582  hazard  0.00  obey 1.000  ret  10.09  H 0.692  bad 0  SPS 1229
[v8/none] update   2  ep   512  route_opt 0.532  succ 0.532  hazard  0.00  obey 1.000  ret   8.38  H 0.676  bad 0  SPS 1219
[v8/none] update   3  ep   768  route_opt 0.526  succ 0.526  hazard  0.00  obey 1.000  ret   9.30  H 0.643  bad 0  SPS 1214
[v8/none] update   4  ep  1024  route_opt 0.510  succ 0.510  hazard  0.00  obey 1.000  ret   8.06  H 0.600  bad 0  SPS 1215
[v8/none] update   5  ep  1280  route_opt 0.486  succ 0.486  hazard  0.00  obey 1.000  ret   8.31  H 0.551  bad 0  SPS 1215
[v8/none] update   6  ep  1536  route_opt 0.478  succ 0.476  hazard  0.57  obey 1.000  ret   7.87  H 0.520  bad 0  SPS 1217
[v8/none] update   7  ep  1792  route_opt 0.492  succ 0.488  hazard  0.57  obey 1.000  ret   8.83  H 0.527  bad 0  SPS 1219
[v8/none] update   8  ep  2048  route_opt 0.520  succ 0.516  hazard  0.08  obey 1.000  ret   8.73  H 0.476  bad 0  SPS 1221
[v8/none] update   9  ep  2304  route_opt 0.514  succ 0.510  hazard  0.08  obey 1.000  ret   8.81  H 0.497  bad 0  SPS 1223
[v8/none] update  10  ep  2560  route_opt 0.490  succ 0.488  hazard  0.27  obey 1.000  ret   7.85  H 0.430  bad 0  SPS 1222
[v8/none] update  11  ep  2816  route_opt 0.496  succ 0.494  hazard  0.27  obey 1.000  ret   9.09  H 0.428  bad 0  SPS 1221
[v8/none] update  12  ep  3072  route_opt 0.494  succ 0.492  hazard  0.22  obey 1.000  ret   8.06  H 0.450  bad 0  SPS 1222
[v8/none] update  13  ep  3328  route_opt 0.474  succ 0.474  hazard  0.44  obey 1.000  ret   8.38  H 0.389  bad 0  SPS 1219
[v8/none] update  14  ep  3584  route_opt 0.504  succ 0.504  hazard  0.10  obey 1.000  ret   8.88  H 0.390  bad 0  SPS 1219
[v8/none] update  15  ep  3840  route_opt 0.528  succ 0.528  hazard  0.14  obey 1.000  ret  10.11  H 0.352  bad 0  SPS 1218
[v8/none] update  16  ep  4096  route_opt 0.538  succ 0.536  hazard  0.17  obey 1.000  ret   8.90  H 0.383  bad 0  SPS 1218
[v8/none] update  17  ep  4352  route_opt 0.488  succ 0.486  hazard  0.17  obey 1.000  ret   7.91  H 0.287  bad 0  SPS 1218
[v8/none] update  18  ep  4608  route_opt 0.488  succ 0.488  hazard  0.04  obey 1.000  ret   8.74  H 0.314  bad 0  SPS 1218
[v8/none] update  19  ep  4864  route_opt 0.486  succ 0.486  hazard  0.04  obey 1.000  ret   8.17  H 0.262  bad 0  SPS 1219
[v8/none] update  20  ep  5120  route_opt 0.496  succ 0.494  hazard  0.00  obey 1.000  ret   8.86  H 0.238  bad 0  SPS 1219
[v8/none] update  21  ep  5376  route_opt 0.502  succ 0.500  hazard  0.92  obey 1.000  ret   8.61  H 0.277  bad 0  SPS 1219
[v8/none] update  22  ep  5632  route_opt 0.512  succ 0.510  hazard  1.51  obey 1.000  ret   9.42  H 0.306  bad 0  SPS 1218
[v8/none] update  23  ep  5888  route_opt 0.542  succ 0.540  hazard  0.58  obey 1.000  ret   9.88  H 0.338  bad 0  SPS 1219

[v8/none/seed1] FINAL (last 500 eps)  route_opt 0.518  success 0.516  hazard 0.48  obey 1.000
RACE-V8 READOUT (none): route_opt >= 0.90 and hazard <= 2.0: FAIL
saved head -> runs/race_v8/none.pt
wrote run json -> runs/race_v8/none.json
