[INFO][AppLauncher]: Using device: cuda:0
[INFO][AppLauncher]: Loading experience file: /data/howard/isaac/IsaacLab/apps/isaaclab.python.headless.rendering.kit
Loading user config located at: '/data/howard/isaac/envs/isaaclab/lib/python3.11/site-packages/isaacsim/kit/data/Kit/Isaac-Sim/5.1/user.config.json'
[Info] [carb] Logging to file: /data/howard/isaac/envs/isaaclab/lib/python3.11/site-packages/isaacsim/kit/logs/Kit/Isaac-Sim/5.1/kit_20260804_035012.log
2026-08-04T03:50:12Z [143ms] [Warning] [carb.windowing-glfw.plugin] GLFW initialization failed.
2026-08-04T03:50:12Z [143ms] [Warning] [carb] Failed to startup plugin carb.windowing-glfw.plugin (interfaces: [carb::windowing::IGLContext v1.0],[carb::windowing::IWindowing v1.5]) (impl: carb.windowing-glfw.plugin)
2026-08-04T03:50:12Z [208ms] [Warning] [omni.platforminfo.plugin] failed to open the default display.  Can't verify X Server version.
2026-08-04T03:50:12Z [214ms] [Warning] [carb.cudainterop.plugin] CUDA_VISIBLE_DEVICES environment variable is set.
2026-08-04T03:50:12Z [214ms] [Warning] [carb.cudainterop.plugin] Note CUDA device enumeration and Omniverse device enumeration are different.
2026-08-04T03:50:12Z [214ms] [Warning] [carb.cudainterop.plugin] Setting CUDA_VISIBLE_DEVICES can lead to undesired behavior or crashes.
2026-08-04T03:50:13Z [1,218ms] [Warning] [carb.windowing-glfw.plugin] GLFW initialization failed.
2026-08-04T03:50:13Z [1,218ms] [Warning] [carb] Failed to startup plugin carb.windowing-glfw.plugin (interfaces: [carb::windowing::IGLContext v1.0],[carb::windowing::IWindowing v1.5]) (impl: carb.windowing-glfw.plugin)
2026-08-04T03:50:13Z [1,470ms] [Warning] [gpu.foundation.plugin] Skipping NVIDIA GPU due CUDA being in bad state: NVIDIA RTX 6000 Ada Generation
2026-08-04T03:50:13Z [1,470ms] [Warning] [gpu.foundation.plugin] Please restart your system if CUDA is known to work in your system.
2026-08-04T03:50:13Z [1,470ms] [Warning] [gpu.foundation.plugin] Skipping NVIDIA GPU due CUDA being in bad state: NVIDIA RTX 6000 Ada Generation
2026-08-04T03:50:13Z [1,470ms] [Warning] [gpu.foundation.plugin] Please restart your system if CUDA is known to work in your system.
2026-08-04T03:50:13Z [1,470ms] [Warning] [gpu.foundation.plugin] Skipping NVIDIA GPU due CUDA being in bad state: NVIDIA RTX 6000 Ada Generation
2026-08-04T03:50:13Z [1,470ms] [Warning] [gpu.foundation.plugin] Please restart your system if CUDA is known to work in your system.
2026-08-04T03:50:13Z [1,471ms] [Warning] [gpu.foundation.plugin] Skipping NVIDIA GPU due CUDA being in bad state: NVIDIA RTX 6000 Ada Generation
2026-08-04T03:50:13Z [1,471ms] [Warning] [gpu.foundation.plugin] Please restart your system if CUDA is known to work in your system.
2026-08-04T03:50:13Z [1,471ms] [Warning] [gpu.foundation.plugin] Skipping NVIDIA GPU due CUDA being in bad state: NVIDIA RTX 6000 Ada Generation
2026-08-04T03:50:13Z [1,471ms] [Warning] [gpu.foundation.plugin] Please restart your system if CUDA is known to work in your system.
2026-08-04T03:50:13Z [1,471ms] [Warning] [gpu.foundation.plugin] Skipping NVIDIA GPU due CUDA being in bad state: NVIDIA RTX 6000 Ada Generation
2026-08-04T03:50:13Z [1,471ms] [Warning] [gpu.foundation.plugin] Please restart your system if CUDA is known to work in your system.

|---------------------------------------------------------------------------------------------|
| Driver Version: 550.90.12     | Graphics API: Vulkan
|=============================================================================================|
| GPU | Name                             | Active | LDA | GPU Memory | Vendor-ID | LUID       |
|     |                                  |        |     |            | Device-ID | UUID       |
|     |                                  |        |     |            | Bus-ID    |            |
|---------------------------------------------------------------------------------------------|
| 0   | NVIDIA RTX 6000 Ada Generation   |        |     | 49386   MB | 10de      | 0          |
|     |                                  |        |     |            | 26b1      | df04a158.. |
|     |                                  |        |     |            | 1         |            |
|---------------------------------------------------------------------------------------------|
| 1   | NVIDIA RTX 6000 Ada Generation   | Yes: 0 |     | 49386   MB | 10de      | 0          |
|     |                                  |        |     |            | 26b1      | 5cfd6483.. |
|     |                                  |        |     |            | 2c        |            |
|---------------------------------------------------------------------------------------------|
| 2   | NVIDIA RTX 6000 Ada Generation   |        |     | 49386   MB | 10de      | 0          |
|     |                                  |        |     |            | 26b1      | bdb0e57d.. |
|     |                                  |        |     |            | 41        |            |
|---------------------------------------------------------------------------------------------|
| 3   | NVIDIA RTX 6000 Ada Generation   |        |     | 49386   MB | 10de      | 0          |
|     |                                  |        |     |            | 26b1      | 21e14e0d.. |
|     |                                  |        |     |            | 61        |            |
|=============================================================================================|
| OS: 22.04.5 LTS (Jammy Jellyfish) ubuntu, Version: 22.04.5, Kernel: 5.15.0-181-generic
| Processor: AMD Ryzen Threadripper PRO 5995WX 64-Cores
| Cores: 64 | Logical Cores: 128
|---------------------------------------------------------------------------------------------|
| Total Memory (MB): 515582 | Free Memory: 315751
| Total Page/Swap (MB): 10239 | Free Page/Swap: 7186
|---------------------------------------------------------------------------------------------|
2026-08-04T03:50:36Z [23,829ms] [Warning] [carb.windowing-glfw.plugin] GLFW initialization failed.
2026-08-04T03:50:36Z [23,830ms] [Warning] [carb] Failed to startup plugin carb.windowing-glfw.plugin (interfaces: [carb::windowing::IGLContext v1.0],[carb::windowing::IWindowing v1.5]) (impl: carb.windowing-glfw.plugin)
2026-08-04T03:50:37Z [25,044ms] [Warning] [carb.windowing-glfw.plugin] GLFW initialization failed.
2026-08-04T03:50:37Z [25,044ms] [Warning] [carb] Failed to startup plugin carb.windowing-glfw.plugin (interfaces: [carb::windowing::IGLContext v1.0],[carb::windowing::IWindowing v1.5]) (impl: carb.windowing-glfw.plugin)
2026-08-04T03:50:37Z [25,051ms] [Warning] [carb.windowing-glfw.plugin] GLFW initialization failed.
2026-08-04T03:50:37Z [25,051ms] [Warning] [carb] Failed to startup plugin carb.windowing-glfw.plugin (interfaces: [carb::windowing::IGLContext v1.0],[carb::windowing::IWindowing v1.5]) (impl: carb.windowing-glfw.plugin)
2026-08-04T03:50:39Z [26,620ms] [Warning] [carb.windowing-glfw.plugin] GLFW initialization failed.
2026-08-04T03:50:39Z [26,620ms] [Warning] [carb] Failed to startup plugin carb.windowing-glfw.plugin (interfaces: [carb::windowing::IGLContext v1.0],[carb::windowing::IWindowing v1.5]) (impl: carb.windowing-glfw.plugin)
2026-08-04T03:50:39Z [26,622ms] [Warning] [carb.windowing-glfw.plugin] GLFW initialization failed.
2026-08-04T03:50:39Z [26,622ms] [Warning] [carb] Failed to startup plugin carb.windowing-glfw.plugin (interfaces: [carb::windowing::IGLContext v1.0],[carb::windowing::IWindowing v1.5]) (impl: carb.windowing-glfw.plugin)
2026-08-04T03:50:39Z [26,623ms] [Warning] [carb.windowing-glfw.plugin] GLFW initialization failed.
2026-08-04T03:50:39Z [26,623ms] [Warning] [carb] Failed to startup plugin carb.windowing-glfw.plugin (interfaces: [carb::windowing::IGLContext v1.0],[carb::windowing::IWindowing v1.5]) (impl: carb.windowing-glfw.plugin)
2026-08-04T03:50:50Z [37,757ms] [Warning] [omni.log] Source: omni.hydra was already registered.
2026-08-04T03:51:08Z [55,769ms] [Warning] [carb] Acquiring non optional plugin interface which is not listed as dependency: [omni::physx::IPhysxBenchmarks v1.0] (plugin: <default plugin>), by client: omni.physics.physx.plugin. Add it to CARB_PLUGIN_IMPL_DEPS() macro of a client.
2026-08-04T03:51:08Z [56,134ms] [Warning] [omni.isaac.dynamic_control] omni.isaac.dynamic_control is deprecated as of Isaac Sim 4.5. No action is needed from end-users.
2026-08-04T03:52:02Z [109,900ms] [Warning] [pxr.Semantics] pxr.Semantics is deprecated - please use Semantics instead
2026-08-04T03:52:21Z [128,777ms] [Warning] [omni.graph.core.plugin] Found duplicate of category 'Replicator' - was 'Annotators', adding 'Fabric Reader'
2026-08-04T03:52:21Z [128,777ms] [Warning] [omni.graph.core.plugin] Category 'Replicator' not accepted on node type 'omni.replicator.core.FabricReader' in extension 'omni.replicator.core'
2026-08-04T03:52:21Z [128,778ms] [Warning] [omni.replicator.core.scripts.extension] No material configuration file, adding configuration to material settings directly.
2026-08-04T03:53:02Z [170,089ms] [Warning] [omni.kvdb.plugin] Disabling key-value database because another kit process is locking it
2026-08-04T03:53:32Z [199,898ms] [Warning] [omni.fabric.plugin] Warning: attribute viewportHandle not found for bucket id 7

2026-08-04T03:54:17Z [244,956ms] [Warning] [isaaclab.envs.direct_marl_env] Seed not set for the environment. The environment creation may not be deterministic.

[36m========================================================================================================[0m
[36m[1m[INFO][IsaacLab]: Logging to file: /data/howard/isaac/tmp/isaaclab/logs/isaaclab_2026-08-04_03-54-17.log[0m
[36m========================================================================================================[0m

[33m03:54:18 [simulation_context.py] WARNING: The `enable_external_forces_every_iteration` parameter in the PhysxCfg is set to False. If you are experiencing noisy velocities, consider enabling this flag. You may need to slightly increase the number of velocity iterations (setting it to 1 or 2 rather than 0), together with this flag, to improve the accuracy of velocity updates.[0m
[INFO]: Base environment:
	Environment device    : cuda:0
	Environment seed      : None
	Physics step-size     : 0.016666666666666666
	Rendering step-size   : 0.1
	Environment step-size : 0.1
[INFO]: Time taken for scene creation : 1.360365 seconds
[INFO]: Scene manager:  <class InteractiveScene>
	Number of environments: 64
	Environment spacing   : 12.0
	Source prim name      : /World/envs/env_0
	Global prim paths     : []
	Replicate physics     : True
[INFO]: Starting the simulation. This may take a few seconds. Please wait...
[INFO]: Time taken for simulation start : 6.454892 seconds
[INFO]: Completed setting up the environment...
race v8  condition=oracle  wire=66  trainable=4,483  executor FROZEN (runs/route_obey_v6/cont.pt)
2026-08-04T03:54:59Z [286,782ms] [Warning] [carb] Client gpu.foundation.plugin has acquired [gpu::unstable::IMemoryBudgetManagerFactory v0.1] 100 times. Consider accessing this interface with carb::getCachedInterface() (Performance warning)
[v8/oracle] update   1  ep   260  route_opt 0.554  succ 0.554  hazard  0.00  obey 1.000  ret   9.41  H 0.691  bad 0  SPS 749
[v8/oracle] update   2  ep   516  route_opt 0.528  succ 0.528  hazard  0.00  obey 1.000  ret   8.86  H 0.674  bad 0  SPS 758
[v8/oracle] update   3  ep   772  route_opt 0.570  succ 0.568  hazard  0.00  obey 1.000  ret  10.53  H 0.629  bad 0  SPS 758
[v8/oracle] update   4  ep  1028  route_opt 0.686  succ 0.682  hazard  0.00  obey 1.000  ret  13.29  H 0.566  bad 0  SPS 758
[v8/oracle] update   5  ep  1285  route_opt 0.734  succ 0.730  hazard  0.00  obey 1.000  ret  12.56  H 0.501  bad 0  SPS 757
[v8/oracle] update   6  ep  1541  route_opt 0.762  succ 0.758  hazard  0.00  obey 1.000  ret  14.52  H 0.433  bad 0  SPS 756
[v8/oracle] update   7  ep  1797  route_opt 0.832  succ 0.828  hazard  0.00  obey 1.000  ret  15.74  H 0.374  bad 0  SPS 755
[v8/oracle] update   8  ep  2053  route_opt 0.870  succ 0.866  hazard  0.00  obey 1.000  ret  15.97  H 0.334  bad 0  SPS 754
[v8/oracle] update   9  ep  2309  route_opt 0.894  succ 0.890  hazard  0.00  obey 1.000  ret  16.90  H 0.291  bad 0  SPS 753
[v8/oracle] update  10  ep  2565  route_opt 0.910  succ 0.908  hazard  0.03  obey 1.000  ret  16.68  H 0.268  bad 0  SPS 751
[v8/oracle] update  11  ep  2821  route_opt 0.926  succ 0.926  hazard  0.03  obey 1.000  ret  17.48  H 0.229  bad 0  SPS 751
[v8/oracle] update  12  ep  3078  route_opt 0.950  succ 0.948  hazard  0.05  obey 1.000  ret  17.64  H 0.213  bad 0  SPS 749
[v8/oracle] update  13  ep  3334  route_opt 0.958  succ 0.952  hazard  0.05  obey 1.000  ret  17.59  H 0.187  bad 0  SPS 749
[v8/oracle] update  14  ep  3590  route_opt 0.954  succ 0.944  hazard  0.00  obey 1.000  ret  17.45  H 0.164  bad 0  SPS 748
[v8/oracle] update  15  ep  3846  route_opt 0.958  succ 0.948  hazard  0.00  obey 1.000  ret  17.58  H 0.147  bad 0  SPS 747
[v8/oracle] update  16  ep  4102  route_opt 0.968  succ 0.960  hazard  0.05  obey 1.000  ret  18.04  H 0.131  bad 0  SPS 746
[v8/oracle] update  17  ep  4359  route_opt 0.976  succ 0.970  hazard  0.05  obey 1.000  ret  17.78  H 0.121  bad 0  SPS 746
[v8/oracle] update  18  ep  4615  route_opt 0.978  succ 0.974  hazard  0.00  obey 1.000  ret  18.24  H 0.105  bad 0  SPS 745
[v8/oracle] update  19  ep  4872  route_opt 0.986  succ 0.984  hazard  0.00  obey 1.000  ret  18.32  H 0.097  bad 0  SPS 744
[v8/oracle] update  20  ep  5128  route_opt 0.982  succ 0.982  hazard  0.00  obey 1.000  ret  18.09  H 0.088  bad 0  SPS 744
[v8/oracle] update  21  ep  5384  route_opt 0.978  succ 0.978  hazard  0.00  obey 1.000  ret  18.24  H 0.082  bad 0  SPS 743
[v8/oracle] update  22  ep  5641  route_opt 0.988  succ 0.982  hazard  0.00  obey 1.000  ret  18.27  H 0.077  bad 0  SPS 743
[v8/oracle] update  23  ep  5897  route_opt 0.992  succ 0.982  hazard  0.00  obey 1.000  ret  18.13  H 0.076  bad 0  SPS 748

[v8/oracle/seed2] FINAL (last 500 eps)  route_opt 0.990  success 0.982  hazard 0.00  obey 1.000
RACE-V8 READOUT (oracle): route_opt >= 0.90 and hazard <= 2.0: PASS
saved head -> runs/race_v8/oracle_s2.pt
wrote run json -> runs/race_v8/oracle_s2.json
