[INFO][AppLauncher]: Using device: cuda:0
[INFO][AppLauncher]: Loading experience file: /data/howard/isaac/IsaacLab/apps/isaaclab.python.headless.rendering.kit
Loading user config located at: '/data/howard/isaac/envs/isaaclab/lib/python3.11/site-packages/isaacsim/kit/data/Kit/Isaac-Sim/5.1/user.config.json'
[Info] [carb] Logging to file: /data/howard/isaac/envs/isaaclab/lib/python3.11/site-packages/isaacsim/kit/logs/Kit/Isaac-Sim/5.1/kit_20260804_030702.log
2026-08-04T03:07:03Z [1,160ms] [Warning] [carb.windowing-glfw.plugin] GLFW initialization failed.
2026-08-04T03:07:03Z [1,160ms] [Warning] [carb] Failed to startup plugin carb.windowing-glfw.plugin (interfaces: [carb::windowing::IGLContext v1.0],[carb::windowing::IWindowing v1.5]) (impl: carb.windowing-glfw.plugin)
2026-08-04T03:07:03Z [1,231ms] [Warning] [omni.platforminfo.plugin] failed to open the default display.  Can't verify X Server version.
2026-08-04T03:07:03Z [1,232ms] [Warning] [carb.cudainterop.plugin] CUDA_VISIBLE_DEVICES environment variable is set.
2026-08-04T03:07:03Z [1,232ms] [Warning] [carb.cudainterop.plugin] Note CUDA device enumeration and Omniverse device enumeration are different.
2026-08-04T03:07:03Z [1,232ms] [Warning] [carb.cudainterop.plugin] Setting CUDA_VISIBLE_DEVICES can lead to undesired behavior or crashes.
2026-08-04T03:07:04Z [1,911ms] [Warning] [carb.windowing-glfw.plugin] GLFW initialization failed.
2026-08-04T03:07:04Z [1,911ms] [Warning] [carb] Failed to startup plugin carb.windowing-glfw.plugin (interfaces: [carb::windowing::IGLContext v1.0],[carb::windowing::IWindowing v1.5]) (impl: carb.windowing-glfw.plugin)
2026-08-04T03:07:04Z [2,342ms] [Warning] [gpu.foundation.plugin] Skipping NVIDIA GPU due CUDA being in bad state: NVIDIA RTX 6000 Ada Generation
2026-08-04T03:07:04Z [2,342ms] [Warning] [gpu.foundation.plugin] Please restart your system if CUDA is known to work in your system.
2026-08-04T03:07:04Z [2,343ms] [Warning] [gpu.foundation.plugin] Skipping NVIDIA GPU due CUDA being in bad state: NVIDIA RTX 6000 Ada Generation
2026-08-04T03:07:04Z [2,343ms] [Warning] [gpu.foundation.plugin] Please restart your system if CUDA is known to work in your system.
2026-08-04T03:07:04Z [2,343ms] [Warning] [gpu.foundation.plugin] Skipping NVIDIA GPU due CUDA being in bad state: NVIDIA RTX 6000 Ada Generation
2026-08-04T03:07:04Z [2,343ms] [Warning] [gpu.foundation.plugin] Please restart your system if CUDA is known to work in your system.
2026-08-04T03:07:04Z [2,343ms] [Warning] [gpu.foundation.plugin] Skipping NVIDIA GPU due CUDA being in bad state: NVIDIA RTX 6000 Ada Generation
2026-08-04T03:07:04Z [2,343ms] [Warning] [gpu.foundation.plugin] Please restart your system if CUDA is known to work in your system.
2026-08-04T03:07:04Z [2,343ms] [Warning] [gpu.foundation.plugin] Skipping NVIDIA GPU due CUDA being in bad state: NVIDIA RTX 6000 Ada Generation
2026-08-04T03:07:04Z [2,343ms] [Warning] [gpu.foundation.plugin] Please restart your system if CUDA is known to work in your system.
2026-08-04T03:07:04Z [2,343ms] [Warning] [gpu.foundation.plugin] Skipping NVIDIA GPU due CUDA being in bad state: NVIDIA RTX 6000 Ada Generation
2026-08-04T03:07:04Z [2,343ms] [Warning] [gpu.foundation.plugin] Please restart your system if CUDA is known to work in your system.

|---------------------------------------------------------------------------------------------|
| Driver Version: 550.90.12     | Graphics API: Vulkan
|=============================================================================================|
| GPU | Name                             | Active | LDA | GPU Memory | Vendor-ID | LUID       |
|     |                                  |        |     |            | Device-ID | UUID       |
|     |                                  |        |     |            | Bus-ID    |            |
|---------------------------------------------------------------------------------------------|
| 0   | NVIDIA RTX 6000 Ada Generation   |        |     | 49386   MB | 10de      | 0          |
|     |                                  |        |     |            | 26b1      | df04a158.. |
|     |                                  |        |     |            | 1         |            |
|---------------------------------------------------------------------------------------------|
| 1   | NVIDIA RTX 6000 Ada Generation   | Yes: 0 |     | 49386   MB | 10de      | 0          |
|     |                                  |        |     |            | 26b1      | 5cfd6483.. |
|     |                                  |        |     |            | 2c        |            |
|---------------------------------------------------------------------------------------------|
| 2   | NVIDIA RTX 6000 Ada Generation   |        |     | 49386   MB | 10de      | 0          |
|     |                                  |        |     |            | 26b1      | bdb0e57d.. |
|     |                                  |        |     |            | 41        |            |
|---------------------------------------------------------------------------------------------|
| 3   | NVIDIA RTX 6000 Ada Generation   |        |     | 49386   MB | 10de      | 0          |
|     |                                  |        |     |            | 26b1      | 21e14e0d.. |
|     |                                  |        |     |            | 61        |            |
|=============================================================================================|
| OS: 22.04.5 LTS (Jammy Jellyfish) ubuntu, Version: 22.04.5, Kernel: 5.15.0-181-generic
| Processor: AMD Ryzen Threadripper PRO 5995WX 64-Cores
| Cores: 64 | Logical Cores: 128
|---------------------------------------------------------------------------------------------|
| Total Memory (MB): 515582 | Free Memory: 303928
| Total Page/Swap (MB): 10239 | Free Page/Swap: 7258
|---------------------------------------------------------------------------------------------|
2026-08-04T03:07:17Z [15,015ms] [Warning] [carb.windowing-glfw.plugin] GLFW initialization failed.
2026-08-04T03:07:17Z [15,015ms] [Warning] [carb] Failed to startup plugin carb.windowing-glfw.plugin (interfaces: [carb::windowing::IGLContext v1.0],[carb::windowing::IWindowing v1.5]) (impl: carb.windowing-glfw.plugin)
2026-08-04T03:07:17Z [15,480ms] [Warning] [carb.windowing-glfw.plugin] GLFW initialization failed.
2026-08-04T03:07:17Z [15,480ms] [Warning] [carb] Failed to startup plugin carb.windowing-glfw.plugin (interfaces: [carb::windowing::IGLContext v1.0],[carb::windowing::IWindowing v1.5]) (impl: carb.windowing-glfw.plugin)
2026-08-04T03:07:17Z [15,486ms] [Warning] [carb.windowing-glfw.plugin] GLFW initialization failed.
2026-08-04T03:07:17Z [15,486ms] [Warning] [carb] Failed to startup plugin carb.windowing-glfw.plugin (interfaces: [carb::windowing::IGLContext v1.0],[carb::windowing::IWindowing v1.5]) (impl: carb.windowing-glfw.plugin)
2026-08-04T03:07:18Z [16,546ms] [Warning] [carb.windowing-glfw.plugin] GLFW initialization failed.
2026-08-04T03:07:18Z [16,546ms] [Warning] [carb] Failed to startup plugin carb.windowing-glfw.plugin (interfaces: [carb::windowing::IGLContext v1.0],[carb::windowing::IWindowing v1.5]) (impl: carb.windowing-glfw.plugin)
2026-08-04T03:07:18Z [16,547ms] [Warning] [carb.windowing-glfw.plugin] GLFW initialization failed.
2026-08-04T03:07:18Z [16,547ms] [Warning] [carb] Failed to startup plugin carb.windowing-glfw.plugin (interfaces: [carb::windowing::IGLContext v1.0],[carb::windowing::IWindowing v1.5]) (impl: carb.windowing-glfw.plugin)
2026-08-04T03:07:18Z [16,548ms] [Warning] [carb.windowing-glfw.plugin] GLFW initialization failed.
2026-08-04T03:07:18Z [16,548ms] [Warning] [carb] Failed to startup plugin carb.windowing-glfw.plugin (interfaces: [carb::windowing::IGLContext v1.0],[carb::windowing::IWindowing v1.5]) (impl: carb.windowing-glfw.plugin)
2026-08-04T03:07:42Z [40,464ms] [Warning] [omni.log] Source: omni.hydra was already registered.
2026-08-04T03:07:54Z [52,295ms] [Warning] [carb] Acquiring non optional plugin interface which is not listed as dependency: [omni::physx::IPhysxBenchmarks v1.0] (plugin: <default plugin>), by client: omni.physics.physx.plugin. Add it to CARB_PLUGIN_IMPL_DEPS() macro of a client.
2026-08-04T03:07:54Z [52,470ms] [Warning] [omni.isaac.dynamic_control] omni.isaac.dynamic_control is deprecated as of Isaac Sim 4.5. No action is needed from end-users.
2026-08-04T03:09:01Z [119,285ms] [Warning] [pxr.Semantics] pxr.Semantics is deprecated - please use Semantics instead
2026-08-04T03:09:03Z [121,409ms] [Warning] [omni.graph.core.plugin] Found duplicate of category 'Replicator' - was 'Annotators', adding 'Fabric Reader'
2026-08-04T03:09:03Z [121,409ms] [Warning] [omni.graph.core.plugin] Category 'Replicator' not accepted on node type 'omni.replicator.core.FabricReader' in extension 'omni.replicator.core'
2026-08-04T03:09:03Z [121,410ms] [Warning] [omni.replicator.core.scripts.extension] No material configuration file, adding configuration to material settings directly.
2026-08-04T03:09:26Z [144,446ms] [Warning] [omni.kvdb.plugin] Disabling key-value database because another kit process is locking it
2026-08-04T03:09:28Z [146,689ms] [Warning] [omni.fabric.plugin] Warning: attribute viewportHandle not found for bucket id 7

2026-08-04T03:09:29Z [147,667ms] [Warning] [isaaclab.envs.direct_marl_env] Seed not set for the environment. The environment creation may not be deterministic.

[36m========================================================================================================[0m
[36m[1m[INFO][IsaacLab]: Logging to file: /data/howard/isaac/tmp/isaaclab/logs/isaaclab_2026-08-04_03-09-29.log[0m
[36m========================================================================================================[0m

[33m03:09:30 [simulation_context.py] WARNING: The `enable_external_forces_every_iteration` parameter in the PhysxCfg is set to False. If you are experiencing noisy velocities, consider enabling this flag. You may need to slightly increase the number of velocity iterations (setting it to 1 or 2 rather than 0), together with this flag, to improve the accuracy of velocity updates.[0m
[INFO]: Base environment:
	Environment device    : cuda:0
	Environment seed      : None
	Physics step-size     : 0.016666666666666666
	Rendering step-size   : 0.1
	Environment step-size : 0.1
[INFO]: Time taken for scene creation : 1.495778 seconds
[INFO]: Scene manager:  <class InteractiveScene>
	Number of environments: 64
	Environment spacing   : 12.0
	Source prim name      : /World/envs/env_0
	Global prim paths     : []
	Replicate physics     : True
[INFO]: Starting the simulation. This may take a few seconds. Please wait...
[INFO]: Time taken for simulation start : 5.008145 seconds
[INFO]: Completed setting up the environment...
race v8  condition=oracle  wire=66  trainable=4,483  executor FROZEN (runs/route_obey_v6/cont.pt)
2026-08-04T03:09:41Z [159,466ms] [Warning] [carb] Client gpu.foundation.plugin has acquired [gpu::unstable::IMemoryBudgetManagerFactory v0.1] 100 times. Consider accessing this interface with carb::getCachedInterface() (Performance warning)
[v8/oracle] update   1  ep   257  route_opt 0.533  succ 0.529  hazard  0.00  obey 1.000  ret   8.93  H 0.691  bad 0  SPS 1132
[v8/oracle] update   2  ep   513  route_opt 0.544  succ 0.542  hazard  0.08  obey 1.000  ret   9.97  H 0.667  bad 0  SPS 1134
[v8/oracle] update   3  ep   769  route_opt 0.604  succ 0.602  hazard  0.08  obey 1.000  ret  10.94  H 0.588  bad 0  SPS 1142
[v8/oracle] update   4  ep  1025  route_opt 0.692  succ 0.686  hazard  0.00  obey 1.000  ret  13.33  H 0.475  bad 0  SPS 1143
[v8/oracle] update   5  ep  1281  route_opt 0.786  succ 0.776  hazard  0.00  obey 1.000  ret  14.56  H 0.378  bad 0  SPS 1141
[v8/oracle] update   6  ep  1537  route_opt 0.834  succ 0.826  hazard  0.00  obey 1.000  ret  15.40  H 0.307  bad 0  SPS 1149
[v8/oracle] update   7  ep  1793  route_opt 0.882  succ 0.878  hazard  0.00  obey 1.000  ret  16.47  H 0.257  bad 0  SPS 1152
[v8/oracle] update   8  ep  2049  route_opt 0.916  succ 0.910  hazard  0.00  obey 1.000  ret  16.93  H 0.225  bad 0  SPS 1150
[v8/oracle] update   9  ep  2305  route_opt 0.930  succ 0.926  hazard  0.29  obey 1.000  ret  17.11  H 0.199  bad 0  SPS 1151
[v8/oracle] update  10  ep  2561  route_opt 0.922  succ 0.920  hazard  0.29  obey 1.000  ret  16.93  H 0.172  bad 0  SPS 1149
[v8/oracle] update  11  ep  2817  route_opt 0.940  succ 0.938  hazard  0.00  obey 1.000  ret  17.77  H 0.152  bad 0  SPS 1149
[v8/oracle] update  12  ep  3073  route_opt 0.966  succ 0.960  hazard  0.00  obey 1.000  ret  17.72  H 0.134  bad 0  SPS 1149
[v8/oracle] update  13  ep  3329  route_opt 0.964  succ 0.954  hazard  0.00  obey 1.000  ret  17.53  H 0.117  bad 0  SPS 1147
[v8/oracle] update  14  ep  3585  route_opt 0.974  succ 0.966  hazard  0.00  obey 1.000  ret  17.97  H 0.098  bad 0  SPS 1149
[v8/oracle] update  15  ep  3841  route_opt 0.972  succ 0.960  hazard  0.00  obey 1.000  ret  17.62  H 0.083  bad 0  SPS 1148
[v8/oracle] update  16  ep  4097  route_opt 0.976  succ 0.966  hazard  0.00  obey 1.000  ret  18.22  H 0.070  bad 0  SPS 1149
[v8/oracle] update  17  ep  4353  route_opt 0.984  succ 0.978  hazard  0.00  obey 1.000  ret  18.08  H 0.058  bad 0  SPS 1149
[v8/oracle] update  18  ep  4609  route_opt 0.988  succ 0.984  hazard  0.00  obey 1.000  ret  18.40  H 0.050  bad 0  SPS 1150
[v8/oracle] update  19  ep  4865  route_opt 0.992  succ 0.992  hazard  0.00  obey 1.000  ret  18.45  H 0.048  bad 0  SPS 1150
[v8/oracle] update  20  ep  5121  route_opt 0.988  succ 0.988  hazard  0.00  obey 1.000  ret  18.23  H 0.046  bad 0  SPS 1150
[v8/oracle] update  21  ep  5377  route_opt 0.986  succ 0.984  hazard  0.00  obey 1.000  ret  18.18  H 0.040  bad 0  SPS 1150
[v8/oracle] update  22  ep  5634  route_opt 0.988  succ 0.982  hazard  0.00  obey 1.000  ret  18.32  H 0.038  bad 0  SPS 1149
[v8/oracle] update  23  ep  5890  route_opt 0.996  succ 0.990  hazard  0.00  obey 1.000  ret  18.36  H 0.037  bad 0  SPS 1146

[v8/oracle/seed1] FINAL (last 500 eps)  route_opt 0.996  success 0.988  hazard 0.00  obey 1.000
RACE-V8 READOUT (oracle): route_opt >= 0.90 and hazard <= 2.0: PASS
saved head -> runs/race_v8/oracle.pt
wrote run json -> runs/race_v8/oracle.json
