[INFO][AppLauncher]: Using device: cuda:0
[INFO][AppLauncher]: Loading experience file: /data/howard/isaac/IsaacLab/apps/isaaclab.python.headless.rendering.kit
Loading user config located at: '/data/howard/isaac/envs/isaaclab/lib/python3.11/site-packages/isaacsim/kit/data/Kit/Isaac-Sim/5.1/user.config.json'
[Info] [carb] Logging to file: /data/howard/isaac/envs/isaaclab/lib/python3.11/site-packages/isaacsim/kit/logs/Kit/Isaac-Sim/5.1/kit_20260804_024206.log
2026-08-04T02:42:06Z [141ms] [Warning] [carb.windowing-glfw.plugin] GLFW initialization failed.
2026-08-04T02:42:06Z [141ms] [Warning] [carb] Failed to startup plugin carb.windowing-glfw.plugin (interfaces: [carb::windowing::IGLContext v1.0],[carb::windowing::IWindowing v1.5]) (impl: carb.windowing-glfw.plugin)
2026-08-04T02:42:06Z [206ms] [Warning] [omni.platforminfo.plugin] failed to open the default display.  Can't verify X Server version.
2026-08-04T02:42:06Z [211ms] [Warning] [carb.cudainterop.plugin] CUDA_VISIBLE_DEVICES environment variable is set.
2026-08-04T02:42:06Z [211ms] [Warning] [carb.cudainterop.plugin] Note CUDA device enumeration and Omniverse device enumeration are different.
2026-08-04T02:42:06Z [211ms] [Warning] [carb.cudainterop.plugin] Setting CUDA_VISIBLE_DEVICES can lead to undesired behavior or crashes.
2026-08-04T02:42:06Z [459ms] [Warning] [carb.windowing-glfw.plugin] GLFW initialization failed.
2026-08-04T02:42:06Z [459ms] [Warning] [carb] Failed to startup plugin carb.windowing-glfw.plugin (interfaces: [carb::windowing::IGLContext v1.0],[carb::windowing::IWindowing v1.5]) (impl: carb.windowing-glfw.plugin)
2026-08-04T02:42:06Z [740ms] [Warning] [gpu.foundation.plugin] Skipping NVIDIA GPU due CUDA being in bad state: NVIDIA RTX 6000 Ada Generation
2026-08-04T02:42:06Z [740ms] [Warning] [gpu.foundation.plugin] Please restart your system if CUDA is known to work in your system.
2026-08-04T02:42:06Z [746ms] [Warning] [gpu.foundation.plugin] Skipping NVIDIA GPU due CUDA being in bad state: NVIDIA RTX 6000 Ada Generation
2026-08-04T02:42:06Z [746ms] [Warning] [gpu.foundation.plugin] Please restart your system if CUDA is known to work in your system.
2026-08-04T02:42:06Z [767ms] [Warning] [gpu.foundation.plugin] Skipping NVIDIA GPU due CUDA being in bad state: NVIDIA RTX 6000 Ada Generation
2026-08-04T02:42:06Z [767ms] [Warning] [gpu.foundation.plugin] Please restart your system if CUDA is known to work in your system.
2026-08-04T02:42:06Z [767ms] [Warning] [gpu.foundation.plugin] Skipping NVIDIA GPU due CUDA being in bad state: NVIDIA RTX 6000 Ada Generation
2026-08-04T02:42:06Z [767ms] [Warning] [gpu.foundation.plugin] Please restart your system if CUDA is known to work in your system.
2026-08-04T02:42:06Z [767ms] [Warning] [gpu.foundation.plugin] Skipping NVIDIA GPU due CUDA being in bad state: NVIDIA RTX 6000 Ada Generation
2026-08-04T02:42:06Z [767ms] [Warning] [gpu.foundation.plugin] Please restart your system if CUDA is known to work in your system.
2026-08-04T02:42:06Z [767ms] [Warning] [gpu.foundation.plugin] Skipping NVIDIA GPU due CUDA being in bad state: NVIDIA RTX 6000 Ada Generation
2026-08-04T02:42:06Z [767ms] [Warning] [gpu.foundation.plugin] Please restart your system if CUDA is known to work in your system.

|---------------------------------------------------------------------------------------------|
| Driver Version: 550.90.12     | Graphics API: Vulkan
|=============================================================================================|
| GPU | Name                             | Active | LDA | GPU Memory | Vendor-ID | LUID       |
|     |                                  |        |     |            | Device-ID | UUID       |
|     |                                  |        |     |            | Bus-ID    |            |
|---------------------------------------------------------------------------------------------|
| 0   | NVIDIA RTX 6000 Ada Generation   |        |     | 49386   MB | 10de      | 0          |
|     |                                  |        |     |            | 26b1      | df04a158.. |
|     |                                  |        |     |            | 1         |            |
|---------------------------------------------------------------------------------------------|
| 1   | NVIDIA RTX 6000 Ada Generation   |        |     | 49386   MB | 10de      | 0          |
|     |                                  |        |     |            | 26b1      | 5cfd6483.. |
|     |                                  |        |     |            | 2c        |            |
|---------------------------------------------------------------------------------------------|
| 2   | NVIDIA RTX 6000 Ada Generation   | Yes: 0 |     | 49386   MB | 10de      | 0          |
|     |                                  |        |     |            | 26b1      | bdb0e57d.. |
|     |                                  |        |     |            | 41        |            |
|---------------------------------------------------------------------------------------------|
| 3   | NVIDIA RTX 6000 Ada Generation   |        |     | 49386   MB | 10de      | 0          |
|     |                                  |        |     |            | 26b1      | 21e14e0d.. |
|     |                                  |        |     |            | 61        |            |
|=============================================================================================|
| OS: 22.04.5 LTS (Jammy Jellyfish) ubuntu, Version: 22.04.5, Kernel: 5.15.0-181-generic
| Processor: AMD Ryzen Threadripper PRO 5995WX 64-Cores
| Cores: 64 | Logical Cores: 128
|---------------------------------------------------------------------------------------------|
| Total Memory (MB): 515582 | Free Memory: 313511
| Total Page/Swap (MB): 10239 | Free Page/Swap: 7303
|---------------------------------------------------------------------------------------------|
2026-08-04T02:42:08Z [1,990ms] [Warning] [carb.windowing-glfw.plugin] GLFW initialization failed.
2026-08-04T02:42:08Z [1,990ms] [Warning] [carb] Failed to startup plugin carb.windowing-glfw.plugin (interfaces: [carb::windowing::IGLContext v1.0],[carb::windowing::IWindowing v1.5]) (impl: carb.windowing-glfw.plugin)
2026-08-04T02:42:08Z [1,999ms] [Warning] [carb.windowing-glfw.plugin] GLFW initialization failed.
2026-08-04T02:42:08Z [2,000ms] [Warning] [carb] Failed to startup plugin carb.windowing-glfw.plugin (interfaces: [carb::windowing::IGLContext v1.0],[carb::windowing::IWindowing v1.5]) (impl: carb.windowing-glfw.plugin)
2026-08-04T02:42:08Z [2,005ms] [Warning] [carb.windowing-glfw.plugin] GLFW initialization failed.
2026-08-04T02:42:08Z [2,005ms] [Warning] [carb] Failed to startup plugin carb.windowing-glfw.plugin (interfaces: [carb::windowing::IGLContext v1.0],[carb::windowing::IWindowing v1.5]) (impl: carb.windowing-glfw.plugin)
2026-08-04T02:42:08Z [2,013ms] [Warning] [carb.windowing-glfw.plugin] GLFW initialization failed.
2026-08-04T02:42:08Z [2,013ms] [Warning] [carb] Failed to startup plugin carb.windowing-glfw.plugin (interfaces: [carb::windowing::IGLContext v1.0],[carb::windowing::IWindowing v1.5]) (impl: carb.windowing-glfw.plugin)
2026-08-04T02:42:08Z [2,014ms] [Warning] [carb.windowing-glfw.plugin] GLFW initialization failed.
2026-08-04T02:42:08Z [2,014ms] [Warning] [carb] Failed to startup plugin carb.windowing-glfw.plugin (interfaces: [carb::windowing::IGLContext v1.0],[carb::windowing::IWindowing v1.5]) (impl: carb.windowing-glfw.plugin)
2026-08-04T02:42:08Z [2,015ms] [Warning] [carb.windowing-glfw.plugin] GLFW initialization failed.
2026-08-04T02:42:08Z [2,015ms] [Warning] [carb] Failed to startup plugin carb.windowing-glfw.plugin (interfaces: [carb::windowing::IGLContext v1.0],[carb::windowing::IWindowing v1.5]) (impl: carb.windowing-glfw.plugin)
2026-08-04T02:42:08Z [2,214ms] [Warning] [omni.log] Source: omni.hydra was already registered.
2026-08-04T02:42:09Z [2,808ms] [Warning] [carb] Acquiring non optional plugin interface which is not listed as dependency: [omni::physx::IPhysxBenchmarks v1.0] (plugin: <default plugin>), by client: omni.physics.physx.plugin. Add it to CARB_PLUGIN_IMPL_DEPS() macro of a client.
2026-08-04T02:42:09Z [2,818ms] [Warning] [omni.isaac.dynamic_control] omni.isaac.dynamic_control is deprecated as of Isaac Sim 4.5. No action is needed from end-users.
2026-08-04T02:42:15Z [9,383ms] [Warning] [pxr.Semantics] pxr.Semantics is deprecated - please use Semantics instead
2026-08-04T02:42:15Z [9,489ms] [Warning] [omni.graph.core.plugin] Found duplicate of category 'Replicator' - was 'Annotators', adding 'Fabric Reader'
2026-08-04T02:42:15Z [9,489ms] [Warning] [omni.graph.core.plugin] Category 'Replicator' not accepted on node type 'omni.replicator.core.FabricReader' in extension 'omni.replicator.core'
2026-08-04T02:42:15Z [9,490ms] [Warning] [omni.replicator.core.scripts.extension] No material configuration file, adding configuration to material settings directly.
2026-08-04T02:42:17Z [11,155ms] [Warning] [omni.kvdb.plugin] Disabling key-value database because another kit process is locking it
2026-08-04T02:42:19Z [13,355ms] [Warning] [omni.fabric.plugin] Warning: attribute viewportHandle not found for bucket id 7

2026-08-04T02:42:20Z [13,880ms] [Warning] [isaaclab.envs.direct_marl_env] Seed not set for the environment. The environment creation may not be deterministic.

[36m========================================================================================================[0m
[36m[1m[INFO][IsaacLab]: Logging to file: /data/howard/isaac/tmp/isaaclab/logs/isaaclab_2026-08-04_02-42-20.log[0m
[36m========================================================================================================[0m

[33m02:42:20 [simulation_context.py] WARNING: The `enable_external_forces_every_iteration` parameter in the PhysxCfg is set to False. If you are experiencing noisy velocities, consider enabling this flag. You may need to slightly increase the number of velocity iterations (setting it to 1 or 2 rather than 0), together with this flag, to improve the accuracy of velocity updates.[0m
[INFO]: Base environment:
	Environment device    : cuda:0
	Environment seed      : None
	Physics step-size     : 0.016666666666666666
	Rendering step-size   : 0.1
	Environment step-size : 0.1
[INFO]: Time taken for scene creation : 1.344927 seconds
[INFO]: Scene manager:  <class InteractiveScene>
	Number of environments: 64
	Environment spacing   : 12.0
	Source prim name      : /World/envs/env_0
	Global prim paths     : []
	Replicate physics     : True
[INFO]: Starting the simulation. This may take a few seconds. Please wait...
[INFO]: Time taken for simulation start : 3.404550 seconds
[INFO]: Completed setting up the environment...
race v8  condition=z_t  wire=66  trainable=4,483  executor FROZEN (runs/route_obey_v6/cont.pt)
2026-08-04T02:42:30Z [23,875ms] [Warning] [carb] Client gpu.foundation.plugin has acquired [gpu::unstable::IMemoryBudgetManagerFactory v0.1] 100 times. Consider accessing this interface with carb::getCachedInterface() (Performance warning)
[v8/z_t] update   1  ep   256  route_opt 0.586  succ 0.582  hazard  0.00  obey 1.000  ret  10.06  H 0.685  bad 0  SPS 1071
[v8/z_t] update   2  ep   512  route_opt 0.544  succ 0.542  hazard  0.18  obey 1.000  ret   8.73  H 0.669  bad 0  SPS 1077
[v8/z_t] update   3  ep   768  route_opt 0.570  succ 0.568  hazard  0.18  obey 1.000  ret  10.34  H 0.598  bad 0  SPS 1071
[v8/z_t] update   4  ep  1024  route_opt 0.658  succ 0.652  hazard  0.00  obey 1.000  ret  12.34  H 0.467  bad 0  SPS 1073
[v8/z_t] update   5  ep  1280  route_opt 0.774  succ 0.770  hazard  0.00  obey 1.000  ret  15.32  H 0.347  bad 0  SPS 1069
[v8/z_t] update   6  ep  1536  route_opt 0.866  succ 0.864  hazard  0.00  obey 1.000  ret  16.02  H 0.247  bad 0  SPS 1067
[v8/z_t] update   7  ep  1792  route_opt 0.894  succ 0.892  hazard  0.00  obey 1.000  ret  16.34  H 0.159  bad 0  SPS 1061
[v8/z_t] update   8  ep  2048  route_opt 0.936  succ 0.934  hazard  0.00  obey 1.000  ret  17.88  H 0.106  bad 0  SPS 1062
[v8/z_t] update   9  ep  2304  route_opt 0.964  succ 0.956  hazard  0.00  obey 1.000  ret  17.43  H 0.078  bad 0  SPS 1063
[v8/z_t] update  10  ep  2560  route_opt 0.968  succ 0.960  hazard  0.00  obey 1.000  ret  18.00  H 0.059  bad 0  SPS 1059
[v8/z_t] update  11  ep  2816  route_opt 0.974  succ 0.970  hazard  0.00  obey 1.000  ret  18.06  H 0.046  bad 0  SPS 1057
[v8/z_t] update  12  ep  3072  route_opt 0.988  succ 0.978  hazard  0.00  obey 1.000  ret  18.23  H 0.031  bad 0  SPS 1053
[v8/z_t] update  13  ep  3328  route_opt 0.994  succ 0.984  hazard  0.00  obey 1.000  ret  18.42  H 0.023  bad 0  SPS 1047
[v8/z_t] update  14  ep  3584  route_opt 0.994  succ 0.992  hazard  0.00  obey 1.000  ret  18.48  H 0.022  bad 0  SPS 1045
[v8/z_t] update  15  ep  3840  route_opt 0.996  succ 0.996  hazard  0.00  obey 1.000  ret  18.50  H 0.030  bad 0  SPS 1044
[v8/z_t] update  16  ep  4096  route_opt 0.994  succ 0.994  hazard  0.00  obey 1.000  ret  18.38  H 0.079  bad 0  SPS 1041
[v8/z_t] update  17  ep  4352  route_opt 0.892  succ 0.890  hazard  0.00  obey 1.000  ret  14.02  H 0.108  bad 0  SPS 1039
[v8/z_t] update  18  ep  4608  route_opt 0.662  succ 0.652  hazard  0.00  obey 1.000  ret   8.45  H 0.224  bad 0  SPS 1040
[v8/z_t] update  19  ep  4864  route_opt 0.678  succ 0.670  hazard  0.00  obey 1.000  ret  14.35  H 0.265  bad 0  SPS 1040
[v8/z_t] update  20  ep  5120  route_opt 0.866  succ 0.864  hazard  0.00  obey 1.000  ret  16.80  H 0.141  bad 0  SPS 1039
[v8/z_t] update  21  ep  5376  route_opt 0.832  succ 0.830  hazard  0.00  obey 1.000  ret  13.60  H 0.224  bad 0  SPS 1040
[v8/z_t] update  22  ep  5632  route_opt 0.808  succ 0.808  hazard  0.00  obey 1.000  ret  16.23  H 0.057  bad 0  SPS 1039
[v8/z_t] update  23  ep  5888  route_opt 0.942  succ 0.936  hazard  0.00  obey 1.000  ret  18.02  H 0.032  bad 0  SPS 1039

[v8/z_t/seed1] FINAL (last 500 eps)  route_opt 0.986  success 0.980  hazard 0.00  obey 1.000
RACE-V8 READOUT (z_t): route_opt >= 0.90 and hazard <= 2.0: PASS
saved head -> runs/race_v8/z_t.pt
wrote run json -> runs/race_v8/z_t.json
