[INFO][AppLauncher]: Using device: cuda:0
[INFO][AppLauncher]: Loading experience file: /data/howard/isaac/IsaacLab/apps/isaaclab.python.headless.rendering.kit
Loading user config located at: '/data/howard/isaac/envs/isaaclab/lib/python3.11/site-packages/isaacsim/kit/data/Kit/Isaac-Sim/5.1/user.config.json'
[Info] [carb] Logging to file: /data/howard/isaac/envs/isaaclab/lib/python3.11/site-packages/isaacsim/kit/logs/Kit/Isaac-Sim/5.1/kit_20260804_035058.log
2026-08-04T03:50:59Z [146ms] [Warning] [carb.windowing-glfw.plugin] GLFW initialization failed.
2026-08-04T03:50:59Z [146ms] [Warning] [carb] Failed to startup plugin carb.windowing-glfw.plugin (interfaces: [carb::windowing::IGLContext v1.0],[carb::windowing::IWindowing v1.5]) (impl: carb.windowing-glfw.plugin)
2026-08-04T03:50:59Z [196ms] [Warning] [omni.platforminfo.plugin] failed to open the default display.  Can't verify X Server version.
2026-08-04T03:50:59Z [200ms] [Warning] [carb.cudainterop.plugin] CUDA_VISIBLE_DEVICES environment variable is set.
2026-08-04T03:50:59Z [200ms] [Warning] [carb.cudainterop.plugin] Note CUDA device enumeration and Omniverse device enumeration are different.
2026-08-04T03:50:59Z [200ms] [Warning] [carb.cudainterop.plugin] Setting CUDA_VISIBLE_DEVICES can lead to undesired behavior or crashes.
2026-08-04T03:51:00Z [1,519ms] [Warning] [carb.windowing-glfw.plugin] GLFW initialization failed.
2026-08-04T03:51:00Z [1,519ms] [Warning] [carb] Failed to startup plugin carb.windowing-glfw.plugin (interfaces: [carb::windowing::IGLContext v1.0],[carb::windowing::IWindowing v1.5]) (impl: carb.windowing-glfw.plugin)
2026-08-04T03:51:00Z [1,611ms] [Warning] [gpu.foundation.plugin] Skipping NVIDIA GPU due CUDA being in bad state: NVIDIA RTX 6000 Ada Generation
2026-08-04T03:51:00Z [1,612ms] [Warning] [gpu.foundation.plugin] Please restart your system if CUDA is known to work in your system.
2026-08-04T03:51:00Z [1,612ms] [Warning] [gpu.foundation.plugin] Skipping NVIDIA GPU due CUDA being in bad state: NVIDIA RTX 6000 Ada Generation
2026-08-04T03:51:00Z [1,612ms] [Warning] [gpu.foundation.plugin] Please restart your system if CUDA is known to work in your system.
2026-08-04T03:51:00Z [1,612ms] [Warning] [gpu.foundation.plugin] Skipping NVIDIA GPU due CUDA being in bad state: NVIDIA RTX 6000 Ada Generation
2026-08-04T03:51:00Z [1,612ms] [Warning] [gpu.foundation.plugin] Please restart your system if CUDA is known to work in your system.
2026-08-04T03:51:00Z [1,612ms] [Warning] [gpu.foundation.plugin] Skipping NVIDIA GPU due CUDA being in bad state: NVIDIA RTX 6000 Ada Generation
2026-08-04T03:51:00Z [1,613ms] [Warning] [gpu.foundation.plugin] Please restart your system if CUDA is known to work in your system.
2026-08-04T03:51:00Z [1,613ms] [Warning] [gpu.foundation.plugin] Skipping NVIDIA GPU due CUDA being in bad state: NVIDIA RTX 6000 Ada Generation
2026-08-04T03:51:00Z [1,613ms] [Warning] [gpu.foundation.plugin] Please restart your system if CUDA is known to work in your system.
2026-08-04T03:51:00Z [1,613ms] [Warning] [gpu.foundation.plugin] Skipping NVIDIA GPU due CUDA being in bad state: NVIDIA RTX 6000 Ada Generation
2026-08-04T03:51:00Z [1,613ms] [Warning] [gpu.foundation.plugin] Please restart your system if CUDA is known to work in your system.

|---------------------------------------------------------------------------------------------|
| Driver Version: 550.90.12     | Graphics API: Vulkan
|=============================================================================================|
| GPU | Name                             | Active | LDA | GPU Memory | Vendor-ID | LUID       |
|     |                                  |        |     |            | Device-ID | UUID       |
|     |                                  |        |     |            | Bus-ID    |            |
|---------------------------------------------------------------------------------------------|
| 0   | NVIDIA RTX 6000 Ada Generation   |        |     | 49386   MB | 10de      | 0          |
|     |                                  |        |     |            | 26b1      | df04a158.. |
|     |                                  |        |     |            | 1         |            |
|---------------------------------------------------------------------------------------------|
| 1   | NVIDIA RTX 6000 Ada Generation   |        |     | 49386   MB | 10de      | 0          |
|     |                                  |        |     |            | 26b1      | 5cfd6483.. |
|     |                                  |        |     |            | 2c        |            |
|---------------------------------------------------------------------------------------------|
| 2   | NVIDIA RTX 6000 Ada Generation   | Yes: 0 |     | 49386   MB | 10de      | 0          |
|     |                                  |        |     |            | 26b1      | bdb0e57d.. |
|     |                                  |        |     |            | 41        |            |
|---------------------------------------------------------------------------------------------|
| 3   | NVIDIA RTX 6000 Ada Generation   |        |     | 49386   MB | 10de      | 0          |
|     |                                  |        |     |            | 26b1      | 21e14e0d.. |
|     |                                  |        |     |            | 61        |            |
|=============================================================================================|
| OS: 22.04.5 LTS (Jammy Jellyfish) ubuntu, Version: 22.04.5, Kernel: 5.15.0-181-generic
| Processor: AMD Ryzen Threadripper PRO 5995WX 64-Cores
| Cores: 64 | Logical Cores: 128
|---------------------------------------------------------------------------------------------|
| Total Memory (MB): 515582 | Free Memory: 313103
| Total Page/Swap (MB): 10239 | Free Page/Swap: 7186
|---------------------------------------------------------------------------------------------|
2026-08-04T03:51:01Z [2,545ms] [Warning] [carb.windowing-glfw.plugin] GLFW initialization failed.
2026-08-04T03:51:01Z [2,545ms] [Warning] [carb] Failed to startup plugin carb.windowing-glfw.plugin (interfaces: [carb::windowing::IGLContext v1.0],[carb::windowing::IWindowing v1.5]) (impl: carb.windowing-glfw.plugin)
2026-08-04T03:51:02Z [3,562ms] [Warning] [carb.windowing-glfw.plugin] GLFW initialization failed.
2026-08-04T03:51:02Z [3,563ms] [Warning] [carb] Failed to startup plugin carb.windowing-glfw.plugin (interfaces: [carb::windowing::IGLContext v1.0],[carb::windowing::IWindowing v1.5]) (impl: carb.windowing-glfw.plugin)
2026-08-04T03:51:02Z [3,569ms] [Warning] [carb.windowing-glfw.plugin] GLFW initialization failed.
2026-08-04T03:51:02Z [3,569ms] [Warning] [carb] Failed to startup plugin carb.windowing-glfw.plugin (interfaces: [carb::windowing::IGLContext v1.0],[carb::windowing::IWindowing v1.5]) (impl: carb.windowing-glfw.plugin)
2026-08-04T03:51:02Z [3,577ms] [Warning] [carb.windowing-glfw.plugin] GLFW initialization failed.
2026-08-04T03:51:02Z [3,577ms] [Warning] [carb] Failed to startup plugin carb.windowing-glfw.plugin (interfaces: [carb::windowing::IGLContext v1.0],[carb::windowing::IWindowing v1.5]) (impl: carb.windowing-glfw.plugin)
2026-08-04T03:51:02Z [3,578ms] [Warning] [carb.windowing-glfw.plugin] GLFW initialization failed.
2026-08-04T03:51:02Z [3,578ms] [Warning] [carb] Failed to startup plugin carb.windowing-glfw.plugin (interfaces: [carb::windowing::IGLContext v1.0],[carb::windowing::IWindowing v1.5]) (impl: carb.windowing-glfw.plugin)
2026-08-04T03:51:02Z [3,579ms] [Warning] [carb.windowing-glfw.plugin] GLFW initialization failed.
2026-08-04T03:51:02Z [3,579ms] [Warning] [carb] Failed to startup plugin carb.windowing-glfw.plugin (interfaces: [carb::windowing::IGLContext v1.0],[carb::windowing::IWindowing v1.5]) (impl: carb.windowing-glfw.plugin)
2026-08-04T03:51:02Z [3,799ms] [Warning] [omni.log] Source: omni.hydra was already registered.
2026-08-04T03:51:08Z [9,184ms] [Warning] [carb] Acquiring non optional plugin interface which is not listed as dependency: [omni::physx::IPhysxBenchmarks v1.0] (plugin: <default plugin>), by client: omni.physics.physx.plugin. Add it to CARB_PLUGIN_IMPL_DEPS() macro of a client.
2026-08-04T03:51:08Z [9,542ms] [Warning] [omni.isaac.dynamic_control] omni.isaac.dynamic_control is deprecated as of Isaac Sim 4.5. No action is needed from end-users.
2026-08-04T03:52:02Z [63,307ms] [Warning] [pxr.Semantics] pxr.Semantics is deprecated - please use Semantics instead
2026-08-04T03:52:21Z [82,184ms] [Warning] [omni.graph.core.plugin] Found duplicate of category 'Replicator' - was 'Annotators', adding 'Fabric Reader'
2026-08-04T03:52:21Z [82,184ms] [Warning] [omni.graph.core.plugin] Category 'Replicator' not accepted on node type 'omni.replicator.core.FabricReader' in extension 'omni.replicator.core'
2026-08-04T03:52:21Z [82,185ms] [Warning] [omni.replicator.core.scripts.extension] No material configuration file, adding configuration to material settings directly.
2026-08-04T03:53:02Z [123,492ms] [Warning] [omni.kvdb.plugin] Disabling key-value database because another kit process is locking it
2026-08-04T03:53:32Z [153,307ms] [Warning] [omni.fabric.plugin] Warning: attribute viewportHandle not found for bucket id 7

2026-08-04T03:54:10Z [191,532ms] [Warning] [isaaclab.envs.direct_marl_env] Seed not set for the environment. The environment creation may not be deterministic.

[36m========================================================================================================[0m
[36m[1m[INFO][IsaacLab]: Logging to file: /data/howard/isaac/tmp/isaaclab/logs/isaaclab_2026-08-04_03-54-10.log[0m
[36m========================================================================================================[0m

[33m03:54:11 [simulation_context.py] WARNING: The `enable_external_forces_every_iteration` parameter in the PhysxCfg is set to False. If you are experiencing noisy velocities, consider enabling this flag. You may need to slightly increase the number of velocity iterations (setting it to 1 or 2 rather than 0), together with this flag, to improve the accuracy of velocity updates.[0m
[INFO]: Base environment:
	Environment device    : cuda:0
	Environment seed      : None
	Physics step-size     : 0.016666666666666666
	Rendering step-size   : 0.1
	Environment step-size : 0.1
[INFO]: Time taken for scene creation : 2.299762 seconds
[INFO]: Scene manager:  <class InteractiveScene>
	Number of environments: 64
	Environment spacing   : 12.0
	Source prim name      : /World/envs/env_0
	Global prim paths     : []
	Replicate physics     : True
[INFO]: Starting the simulation. This may take a few seconds. Please wait...
[INFO]: Time taken for simulation start : 9.037773 seconds
[INFO]: Completed setting up the environment...
race v8  condition=z_t  wire=66  trainable=4,483  executor FROZEN (runs/route_obey_v6/cont.pt)
2026-08-04T03:54:58Z [239,668ms] [Warning] [carb] Client gpu.foundation.plugin has acquired [gpu::unstable::IMemoryBudgetManagerFactory v0.1] 100 times. Consider accessing this interface with carb::getCachedInterface() (Performance warning)
[v8/z_t] update   1  ep   256  route_opt 0.500  succ 0.500  hazard  0.00  obey 1.000  ret   8.30  H 0.681  bad 0  SPS 678
[v8/z_t] update   2  ep   512  route_opt 0.528  succ 0.528  hazard  0.19  obey 1.000  ret   9.88  H 0.622  bad 0  SPS 680
[v8/z_t] update   3  ep   768  route_opt 0.654  succ 0.652  hazard  0.19  obey 1.000  ret  12.97  H 0.504  bad 0  SPS 676
[v8/z_t] update   4  ep  1024  route_opt 0.766  succ 0.764  hazard  0.22  obey 1.000  ret  14.32  H 0.350  bad 0  SPS 674
[v8/z_t] update   5  ep  1280  route_opt 0.838  succ 0.834  hazard  0.22  obey 1.000  ret  16.15  H 0.232  bad 0  SPS 671
[v8/z_t] update   6  ep  1536  route_opt 0.908  succ 0.904  hazard  0.00  obey 1.000  ret  17.07  H 0.177  bad 0  SPS 670
[v8/z_t] update   7  ep  1792  route_opt 0.940  succ 0.940  hazard  0.00  obey 1.000  ret  17.70  H 0.136  bad 0  SPS 668
[v8/z_t] update   8  ep  2048  route_opt 0.960  succ 0.956  hazard  0.00  obey 1.000  ret  17.74  H 0.082  bad 0  SPS 667
[v8/z_t] update   9  ep  2304  route_opt 0.976  succ 0.972  hazard  0.00  obey 1.000  ret  18.13  H 0.061  bad 0  SPS 667
[v8/z_t] update  10  ep  2560  route_opt 0.980  succ 0.978  hazard  0.00  obey 1.000  ret  18.23  H 0.051  bad 0  SPS 665
[v8/z_t] update  11  ep  2816  route_opt 0.988  succ 0.984  hazard  0.00  obey 1.000  ret  18.53  H 0.048  bad 0  SPS 664
[v8/z_t] update  12  ep  3072  route_opt 0.992  succ 0.990  hazard  0.00  obey 1.000  ret  18.39  H 0.031  bad 0  SPS 664
[v8/z_t] update  13  ep  3328  route_opt 0.990  succ 0.988  hazard  0.00  obey 1.000  ret  18.37  H 0.021  bad 0  SPS 663
[v8/z_t] update  14  ep  3584  route_opt 0.996  succ 0.992  hazard  0.00  obey 1.000  ret  18.51  H 0.035  bad 0  SPS 663
[v8/z_t] update  15  ep  3840  route_opt 0.996  succ 0.992  hazard  0.00  obey 1.000  ret  18.48  H 0.021  bad 0  SPS 662
[v8/z_t] update  16  ep  4096  route_opt 0.994  succ 0.990  hazard  0.00  obey 1.000  ret  18.36  H 0.015  bad 0  SPS 662
[v8/z_t] update  17  ep  4352  route_opt 0.996  succ 0.990  hazard  0.00  obey 1.000  ret  18.48  H 0.015  bad 0  SPS 661
[v8/z_t] update  18  ep  4608  route_opt 1.000  succ 0.996  hazard  0.00  obey 1.000  ret  18.57  H 0.013  bad 0  SPS 661
[v8/z_t] update  19  ep  4864  route_opt 1.000  succ 0.996  hazard  0.00  obey 1.000  ret  18.38  H 0.013  bad 0  SPS 661
[v8/z_t] update  20  ep  5121  route_opt 1.000  succ 0.994  hazard  0.00  obey 1.000  ret  18.52  H 0.013  bad 0  SPS 661
[v8/z_t] update  21  ep  5377  route_opt 1.000  succ 0.998  hazard  0.00  obey 1.000  ret  18.73  H 0.012  bad 0  SPS 661
[v8/z_t] update  22  ep  5633  route_opt 1.000  succ 0.998  hazard  0.00  obey 1.000  ret  18.57  H 0.013  bad 0  SPS 660
[v8/z_t] update  23  ep  5889  route_opt 1.000  succ 0.992  hazard  0.00  obey 1.000  ret  18.43  H 0.013  bad 0  SPS 661

[v8/z_t/seed3] FINAL (last 500 eps)  route_opt 1.000  success 0.992  hazard 0.00  obey 1.000
RACE-V8 READOUT (z_t): route_opt >= 0.90 and hazard <= 2.0: PASS
saved head -> runs/race_v8/z_t_s3.pt
wrote run json -> runs/race_v8/z_t_s3.json
