[INFO][AppLauncher]: Using device: cuda:0
[INFO][AppLauncher]: Loading experience file: /data/howard/isaac/IsaacLab/apps/isaaclab.python.headless.rendering.kit
Loading user config located at: '/data/howard/isaac/envs/isaaclab/lib/python3.11/site-packages/isaacsim/kit/data/Kit/Isaac-Sim/5.1/user.config.json'
[Info] [carb] Logging to file: /data/howard/isaac/envs/isaaclab/lib/python3.11/site-packages/isaacsim/kit/logs/Kit/Isaac-Sim/5.1/kit_20260804_035012.log
2026-08-04T03:50:12Z [143ms] [Warning] [carb.windowing-glfw.plugin] GLFW initialization failed.
2026-08-04T03:50:12Z [143ms] [Warning] [carb] Failed to startup plugin carb.windowing-glfw.plugin (interfaces: [carb::windowing::IGLContext v1.0],[carb::windowing::IWindowing v1.5]) (impl: carb.windowing-glfw.plugin)
2026-08-04T03:50:12Z [191ms] [Warning] [omni.platforminfo.plugin] failed to open the default display.  Can't verify X Server version.
2026-08-04T03:50:12Z [196ms] [Warning] [carb.cudainterop.plugin] CUDA_VISIBLE_DEVICES environment variable is set.
2026-08-04T03:50:12Z [196ms] [Warning] [carb.cudainterop.plugin] Note CUDA device enumeration and Omniverse device enumeration are different.
2026-08-04T03:50:12Z [196ms] [Warning] [carb.cudainterop.plugin] Setting CUDA_VISIBLE_DEVICES can lead to undesired behavior or crashes.
2026-08-04T03:50:12Z [578ms] [Warning] [carb.windowing-glfw.plugin] GLFW initialization failed.
2026-08-04T03:50:12Z [578ms] [Warning] [carb] Failed to startup plugin carb.windowing-glfw.plugin (interfaces: [carb::windowing::IGLContext v1.0],[carb::windowing::IWindowing v1.5]) (impl: carb.windowing-glfw.plugin)
2026-08-04T03:50:13Z [852ms] [Warning] [gpu.foundation.plugin] Skipping NVIDIA GPU due CUDA being in bad state: NVIDIA RTX 6000 Ada Generation
2026-08-04T03:50:13Z [852ms] [Warning] [gpu.foundation.plugin] Please restart your system if CUDA is known to work in your system.
2026-08-04T03:50:13Z [858ms] [Warning] [gpu.foundation.plugin] Skipping NVIDIA GPU due CUDA being in bad state: NVIDIA RTX 6000 Ada Generation
2026-08-04T03:50:13Z [858ms] [Warning] [gpu.foundation.plugin] Please restart your system if CUDA is known to work in your system.
2026-08-04T03:50:13Z [868ms] [Warning] [gpu.foundation.plugin] Skipping NVIDIA GPU due CUDA being in bad state: NVIDIA RTX 6000 Ada Generation
2026-08-04T03:50:13Z [868ms] [Warning] [gpu.foundation.plugin] Please restart your system if CUDA is known to work in your system.
2026-08-04T03:50:13Z [868ms] [Warning] [gpu.foundation.plugin] Skipping NVIDIA GPU due CUDA being in bad state: NVIDIA RTX 6000 Ada Generation
2026-08-04T03:50:13Z [868ms] [Warning] [gpu.foundation.plugin] Please restart your system if CUDA is known to work in your system.
2026-08-04T03:50:13Z [868ms] [Warning] [gpu.foundation.plugin] Skipping NVIDIA GPU due CUDA being in bad state: NVIDIA RTX 6000 Ada Generation
2026-08-04T03:50:13Z [868ms] [Warning] [gpu.foundation.plugin] Please restart your system if CUDA is known to work in your system.
2026-08-04T03:50:13Z [868ms] [Warning] [gpu.foundation.plugin] Skipping NVIDIA GPU due CUDA being in bad state: NVIDIA RTX 6000 Ada Generation
2026-08-04T03:50:13Z [868ms] [Warning] [gpu.foundation.plugin] Please restart your system if CUDA is known to work in your system.

|---------------------------------------------------------------------------------------------|
| Driver Version: 550.90.12     | Graphics API: Vulkan
|=============================================================================================|
| GPU | Name                             | Active | LDA | GPU Memory | Vendor-ID | LUID       |
|     |                                  |        |     |            | Device-ID | UUID       |
|     |                                  |        |     |            | Bus-ID    |            |
|---------------------------------------------------------------------------------------------|
| 0   | NVIDIA RTX 6000 Ada Generation   |        |     | 49386   MB | 10de      | 0          |
|     |                                  |        |     |            | 26b1      | df04a158.. |
|     |                                  |        |     |            | 1         |            |
|---------------------------------------------------------------------------------------------|
| 1   | NVIDIA RTX 6000 Ada Generation   |        |     | 49386   MB | 10de      | 0          |
|     |                                  |        |     |            | 26b1      | 5cfd6483.. |
|     |                                  |        |     |            | 2c        |            |
|---------------------------------------------------------------------------------------------|
| 2   | NVIDIA RTX 6000 Ada Generation   | Yes: 0 |     | 49386   MB | 10de      | 0          |
|     |                                  |        |     |            | 26b1      | bdb0e57d.. |
|     |                                  |        |     |            | 41        |            |
|---------------------------------------------------------------------------------------------|
| 3   | NVIDIA RTX 6000 Ada Generation   |        |     | 49386   MB | 10de      | 0          |
|     |                                  |        |     |            | 26b1      | 21e14e0d.. |
|     |                                  |        |     |            | 61        |            |
|=============================================================================================|
| OS: 22.04.5 LTS (Jammy Jellyfish) ubuntu, Version: 22.04.5, Kernel: 5.15.0-181-generic
| Processor: AMD Ryzen Threadripper PRO 5995WX 64-Cores
| Cores: 64 | Logical Cores: 128
|---------------------------------------------------------------------------------------------|
| Total Memory (MB): 515582 | Free Memory: 316626
| Total Page/Swap (MB): 10239 | Free Page/Swap: 7186
|---------------------------------------------------------------------------------------------|
2026-08-04T03:50:36Z [23,830ms] [Warning] [carb.windowing-glfw.plugin] GLFW initialization failed.
2026-08-04T03:50:36Z [23,830ms] [Warning] [carb] Failed to startup plugin carb.windowing-glfw.plugin (interfaces: [carb::windowing::IGLContext v1.0],[carb::windowing::IWindowing v1.5]) (impl: carb.windowing-glfw.plugin)
2026-08-04T03:50:37Z [24,812ms] [Warning] [carb.windowing-glfw.plugin] GLFW initialization failed.
2026-08-04T03:50:37Z [24,812ms] [Warning] [carb] Failed to startup plugin carb.windowing-glfw.plugin (interfaces: [carb::windowing::IGLContext v1.0],[carb::windowing::IWindowing v1.5]) (impl: carb.windowing-glfw.plugin)
2026-08-04T03:50:37Z [24,818ms] [Warning] [carb.windowing-glfw.plugin] GLFW initialization failed.
2026-08-04T03:50:37Z [24,819ms] [Warning] [carb] Failed to startup plugin carb.windowing-glfw.plugin (interfaces: [carb::windowing::IGLContext v1.0],[carb::windowing::IWindowing v1.5]) (impl: carb.windowing-glfw.plugin)
2026-08-04T03:50:39Z [26,620ms] [Warning] [carb.windowing-glfw.plugin] GLFW initialization failed.
2026-08-04T03:50:39Z [26,620ms] [Warning] [carb] Failed to startup plugin carb.windowing-glfw.plugin (interfaces: [carb::windowing::IGLContext v1.0],[carb::windowing::IWindowing v1.5]) (impl: carb.windowing-glfw.plugin)
2026-08-04T03:50:39Z [26,622ms] [Warning] [carb.windowing-glfw.plugin] GLFW initialization failed.
2026-08-04T03:50:39Z [26,622ms] [Warning] [carb] Failed to startup plugin carb.windowing-glfw.plugin (interfaces: [carb::windowing::IGLContext v1.0],[carb::windowing::IWindowing v1.5]) (impl: carb.windowing-glfw.plugin)
2026-08-04T03:50:39Z [26,623ms] [Warning] [carb.windowing-glfw.plugin] GLFW initialization failed.
2026-08-04T03:50:39Z [26,623ms] [Warning] [carb] Failed to startup plugin carb.windowing-glfw.plugin (interfaces: [carb::windowing::IGLContext v1.0],[carb::windowing::IWindowing v1.5]) (impl: carb.windowing-glfw.plugin)
2026-08-04T03:50:50Z [37,756ms] [Warning] [omni.log] Source: omni.hydra was already registered.
2026-08-04T03:51:08Z [55,772ms] [Warning] [carb] Acquiring non optional plugin interface which is not listed as dependency: [omni::physx::IPhysxBenchmarks v1.0] (plugin: <default plugin>), by client: omni.physics.physx.plugin. Add it to CARB_PLUGIN_IMPL_DEPS() macro of a client.
2026-08-04T03:51:08Z [56,134ms] [Warning] [omni.isaac.dynamic_control] omni.isaac.dynamic_control is deprecated as of Isaac Sim 4.5. No action is needed from end-users.
2026-08-04T03:52:02Z [109,899ms] [Warning] [pxr.Semantics] pxr.Semantics is deprecated - please use Semantics instead
2026-08-04T03:52:21Z [128,777ms] [Warning] [omni.graph.core.plugin] Found duplicate of category 'Replicator' - was 'Annotators', adding 'Fabric Reader'
2026-08-04T03:52:21Z [128,777ms] [Warning] [omni.graph.core.plugin] Category 'Replicator' not accepted on node type 'omni.replicator.core.FabricReader' in extension 'omni.replicator.core'
2026-08-04T03:52:21Z [128,778ms] [Warning] [omni.replicator.core.scripts.extension] No material configuration file, adding configuration to material settings directly.
2026-08-04T03:53:02Z [170,089ms] [Warning] [omni.kvdb.plugin] Disabling key-value database because another kit process is locking it
2026-08-04T03:53:32Z [199,899ms] [Warning] [omni.fabric.plugin] Warning: attribute viewportHandle not found for bucket id 7

2026-08-04T03:54:10Z [238,010ms] [Warning] [isaaclab.envs.direct_marl_env] Seed not set for the environment. The environment creation may not be deterministic.

[36m========================================================================================================[0m
[36m[1m[INFO][IsaacLab]: Logging to file: /data/howard/isaac/tmp/isaaclab/logs/isaaclab_2026-08-04_03-54-10.log[0m
[36m========================================================================================================[0m

[33m03:54:11 [simulation_context.py] WARNING: The `enable_external_forces_every_iteration` parameter in the PhysxCfg is set to False. If you are experiencing noisy velocities, consider enabling this flag. You may need to slightly increase the number of velocity iterations (setting it to 1 or 2 rather than 0), together with this flag, to improve the accuracy of velocity updates.[0m
[INFO]: Base environment:
	Environment device    : cuda:0
	Environment seed      : None
	Physics step-size     : 0.016666666666666666
	Rendering step-size   : 0.1
	Environment step-size : 0.1
[INFO]: Time taken for scene creation : 2.330024 seconds
[INFO]: Scene manager:  <class InteractiveScene>
	Number of environments: 64
	Environment spacing   : 12.0
	Source prim name      : /World/envs/env_0
	Global prim paths     : []
	Replicate physics     : True
[INFO]: Starting the simulation. This may take a few seconds. Please wait...
[INFO]: Time taken for simulation start : 8.695296 seconds
[INFO]: Completed setting up the environment...
race v8  condition=z_t  wire=66  trainable=4,483  executor FROZEN (runs/route_obey_v6/cont.pt)
2026-08-04T03:54:58Z [286,261ms] [Warning] [carb] Client gpu.foundation.plugin has acquired [gpu::unstable::IMemoryBudgetManagerFactory v0.1] 100 times. Consider accessing this interface with carb::getCachedInterface() (Performance warning)
[v8/z_t] update   1  ep   261  route_opt 0.567  succ 0.563  hazard  0.28  obey 1.000  ret   9.67  H 0.657  bad 0  SPS 669
[v8/z_t] update   2  ep   517  route_opt 0.560  succ 0.556  hazard  0.15  obey 1.000  ret  10.06  H 0.639  bad 0  SPS 673
[v8/z_t] update   3  ep   773  route_opt 0.590  succ 0.584  hazard  0.00  obey 1.000  ret  10.15  H 0.481  bad 0  SPS 675
[v8/z_t] update   4  ep  1030  route_opt 0.710  succ 0.706  hazard  0.00  obey 1.000  ret  15.09  H 0.340  bad 0  SPS 673
[v8/z_t] update   5  ep  1286  route_opt 0.854  succ 0.854  hazard  0.00  obey 1.000  ret  16.13  H 0.274  bad 0  SPS 672
[v8/z_t] update   6  ep  1542  route_opt 0.908  succ 0.908  hazard  0.00  obey 1.000  ret  17.41  H 0.210  bad 0  SPS 670
[v8/z_t] update   7  ep  1798  route_opt 0.930  succ 0.928  hazard  0.00  obey 1.000  ret  17.11  H 0.140  bad 0  SPS 669
[v8/z_t] update   8  ep  2054  route_opt 0.940  succ 0.934  hazard  0.00  obey 1.000  ret  17.37  H 0.101  bad 0  SPS 668
[v8/z_t] update   9  ep  2311  route_opt 0.958  succ 0.950  hazard  0.00  obey 1.000  ret  17.74  H 0.070  bad 0  SPS 668
[v8/z_t] update  10  ep  2567  route_opt 0.976  succ 0.972  hazard  0.00  obey 1.000  ret  18.34  H 0.046  bad 0  SPS 667
[v8/z_t] update  11  ep  2823  route_opt 0.988  succ 0.982  hazard  0.00  obey 1.000  ret  18.30  H 0.031  bad 0  SPS 666
[v8/z_t] update  12  ep  3080  route_opt 0.996  succ 0.986  hazard  0.00  obey 1.000  ret  18.39  H 0.023  bad 0  SPS 666
[v8/z_t] update  13  ep  3336  route_opt 0.996  succ 0.992  hazard  0.00  obey 1.000  ret  18.31  H 0.022  bad 0  SPS 665
[v8/z_t] update  14  ep  3592  route_opt 0.998  succ 0.992  hazard  0.00  obey 1.000  ret  18.44  H 0.026  bad 0  SPS 665
[v8/z_t] update  15  ep  3848  route_opt 1.000  succ 0.994  hazard  0.00  obey 1.000  ret  18.53  H 0.027  bad 0  SPS 664
[v8/z_t] update  16  ep  4104  route_opt 0.996  succ 0.988  hazard  0.00  obey 1.000  ret  18.16  H 0.025  bad 0  SPS 664
[v8/z_t] update  17  ep  4360  route_opt 0.992  succ 0.984  hazard  0.00  obey 1.000  ret  18.22  H 0.023  bad 0  SPS 664
[v8/z_t] update  18  ep  4616  route_opt 0.994  succ 0.992  hazard  0.00  obey 1.000  ret  18.41  H 0.029  bad 0  SPS 663
[v8/z_t] update  19  ep  4872  route_opt 0.994  succ 0.994  hazard  0.00  obey 1.000  ret  18.47  H 0.014  bad 0  SPS 663
[v8/z_t] update  20  ep  5128  route_opt 0.994  succ 0.992  hazard  0.00  obey 1.000  ret  18.45  H 0.013  bad 0  SPS 663
[v8/z_t] update  21  ep  5384  route_opt 0.998  succ 0.996  hazard  0.00  obey 1.000  ret  18.58  H 0.015  bad 0  SPS 663
[v8/z_t] update  22  ep  5640  route_opt 1.000  succ 1.000  hazard  0.00  obey 1.000  ret  18.61  H 0.016  bad 0  SPS 662
[v8/z_t] update  23  ep  5896  route_opt 0.998  succ 0.996  hazard  0.00  obey 1.000  ret  18.42  H 0.016  bad 0  SPS 662

[v8/z_t/seed2] FINAL (last 500 eps)  route_opt 0.998  success 0.996  hazard 0.00  obey 1.000
RACE-V8 READOUT (z_t): route_opt >= 0.90 and hazard <= 2.0: PASS
saved head -> runs/race_v8/z_t_s2.pt
wrote run json -> runs/race_v8/z_t_s2.json
