[INFO][AppLauncher]: Using device: cuda:0
[INFO][AppLauncher]: Loading experience file: /data/howard/isaac/IsaacLab/apps/isaaclab.python.headless.rendering.kit
Loading user config located at: '/data/howard/isaac/envs/isaaclab/lib/python3.11/site-packages/isaacsim/kit/data/Kit/Isaac-Sim/5.1/user.config.json'
[Info] [carb] Logging to file: /data/howard/isaac/envs/isaaclab/lib/python3.11/site-packages/isaacsim/kit/logs/Kit/Isaac-Sim/5.1/kit_20260724_231249.log
2026-07-24T23:12:49Z [272ms] [Warning] [carb.windowing-glfw.plugin] GLFW initialization failed.
2026-07-24T23:12:49Z [272ms] [Warning] [carb] Failed to startup plugin carb.windowing-glfw.plugin (interfaces: [carb::windowing::IGLContext v1.0],[carb::windowing::IWindowing v1.5]) (impl: carb.windowing-glfw.plugin)
2026-07-24T23:12:49Z [355ms] [Warning] [omni.platforminfo.plugin] failed to open the default display.  Can't verify X Server version.
2026-07-24T23:12:49Z [357ms] [Warning] [carb.cudainterop.plugin] CUDA_VISIBLE_DEVICES environment variable is set.
2026-07-24T23:12:49Z [357ms] [Warning] [carb.cudainterop.plugin] Note CUDA device enumeration and Omniverse device enumeration are different.
2026-07-24T23:12:49Z [357ms] [Warning] [carb.cudainterop.plugin] Setting CUDA_VISIBLE_DEVICES can lead to undesired behavior or crashes.
2026-07-24T23:12:50Z [1,096ms] [Warning] [carb.windowing-glfw.plugin] GLFW initialization failed.
2026-07-24T23:12:50Z [1,096ms] [Warning] [carb] Failed to startup plugin carb.windowing-glfw.plugin (interfaces: [carb::windowing::IGLContext v1.0],[carb::windowing::IWindowing v1.5]) (impl: carb.windowing-glfw.plugin)
2026-07-24T23:12:50Z [1,348ms] [Warning] [gpu.foundation.plugin] Skipping NVIDIA GPU due CUDA being in bad state: NVIDIA RTX 6000 Ada Generation
2026-07-24T23:12:50Z [1,349ms] [Warning] [gpu.foundation.plugin] Please restart your system if CUDA is known to work in your system.
2026-07-24T23:12:50Z [1,349ms] [Warning] [gpu.foundation.plugin] Skipping NVIDIA GPU due CUDA being in bad state: NVIDIA RTX 6000 Ada Generation
2026-07-24T23:12:50Z [1,349ms] [Warning] [gpu.foundation.plugin] Please restart your system if CUDA is known to work in your system.
2026-07-24T23:12:50Z [1,349ms] [Warning] [gpu.foundation.plugin] Skipping NVIDIA GPU due CUDA being in bad state: NVIDIA RTX 6000 Ada Generation
2026-07-24T23:12:50Z [1,349ms] [Warning] [gpu.foundation.plugin] Please restart your system if CUDA is known to work in your system.
2026-07-24T23:12:50Z [1,350ms] [Warning] [gpu.foundation.plugin] Skipping NVIDIA GPU due CUDA being in bad state: NVIDIA RTX 6000 Ada Generation
2026-07-24T23:12:50Z [1,350ms] [Warning] [gpu.foundation.plugin] Please restart your system if CUDA is known to work in your system.
2026-07-24T23:12:50Z [1,350ms] [Warning] [gpu.foundation.plugin] Skipping NVIDIA GPU due CUDA being in bad state: NVIDIA RTX 6000 Ada Generation
2026-07-24T23:12:50Z [1,350ms] [Warning] [gpu.foundation.plugin] Please restart your system if CUDA is known to work in your system.
2026-07-24T23:12:50Z [1,350ms] [Warning] [gpu.foundation.plugin] Skipping NVIDIA GPU due CUDA being in bad state: NVIDIA RTX 6000 Ada Generation
2026-07-24T23:12:50Z [1,350ms] [Warning] [gpu.foundation.plugin] Please restart your system if CUDA is known to work in your system.

|---------------------------------------------------------------------------------------------|
| Driver Version: 550.90.12     | Graphics API: Vulkan
|=============================================================================================|
| GPU | Name                             | Active | LDA | GPU Memory | Vendor-ID | LUID       |
|     |                                  |        |     |            | Device-ID | UUID       |
|     |                                  |        |     |            | Bus-ID    |            |
|---------------------------------------------------------------------------------------------|
| 0   | NVIDIA RTX 6000 Ada Generation   |        |     | 49386   MB | 10de      | 0          |
|     |                                  |        |     |            | 26b1      | df04a158.. |
|     |                                  |        |     |            | 1         |            |
|---------------------------------------------------------------------------------------------|
| 1   | NVIDIA RTX 6000 Ada Generation   |        |     | 49386   MB | 10de      | 0          |
|     |                                  |        |     |            | 26b1      | 5cfd6483.. |
|     |                                  |        |     |            | 2c        |            |
|---------------------------------------------------------------------------------------------|
| 2   | NVIDIA RTX 6000 Ada Generation   |        |     | 49386   MB | 10de      | 0          |
|     |                                  |        |     |            | 26b1      | bdb0e57d.. |
|     |                                  |        |     |            | 41        |            |
|---------------------------------------------------------------------------------------------|
| 3   | NVIDIA RTX 6000 Ada Generation   | Yes: 0 |     | 49386   MB | 10de      | 0          |
|     |                                  |        |     |            | 26b1      | 21e14e0d.. |
|     |                                  |        |     |            | 61        |            |
|=============================================================================================|
| OS: 22.04.5 LTS (Jammy Jellyfish) ubuntu, Version: 22.04.5, Kernel: 5.15.0-181-generic
| Processor: AMD Ryzen Threadripper PRO 5995WX 64-Cores
| Cores: 64 | Logical Cores: 128
|---------------------------------------------------------------------------------------------|
| Total Memory (MB): 515582 | Free Memory: 284380
| Total Page/Swap (MB): 10239 | Free Page/Swap: 6388
|---------------------------------------------------------------------------------------------|
2026-07-24T23:12:52Z [3,127ms] [Warning] [carb.windowing-glfw.plugin] GLFW initialization failed.
2026-07-24T23:12:52Z [3,127ms] [Warning] [carb] Failed to startup plugin carb.windowing-glfw.plugin (interfaces: [carb::windowing::IGLContext v1.0],[carb::windowing::IWindowing v1.5]) (impl: carb.windowing-glfw.plugin)
2026-07-24T23:12:52Z [3,146ms] [Warning] [carb.windowing-glfw.plugin] GLFW initialization failed.
2026-07-24T23:12:52Z [3,146ms] [Warning] [carb] Failed to startup plugin carb.windowing-glfw.plugin (interfaces: [carb::windowing::IGLContext v1.0],[carb::windowing::IWindowing v1.5]) (impl: carb.windowing-glfw.plugin)
2026-07-24T23:12:52Z [3,158ms] [Warning] [carb.windowing-glfw.plugin] GLFW initialization failed.
2026-07-24T23:12:52Z [3,158ms] [Warning] [carb] Failed to startup plugin carb.windowing-glfw.plugin (interfaces: [carb::windowing::IGLContext v1.0],[carb::windowing::IWindowing v1.5]) (impl: carb.windowing-glfw.plugin)
2026-07-24T23:12:52Z [3,175ms] [Warning] [carb.windowing-glfw.plugin] GLFW initialization failed.
2026-07-24T23:12:52Z [3,175ms] [Warning] [carb] Failed to startup plugin carb.windowing-glfw.plugin (interfaces: [carb::windowing::IGLContext v1.0],[carb::windowing::IWindowing v1.5]) (impl: carb.windowing-glfw.plugin)
2026-07-24T23:12:52Z [3,178ms] [Warning] [carb.windowing-glfw.plugin] GLFW initialization failed.
2026-07-24T23:12:52Z [3,178ms] [Warning] [carb] Failed to startup plugin carb.windowing-glfw.plugin (interfaces: [carb::windowing::IGLContext v1.0],[carb::windowing::IWindowing v1.5]) (impl: carb.windowing-glfw.plugin)
2026-07-24T23:12:52Z [3,180ms] [Warning] [carb.windowing-glfw.plugin] GLFW initialization failed.
2026-07-24T23:12:52Z [3,180ms] [Warning] [carb] Failed to startup plugin carb.windowing-glfw.plugin (interfaces: [carb::windowing::IGLContext v1.0],[carb::windowing::IWindowing v1.5]) (impl: carb.windowing-glfw.plugin)
2026-07-24T23:12:52Z [3,661ms] [Warning] [omni.log] Source: omni.hydra was already registered.
2026-07-24T23:12:53Z [4,353ms] [Warning] [carb] Acquiring non optional plugin interface which is not listed as dependency: [omni::physx::IPhysxBenchmarks v1.0] (plugin: <default plugin>), by client: omni.physics.physx.plugin. Add it to CARB_PLUGIN_IMPL_DEPS() macro of a client.
2026-07-24T23:12:53Z [4,372ms] [Warning] [omni.isaac.dynamic_control] omni.isaac.dynamic_control is deprecated as of Isaac Sim 4.5. No action is needed from end-users.
2026-07-24T23:12:56Z [7,845ms] [Warning] [pxr.Semantics] pxr.Semantics is deprecated - please use Semantics instead
2026-07-24T23:12:57Z [8,041ms] [Warning] [omni.graph.core.plugin] Found duplicate of category 'Replicator' - was 'Annotators', adding 'Fabric Reader'
2026-07-24T23:12:57Z [8,041ms] [Warning] [omni.graph.core.plugin] Category 'Replicator' not accepted on node type 'omni.replicator.core.FabricReader' in extension 'omni.replicator.core'
2026-07-24T23:12:57Z [8,042ms] [Warning] [omni.replicator.core.scripts.extension] No material configuration file, adding configuration to material settings directly.
2026-07-24T23:12:59Z [10,647ms] [Warning] [omni.kvdb.plugin] Disabling key-value database because another kit process is locking it
2026-07-24T23:13:04Z [15,467ms] [Warning] [omni.fabric.plugin] Warning: attribute viewportHandle not found for bucket id 7

2026-07-24T23:13:05Z [16,486ms] [Warning] [isaaclab.envs.direct_marl_env] Seed not set for the environment. The environment creation may not be deterministic.

[36m========================================================================================================[0m
[36m[1m[INFO][IsaacLab]: Logging to file: /data/howard/isaac/tmp/isaaclab/logs/isaaclab_2026-07-24_23-13-05.log[0m
[36m========================================================================================================[0m

[33m23:13:05 [simulation_context.py] WARNING: The `enable_external_forces_every_iteration` parameter in the PhysxCfg is set to False. If you are experiencing noisy velocities, consider enabling this flag. You may need to slightly increase the number of velocity iterations (setting it to 1 or 2 rather than 0), together with this flag, to improve the accuracy of velocity updates.[0m
[INFO]: Base environment:
	Environment device    : cuda:0
	Environment seed      : None
	Physics step-size     : 0.016666666666666666
	Rendering step-size   : 0.1
	Environment step-size : 0.1
[INFO]: Time taken for scene creation : 1.659533 seconds
[INFO]: Scene manager:  <class InteractiveScene>
	Number of environments: 1
	Environment spacing   : 12.0
	Source prim name      : /World/envs/env_0
	Global prim paths     : []
	Replicate physics     : True
[INFO]: Starting the simulation. This may take a few seconds. Please wait...
[INFO]: Time taken for simulation start : 3.753621 seconds
[INFO]: Completed setting up the environment...
[watch] policy   : runs/nav_pretrain/nav_s1_mouth.pt
[watch] condition: none (wire_dim 0)
[watch] slab     : bottom
[watch] scene up — connect the WebRTC client now

[ep 1] slab in BOTTOM corridor — scout sees a CLEAN top corridor
[ep 1] step  20: west chamber      (-3.51, -1.22)  goal  7.7 m
[ep 1] step  31: committed to the bottom corridor — SLABBED
[ep 1] step  40: bottom corridor   (-2.54, -1.53)  goal  6.7 m
2026-07-24T23:13:19Z [30,809ms] [Warning] [carb] Client gpu.foundation.plugin has acquired [gpu::unstable::IMemoryBudgetManagerFactory v0.1] 100 times. Consider accessing this interface with carb::getCachedInterface() (Performance warning)
[ep 1] step  60: bottom corridor   (-1.52, -1.83)  goal  5.6 m
[ep 1] step  80: bottom corridor   (-0.57, -1.83)  goal  4.7 m
[ep 1] step 100: bottom corridor   (+0.09, -1.23)  goal  4.4 m
[ep 1] step 120: bottom corridor   (+0.70, -1.31)  goal  3.9 m
[ep 1] step 140: bottom corridor   (+0.80, -1.37)  goal  3.8 m
[ep 1] step 160: bottom corridor   (+0.85, -1.46)  goal  3.7 m
[ep 1] step 180: bottom corridor   (+0.87, -1.45)  goal  3.7 m
[ep 1] step 200: bottom corridor   (+0.46, -1.27)  goal  4.1 m
[ep 1] step 220: bottom corridor   (+0.35, -1.28)  goal  4.2 m
[ep 1] step 240: bottom corridor   (+0.35, -1.28)  goal  4.2 m
[ep 1] step 260: bottom corridor   (+0.35, -1.28)  goal  4.2 m
[ep 1] step 280: bottom corridor   (+0.35, -1.28)  goal  4.2 m
[ep 1] step 300: bottom corridor   (+0.35, -1.28)  goal  4.2 m
[ep 1] step 320: bottom corridor   (+0.35, -1.28)  goal  4.2 m
[ep 1] step 340: bottom corridor   (+0.35, -1.28)  goal  4.2 m
[ep 1] step 360: bottom corridor   (+0.06, -1.18)  goal  4.5 m
[ep 1] step 380: bottom corridor   (-0.51, -1.70)  goal  4.7 m
[ep 1] step 400: bottom corridor   (-1.36, -1.63)  goal  5.5 m
[ep 1] step 420: bottom corridor   (-2.38, -1.25)  goal  6.6 m
[ep 1] step 440: west chamber      (-3.05, -1.11)  goal  7.3 m
[ep 1] step 460: west chamber      (-3.18, -0.16)  goal  7.8 m
[ep 1] step 480: west chamber      (-3.13, +0.95)  goal  8.3 m
[ep 1] step 500: west chamber      (-3.20, +1.85)  goal  8.9 m
[ep 1] step 520: west chamber      (-3.38, +2.82)  goal  9.7 m
[ep 1] step 540: west chamber      (-3.52, +3.52)  goal 10.3 m
[ep 1] step 560: west chamber      (-3.78, +3.11)  goal 10.2 m
[ep 1] step 580: west chamber      (-3.44, +3.06)  goal  9.9 m
[ep 1] timed out after 599 steps; slab was BOTTOM, took bottom corridor, never touched the slab

[ep 2] slab in BOTTOM corridor
[ep 2] step  20: west chamber      (-3.53, -1.24)  goal  7.7 m
[ep 2] step  32: committed to the bottom corridor — SLABBED
[ep 2] step  40: bottom corridor   (-2.57, -1.55)  goal  6.7 m
[ep 2] step  60: bottom corridor   (-1.54, -1.83)  goal  5.6 m
[ep 2] step  80: bottom corridor   (-0.67, -1.80)  goal  4.8 m
[ep 2] step 100: bottom corridor   (-0.01, -1.39)  goal  4.4 m
[ep 2] step 120: bottom corridor   (+0.70, -1.31)  goal  3.9 m
[ep 2] step 140: bottom corridor   (+0.80, -1.36)  goal  3.8 m
[ep 2] step 160: bottom corridor   (+0.85, -1.45)  goal  3.7 m
[ep 2] step 180: bottom corridor   (+0.88, -1.48)  goal  3.7 m
[ep 2] step 200: bottom corridor   (+0.50, -1.24)  goal  4.1 m
[ep 2] step 220: bottom corridor   (+0.32, -1.24)  goal  4.2 m
[ep 2] step 240: bottom corridor   (+0.34, -1.28)  goal  4.2 m
[ep 2] step 260: bottom corridor   (+0.34, -1.28)  goal  4.2 m
[ep 2] step 280: bottom corridor   (+0.34, -1.28)  goal  4.2 m
[ep 2] step 300: bottom corridor   (+0.34, -1.28)  goal  4.2 m
[ep 2] step 320: bottom corridor   (+0.34, -1.28)  goal  4.2 m
[ep 2] step 340: bottom corridor   (+0.34, -1.28)  goal  4.2 m
[ep 2] step 360: bottom corridor   (+0.34, -1.28)  goal  4.2 m
[ep 2] step 380: bottom corridor   (+0.34, -1.28)  goal  4.2 m
[ep 2] step 400: bottom corridor   (+0.34, -1.28)  goal  4.2 m
[ep 2] step 420: bottom corridor   (+0.34, -1.28)  goal  4.2 m
[ep 2] step 440: bottom corridor   (+0.07, -1.27)  goal  4.4 m
[ep 2] step 460: bottom corridor   (-0.61, -1.80)  goal  4.8 m
[ep 2] step 480: bottom corridor   (-1.58, -1.69)  goal  5.7 m
[ep 2] step 500: bottom corridor   (-2.59, -1.13)  goal  6.9 m
[ep 2] step 520: west chamber      (-3.10, -1.06)  goal  7.4 m
[ep 2] step 540: west chamber      (-3.17, -0.02)  goal  7.9 m
[ep 2] step 560: west chamber      (-3.06, +1.13)  goal  8.4 m
[ep 2] step 580: west chamber      (-3.18, +1.99)  goal  9.0 m
[ep 2] timed out after 599 steps; slab was BOTTOM, took bottom corridor, never touched the slab

[ep 3] slab in BOTTOM corridor
[ep 3] step  20: west chamber      (-3.65, -1.12)  goal  7.9 m
[ep 3] step  34: committed to the bottom corridor — SLABBED
[ep 3] step  40: bottom corridor   (-2.70, -1.50)  goal  6.8 m
[ep 3] step  60: bottom corridor   (-1.66, -1.87)  goal  5.7 m
[ep 3] step  80: bottom corridor   (-0.70, -1.82)  goal  4.9 m
[ep 3] step 100: bottom corridor   (+0.01, -1.34)  goal  4.4 m
[ep 3] step 120: bottom corridor   (+0.67, -1.33)  goal  3.9 m
[ep 3] step 140: bottom corridor   (+0.86, -1.47)  goal  3.7 m
[ep 3] step 160: bottom corridor   (+0.87, -1.47)  goal  3.7 m
[ep 3] step 180: bottom corridor   (+0.47, -1.27)  goal  4.1 m
[ep 3] step 200: bottom corridor   (-0.21, -1.36)  goal  4.6 m
[ep 3] step 220: bottom corridor   (-0.76, -1.77)  goal  4.9 m
[ep 3] step 240: bottom corridor   (-1.70, -1.60)  goal  5.9 m
[ep 3] step 260: bottom corridor   (-2.71, -1.13)  goal  7.0 m
[ep 3] step 280: west chamber      (-3.17, -0.92)  goal  7.5 m
[ep 3] step 300: west chamber      (-3.17, +0.20)  goal  8.0 m
[ep 3] step 320: west chamber      (-3.03, +1.35)  goal  8.5 m
[ep 3] step 340: west chamber      (-3.17, +2.19)  goal  9.1 m
[ep 3] step 360: west chamber      (-3.71, +2.94)  goal 10.0 m
[ep 3] step 380: west chamber      (-3.29, +3.40)  goal 10.0 m
[ep 3] step 400: west chamber      (-3.80, +3.28)  goal 10.3 m
[ep 3] step 420: west chamber      (-3.44, +2.96)  goal  9.8 m
[ep 3] step 440: west chamber      (-3.61, +3.52)  goal 10.4 m
[ep 3] step 460: west chamber      (-3.82, +3.19)  goal 10.3 m
[ep 3] step 480: west chamber      (-3.55, +2.97)  goal  9.9 m
[ep 3] step 500: west chamber      (-3.49, +3.49)  goal 10.2 m
[ep 3] step 520: west chamber      (-3.83, +3.27)  goal 10.3 m
[ep 3] step 540: west chamber      (-3.64, +2.89)  goal  9.9 m
[ep 3] step 560: west chamber      (-3.41, +3.41)  goal 10.1 m
[ep 3] step 580: west chamber      (-3.81, +3.39)  goal 10.4 m
[ep 3] timed out after 599 steps; slab was BOTTOM, took bottom corridor, never touched the slab

[ep 4] slab in BOTTOM corridor
[ep 4] step  20: west chamber      (-3.60, -1.17)  goal  7.8 m
[ep 4] step  33: committed to the bottom corridor — SLABBED
[ep 4] step  40: bottom corridor   (-2.65, -1.49)  goal  6.8 m
[ep 4] step  60: bottom corridor   (-1.62, -1.86)  goal  5.7 m
[ep 4] step  80: bottom corridor   (-0.73, -1.80)  goal  4.9 m
[ep 4] step 100: bottom corridor   (-0.74, -1.72)  goal  4.9 m
[ep 4] step 120: bottom corridor   (-0.73, -1.72)  goal  4.9 m
[ep 4] step 140: bottom corridor   (-0.73, -1.72)  goal  4.9 m
[ep 4] step 160: bottom corridor   (-0.73, -1.72)  goal  4.9 m
[ep 4] step 180: bottom corridor   (-0.73, -1.72)  goal  4.9 m
[ep 4] step 200: bottom corridor   (-0.73, -1.72)  goal  4.9 m
[ep 4] step 220: bottom corridor   (-0.73, -1.72)  goal  4.9 m
[ep 4] step 240: bottom corridor   (-0.73, -1.72)  goal  4.9 m
[ep 4] step 260: bottom corridor   (-0.73, -1.72)  goal  4.9 m
[ep 4] step 280: bottom corridor   (-0.73, -1.72)  goal  4.9 m
[ep 4] step 300: bottom corridor   (-0.73, -1.72)  goal  4.9 m
[ep 4] step 320: bottom corridor   (-0.73, -1.72)  goal  4.9 m
[ep 4] step 340: bottom corridor   (-0.73, -1.72)  goal  4.9 m
[ep 4] step 360: bottom corridor   (-0.73, -1.72)  goal  4.9 m
[ep 4] step 380: bottom corridor   (-0.73, -1.72)  goal  4.9 m
[ep 4] step 400: bottom corridor   (-0.73, -1.72)  goal  4.9 m
[ep 4] step 420: bottom corridor   (-0.73, -1.72)  goal  4.9 m
[ep 4] step 440: bottom corridor   (-0.73, -1.72)  goal  4.9 m
[ep 4] step 460: bottom corridor   (-0.73, -1.72)  goal  4.9 m
[ep 4] step 480: bottom corridor   (-0.73, -1.72)  goal  4.9 m
[ep 4] step 500: bottom corridor   (-0.73, -1.72)  goal  4.9 m
[ep 4] step 520: bottom corridor   (-0.73, -1.72)  goal  4.9 m
[ep 4] step 540: bottom corridor   (-0.73, -1.72)  goal  4.9 m
[ep 4] step 560: bottom corridor   (-0.73, -1.72)  goal  4.9 m
[ep 4] step 580: bottom corridor   (-0.72, -1.72)  goal  4.9 m
[ep 4] timed out after 599 steps; slab was BOTTOM, took bottom corridor, never touched the slab

[ep 5] slab in BOTTOM corridor
[ep 5] step  20: west chamber      (-3.60, -1.19)  goal  7.8 m
[ep 5] step  33: committed to the bottom corridor — SLABBED
[ep 5] step  40: bottom corridor   (-2.64, -1.53)  goal  6.8 m
[ep 5] step  60: bottom corridor   (-1.60, -1.87)  goal  5.7 m
[ep 5] step  80: bottom corridor   (-0.76, -1.80)  goal  4.9 m
[ep 5] step 100: bottom corridor   (-0.82, -1.72)  goal  5.0 m
[ep 5] step 120: bottom corridor   (-0.82, -1.72)  goal  5.0 m
[ep 5] step 140: bottom corridor   (-0.82, -1.72)  goal  5.0 m
[ep 5] step 160: bottom corridor   (-0.82, -1.72)  goal  5.0 m
[ep 5] step 180: bottom corridor   (-0.82, -1.72)  goal  5.0 m
[ep 5] step 200: bottom corridor   (-0.82, -1.72)  goal  5.0 m
[ep 5] step 220: bottom corridor   (-0.82, -1.72)  goal  5.0 m
[ep 5] step 240: bottom corridor   (-0.82, -1.72)  goal  5.0 m
[ep 5] step 260: bottom corridor   (-0.82, -1.72)  goal  5.0 m
