[INFO][AppLauncher]: Using device: cuda:0
[INFO][AppLauncher]: Loading experience file: /data/howard/isaac/IsaacLab/apps/isaaclab.python.headless.rendering.kit
Loading user config located at: '/data/howard/isaac/envs/isaaclab/lib/python3.11/site-packages/isaacsim/kit/data/Kit/Isaac-Sim/5.1/user.config.json'
[Info] [carb] Logging to file: /data/howard/isaac/envs/isaaclab/lib/python3.11/site-packages/isaacsim/kit/logs/Kit/Isaac-Sim/5.1/kit_20260730_030842.log
2026-07-30T03:08:42Z [139ms] [Warning] [carb.windowing-glfw.plugin] GLFW initialization failed.
2026-07-30T03:08:42Z [139ms] [Warning] [carb] Failed to startup plugin carb.windowing-glfw.plugin (interfaces: [carb::windowing::IGLContext v1.0],[carb::windowing::IWindowing v1.5]) (impl: carb.windowing-glfw.plugin)
2026-07-30T03:08:42Z [209ms] [Warning] [omni.platforminfo.plugin] failed to open the default display.  Can't verify X Server version.
2026-07-30T03:08:42Z [214ms] [Warning] [carb.cudainterop.plugin] CUDA_VISIBLE_DEVICES environment variable is set.
2026-07-30T03:08:42Z [214ms] [Warning] [carb.cudainterop.plugin] Note CUDA device enumeration and Omniverse device enumeration are different.
2026-07-30T03:08:42Z [214ms] [Warning] [carb.cudainterop.plugin] Setting CUDA_VISIBLE_DEVICES can lead to undesired behavior or crashes.
2026-07-30T03:08:42Z [489ms] [Warning] [carb.windowing-glfw.plugin] GLFW initialization failed.
2026-07-30T03:08:42Z [489ms] [Warning] [carb] Failed to startup plugin carb.windowing-glfw.plugin (interfaces: [carb::windowing::IGLContext v1.0],[carb::windowing::IWindowing v1.5]) (impl: carb.windowing-glfw.plugin)
2026-07-30T03:08:42Z [657ms] [Warning] [gpu.foundation.plugin] Skipping NVIDIA GPU due CUDA being in bad state: NVIDIA RTX 6000 Ada Generation
2026-07-30T03:08:42Z [657ms] [Warning] [gpu.foundation.plugin] Please restart your system if CUDA is known to work in your system.
2026-07-30T03:08:42Z [657ms] [Warning] [gpu.foundation.plugin] Skipping NVIDIA GPU due CUDA being in bad state: NVIDIA RTX 6000 Ada Generation
2026-07-30T03:08:42Z [657ms] [Warning] [gpu.foundation.plugin] Please restart your system if CUDA is known to work in your system.
2026-07-30T03:08:42Z [658ms] [Warning] [gpu.foundation.plugin] Skipping NVIDIA GPU due CUDA being in bad state: NVIDIA RTX 6000 Ada Generation
2026-07-30T03:08:42Z [658ms] [Warning] [gpu.foundation.plugin] Please restart your system if CUDA is known to work in your system.
2026-07-30T03:08:42Z [658ms] [Warning] [gpu.foundation.plugin] Skipping NVIDIA GPU due CUDA being in bad state: NVIDIA RTX 6000 Ada Generation
2026-07-30T03:08:42Z [658ms] [Warning] [gpu.foundation.plugin] Please restart your system if CUDA is known to work in your system.
2026-07-30T03:08:42Z [658ms] [Warning] [gpu.foundation.plugin] Skipping NVIDIA GPU due CUDA being in bad state: NVIDIA RTX 6000 Ada Generation
2026-07-30T03:08:42Z [658ms] [Warning] [gpu.foundation.plugin] Please restart your system if CUDA is known to work in your system.
2026-07-30T03:08:42Z [658ms] [Warning] [gpu.foundation.plugin] Skipping NVIDIA GPU due CUDA being in bad state: NVIDIA RTX 6000 Ada Generation
2026-07-30T03:08:42Z [658ms] [Warning] [gpu.foundation.plugin] Please restart your system if CUDA is known to work in your system.

|---------------------------------------------------------------------------------------------|
| Driver Version: 550.90.12     | Graphics API: Vulkan
|=============================================================================================|
| GPU | Name                             | Active | LDA | GPU Memory | Vendor-ID | LUID       |
|     |                                  |        |     |            | Device-ID | UUID       |
|     |                                  |        |     |            | Bus-ID    |            |
|---------------------------------------------------------------------------------------------|
| 0   | NVIDIA RTX 6000 Ada Generation   |        |     | 49386   MB | 10de      | 0          |
|     |                                  |        |     |            | 26b1      | df04a158.. |
|     |                                  |        |     |            | 1         |            |
|---------------------------------------------------------------------------------------------|
| 1   | NVIDIA RTX 6000 Ada Generation   |        |     | 49386   MB | 10de      | 0          |
|     |                                  |        |     |            | 26b1      | 5cfd6483.. |
|     |                                  |        |     |            | 2c        |            |
|---------------------------------------------------------------------------------------------|
| 2   | NVIDIA RTX 6000 Ada Generation   |        |     | 49386   MB | 10de      | 0          |
|     |                                  |        |     |            | 26b1      | bdb0e57d.. |
|     |                                  |        |     |            | 41        |            |
|---------------------------------------------------------------------------------------------|
| 3   | NVIDIA RTX 6000 Ada Generation   | Yes: 0 |     | 49386   MB | 10de      | 0          |
|     |                                  |        |     |            | 26b1      | 21e14e0d.. |
|     |                                  |        |     |            | 61        |            |
|=============================================================================================|
| OS: 22.04.5 LTS (Jammy Jellyfish) ubuntu, Version: 22.04.5, Kernel: 5.15.0-181-generic
| Processor: AMD Ryzen Threadripper PRO 5995WX 64-Cores
| Cores: 64 | Logical Cores: 128
|---------------------------------------------------------------------------------------------|
| Total Memory (MB): 515582 | Free Memory: 309572
| Total Page/Swap (MB): 10239 | Free Page/Swap: 7993
|---------------------------------------------------------------------------------------------|
2026-07-30T03:08:43Z [1,824ms] [Warning] [carb.windowing-glfw.plugin] GLFW initialization failed.
2026-07-30T03:08:43Z [1,824ms] [Warning] [carb] Failed to startup plugin carb.windowing-glfw.plugin (interfaces: [carb::windowing::IGLContext v1.0],[carb::windowing::IWindowing v1.5]) (impl: carb.windowing-glfw.plugin)
2026-07-30T03:08:44Z [1,835ms] [Warning] [carb.windowing-glfw.plugin] GLFW initialization failed.
2026-07-30T03:08:44Z [1,835ms] [Warning] [carb] Failed to startup plugin carb.windowing-glfw.plugin (interfaces: [carb::windowing::IGLContext v1.0],[carb::windowing::IWindowing v1.5]) (impl: carb.windowing-glfw.plugin)
2026-07-30T03:08:44Z [1,840ms] [Warning] [carb.windowing-glfw.plugin] GLFW initialization failed.
2026-07-30T03:08:44Z [1,840ms] [Warning] [carb] Failed to startup plugin carb.windowing-glfw.plugin (interfaces: [carb::windowing::IGLContext v1.0],[carb::windowing::IWindowing v1.5]) (impl: carb.windowing-glfw.plugin)
2026-07-30T03:08:44Z [1,848ms] [Warning] [carb.windowing-glfw.plugin] GLFW initialization failed.
2026-07-30T03:08:44Z [1,848ms] [Warning] [carb] Failed to startup plugin carb.windowing-glfw.plugin (interfaces: [carb::windowing::IGLContext v1.0],[carb::windowing::IWindowing v1.5]) (impl: carb.windowing-glfw.plugin)
2026-07-30T03:08:44Z [1,849ms] [Warning] [carb.windowing-glfw.plugin] GLFW initialization failed.
2026-07-30T03:08:44Z [1,849ms] [Warning] [carb] Failed to startup plugin carb.windowing-glfw.plugin (interfaces: [carb::windowing::IGLContext v1.0],[carb::windowing::IWindowing v1.5]) (impl: carb.windowing-glfw.plugin)
2026-07-30T03:08:44Z [1,850ms] [Warning] [carb.windowing-glfw.plugin] GLFW initialization failed.
2026-07-30T03:08:44Z [1,850ms] [Warning] [carb] Failed to startup plugin carb.windowing-glfw.plugin (interfaces: [carb::windowing::IGLContext v1.0],[carb::windowing::IWindowing v1.5]) (impl: carb.windowing-glfw.plugin)
2026-07-30T03:08:44Z [2,058ms] [Warning] [omni.log] Source: omni.hydra was already registered.
2026-07-30T03:08:44Z [2,374ms] [Warning] [carb] Acquiring non optional plugin interface which is not listed as dependency: [omni::physx::IPhysxBenchmarks v1.0] (plugin: <default plugin>), by client: omni.physics.physx.plugin. Add it to CARB_PLUGIN_IMPL_DEPS() macro of a client.
2026-07-30T03:08:44Z [2,384ms] [Warning] [omni.isaac.dynamic_control] omni.isaac.dynamic_control is deprecated as of Isaac Sim 4.5. No action is needed from end-users.
2026-07-30T03:08:46Z [4,321ms] [Warning] [pxr.Semantics] pxr.Semantics is deprecated - please use Semantics instead
2026-07-30T03:08:46Z [4,426ms] [Warning] [omni.graph.core.plugin] Found duplicate of category 'Replicator' - was 'Annotators', adding 'Fabric Reader'
2026-07-30T03:08:46Z [4,426ms] [Warning] [omni.graph.core.plugin] Category 'Replicator' not accepted on node type 'omni.replicator.core.FabricReader' in extension 'omni.replicator.core'
2026-07-30T03:08:46Z [4,427ms] [Warning] [omni.replicator.core.scripts.extension] No material configuration file, adding configuration to material settings directly.
2026-07-30T03:08:50Z [8,270ms] [Warning] [omni.fabric.plugin] Warning: attribute viewportHandle not found for bucket id 7

2026-07-30T03:08:50Z [8,820ms] [Warning] [isaaclab.envs.direct_marl_env] Seed not set for the environment. The environment creation may not be deterministic.

[36m========================================================================================================[0m
[36m[1m[INFO][IsaacLab]: Logging to file: /data/howard/isaac/tmp/isaaclab/logs/isaaclab_2026-07-30_03-08-50.log[0m
[36m========================================================================================================[0m

[33m03:08:51 [simulation_context.py] WARNING: The `enable_external_forces_every_iteration` parameter in the PhysxCfg is set to False. If you are experiencing noisy velocities, consider enabling this flag. You may need to slightly increase the number of velocity iterations (setting it to 1 or 2 rather than 0), together with this flag, to improve the accuracy of velocity updates.[0m
[INFO]: Base environment:
	Environment device    : cuda:0
	Environment seed      : None
	Physics step-size     : 0.016666666666666666
	Rendering step-size   : 0.1
	Environment step-size : 0.1
[INFO]: Time taken for scene creation : 1.364569 seconds
[INFO]: Scene manager:  <class InteractiveScene>
	Number of environments: 64
	Environment spacing   : 12.0
	Source prim name      : /World/envs/env_0
	Global prim paths     : []
	Replicate physics     : True
[INFO]: Starting the simulation. This may take a few seconds. Please wait...
[INFO]: Time taken for simulation start : 4.787385 seconds
[INFO]: Completed setting up the environment...
init_nav: loaded 19/19 tensors from runs/nav_pretrain/nav_s1_mouth.pt; widened ['actor.0.weight', 'critic.0.weight']
log_std frozen at [0.623, 0.601, 0.724]
route obedience: trainable=75,140 (encoder frozen)  wrong_corridor=0.0/step  route_shaping=True  abort_wrong=True
2026-07-30T03:09:20Z [38,473ms] [Warning] [carb] Client gpu.foundation.plugin has acquired [gpu::unstable::IMemoryBudgetManagerFactory v0.1] 100 times. Consider accessing this interface with carb::getCachedInterface() (Performance warning)
[obey] iter   1/366  step     8192  obey top 0.00/bot 0.00  succ top 0.00/bot 0.00  | canonical obey 0.00/0.00 succ 0.00/0.00  approx_kl 0.0516  SPS 152
[obey] iter   2/366  step    16384  obey top 0.00/bot 0.95  succ top 0.00/bot 0.95  | canonical obey 0.00/0.95 succ 0.00/0.95  approx_kl 0.0223  SPS 146
[obey] iter   3/366  step    24576  obey top 0.00/bot 0.98  succ top 0.00/bot 0.98  | canonical obey 0.00/0.98 succ 0.00/0.98  approx_kl 0.0374  SPS 143
[obey] iter   4/366  step    32768  obey top 0.00/bot 0.98  succ top 0.00/bot 0.98  | canonical obey 0.00/0.98 succ 0.00/0.98  approx_kl 0.0309  SPS 144
[obey] iter   5/366  step    40960  obey top 0.00/bot 0.96  succ top 0.00/bot 0.94  | canonical obey 0.00/0.96 succ 0.00/0.94  approx_kl 0.0466  SPS 144
[obey] iter   6/366  step    49152  obey top 0.00/bot 0.97  succ top 0.00/bot 0.94  | canonical obey 0.00/0.97 succ 0.00/0.94  approx_kl 0.0228  SPS 144
[obey] iter   7/366  step    57344  obey top 0.00/bot 0.97  succ top 0.00/bot 0.95  | canonical obey 0.00/0.97 succ 0.00/0.95  approx_kl 0.0249  SPS 144
[obey] iter   8/366  step    65536  obey top 0.00/bot 0.98  succ top 0.00/bot 0.95  | canonical obey 0.00/0.98 succ 0.00/0.95  approx_kl 0.0253  SPS 144
[obey] iter   9/366  step    73728  obey top 0.00/bot 0.98  succ top 0.00/bot 0.96  | canonical obey 0.00/0.98 succ 0.00/0.96  approx_kl 0.0282  SPS 143
[obey] iter  10/366  step    81920  obey top 0.00/bot 0.98  succ top 0.00/bot 0.95  | canonical obey 0.00/0.98 succ 0.00/0.95  approx_kl 0.0214  SPS 147
[obey] iter  11/366  step    90112  obey top 0.00/bot 0.98  succ top 0.00/bot 0.95  | canonical obey 0.00/0.98 succ 0.00/0.95  approx_kl 0.0346  SPS 160
[obey] iter  12/366  step    98304  obey top 0.00/bot 0.98  succ top 0.00/bot 0.95  | canonical obey 0.00/0.98 succ 0.00/0.95  approx_kl 0.0270  SPS 172
[obey] iter  13/366  step   106496  obey top 0.00/bot 1.00  succ top 0.00/bot 0.98  | canonical obey 0.00/1.00 succ 0.00/0.98  approx_kl 0.0369  SPS 183
[obey] iter  14/366  step   114688  obey top 0.00/bot 1.00  succ top 0.00/bot 0.97  | canonical obey 0.00/1.00 succ 0.00/0.97  approx_kl 0.0249  SPS 195
[obey] iter  15/366  step   122880  obey top 0.00/bot 1.00  succ top 0.00/bot 0.97  | canonical obey 0.00/1.00 succ 0.00/0.97  approx_kl 0.0212  SPS 205
[obey] iter  16/366  step   131072  obey top 0.00/bot 1.00  succ top 0.00/bot 0.97  | canonical obey 0.00/1.00 succ 0.00/0.97  approx_kl 0.0335  SPS 216
[obey] iter  17/366  step   139264  obey top 0.00/bot 1.00  succ top 0.00/bot 0.97  | canonical obey 0.00/1.00 succ 0.00/0.97  approx_kl 0.0308  SPS 226
[obey] iter  18/366  step   147456  obey top 0.00/bot 1.00  succ top 0.00/bot 0.96  | canonical obey 0.00/1.00 succ 0.00/0.96  approx_kl 0.0197  SPS 237
[obey] iter  19/366  step   155648  obey top 0.00/bot 1.00  succ top 0.00/bot 0.95  | canonical obey 0.00/1.00 succ 0.00/0.95  approx_kl 0.0224  SPS 246
[obey] iter  20/366  step   163840  obey top 0.00/bot 1.00  succ top 0.00/bot 0.95  | canonical obey 0.00/1.00 succ 0.00/0.95  approx_kl 0.0271  SPS 256
[obey] iter  21/366  step   172032  obey top 0.00/bot 1.00  succ top 0.00/bot 0.95  | canonical obey 0.00/1.00 succ 0.00/0.95  approx_kl 0.0208  SPS 265
[obey] iter  22/366  step   180224  obey top 0.00/bot 1.00  succ top 0.00/bot 0.96  | canonical obey 0.00/1.00 succ 0.00/0.96  approx_kl 0.0192  SPS 264
[obey] iter  23/366  step   188416  obey top 0.00/bot 1.00  succ top 0.00/bot 0.96  | canonical obey 0.00/1.00 succ 0.00/0.96  approx_kl 0.0292  SPS 256
[obey] iter  24/366  step   196608  obey top 0.00/bot 1.00  succ top 0.00/bot 0.96  | canonical obey 0.00/1.00 succ 0.00/0.96  approx_kl 0.0129  SPS 248
[obey] iter  25/366  step   204800  obey top 0.00/bot 1.00  succ top 0.00/bot 0.96  | canonical obey 0.00/1.00 succ 0.00/0.96  approx_kl 0.0178  SPS 241
[obey] iter  26/366  step   212992  obey top 0.00/bot 1.00  succ top 0.00/bot 0.97  | canonical obey 0.00/1.00 succ 0.00/0.97  approx_kl 0.0126  SPS 236
[obey] iter  27/366  step   221184  obey top 0.00/bot 1.00  succ top 0.00/bot 0.97  | canonical obey 0.00/1.00 succ 0.00/0.97  approx_kl 0.0270  SPS 231
[obey] iter  28/366  step   229376  obey top 0.00/bot 1.00  succ top 0.00/bot 0.98  | canonical obey 0.00/1.00 succ 0.00/0.98  approx_kl 0.0250  SPS 225
[obey] iter  29/366  step   237568  obey top 0.00/bot 1.00  succ top 0.00/bot 0.96  | canonical obey 0.00/1.00 succ 0.00/0.96  approx_kl 0.0210  SPS 220
[obey] iter  30/366  step   245760  obey top 0.00/bot 0.99  succ top 0.00/bot 0.94  | canonical obey 0.00/0.99 succ 0.00/0.94  approx_kl 0.0244  SPS 215
[obey] iter  31/366  step   253952  obey top 0.00/bot 0.99  succ top 0.00/bot 0.95  | canonical obey 0.00/0.99 succ 0.00/0.95  approx_kl 0.0214  SPS 212
[obey] iter  32/366  step   262144  obey top 0.00/bot 0.99  succ top 0.00/bot 0.95  | canonical obey 0.00/0.99 succ 0.00/0.95  approx_kl 0.0147  SPS 209
[obey] iter  33/366  step   270336  obey top 0.00/bot 0.99  succ top 0.00/bot 0.94  | canonical obey 0.00/0.99 succ 0.00/0.94  approx_kl 0.0233  SPS 206
[obey] iter  34/366  step   278528  obey top 0.00/bot 0.99  succ top 0.00/bot 0.95  | canonical obey 0.00/0.99 succ 0.00/0.95  approx_kl 0.0230  SPS 202
[obey] iter  35/366  step   286720  obey top 0.00/bot 0.99  succ top 0.00/bot 0.94  | canonical obey 0.00/0.99 succ 0.00/0.94  approx_kl 0.0248  SPS 200
[obey] iter  36/366  step   294912  obey top 0.00/bot 1.00  succ top 0.00/bot 0.97  | canonical obey 0.00/1.00 succ 0.00/0.97  approx_kl 0.0243  SPS 197
[obey] iter  37/366  step   303104  obey top 0.00/bot 1.00  succ top 0.00/bot 0.97  | canonical obey 0.00/1.00 succ 0.00/0.97  approx_kl 0.0394  SPS 195
[obey] iter  38/366  step   311296  obey top 0.00/bot 1.00  succ top 0.00/bot 0.97  | canonical obey 0.00/1.00 succ 0.00/0.97  approx_kl 0.0329  SPS 192
[obey] iter  39/366  step   319488  obey top 0.00/bot 1.00  succ top 0.00/bot 0.97  | canonical obey 0.00/1.00 succ 0.00/0.97  approx_kl 0.0188  SPS 188
[obey] iter  40/366  step   327680  obey top 0.00/bot 1.00  succ top 0.00/bot 0.98  | canonical obey 0.00/1.00 succ 0.00/0.98  approx_kl 0.0223  SPS 186
