[INFO][AppLauncher]: Using device: cuda:0
[INFO][AppLauncher]: Loading experience file: /data/howard/isaac/IsaacLab/apps/isaaclab.python.headless.rendering.kit
Loading user config located at: '/data/howard/isaac/envs/isaaclab/lib/python3.11/site-packages/isaacsim/kit/data/Kit/Isaac-Sim/5.1/user.config.json'
[Info] [carb] Logging to file: /data/howard/isaac/envs/isaaclab/lib/python3.11/site-packages/isaacsim/kit/logs/Kit/Isaac-Sim/5.1/kit_20260730_015333.log
2026-07-30T01:53:33Z [154ms] [Warning] [carb.windowing-glfw.plugin] GLFW initialization failed.
2026-07-30T01:53:33Z [154ms] [Warning] [carb] Failed to startup plugin carb.windowing-glfw.plugin (interfaces: [carb::windowing::IGLContext v1.0],[carb::windowing::IWindowing v1.5]) (impl: carb.windowing-glfw.plugin)
2026-07-30T01:53:33Z [203ms] [Warning] [omni.platforminfo.plugin] failed to open the default display.  Can't verify X Server version.
2026-07-30T01:53:33Z [208ms] [Warning] [carb.cudainterop.plugin] CUDA_VISIBLE_DEVICES environment variable is set.
2026-07-30T01:53:33Z [208ms] [Warning] [carb.cudainterop.plugin] Note CUDA device enumeration and Omniverse device enumeration are different.
2026-07-30T01:53:33Z [208ms] [Warning] [carb.cudainterop.plugin] Setting CUDA_VISIBLE_DEVICES can lead to undesired behavior or crashes.
2026-07-30T01:53:33Z [490ms] [Warning] [carb.windowing-glfw.plugin] GLFW initialization failed.
2026-07-30T01:53:33Z [490ms] [Warning] [carb] Failed to startup plugin carb.windowing-glfw.plugin (interfaces: [carb::windowing::IGLContext v1.0],[carb::windowing::IWindowing v1.5]) (impl: carb.windowing-glfw.plugin)
2026-07-30T01:53:34Z [667ms] [Warning] [gpu.foundation.plugin] Skipping NVIDIA GPU due CUDA being in bad state: NVIDIA RTX 6000 Ada Generation
2026-07-30T01:53:34Z [667ms] [Warning] [gpu.foundation.plugin] Please restart your system if CUDA is known to work in your system.
2026-07-30T01:53:34Z [667ms] [Warning] [gpu.foundation.plugin] Skipping NVIDIA GPU due CUDA being in bad state: NVIDIA RTX 6000 Ada Generation
2026-07-30T01:53:34Z [667ms] [Warning] [gpu.foundation.plugin] Please restart your system if CUDA is known to work in your system.
2026-07-30T01:53:34Z [668ms] [Warning] [gpu.foundation.plugin] Skipping NVIDIA GPU due CUDA being in bad state: NVIDIA RTX 6000 Ada Generation
2026-07-30T01:53:34Z [668ms] [Warning] [gpu.foundation.plugin] Please restart your system if CUDA is known to work in your system.
2026-07-30T01:53:34Z [668ms] [Warning] [gpu.foundation.plugin] Skipping NVIDIA GPU due CUDA being in bad state: NVIDIA RTX 6000 Ada Generation
2026-07-30T01:53:34Z [668ms] [Warning] [gpu.foundation.plugin] Please restart your system if CUDA is known to work in your system.
2026-07-30T01:53:34Z [668ms] [Warning] [gpu.foundation.plugin] Skipping NVIDIA GPU due CUDA being in bad state: NVIDIA RTX 6000 Ada Generation
2026-07-30T01:53:34Z [668ms] [Warning] [gpu.foundation.plugin] Please restart your system if CUDA is known to work in your system.
2026-07-30T01:53:34Z [668ms] [Warning] [gpu.foundation.plugin] Skipping NVIDIA GPU due CUDA being in bad state: NVIDIA RTX 6000 Ada Generation
2026-07-30T01:53:34Z [668ms] [Warning] [gpu.foundation.plugin] Please restart your system if CUDA is known to work in your system.

|---------------------------------------------------------------------------------------------|
| Driver Version: 550.90.12     | Graphics API: Vulkan
|=============================================================================================|
| GPU | Name                             | Active | LDA | GPU Memory | Vendor-ID | LUID       |
|     |                                  |        |     |            | Device-ID | UUID       |
|     |                                  |        |     |            | Bus-ID    |            |
|---------------------------------------------------------------------------------------------|
| 0   | NVIDIA RTX 6000 Ada Generation   |        |     | 49386   MB | 10de      | 0          |
|     |                                  |        |     |            | 26b1      | df04a158.. |
|     |                                  |        |     |            | 1         |            |
|---------------------------------------------------------------------------------------------|
| 1   | NVIDIA RTX 6000 Ada Generation   |        |     | 49386   MB | 10de      | 0          |
|     |                                  |        |     |            | 26b1      | 5cfd6483.. |
|     |                                  |        |     |            | 2c        |            |
|---------------------------------------------------------------------------------------------|
| 2   | NVIDIA RTX 6000 Ada Generation   | Yes: 0 |     | 49386   MB | 10de      | 0          |
|     |                                  |        |     |            | 26b1      | bdb0e57d.. |
|     |                                  |        |     |            | 41        |            |
|---------------------------------------------------------------------------------------------|
| 3   | NVIDIA RTX 6000 Ada Generation   |        |     | 49386   MB | 10de      | 0          |
|     |                                  |        |     |            | 26b1      | 21e14e0d.. |
|     |                                  |        |     |            | 61        |            |
|=============================================================================================|
| OS: 22.04.5 LTS (Jammy Jellyfish) ubuntu, Version: 22.04.5, Kernel: 5.15.0-181-generic
| Processor: AMD Ryzen Threadripper PRO 5995WX 64-Cores
| Cores: 64 | Logical Cores: 128
|---------------------------------------------------------------------------------------------|
| Total Memory (MB): 515582 | Free Memory: 306836
| Total Page/Swap (MB): 10239 | Free Page/Swap: 7378
|---------------------------------------------------------------------------------------------|
2026-07-30T01:53:35Z [2,074ms] [Warning] [carb.windowing-glfw.plugin] GLFW initialization failed.
2026-07-30T01:53:35Z [2,074ms] [Warning] [carb] Failed to startup plugin carb.windowing-glfw.plugin (interfaces: [carb::windowing::IGLContext v1.0],[carb::windowing::IWindowing v1.5]) (impl: carb.windowing-glfw.plugin)
2026-07-30T01:53:35Z [2,083ms] [Warning] [carb.windowing-glfw.plugin] GLFW initialization failed.
2026-07-30T01:53:35Z [2,083ms] [Warning] [carb] Failed to startup plugin carb.windowing-glfw.plugin (interfaces: [carb::windowing::IGLContext v1.0],[carb::windowing::IWindowing v1.5]) (impl: carb.windowing-glfw.plugin)
2026-07-30T01:53:35Z [2,089ms] [Warning] [carb.windowing-glfw.plugin] GLFW initialization failed.
2026-07-30T01:53:35Z [2,089ms] [Warning] [carb] Failed to startup plugin carb.windowing-glfw.plugin (interfaces: [carb::windowing::IGLContext v1.0],[carb::windowing::IWindowing v1.5]) (impl: carb.windowing-glfw.plugin)
2026-07-30T01:53:35Z [2,097ms] [Warning] [carb.windowing-glfw.plugin] GLFW initialization failed.
2026-07-30T01:53:35Z [2,097ms] [Warning] [carb] Failed to startup plugin carb.windowing-glfw.plugin (interfaces: [carb::windowing::IGLContext v1.0],[carb::windowing::IWindowing v1.5]) (impl: carb.windowing-glfw.plugin)
2026-07-30T01:53:35Z [2,098ms] [Warning] [carb.windowing-glfw.plugin] GLFW initialization failed.
2026-07-30T01:53:35Z [2,098ms] [Warning] [carb] Failed to startup plugin carb.windowing-glfw.plugin (interfaces: [carb::windowing::IGLContext v1.0],[carb::windowing::IWindowing v1.5]) (impl: carb.windowing-glfw.plugin)
2026-07-30T01:53:35Z [2,099ms] [Warning] [carb.windowing-glfw.plugin] GLFW initialization failed.
2026-07-30T01:53:35Z [2,099ms] [Warning] [carb] Failed to startup plugin carb.windowing-glfw.plugin (interfaces: [carb::windowing::IGLContext v1.0],[carb::windowing::IWindowing v1.5]) (impl: carb.windowing-glfw.plugin)
2026-07-30T01:53:35Z [2,310ms] [Warning] [omni.log] Source: omni.hydra was already registered.
2026-07-30T01:53:36Z [2,607ms] [Warning] [carb] Acquiring non optional plugin interface which is not listed as dependency: [omni::physx::IPhysxBenchmarks v1.0] (plugin: <default plugin>), by client: omni.physics.physx.plugin. Add it to CARB_PLUGIN_IMPL_DEPS() macro of a client.
2026-07-30T01:53:36Z [2,617ms] [Warning] [omni.isaac.dynamic_control] omni.isaac.dynamic_control is deprecated as of Isaac Sim 4.5. No action is needed from end-users.
2026-07-30T01:53:38Z [4,523ms] [Warning] [pxr.Semantics] pxr.Semantics is deprecated - please use Semantics instead
2026-07-30T01:53:38Z [4,667ms] [Warning] [omni.graph.core.plugin] Found duplicate of category 'Replicator' - was 'Annotators', adding 'Fabric Reader'
2026-07-30T01:53:38Z [4,667ms] [Warning] [omni.graph.core.plugin] Category 'Replicator' not accepted on node type 'omni.replicator.core.FabricReader' in extension 'omni.replicator.core'
2026-07-30T01:53:38Z [4,668ms] [Warning] [omni.replicator.core.scripts.extension] No material configuration file, adding configuration to material settings directly.
2026-07-30T01:53:39Z [6,320ms] [Warning] [omni.kvdb.plugin] Disabling key-value database because another kit process is locking it
2026-07-30T01:53:42Z [8,505ms] [Warning] [omni.fabric.plugin] Warning: attribute viewportHandle not found for bucket id 7

2026-07-30T01:53:42Z [9,014ms] [Warning] [isaaclab.envs.direct_marl_env] Seed not set for the environment. The environment creation may not be deterministic.

[36m========================================================================================================[0m
[36m[1m[INFO][IsaacLab]: Logging to file: /data/howard/isaac/tmp/isaaclab/logs/isaaclab_2026-07-30_01-53-42.log[0m
[36m========================================================================================================[0m

[33m01:53:42 [simulation_context.py] WARNING: The `enable_external_forces_every_iteration` parameter in the PhysxCfg is set to False. If you are experiencing noisy velocities, consider enabling this flag. You may need to slightly increase the number of velocity iterations (setting it to 1 or 2 rather than 0), together with this flag, to improve the accuracy of velocity updates.[0m
[INFO]: Base environment:
	Environment device    : cuda:0
	Environment seed      : None
	Physics step-size     : 0.016666666666666666
	Rendering step-size   : 0.1
	Environment step-size : 0.1
[INFO]: Time taken for scene creation : 1.411414 seconds
[INFO]: Scene manager:  <class InteractiveScene>
	Number of environments: 64
	Environment spacing   : 12.0
	Source prim name      : /World/envs/env_0
	Global prim paths     : []
	Replicate physics     : True
[INFO]: Starting the simulation. This may take a few seconds. Please wait...
[INFO]: Time taken for simulation start : 4.454647 seconds
[INFO]: Completed setting up the environment...
init_nav: loaded 19/19 tensors from runs/nav_pretrain/nav_s1_mouth.pt; widened ['actor.0.weight', 'critic.0.weight']
log_std frozen at [0.623, 0.601, 0.724]
route obedience: trainable=75,140 (encoder frozen)  wrong_corridor=-0.1/step  route_shaping=True
2026-07-30T01:54:02Z [28,648ms] [Warning] [carb] Client gpu.foundation.plugin has acquired [gpu::unstable::IMemoryBudgetManagerFactory v0.1] 100 times. Consider accessing this interface with carb::getCachedInterface() (Performance warning)
[obey] iter   1/366  step     8192  obey top nan/bot nan  succ top nan/bot nan  wrong_steps    nan  approx_kl 0.0247  SPS 249
[obey] iter   2/366  step    16384  obey top nan/bot 1.00  succ top nan/bot 1.00  wrong_steps    0.0  approx_kl 0.0379  SPS 248
[obey] iter   3/366  step    24576  obey top nan/bot 1.00  succ top nan/bot 1.00  wrong_steps    0.0  approx_kl 0.0504  SPS 233
[obey] iter   4/366  step    32768  obey top nan/bot 1.00  succ top nan/bot 1.00  wrong_steps    0.0  approx_kl 0.0273  SPS 234
[obey] iter   5/366  step    40960  obey top 0.00/bot 0.98  succ top 0.00/bot 0.91  wrong_steps  120.0  approx_kl 0.0222  SPS 234
[obey] iter   6/366  step    49152  obey top 0.00/bot 0.98  succ top 0.04/bot 0.92  wrong_steps  116.1  approx_kl 0.0163  SPS 237
[obey] iter   7/366  step    57344  obey top 0.00/bot 0.99  succ top 0.03/bot 0.92  wrong_steps  116.2  approx_kl 0.0188  SPS 236
[obey] iter   8/366  step    65536  obey top 0.00/bot 0.99  succ top 0.03/bot 0.93  wrong_steps  117.4  approx_kl 0.0162  SPS 233
[obey] iter   9/366  step    73728  obey top 0.00/bot 0.98  succ top 0.02/bot 0.91  wrong_steps  118.7  approx_kl 0.0164  SPS 232
[obey] iter  10/366  step    81920  obey top 0.00/bot 0.98  succ top 0.02/bot 0.90  wrong_steps  137.4  approx_kl 0.0431  SPS 232
[obey] iter  11/366  step    90112  obey top 0.00/bot 0.98  succ top 0.02/bot 0.90  wrong_steps  131.4  approx_kl 0.0295  SPS 234
[obey] iter  12/366  step    98304  obey top 0.00/bot 0.98  succ top 0.01/bot 0.91  wrong_steps  150.3  approx_kl 0.0296  SPS 232
[obey] iter  13/366  step   106496  obey top 0.00/bot 0.99  succ top 0.01/bot 0.92  wrong_steps  151.9  approx_kl 0.0284  SPS 231
[obey] iter  14/366  step   114688  obey top 0.00/bot 0.99  succ top 0.01/bot 0.93  wrong_steps  163.3  approx_kl 0.0238  SPS 232
[obey] iter  15/366  step   122880  obey top 0.00/bot 0.99  succ top 0.01/bot 0.93  wrong_steps  157.0  approx_kl 0.0217  SPS 230
[obey] iter  16/366  step   131072  obey top 0.00/bot 0.99  succ top 0.01/bot 0.93  wrong_steps  161.1  approx_kl 0.0225  SPS 232
[obey] iter  17/366  step   139264  obey top 0.00/bot 0.99  succ top 0.01/bot 0.93  wrong_steps  164.5  approx_kl 0.0287  SPS 230
[obey] iter  18/366  step   147456  obey top 0.00/bot 0.99  succ top 0.01/bot 0.94  wrong_steps  163.8  approx_kl 0.0205  SPS 230
[obey] iter  19/366  step   155648  obey top 0.00/bot 0.99  succ top 0.01/bot 0.94  wrong_steps  173.8  approx_kl 0.0213  SPS 231
[obey] iter  20/366  step   163840  obey top 0.00/bot 0.98  succ top 0.01/bot 0.94  wrong_steps  162.3  approx_kl 0.0167  SPS 231
[obey] iter  21/366  step   172032  obey top 0.00/bot 0.98  succ top 0.01/bot 0.93  wrong_steps  170.7  approx_kl 0.0230  SPS 232
[obey] iter  22/366  step   180224  obey top 0.00/bot 0.97  succ top 0.01/bot 0.93  wrong_steps  166.7  approx_kl 0.0304  SPS 231
[obey] iter  23/366  step   188416  obey top 0.00/bot 0.97  succ top 0.01/bot 0.93  wrong_steps  170.5  approx_kl 0.0277  SPS 230
[obey] iter  24/366  step   196608  obey top 0.00/bot 0.97  succ top 0.01/bot 0.94  wrong_steps  175.0  approx_kl 0.0186  SPS 230
[obey] iter  25/366  step   204800  obey top 0.00/bot 0.98  succ top 0.01/bot 0.94  wrong_steps  173.9  approx_kl 0.0175  SPS 230
[obey] iter  26/366  step   212992  obey top 0.00/bot 0.98  succ top 0.01/bot 0.95  wrong_steps  174.3  approx_kl 0.0208  SPS 231
[obey] iter  27/366  step   221184  obey top 0.00/bot 0.98  succ top 0.01/bot 0.94  wrong_steps  168.7  approx_kl 0.0238  SPS 229
[obey] iter  28/366  step   229376  obey top 0.00/bot 0.98  succ top 0.01/bot 0.94  wrong_steps  187.8  approx_kl 0.0222  SPS 231
[obey] iter  29/366  step   237568  obey top 0.00/bot 0.98  succ top 0.00/bot 0.94  wrong_steps  191.4  approx_kl 0.0185  SPS 236
[obey] iter  30/366  step   245760  obey top 0.00/bot 0.98  succ top 0.00/bot 0.95  wrong_steps  191.5  approx_kl 0.0247  SPS 238
[obey] iter  31/366  step   253952  obey top 0.00/bot 0.98  succ top 0.00/bot 0.95  wrong_steps  188.4  approx_kl 0.0312  SPS 239
[obey] iter  32/366  step   262144  obey top 0.00/bot 0.98  succ top 0.00/bot 0.94  wrong_steps  190.1  approx_kl 0.0238  SPS 238
[obey] iter  33/366  step   270336  obey top 0.01/bot 0.98  succ top 0.01/bot 0.94  wrong_steps  193.3  approx_kl 0.0125  SPS 236
[obey] iter  34/366  step   278528  obey top 0.01/bot 0.98  succ top 0.01/bot 0.94  wrong_steps  193.8  approx_kl 0.0218  SPS 236
[obey] iter  35/366  step   286720  obey top 0.01/bot 0.98  succ top 0.01/bot 0.94  wrong_steps  197.6  approx_kl 0.0316  SPS 234
[obey] iter  36/366  step   294912  obey top 0.01/bot 0.98  succ top 0.01/bot 0.93  wrong_steps  197.6  approx_kl 0.0255  SPS 234
[obey] iter  37/366  step   303104  obey top 0.01/bot 0.98  succ top 0.01/bot 0.92  wrong_steps  202.6  approx_kl 0.0188  SPS 233
[obey] iter  38/366  step   311296  obey top 0.01/bot 0.98  succ top 0.01/bot 0.92  wrong_steps  195.8  approx_kl 0.0182  SPS 233
[obey] iter  39/366  step   319488  obey top 0.01/bot 0.98  succ top 0.01/bot 0.91  wrong_steps  191.7  approx_kl 0.0198  SPS 232
[obey] iter  40/366  step   327680  obey top 0.01/bot 0.98  succ top 0.01/bot 0.88  wrong_steps  187.3  approx_kl 0.0295  SPS 232
[obey] iter  41/366  step   335872  obey top 0.01/bot 0.98  succ top 0.01/bot 0.86  wrong_steps  190.9  approx_kl 0.0151  SPS 231
[obey] iter  42/366  step   344064  obey top 0.01/bot 0.99  succ top 0.01/bot 0.86  wrong_steps  194.4  approx_kl 0.0378  SPS 231
[obey] iter  43/366  step   352256  obey top 0.01/bot 0.99  succ top 0.01/bot 0.84  wrong_steps  198.4  approx_kl 0.0166  SPS 230
[obey] iter  44/366  step   360448  obey top 0.01/bot 0.99  succ top 0.01/bot 0.83  wrong_steps  195.9  approx_kl 0.0181  SPS 230
[obey] iter  45/366  step   368640  obey top 0.01/bot 0.99  succ top 0.01/bot 0.81  wrong_steps  193.6  approx_kl 0.0228  SPS 229
[obey] iter  46/366  step   376832  obey top 0.01/bot 0.99  succ top 0.01/bot 0.81  wrong_steps  194.1  approx_kl 0.0221  SPS 229
[obey] iter  47/366  step   385024  obey top 0.01/bot 0.99  succ top 0.01/bot 0.81  wrong_steps  202.9  approx_kl 0.0340  SPS 229
[obey] iter  48/366  step   393216  obey top 0.01/bot 0.99  succ top 0.01/bot 0.79  wrong_steps  205.6  approx_kl 0.0182  SPS 229
[obey] iter  49/366  step   401408  obey top 0.01/bot 0.99  succ top 0.01/bot 0.78  wrong_steps  205.7  approx_kl 0.0240  SPS 229
[obey] iter  50/366  step   409600  obey top 0.01/bot 0.99  succ top 0.01/bot 0.78  wrong_steps  210.9  approx_kl 0.0155  SPS 228
[obey] iter  51/366  step   417792  obey top 0.01/bot 0.99  succ top 0.01/bot 0.75  wrong_steps  217.7  approx_kl 0.0298  SPS 228
[obey] iter  52/366  step   425984  obey top 0.01/bot 0.99  succ top 0.01/bot 0.73  wrong_steps  227.7  approx_kl 0.0304  SPS 228
[obey] iter  53/366  step   434176  obey top 0.01/bot 0.99  succ top 0.01/bot 0.71  wrong_steps  221.0  approx_kl 0.0238  SPS 227
[obey] iter  54/366  step   442368  obey top 0.01/bot 0.98  succ top 0.01/bot 0.69  wrong_steps  227.2  approx_kl 0.0109  SPS 228
[obey] iter  55/366  step   450560  obey top 0.02/bot 0.98  succ top 0.02/bot 0.67  wrong_steps  219.6  approx_kl 0.0230  SPS 227
[obey] iter  56/366  step   458752  obey top 0.03/bot 0.98  succ top 0.03/bot 0.65  wrong_steps  222.9  approx_kl 0.0177  SPS 227
[obey] iter  57/366  step   466944  obey top 0.03/bot 0.98  succ top 0.03/bot 0.65  wrong_steps  226.0  approx_kl 0.0217  SPS 227
[obey] iter  58/366  step   475136  obey top 0.04/bot 0.97  succ top 0.04/bot 0.63  wrong_steps  241.0  approx_kl 0.0214  SPS 226
[obey] iter  59/366  step   483328  obey top 0.04/bot 0.97  succ top 0.04/bot 0.62  wrong_steps  247.9  approx_kl 0.0105  SPS 227
[obey] iter  60/366  step   491520  obey top 0.05/bot 0.97  succ top 0.05/bot 0.62  wrong_steps  247.2  approx_kl 0.0315  SPS 226
[obey] iter  61/366  step   499712  obey top 0.07/bot 0.96  succ top 0.07/bot 0.61  wrong_steps  236.5  approx_kl 0.0132  SPS 226
[obey] iter  62/366  step   507904  obey top 0.07/bot 0.96  succ top 0.07/bot 0.60  wrong_steps  234.7  approx_kl 0.0505  SPS 226
[obey] iter  63/366  step   516096  obey top 0.08/bot 0.95  succ top 0.08/bot 0.60  wrong_steps  231.3  approx_kl 0.0202  SPS 226
[obey] iter  64/366  step   524288  obey top 0.08/bot 0.95  succ top 0.08/bot 0.60  wrong_steps  235.4  approx_kl 0.0300  SPS 227
[obey] iter  65/366  step   532480  obey top 0.10/bot 0.94  succ top 0.10/bot 0.60  wrong_steps  218.2  approx_kl 0.0410  SPS 226
[obey] iter  66/366  step   540672  obey top 0.11/bot 0.93  succ top 0.10/bot 0.59  wrong_steps  217.2  approx_kl 0.0200  SPS 225
[obey] iter  67/366  step   548864  obey top 0.11/bot 0.92  succ top 0.10/bot 0.59  wrong_steps  223.6  approx_kl 0.0232  SPS 225
[obey] iter  68/366  step   557056  obey top 0.10/bot 0.93  succ top 0.10/bot 0.61  wrong_steps  214.8  approx_kl 0.0153  SPS 225
[obey] iter  69/366  step   565248  obey top 0.12/bot 0.92  succ top 0.10/bot 0.60  wrong_steps  203.1  approx_kl 0.0250  SPS 226
[obey] iter  70/366  step   573440  obey top 0.12/bot 0.91  succ top 0.10/bot 0.59  wrong_steps  199.7  approx_kl 0.0301  SPS 227
[obey] iter  71/366  step   581632  obey top 0.12/bot 0.90  succ top 0.11/bot 0.58  wrong_steps  196.1  approx_kl 0.0204  SPS 228
[obey] iter  72/366  step   589824  obey top 0.12/bot 0.90  succ top 0.11/bot 0.58  wrong_steps  191.9  approx_kl 0.0170  SPS 229
[obey] iter  73/366  step   598016  obey top 0.12/bot 0.90  succ top 0.11/bot 0.58  wrong_steps  191.5  approx_kl 0.0192  SPS 229
[obey] iter  74/366  step   606208  obey top 0.13/bot 0.88  succ top 0.11/bot 0.56  wrong_steps  204.0  approx_kl 0.0338  SPS 229
[obey] iter  75/366  step   614400  obey top 0.14/bot 0.88  succ top 0.11/bot 0.56  wrong_steps  195.2  approx_kl 0.0243  SPS 229
[obey] iter  76/366  step   622592  obey top 0.14/bot 0.88  succ top 0.11/bot 0.56  wrong_steps  192.5  approx_kl 0.0150  SPS 229
[obey] iter  77/366  step   630784  obey top 0.14/bot 0.86  succ top 0.11/bot 0.55  wrong_steps  190.0  approx_kl 0.0209  SPS 229
[obey] iter  78/366  step   638976  obey top 0.13/bot 0.85  succ top 0.10/bot 0.55  wrong_steps  197.0  approx_kl 0.0315  SPS 229
[obey] iter  79/366  step   647168  obey top 0.14/bot 0.84  succ top 0.10/bot 0.56  wrong_steps  191.5  approx_kl 0.0210  SPS 229
[obey] iter  80/366  step   655360  obey top 0.15/bot 0.83  succ top 0.11/bot 0.55  wrong_steps  189.4  approx_kl 0.0223  SPS 229
[obey] iter  81/366  step   663552  obey top 0.13/bot 0.83  succ top 0.09/bot 0.56  wrong_steps  200.3  approx_kl 0.0176  SPS 228
[obey] iter  82/366  step   671744  obey top 0.14/bot 0.83  succ top 0.10/bot 0.56  wrong_steps  189.9  approx_kl 0.0231  SPS 228
[obey] iter  83/366  step   679936  obey top 0.12/bot 0.82  succ top 0.09/bot 0.57  wrong_steps  194.7  approx_kl 0.0336  SPS 229
[obey] iter  84/366  step   688128  obey top 0.12/bot 0.80  succ top 0.07/bot 0.56  wrong_steps  190.9  approx_kl 0.0275  SPS 229
[obey] iter  85/366  step   696320  obey top 0.12/bot 0.79  succ top 0.08/bot 0.56  wrong_steps  191.4  approx_kl 0.0281  SPS 229
[obey] iter  86/366  step   704512  obey top 0.12/bot 0.79  succ top 0.08/bot 0.56  wrong_steps  188.8  approx_kl 0.0281  SPS 228
[obey] iter  87/366  step   712704  obey top 0.12/bot 0.79  succ top 0.08/bot 0.56  wrong_steps  180.6  approx_kl 0.0299  SPS 228
[obey] iter  88/366  step   720896  obey top 0.11/bot 0.76  succ top 0.07/bot 0.54  wrong_steps  181.8  approx_kl 0.0253  SPS 228
[obey] iter  89/366  step   729088  obey top 0.11/bot 0.74  succ top 0.07/bot 0.53  wrong_steps  173.3  approx_kl 0.0258  SPS 229
[obey] iter  90/366  step   737280  obey top 0.11/bot 0.74  succ top 0.07/bot 0.53  wrong_steps  182.1  approx_kl 0.0132  SPS 228
[obey] iter  91/366  step   745472  obey top 0.12/bot 0.73  succ top 0.07/bot 0.51  wrong_steps  185.8  approx_kl 0.0193  SPS 228
[obey] iter  92/366  step   753664  obey top 0.11/bot 0.70  succ top 0.07/bot 0.50  wrong_steps  181.2  approx_kl 0.0156  SPS 228
[obey] iter  93/366  step   761856  obey top 0.14/bot 0.71  succ top 0.09/bot 0.51  wrong_steps  175.2  approx_kl 0.0342  SPS 228
[obey] iter  94/366  step   770048  obey top 0.14/bot 0.70  succ top 0.09/bot 0.50  wrong_steps  172.6  approx_kl 0.0387  SPS 228
[obey] iter  95/366  step   778240  obey top 0.14/bot 0.69  succ top 0.09/bot 0.50  wrong_steps  176.8  approx_kl 0.0175  SPS 228
[obey] iter  96/366  step   786432  obey top 0.14/bot 0.68  succ top 0.09/bot 0.49  wrong_steps  177.4  approx_kl 0.0184  SPS 228
[obey] iter  97/366  step   794624  obey top 0.14/bot 0.67  succ top 0.09/bot 0.47  wrong_steps  183.1  approx_kl 0.0177  SPS 228
[obey] iter  98/366  step   802816  obey top 0.17/bot 0.66  succ top 0.11/bot 0.47  wrong_steps  166.4  approx_kl 0.0340  SPS 228
[obey] iter  99/366  step   811008  obey top 0.17/bot 0.66  succ top 0.11/bot 0.48  wrong_steps  168.0  approx_kl 0.0338  SPS 228
[obey] iter 100/366  step   819200  obey top 0.18/bot 0.65  succ top 0.12/bot 0.47  wrong_steps  157.1  approx_kl 0.0325  SPS 228
[obey] iter 101/366  step   827392  obey top 0.18/bot 0.63  succ top 0.12/bot 0.47  wrong_steps  157.4  approx_kl 0.0259  SPS 228
[obey] iter 102/366  step   835584  obey top 0.20/bot 0.61  succ top 0.12/bot 0.46  wrong_steps  156.6  approx_kl 0.0254  SPS 228
[obey] iter 103/366  step   843776  obey top 0.20/bot 0.58  succ top 0.14/bot 0.43  wrong_steps  143.3  approx_kl 0.0218  SPS 228
[obey] iter 104/366  step   851968  obey top 0.20/bot 0.59  succ top 0.14/bot 0.45  wrong_steps  145.8  approx_kl 0.0222  SPS 228
[obey] iter 105/366  step   860160  obey top 0.22/bot 0.57  succ top 0.15/bot 0.45  wrong_steps  135.6  approx_kl 0.0146  SPS 227
[obey] iter 106/366  step   868352  obey top 0.24/bot 0.57  succ top 0.16/bot 0.45  wrong_steps  137.3  approx_kl 0.0285  SPS 228
[obey] iter 107/366  step   876544  obey top 0.25/bot 0.55  succ top 0.16/bot 0.43  wrong_steps  142.9  approx_kl 0.0415  SPS 229
[obey] iter 108/366  step   884736  obey top 0.28/bot 0.53  succ top 0.18/bot 0.41  wrong_steps  126.1  approx_kl 0.0358  SPS 230
[obey] iter 109/366  step   892928  obey top 0.28/bot 0.54  succ top 0.17/bot 0.41  wrong_steps  117.1  approx_kl 0.0273  SPS 232
[obey] iter 110/366  step   901120  obey top 0.28/bot 0.54  succ top 0.17/bot 0.41  wrong_steps  116.5  approx_kl 0.0198  SPS 233
[obey] iter 111/366  step   909312  obey top 0.30/bot 0.55  succ top 0.18/bot 0.41  wrong_steps  120.3  approx_kl 0.0225  SPS 234
[obey] iter 112/366  step   917504  obey top 0.29/bot 0.52  succ top 0.17/bot 0.39  wrong_steps  127.8  approx_kl 0.0333  SPS 232
[obey] iter 113/366  step   925696  obey top 0.29/bot 0.51  succ top 0.17/bot 0.39  wrong_steps  129.6  approx_kl 0.0276  SPS 230
[obey] iter 114/366  step   933888  obey top 0.31/bot 0.50  succ top 0.18/bot 0.38  wrong_steps  128.7  approx_kl 0.0362  SPS 228
[obey] iter 115/366  step   942080  obey top 0.32/bot 0.52  succ top 0.18/bot 0.40  wrong_steps  126.5  approx_kl 0.0209  SPS 226
[obey] iter 116/366  step   950272  obey top 0.33/bot 0.50  succ top 0.18/bot 0.39  wrong_steps  123.2  approx_kl 0.0336  SPS 224
[obey] iter 117/366  step   958464  obey top 0.34/bot 0.49  succ top 0.19/bot 0.39  wrong_steps  119.4  approx_kl 0.0241  SPS 222
[obey] iter 118/366  step   966656  obey top 0.34/bot 0.48  succ top 0.18/bot 0.39  wrong_steps  120.3  approx_kl 0.0279  SPS 220
[obey] iter 119/366  step   974848  obey top 0.33/bot 0.48  succ top 0.18/bot 0.38  wrong_steps  119.8  approx_kl 0.0214  SPS 218
[obey] iter 120/366  step   983040  obey top 0.32/bot 0.47  succ top 0.17/bot 0.36  wrong_steps  110.8  approx_kl 0.0209  SPS 216
[obey] iter 121/366  step   991232  obey top 0.32/bot 0.47  succ top 0.17/bot 0.36  wrong_steps  111.4  approx_kl 0.0323  SPS 215
[obey] iter 122/366  step   999424  obey top 0.31/bot 0.46  succ top 0.17/bot 0.35  wrong_steps  113.5  approx_kl 0.0163  SPS 213
[obey] iter 123/366  step  1007616  obey top 0.32/bot 0.46  succ top 0.17/bot 0.34  wrong_steps  107.7  approx_kl 0.0297  SPS 211
[obey] iter 124/366  step  1015808  obey top 0.34/bot 0.45  succ top 0.17/bot 0.33  wrong_steps  106.3  approx_kl 0.0313  SPS 210
[obey] iter 125/366  step  1024000  obey top 0.33/bot 0.44  succ top 0.17/bot 0.32  wrong_steps  106.7  approx_kl 0.0242  SPS 208
[obey] iter 126/366  step  1032192  obey top 0.33/bot 0.43  succ top 0.17/bot 0.30  wrong_steps  103.3  approx_kl 0.0239  SPS 207
[obey] iter 127/366  step  1040384  obey top 0.34/bot 0.42  succ top 0.17/bot 0.29  wrong_steps  100.3  approx_kl 0.0323  SPS 205
[obey] iter 128/366  step  1048576  obey top 0.35/bot 0.43  succ top 0.17/bot 0.28  wrong_steps   95.6  approx_kl 0.0249  SPS 204
[obey] iter 129/366  step  1056768  obey top 0.35/bot 0.43  succ top 0.16/bot 0.28  wrong_steps   91.0  approx_kl 0.0395  SPS 203
[obey] iter 130/366  step  1064960  obey top 0.35/bot 0.46  succ top 0.14/bot 0.30  wrong_steps   90.7  approx_kl 0.0183  SPS 201
[obey] iter 131/366  step  1073152  obey top 0.34/bot 0.45  succ top 0.14/bot 0.29  wrong_steps   94.9  approx_kl 0.0288  SPS 200
[obey] iter 132/366  step  1081344  obey top 0.34/bot 0.44  succ top 0.14/bot 0.27  wrong_steps   95.5  approx_kl 0.0258  SPS 199
[obey] iter 133/366  step  1089536  obey top 0.34/bot 0.44  succ top 0.13/bot 0.28  wrong_steps   91.6  approx_kl 0.0375  SPS 198
[obey] iter 134/366  step  1097728  obey top 0.33/bot 0.45  succ top 0.14/bot 0.28  wrong_steps   91.3  approx_kl 0.0285  SPS 196
[obey] iter 135/366  step  1105920  obey top 0.33/bot 0.46  succ top 0.14/bot 0.28  wrong_steps   90.5  approx_kl 0.0335  SPS 195
[obey] iter 136/366  step  1114112  obey top 0.31/bot 0.46  succ top 0.12/bot 0.28  wrong_steps   87.1  approx_kl 0.0251  SPS 194
[obey] iter 137/366  step  1122304  obey top 0.32/bot 0.46  succ top 0.12/bot 0.28  wrong_steps   86.4  approx_kl 0.0309  SPS 193
[obey] iter 138/366  step  1130496  obey top 0.31/bot 0.47  succ top 0.12/bot 0.28  wrong_steps   81.8  approx_kl 0.0259  SPS 192
[obey] iter 139/366  step  1138688  obey top 0.29/bot 0.47  succ top 0.10/bot 0.27  wrong_steps   70.4  approx_kl 0.0298  SPS 191
[obey] iter 140/366  step  1146880  obey top 0.29/bot 0.47  succ top 0.10/bot 0.26  wrong_steps   68.3  approx_kl 0.0265  SPS 190
[obey] iter 141/366  step  1155072  obey top 0.30/bot 0.47  succ top 0.12/bot 0.26  wrong_steps   72.5  approx_kl 0.0163  SPS 189
[obey] iter 142/366  step  1163264  obey top 0.30/bot 0.45  succ top 0.12/bot 0.24  wrong_steps   67.1  approx_kl 0.0348  SPS 188
[obey] iter 143/366  step  1171456  obey top 0.29/bot 0.47  succ top 0.10/bot 0.26  wrong_steps   64.8  approx_kl 0.0204  SPS 187
[obey] iter 144/366  step  1179648  obey top 0.29/bot 0.48  succ top 0.10/bot 0.26  wrong_steps   65.2  approx_kl 0.0269  SPS 186
[obey] iter 145/366  step  1187840  obey top 0.29/bot 0.50  succ top 0.10/bot 0.27  wrong_steps   55.4  approx_kl 0.0671  SPS 185
[obey] iter 146/366  step  1196032  obey top 0.29/bot 0.49  succ top 0.09/bot 0.27  wrong_steps   57.6  approx_kl 0.0362  SPS 184
[obey] iter 147/366  step  1204224  obey top 0.30/bot 0.49  succ top 0.09/bot 0.26  wrong_steps   55.8  approx_kl 0.0302  SPS 184
[obey] iter 148/366  step  1212416  obey top 0.30/bot 0.52  succ top 0.10/bot 0.27  wrong_steps   51.3  approx_kl 0.0353  SPS 183
[obey] iter 149/366  step  1220608  obey top 0.30/bot 0.51  succ top 0.10/bot 0.26  wrong_steps   54.8  approx_kl 0.0291  SPS 182
[obey] iter 150/366  step  1228800  obey top 0.29/bot 0.51  succ top 0.10/bot 0.27  wrong_steps   60.3  approx_kl 0.0138  SPS 181
[obey] iter 151/366  step  1236992  obey top 0.28/bot 0.51  succ top 0.10/bot 0.27  wrong_steps   59.1  approx_kl 0.0206  SPS 180
[obey] iter 152/366  step  1245184  obey top 0.28/bot 0.52  succ top 0.10/bot 0.28  wrong_steps   58.3  approx_kl 0.0452  SPS 180
[obey] iter 153/366  step  1253376  obey top 0.28/bot 0.51  succ top 0.10/bot 0.28  wrong_steps   58.7  approx_kl 0.0237  SPS 179
[obey] iter 154/366  step  1261568  obey top 0.27/bot 0.53  succ top 0.09/bot 0.28  wrong_steps   61.6  approx_kl 0.0194  SPS 180
[obey] iter 155/366  step  1269760  obey top 0.27/bot 0.51  succ top 0.09/bot 0.27  wrong_steps   59.0  approx_kl 0.0301  SPS 181
[obey] iter 156/366  step  1277952  obey top 0.26/bot 0.51  succ top 0.09/bot 0.26  wrong_steps   60.3  approx_kl 0.0294  SPS 181
[obey] iter 157/366  step  1286144  obey top 0.25/bot 0.52  succ top 0.09/bot 0.26  wrong_steps   61.5  approx_kl 0.0166  SPS 182
[obey] iter 158/366  step  1294336  obey top 0.26/bot 0.54  succ top 0.09/bot 0.25  wrong_steps   56.9  approx_kl 0.0270  SPS 183
[obey] iter 159/366  step  1302528  obey top 0.26/bot 0.54  succ top 0.09/bot 0.24  wrong_steps   57.4  approx_kl 0.0374  SPS 183
[obey] iter 160/366  step  1310720  obey top 0.26/bot 0.55  succ top 0.09/bot 0.25  wrong_steps   55.6  approx_kl 0.0197  SPS 182
[obey] iter 161/366  step  1318912  obey top 0.27/bot 0.55  succ top 0.07/bot 0.25  wrong_steps   52.6  approx_kl 0.0279  SPS 182
[obey] iter 162/366  step  1327104  obey top 0.26/bot 0.54  succ top 0.07/bot 0.24  wrong_steps   58.8  approx_kl 0.0199  SPS 181
[obey] iter 163/366  step  1335296  obey top 0.26/bot 0.55  succ top 0.06/bot 0.24  wrong_steps   52.0  approx_kl 0.0284  SPS 181
[obey] iter 164/366  step  1343488  obey top 0.26/bot 0.55  succ top 0.04/bot 0.23  wrong_steps   46.5  approx_kl 0.0209  SPS 180
[obey] iter 165/366  step  1351680  obey top 0.27/bot 0.54  succ top 0.04/bot 0.23  wrong_steps   46.2  approx_kl 0.0241  SPS 180
[obey] iter 166/366  step  1359872  obey top 0.27/bot 0.54  succ top 0.04/bot 0.23  wrong_steps   40.1  approx_kl 0.0401  SPS 179
[obey] iter 167/366  step  1368064  obey top 0.27/bot 0.54  succ top 0.04/bot 0.23  wrong_steps   45.3  approx_kl 0.0323  SPS 178
[obey] iter 168/366  step  1376256  obey top 0.28/bot 0.54  succ top 0.04/bot 0.23  wrong_steps   41.3  approx_kl 0.0207  SPS 178
[obey] iter 169/366  step  1384448  obey top 0.27/bot 0.55  succ top 0.04/bot 0.23  wrong_steps   42.5  approx_kl 0.0177  SPS 177
[obey] iter 170/366  step  1392640  obey top 0.28/bot 0.55  succ top 0.03/bot 0.21  wrong_steps   40.0  approx_kl 0.0224  SPS 177
[obey] iter 171/366  step  1400832  obey top 0.28/bot 0.53  succ top 0.03/bot 0.20  wrong_steps   37.2  approx_kl 0.0488  SPS 176
[obey] iter 172/366  step  1409024  obey top 0.29/bot 0.52  succ top 0.04/bot 0.18  wrong_steps   37.2  approx_kl 0.0185  SPS 176
[obey] iter 173/366  step  1417216  obey top 0.29/bot 0.52  succ top 0.04/bot 0.17  wrong_steps   39.8  approx_kl 0.0206  SPS 175
[obey] iter 174/366  step  1425408  obey top 0.29/bot 0.53  succ top 0.03/bot 0.16  wrong_steps   43.2  approx_kl 0.0187  SPS 175
[obey] iter 175/366  step  1433600  obey top 0.28/bot 0.55  succ top 0.04/bot 0.17  wrong_steps   42.2  approx_kl 0.0243  SPS 174
[obey] iter 176/366  step  1441792  obey top 0.28/bot 0.57  succ top 0.04/bot 0.15  wrong_steps   40.6  approx_kl 0.0191  SPS 174
[obey] iter 177/366  step  1449984  obey top 0.28/bot 0.57  succ top 0.04/bot 0.15  wrong_steps   39.8  approx_kl 0.0432  SPS 174
[obey] iter 178/366  step  1458176  obey top 0.28/bot 0.56  succ top 0.04/bot 0.15  wrong_steps   42.6  approx_kl 0.0153  SPS 173
[obey] iter 179/366  step  1466368  obey top 0.28/bot 0.56  succ top 0.04/bot 0.15  wrong_steps   41.6  approx_kl 0.0282  SPS 173
[obey] iter 180/366  step  1474560  obey top 0.28/bot 0.56  succ top 0.03/bot 0.14  wrong_steps   41.6  approx_kl 0.0218  SPS 172
[obey] iter 181/366  step  1482752  obey top 0.28/bot 0.56  succ top 0.03/bot 0.14  wrong_steps   35.1  approx_kl 0.0191  SPS 172
[obey] iter 182/366  step  1490944  obey top 0.29/bot 0.56  succ top 0.03/bot 0.14  wrong_steps   31.4  approx_kl 0.0237  SPS 171
[obey] iter 183/366  step  1499136  obey top 0.30/bot 0.56  succ top 0.03/bot 0.14  wrong_steps   28.6  approx_kl 0.0222  SPS 171
[obey] iter 184/366  step  1507328  obey top 0.30/bot 0.54  succ top 0.03/bot 0.14  wrong_steps   29.4  approx_kl 0.0238  SPS 171
[obey] iter 185/366  step  1515520  obey top 0.30/bot 0.53  succ top 0.03/bot 0.14  wrong_steps   28.3  approx_kl 0.0283  SPS 170
[obey] iter 186/366  step  1523712  obey top 0.30/bot 0.53  succ top 0.03/bot 0.12  wrong_steps   30.5  approx_kl 0.0339  SPS 170
[obey] iter 187/366  step  1531904  obey top 0.30/bot 0.54  succ top 0.03/bot 0.12  wrong_steps   27.9  approx_kl 0.0199  SPS 169
[obey] iter 188/366  step  1540096  obey top 0.31/bot 0.54  succ top 0.03/bot 0.12  wrong_steps   26.2  approx_kl 0.0187  SPS 169
[obey] iter 189/366  step  1548288  obey top 0.29/bot 0.53  succ top 0.03/bot 0.12  wrong_steps   24.7  approx_kl 0.0412  SPS 169
[obey] iter 190/366  step  1556480  obey top 0.29/bot 0.53  succ top 0.03/bot 0.12  wrong_steps   17.1  approx_kl 0.0272  SPS 169
[obey] iter 191/366  step  1564672  obey top 0.29/bot 0.55  succ top 0.03/bot 0.10  wrong_steps   17.3  approx_kl 0.0266  SPS 169
[obey] iter 192/366  step  1572864  obey top 0.28/bot 0.55  succ top 0.03/bot 0.10  wrong_steps   17.3  approx_kl 0.0198  SPS 170
[obey] iter 193/366  step  1581056  obey top 0.28/bot 0.55  succ top 0.03/bot 0.10  wrong_steps   14.4  approx_kl 0.0388  SPS 171
[obey] iter 194/366  step  1589248  obey top 0.28/bot 0.56  succ top 0.03/bot 0.10  wrong_steps   10.9  approx_kl 0.0302  SPS 171
[obey] iter 195/366  step  1597440  obey top 0.28/bot 0.57  succ top 0.03/bot 0.10  wrong_steps   11.3  approx_kl 0.0209  SPS 172
[obey] iter 196/366  step  1605632  obey top 0.27/bot 0.59  succ top 0.03/bot 0.10  wrong_steps   13.8  approx_kl 0.0231  SPS 172
[obey] iter 197/366  step  1613824  obey top 0.28/bot 0.59  succ top 0.03/bot 0.10  wrong_steps   18.5  approx_kl 0.0216  SPS 171
[obey] iter 198/366  step  1622016  obey top 0.28/bot 0.59  succ top 0.03/bot 0.10  wrong_steps   18.7  approx_kl 0.0397  SPS 171
[obey] iter 199/366  step  1630208  obey top 0.29/bot 0.56  succ top 0.03/bot 0.09  wrong_steps   22.5  approx_kl 0.0218  SPS 170
[obey] iter 200/366  step  1638400  obey top 0.30/bot 0.56  succ top 0.03/bot 0.09  wrong_steps   28.0  approx_kl 0.0154  SPS 170
[obey] iter 201/366  step  1646592  obey top 0.32/bot 0.54  succ top 0.03/bot 0.08  wrong_steps   28.0  approx_kl 0.0116  SPS 169
[obey] iter 202/366  step  1654784  obey top 0.32/bot 0.55  succ top 0.03/bot 0.09  wrong_steps   29.7  approx_kl 0.0233  SPS 169
[obey] iter 203/366  step  1662976  obey top 0.33/bot 0.56  succ top 0.03/bot 0.07  wrong_steps   29.7  approx_kl 0.0513  SPS 168
[obey] iter 204/366  step  1671168  obey top 0.32/bot 0.56  succ top 0.03/bot 0.07  wrong_steps   31.2  approx_kl 0.0261  SPS 168
[obey] iter 205/366  step  1679360  obey top 0.31/bot 0.57  succ top 0.02/bot 0.07  wrong_steps   35.1  approx_kl 0.0191  SPS 167
[obey] iter 206/366  step  1687552  obey top 0.32/bot 0.57  succ top 0.02/bot 0.07  wrong_steps   35.0  approx_kl 0.0252  SPS 167
[obey] iter 207/366  step  1695744  obey top 0.33/bot 0.58  succ top 0.02/bot 0.07  wrong_steps   38.3  approx_kl 0.0175  SPS 166
[obey] iter 208/366  step  1703936  obey top 0.34/bot 0.60  succ top 0.02/bot 0.07  wrong_steps   38.3  approx_kl 0.0209  SPS 166
[obey] iter 209/366  step  1712128  obey top 0.36/bot 0.60  succ top 0.01/bot 0.06  wrong_steps   41.0  approx_kl 0.0233  SPS 165
[obey] iter 210/366  step  1720320  obey top 0.35/bot 0.60  succ top 0.01/bot 0.06  wrong_steps   36.1  approx_kl 0.0285  SPS 165
[obey] iter 211/366  step  1728512  obey top 0.38/bot 0.60  succ top 0.01/bot 0.06  wrong_steps   36.5  approx_kl 0.0186  SPS 164
[obey] iter 212/366  step  1736704  obey top 0.39/bot 0.60  succ top 0.01/bot 0.06  wrong_steps   37.6  approx_kl 0.0352  SPS 164
[obey] iter 213/366  step  1744896  obey top 0.40/bot 0.59  succ top 0.01/bot 0.06  wrong_steps   34.5  approx_kl 0.0197  SPS 164
[obey] iter 214/366  step  1753088  obey top 0.41/bot 0.61  succ top 0.01/bot 0.05  wrong_steps   28.4  approx_kl 0.0196  SPS 163
[obey] iter 215/366  step  1761280  obey top 0.41/bot 0.62  succ top 0.01/bot 0.06  wrong_steps   28.5  approx_kl 0.0238  SPS 163
[obey] iter 216/366  step  1769472  obey top 0.41/bot 0.62  succ top 0.01/bot 0.05  wrong_steps   27.8  approx_kl 0.0220  SPS 162
[obey] iter 217/366  step  1777664  obey top 0.41/bot 0.65  succ top 0.01/bot 0.06  wrong_steps   27.8  approx_kl 0.0198  SPS 162
[obey] iter 218/366  step  1785856  obey top 0.42/bot 0.66  succ top 0.01/bot 0.06  wrong_steps   34.0  approx_kl 0.0316  SPS 162
[obey] iter 219/366  step  1794048  obey top 0.42/bot 0.67  succ top 0.01/bot 0.06  wrong_steps   30.9  approx_kl 0.0110  SPS 161
[obey] iter 220/366  step  1802240  obey top 0.45/bot 0.66  succ top 0.01/bot 0.05  wrong_steps   26.9  approx_kl 0.0283  SPS 161
[obey] iter 221/366  step  1810432  obey top 0.45/bot 0.67  succ top 0.01/bot 0.04  wrong_steps   28.4  approx_kl 0.0188  SPS 161
[obey] iter 222/366  step  1818624  obey top 0.47/bot 0.66  succ top 0.01/bot 0.04  wrong_steps   28.4  approx_kl 0.0166  SPS 160
[obey] iter 223/366  step  1826816  obey top 0.50/bot 0.66  succ top 0.01/bot 0.05  wrong_steps   25.9  approx_kl 0.0176  SPS 160
[obey] iter 224/366  step  1835008  obey top 0.53/bot 0.66  succ top 0.01/bot 0.06  wrong_steps   29.4  approx_kl 0.0255  SPS 159
[obey] iter 225/366  step  1843200  obey top 0.53/bot 0.68  succ top 0.01/bot 0.06  wrong_steps   31.1  approx_kl 0.0193  SPS 159
[obey] iter 226/366  step  1851392  obey top 0.57/bot 0.69  succ top 0.01/bot 0.07  wrong_steps   28.9  approx_kl 0.0163  SPS 159
[obey] iter 227/366  step  1859584  obey top 0.58/bot 0.71  succ top 0.01/bot 0.07  wrong_steps   25.0  approx_kl 0.0132  SPS 158
[obey] iter 228/366  step  1867776  obey top 0.59/bot 0.74  succ top 0.01/bot 0.07  wrong_steps   25.0  approx_kl 0.0102  SPS 158
[obey] iter 229/366  step  1875968  obey top 0.58/bot 0.75  succ top 0.01/bot 0.09  wrong_steps   32.4  approx_kl 0.0108  SPS 158
[obey] iter 230/366  step  1884160  obey top 0.59/bot 0.74  succ top 0.01/bot 0.09  wrong_steps   38.8  approx_kl 0.0364  SPS 157
[obey] iter 231/366  step  1892352  obey top 0.59/bot 0.74  succ top 0.01/bot 0.09  wrong_steps   41.6  approx_kl 0.0120  SPS 157
[obey] iter 232/366  step  1900544  obey top 0.61/bot 0.75  succ top 0.01/bot 0.10  wrong_steps   33.6  approx_kl 0.0167  SPS 157
[obey] iter 233/366  step  1908736  obey top 0.63/bot 0.75  succ top 0.02/bot 0.09  wrong_steps   38.0  approx_kl 0.0141  SPS 156
[obey] iter 234/366  step  1916928  obey top 0.66/bot 0.76  succ top 0.02/bot 0.10  wrong_steps   38.0  approx_kl 0.0134  SPS 156
[obey] iter 235/366  step  1925120  obey top 0.65/bot 0.77  succ top 0.02/bot 0.10  wrong_steps   33.3  approx_kl 0.0208  SPS 156
[obey] iter 236/366  step  1933312  obey top 0.66/bot 0.77  succ top 0.02/bot 0.10  wrong_steps   40.9  approx_kl 0.0237  SPS 155
[obey] iter 237/366  step  1941504  obey top 0.65/bot 0.78  succ top 0.02/bot 0.10  wrong_steps   47.2  approx_kl 0.0086  SPS 155
[obey] iter 238/366  step  1949696  obey top 0.66/bot 0.79  succ top 0.02/bot 0.11  wrong_steps   49.6  approx_kl 0.0276  SPS 155
[obey] iter 239/366  step  1957888  obey top 0.67/bot 0.81  succ top 0.02/bot 0.13  wrong_steps   53.1  approx_kl 0.0216  SPS 154
[obey] iter 240/366  step  1966080  obey top 0.66/bot 0.82  succ top 0.02/bot 0.15  wrong_steps   56.6  approx_kl 0.0155  SPS 154
[obey] iter 241/366  step  1974272  obey top 0.67/bot 0.81  succ top 0.02/bot 0.16  wrong_steps   59.0  approx_kl 0.0307  SPS 154
[obey] iter 242/366  step  1982464  obey top 0.68/bot 0.81  succ top 0.02/bot 0.16  wrong_steps   59.0  approx_kl 0.0189  SPS 154
[obey] iter 243/366  step  1990656  obey top 0.68/bot 0.81  succ top 0.02/bot 0.18  wrong_steps   51.4  approx_kl 0.0107  SPS 153
[obey] iter 244/366  step  1998848  obey top 0.69/bot 0.82  succ top 0.02/bot 0.20  wrong_steps   47.7  approx_kl 0.0322  SPS 154
[obey] iter 245/366  step  2007040  obey top 0.70/bot 0.83  succ top 0.02/bot 0.20  wrong_steps   46.5  approx_kl 0.0126  SPS 154
[obey] iter 246/366  step  2015232  obey top 0.70/bot 0.83  succ top 0.03/bot 0.20  wrong_steps   46.5  approx_kl 0.0286  SPS 155
[obey] iter 247/366  step  2023424  obey top 0.72/bot 0.83  succ top 0.04/bot 0.21  wrong_steps   45.4  approx_kl 0.0191  SPS 155
[obey] iter 248/366  step  2031616  obey top 0.72/bot 0.84  succ top 0.04/bot 0.23  wrong_steps   50.7  approx_kl 0.0135  SPS 155
[obey] iter 249/366  step  2039808  obey top 0.72/bot 0.85  succ top 0.04/bot 0.23  wrong_steps   52.1  approx_kl 0.0158  SPS 156
[obey] iter 250/366  step  2048000  obey top 0.73/bot 0.85  succ top 0.04/bot 0.23  wrong_steps   42.7  approx_kl 0.0183  SPS 156
[obey] iter 251/366  step  2056192  obey top 0.72/bot 0.85  succ top 0.04/bot 0.23  wrong_steps   45.4  approx_kl 0.0153  SPS 157
[obey] iter 252/366  step  2064384  obey top 0.72/bot 0.84  succ top 0.04/bot 0.25  wrong_steps   35.2  approx_kl 0.0108  SPS 157
[obey] iter 253/366  step  2072576  obey top 0.73/bot 0.84  succ top 0.04/bot 0.26  wrong_steps   37.0  approx_kl 0.0164  SPS 157
[obey] iter 254/366  step  2080768  obey top 0.73/bot 0.84  succ top 0.04/bot 0.28  wrong_steps   41.3  approx_kl 0.0159  SPS 158
[obey] iter 255/366  step  2088960  obey top 0.73/bot 0.85  succ top 0.04/bot 0.28  wrong_steps   38.0  approx_kl 0.0098  SPS 158
[obey] iter 256/366  step  2097152  obey top 0.74/bot 0.86  succ top 0.04/bot 0.28  wrong_steps   35.8  approx_kl 0.0159  SPS 159
[obey] iter 257/366  step  2105344  obey top 0.74/bot 0.86  succ top 0.04/bot 0.29  wrong_steps   39.1  approx_kl 0.0343  SPS 159
[obey] iter 258/366  step  2113536  obey top 0.74/bot 0.89  succ top 0.04/bot 0.29  wrong_steps   37.4  approx_kl 0.0156  SPS 159
[obey] iter 259/366  step  2121728  obey top 0.76/bot 0.88  succ top 0.05/bot 0.28  wrong_steps   41.2  approx_kl 0.0098  SPS 160
[obey] iter 260/366  step  2129920  obey top 0.76/bot 0.88  succ top 0.05/bot 0.29  wrong_steps   45.6  approx_kl 0.0217  SPS 160
[obey] iter 261/366  step  2138112  obey top 0.76/bot 0.88  succ top 0.05/bot 0.30  wrong_steps   42.6  approx_kl 0.0144  SPS 161
[obey] iter 262/366  step  2146304  obey top 0.74/bot 0.88  succ top 0.05/bot 0.31  wrong_steps   50.3  approx_kl 0.0205  SPS 161
[obey] iter 263/366  step  2154496  obey top 0.73/bot 0.89  succ top 0.05/bot 0.30  wrong_steps   51.0  approx_kl 0.0199  SPS 161
[obey] iter 264/366  step  2162688  obey top 0.73/bot 0.89  succ top 0.05/bot 0.30  wrong_steps   57.6  approx_kl 0.0196  SPS 162
[obey] iter 265/366  step  2170880  obey top 0.74/bot 0.90  succ top 0.06/bot 0.28  wrong_steps   58.4  approx_kl 0.0198  SPS 162
[obey] iter 266/366  step  2179072  obey top 0.75/bot 0.90  succ top 0.06/bot 0.28  wrong_steps   58.5  approx_kl 0.0123  SPS 163
[obey] iter 267/366  step  2187264  obey top 0.77/bot 0.90  succ top 0.07/bot 0.28  wrong_steps   53.6  approx_kl 0.0196  SPS 163
[obey] iter 268/366  step  2195456  obey top 0.78/bot 0.90  succ top 0.07/bot 0.28  wrong_steps   53.8  approx_kl 0.0216  SPS 163
[obey] iter 269/366  step  2203648  obey top 0.79/bot 0.91  succ top 0.07/bot 0.27  wrong_steps   53.8  approx_kl 0.0176  SPS 164
[obey] iter 270/366  step  2211840  obey top 0.80/bot 0.90  succ top 0.07/bot 0.28  wrong_steps   53.4  approx_kl 0.0099  SPS 164
[obey] iter 271/366  step  2220032  obey top 0.81/bot 0.91  succ top 0.07/bot 0.30  wrong_steps   51.1  approx_kl 0.0169  SPS 165
[obey] iter 272/366  step  2228224  obey top 0.81/bot 0.91  succ top 0.07/bot 0.31  wrong_steps   47.8  approx_kl 0.0147  SPS 165
[obey] iter 273/366  step  2236416  obey top 0.81/bot 0.91  succ top 0.07/bot 0.30  wrong_steps   52.9  approx_kl 0.0189  SPS 165
[obey] iter 274/366  step  2244608  obey top 0.82/bot 0.91  succ top 0.09/bot 0.32  wrong_steps   49.3  approx_kl 0.0181  SPS 166
[obey] iter 275/366  step  2252800  obey top 0.82/bot 0.91  succ top 0.08/bot 0.34  wrong_steps   47.0  approx_kl 0.0169  SPS 166
[obey] iter 276/366  step  2260992  obey top 0.81/bot 0.91  succ top 0.10/bot 0.34  wrong_steps   42.6  approx_kl 0.0147  SPS 166
[obey] iter 277/366  step  2269184  obey top 0.82/bot 0.91  succ top 0.10/bot 0.34  wrong_steps   34.5  approx_kl 0.0143  SPS 167
[obey] iter 278/366  step  2277376  obey top 0.82/bot 0.91  succ top 0.10/bot 0.34  wrong_steps   38.4  approx_kl 0.0197  SPS 167
[obey] iter 279/366  step  2285568  obey top 0.83/bot 0.91  succ top 0.10/bot 0.34  wrong_steps   44.5  approx_kl 0.0179  SPS 168
[obey] iter 280/366  step  2293760  obey top 0.83/bot 0.90  succ top 0.12/bot 0.34  wrong_steps   49.6  approx_kl 0.0120  SPS 168
[obey] iter 281/366  step  2301952  obey top 0.84/bot 0.90  succ top 0.14/bot 0.35  wrong_steps   49.9  approx_kl 0.0106  SPS 168
[obey] iter 282/366  step  2310144  obey top 0.85/bot 0.90  succ top 0.14/bot 0.37  wrong_steps   47.0  approx_kl 0.0162  SPS 169
[obey] iter 283/366  step  2318336  obey top 0.83/bot 0.90  succ top 0.17/bot 0.38  wrong_steps   54.4  approx_kl 0.0248  SPS 169
[obey] iter 284/366  step  2326528  obey top 0.82/bot 0.91  succ top 0.17/bot 0.40  wrong_steps   57.1  approx_kl 0.0054  SPS 169
[obey] iter 285/366  step  2334720  obey top 0.83/bot 0.91  succ top 0.17/bot 0.40  wrong_steps   50.9  approx_kl 0.0134  SPS 170
[obey] iter 286/366  step  2342912  obey top 0.83/bot 0.91  succ top 0.20/bot 0.43  wrong_steps   48.4  approx_kl 0.0136  SPS 170
[obey] iter 287/366  step  2351104  obey top 0.83/bot 0.90  succ top 0.21/bot 0.45  wrong_steps   48.3  approx_kl 0.0090  SPS 171
[obey] iter 288/366  step  2359296  obey top 0.83/bot 0.91  succ top 0.24/bot 0.47  wrong_steps   57.6  approx_kl 0.0125  SPS 171
[obey] iter 289/366  step  2367488  obey top 0.83/bot 0.91  succ top 0.26/bot 0.49  wrong_steps   56.8  approx_kl 0.0100  SPS 171
[obey] iter 290/366  step  2375680  obey top 0.84/bot 0.91  succ top 0.28/bot 0.49  wrong_steps   54.1  approx_kl 0.0074  SPS 172
[obey] iter 291/366  step  2383872  obey top 0.85/bot 0.92  succ top 0.30/bot 0.50  wrong_steps   43.4  approx_kl 0.0191  SPS 172
[obey] iter 292/366  step  2392064  obey top 0.83/bot 0.91  succ top 0.30/bot 0.48  wrong_steps   52.6  approx_kl 0.0157  SPS 172
[obey] iter 293/366  step  2400256  obey top 0.83/bot 0.91  succ top 0.33/bot 0.48  wrong_steps   58.2  approx_kl 0.0154  SPS 172
[obey] iter 294/366  step  2408448  obey top 0.82/bot 0.92  succ top 0.34/bot 0.51  wrong_steps   53.5  approx_kl 0.0138  SPS 173
[obey] iter 295/366  step  2416640  obey top 0.83/bot 0.93  succ top 0.38/bot 0.49  wrong_steps   51.6  approx_kl 0.0146  SPS 173
[obey] iter 296/366  step  2424832  obey top 0.82/bot 0.92  succ top 0.38/bot 0.52  wrong_steps   53.0  approx_kl 0.0107  SPS 173
[obey] iter 297/366  step  2433024  obey top 0.82/bot 0.91  succ top 0.41/bot 0.53  wrong_steps   56.8  approx_kl 0.0194  SPS 173
[obey] iter 298/366  step  2441216  obey top 0.82/bot 0.92  succ top 0.41/bot 0.53  wrong_steps   47.6  approx_kl 0.0105  SPS 173
[obey] iter 299/366  step  2449408  obey top 0.82/bot 0.92  succ top 0.44/bot 0.53  wrong_steps   50.2  approx_kl 0.0076  SPS 173
[obey] iter 300/366  step  2457600  obey top 0.82/bot 0.92  succ top 0.45/bot 0.55  wrong_steps   46.2  approx_kl 0.0140  SPS 174
[obey] iter 301/366  step  2465792  obey top 0.82/bot 0.92  succ top 0.46/bot 0.56  wrong_steps   50.3  approx_kl 0.0109  SPS 174
[obey] iter 302/366  step  2473984  obey top 0.83/bot 0.92  succ top 0.49/bot 0.55  wrong_steps   53.0  approx_kl 0.0307  SPS 174
[obey] iter 303/366  step  2482176  obey top 0.83/bot 0.92  succ top 0.50/bot 0.55  wrong_steps   40.8  approx_kl 0.0089  SPS 174
[obey] iter 304/366  step  2490368  obey top 0.83/bot 0.91  succ top 0.51/bot 0.56  wrong_steps   44.2  approx_kl 0.0145  SPS 174
[obey] iter 305/366  step  2498560  obey top 0.81/bot 0.91  succ top 0.50/bot 0.56  wrong_steps   51.7  approx_kl 0.0115  SPS 174
[obey] iter 306/366  step  2506752  obey top 0.81/bot 0.91  succ top 0.51/bot 0.56  wrong_steps   59.5  approx_kl 0.0104  SPS 175
[obey] iter 307/366  step  2514944  obey top 0.81/bot 0.92  succ top 0.53/bot 0.57  wrong_steps   58.0  approx_kl 0.0055  SPS 175
[obey] iter 308/366  step  2523136  obey top 0.81/bot 0.91  succ top 0.54/bot 0.57  wrong_steps   60.9  approx_kl 0.0082  SPS 175
[obey] iter 309/366  step  2531328  obey top 0.82/bot 0.91  succ top 0.53/bot 0.56  wrong_steps   53.0  approx_kl 0.0129  SPS 175
[obey] iter 310/366  step  2539520  obey top 0.83/bot 0.92  succ top 0.56/bot 0.58  wrong_steps   51.6  approx_kl 0.0113  SPS 175
[obey] iter 311/366  step  2547712  obey top 0.83/bot 0.92  succ top 0.55/bot 0.58  wrong_steps   54.0  approx_kl 0.0337  SPS 175
[obey] iter 312/366  step  2555904  obey top 0.81/bot 0.92  succ top 0.54/bot 0.59  wrong_steps   61.9  approx_kl 0.0063  SPS 176
[obey] iter 313/366  step  2564096  obey top 0.83/bot 0.93  succ top 0.54/bot 0.61  wrong_steps   64.5  approx_kl 0.0128  SPS 176
[obey] iter 314/366  step  2572288  obey top 0.83/bot 0.93  succ top 0.53/bot 0.60  wrong_steps   65.0  approx_kl 0.0076  SPS 176
[obey] iter 315/366  step  2580480  obey top 0.82/bot 0.93  succ top 0.54/bot 0.60  wrong_steps   50.5  approx_kl 0.0068  SPS 176
[obey] iter 316/366  step  2588672  obey top 0.82/bot 0.93  succ top 0.52/bot 0.60  wrong_steps   48.1  approx_kl 0.0141  SPS 176
[obey] iter 317/366  step  2596864  obey top 0.81/bot 0.93  succ top 0.53/bot 0.59  wrong_steps   46.6  approx_kl 0.0125  SPS 176
[obey] iter 318/366  step  2605056  obey top 0.81/bot 0.94  succ top 0.54/bot 0.60  wrong_steps   46.0  approx_kl 0.0069  SPS 176
[obey] iter 319/366  step  2613248  obey top 0.81/bot 0.95  succ top 0.54/bot 0.61  wrong_steps   48.4  approx_kl 0.0033  SPS 177
[obey] iter 320/366  step  2621440  obey top 0.81/bot 0.96  succ top 0.53/bot 0.64  wrong_steps   54.1  approx_kl 0.0140  SPS 177
[obey] iter 321/366  step  2629632  obey top 0.79/bot 0.96  succ top 0.53/bot 0.63  wrong_steps   62.4  approx_kl 0.0128  SPS 177
[obey] iter 322/366  step  2637824  obey top 0.78/bot 0.96  succ top 0.54/bot 0.64  wrong_steps   57.2  approx_kl 0.0063  SPS 177
[obey] iter 323/366  step  2646016  obey top 0.79/bot 0.96  succ top 0.56/bot 0.65  wrong_steps   54.9  approx_kl 0.0059  SPS 177
[obey] iter 324/366  step  2654208  obey top 0.79/bot 0.96  succ top 0.56/bot 0.64  wrong_steps   57.4  approx_kl 0.0063  SPS 177
[obey] iter 325/366  step  2662400  obey top 0.80/bot 0.95  succ top 0.58/bot 0.61  wrong_steps   65.0  approx_kl 0.0060  SPS 178
[obey] iter 326/366  step  2670592  obey top 0.80/bot 0.96  succ top 0.57/bot 0.60  wrong_steps   72.9  approx_kl 0.0104  SPS 178
[obey] iter 327/366  step  2678784  obey top 0.80/bot 0.96  succ top 0.58/bot 0.59  wrong_steps   70.6  approx_kl 0.0081  SPS 178
[obey] iter 328/366  step  2686976  obey top 0.80/bot 0.96  succ top 0.59/bot 0.58  wrong_steps   68.0  approx_kl 0.0064  SPS 178
[obey] iter 329/366  step  2695168  obey top 0.79/bot 0.96  succ top 0.58/bot 0.59  wrong_steps   77.1  approx_kl 0.0065  SPS 178
[obey] iter 330/366  step  2703360  obey top 0.79/bot 0.96  succ top 0.57/bot 0.59  wrong_steps   67.2  approx_kl 0.0109  SPS 178
[obey] iter 331/366  step  2711552  obey top 0.79/bot 0.96  succ top 0.57/bot 0.58  wrong_steps   61.3  approx_kl 0.0034  SPS 178
[obey] iter 332/366  step  2719744  obey top 0.80/bot 0.96  succ top 0.57/bot 0.58  wrong_steps   56.7  approx_kl 0.0044  SPS 179
[obey] iter 333/366  step  2727936  obey top 0.79/bot 0.96  succ top 0.57/bot 0.59  wrong_steps   61.1  approx_kl 0.0051  SPS 179
[obey] iter 334/366  step  2736128  obey top 0.80/bot 0.96  succ top 0.59/bot 0.61  wrong_steps   55.9  approx_kl 0.0063  SPS 179
[obey] iter 335/366  step  2744320  obey top 0.79/bot 0.96  succ top 0.59/bot 0.59  wrong_steps   50.5  approx_kl 0.0124  SPS 179
[obey] iter 336/366  step  2752512  obey top 0.80/bot 0.96  succ top 0.60/bot 0.59  wrong_steps   45.1  approx_kl 0.0098  SPS 179
[obey] iter 337/366  step  2760704  obey top 0.80/bot 0.96  succ top 0.59/bot 0.60  wrong_steps   43.7  approx_kl 0.0070  SPS 179
[obey] iter 338/366  step  2768896  obey top 0.78/bot 0.96  succ top 0.57/bot 0.59  wrong_steps   54.4  approx_kl 0.0047  SPS 179
[obey] iter 339/366  step  2777088  obey top 0.79/bot 0.95  succ top 0.58/bot 0.58  wrong_steps   54.5  approx_kl 0.0112  SPS 180
[obey] iter 340/366  step  2785280  obey top 0.79/bot 0.94  succ top 0.58/bot 0.56  wrong_steps   58.1  approx_kl 0.0060  SPS 180
[obey] iter 341/366  step  2793472  obey top 0.80/bot 0.94  succ top 0.58/bot 0.56  wrong_steps   60.7  approx_kl 0.0060  SPS 180
[obey] iter 342/366  step  2801664  obey top 0.80/bot 0.94  succ top 0.57/bot 0.55  wrong_steps   69.3  approx_kl 0.0036  SPS 180
[obey] iter 343/366  step  2809856  obey top 0.80/bot 0.94  succ top 0.56/bot 0.54  wrong_steps   66.3  approx_kl 0.0053  SPS 180
[obey] iter 344/366  step  2818048  obey top 0.81/bot 0.93  succ top 0.56/bot 0.53  wrong_steps   65.1  approx_kl 0.0060  SPS 180
[obey] iter 345/366  step  2826240  obey top 0.82/bot 0.93  succ top 0.56/bot 0.55  wrong_steps   60.9  approx_kl 0.0085  SPS 180
[obey] iter 346/366  step  2834432  obey top 0.83/bot 0.93  succ top 0.57/bot 0.56  wrong_steps   66.3  approx_kl 0.0116  SPS 181
[obey] iter 347/366  step  2842624  obey top 0.82/bot 0.93  succ top 0.56/bot 0.58  wrong_steps   69.1  approx_kl 0.0059  SPS 181
[obey] iter 348/366  step  2850816  obey top 0.83/bot 0.93  succ top 0.57/bot 0.60  wrong_steps   59.8  approx_kl 0.0077  SPS 181
[obey] iter 349/366  step  2859008  obey top 0.83/bot 0.93  succ top 0.57/bot 0.60  wrong_steps   51.1  approx_kl 0.0071  SPS 181
[obey] iter 350/366  step  2867200  obey top 0.82/bot 0.94  succ top 0.56/bot 0.60  wrong_steps   47.7  approx_kl 0.0118  SPS 181
[obey] iter 351/366  step  2875392  obey top 0.82/bot 0.92  succ top 0.56/bot 0.59  wrong_steps   53.1  approx_kl 0.0115  SPS 181
[obey] iter 352/366  step  2883584  obey top 0.84/bot 0.92  succ top 0.59/bot 0.60  wrong_steps   47.4  approx_kl 0.0167  SPS 181
[obey] iter 353/366  step  2891776  obey top 0.86/bot 0.91  succ top 0.61/bot 0.60  wrong_steps   44.8  approx_kl 0.0061  SPS 182
[obey] iter 354/366  step  2899968  obey top 0.86/bot 0.91  succ top 0.62/bot 0.58  wrong_steps   43.7  approx_kl 0.0120  SPS 182
[obey] iter 355/366  step  2908160  obey top 0.86/bot 0.91  succ top 0.63/bot 0.60  wrong_steps   40.6  approx_kl 0.0088  SPS 182
[obey] iter 356/366  step  2916352  obey top 0.87/bot 0.89  succ top 0.64/bot 0.58  wrong_steps   44.2  approx_kl 0.0118  SPS 182
[obey] iter 357/366  step  2924544  obey top 0.89/bot 0.89  succ top 0.65/bot 0.60  wrong_steps   44.2  approx_kl 0.0139  SPS 182
[obey] iter 358/366  step  2932736  obey top 0.90/bot 0.89  succ top 0.67/bot 0.60  wrong_steps   49.0  approx_kl 0.0144  SPS 183
[obey] iter 359/366  step  2940928  obey top 0.89/bot 0.90  succ top 0.66/bot 0.60  wrong_steps   49.1  approx_kl 0.0055  SPS 183
[obey] iter 360/366  step  2949120  obey top 0.90/bot 0.89  succ top 0.67/bot 0.59  wrong_steps   51.1  approx_kl 0.0109  SPS 183
[obey] iter 361/366  step  2957312  obey top 0.90/bot 0.90  succ top 0.66/bot 0.60  wrong_steps   48.4  approx_kl 0.0022  SPS 183
[obey] iter 362/366  step  2965504  obey top 0.91/bot 0.90  succ top 0.68/bot 0.60  wrong_steps   49.2  approx_kl 0.0102  SPS 183
[obey] iter 363/366  step  2973696  obey top 0.89/bot 0.91  succ top 0.68/bot 0.62  wrong_steps   59.9  approx_kl 0.0007  SPS 183
[obey] iter 364/366  step  2981888  obey top 0.89/bot 0.91  succ top 0.66/bot 0.60  wrong_steps   57.8  approx_kl 0.0028  SPS 183
[obey] iter 365/366  step  2990080  obey top 0.89/bot 0.91  succ top 0.67/bot 0.60  wrong_steps   60.5  approx_kl 0.0030  SPS 183
[obey] iter 366/366  step  2998272  obey top 0.89/bot 0.91  succ top 0.66/bot 0.57  wrong_steps   63.6  approx_kl 0.0001  SPS 184

[obey/seed1] FINAL obey top 0.885 bottom 0.905  success top 0.655 bottom 0.575
STAGE-2 GATE (obedience >= 0.90 both ways): FAIL (worst direction 0.885)
saved policy -> runs/route_obey_v3/fixed_lowpen.pt
wrote run json -> runs/route_obey_v3/fixed_lowpen.json
