[INFO][AppLauncher]: Using device: cuda:0
[INFO][AppLauncher]: Loading experience file: /data/howard/isaac/IsaacLab/apps/isaaclab.python.headless.rendering.kit
Loading user config located at: '/data/howard/isaac/envs/isaaclab/lib/python3.11/site-packages/isaacsim/kit/data/Kit/Isaac-Sim/5.1/user.config.json'
[Info] [carb] Logging to file: /data/howard/isaac/envs/isaaclab/lib/python3.11/site-packages/isaacsim/kit/logs/Kit/Isaac-Sim/5.1/kit_20260730_015333.log
2026-07-30T01:53:33Z [151ms] [Warning] [carb.windowing-glfw.plugin] GLFW initialization failed.
2026-07-30T01:53:33Z [152ms] [Warning] [carb] Failed to startup plugin carb.windowing-glfw.plugin (interfaces: [carb::windowing::IGLContext v1.0],[carb::windowing::IWindowing v1.5]) (impl: carb.windowing-glfw.plugin)
2026-07-30T01:53:33Z [218ms] [Warning] [omni.platforminfo.plugin] failed to open the default display.  Can't verify X Server version.
2026-07-30T01:53:33Z [222ms] [Warning] [carb.cudainterop.plugin] CUDA_VISIBLE_DEVICES environment variable is set.
2026-07-30T01:53:33Z [222ms] [Warning] [carb.cudainterop.plugin] Note CUDA device enumeration and Omniverse device enumeration are different.
2026-07-30T01:53:33Z [222ms] [Warning] [carb.cudainterop.plugin] Setting CUDA_VISIBLE_DEVICES can lead to undesired behavior or crashes.
2026-07-30T01:53:34Z [672ms] [Warning] [carb.windowing-glfw.plugin] GLFW initialization failed.
2026-07-30T01:53:34Z [672ms] [Warning] [carb] Failed to startup plugin carb.windowing-glfw.plugin (interfaces: [carb::windowing::IGLContext v1.0],[carb::windowing::IWindowing v1.5]) (impl: carb.windowing-glfw.plugin)
2026-07-30T01:53:34Z [890ms] [Warning] [gpu.foundation.plugin] Skipping NVIDIA GPU due CUDA being in bad state: NVIDIA RTX 6000 Ada Generation
2026-07-30T01:53:34Z [890ms] [Warning] [gpu.foundation.plugin] Please restart your system if CUDA is known to work in your system.
2026-07-30T01:53:34Z [891ms] [Warning] [gpu.foundation.plugin] Skipping NVIDIA GPU due CUDA being in bad state: NVIDIA RTX 6000 Ada Generation
2026-07-30T01:53:34Z [891ms] [Warning] [gpu.foundation.plugin] Please restart your system if CUDA is known to work in your system.
2026-07-30T01:53:34Z [892ms] [Warning] [gpu.foundation.plugin] Skipping NVIDIA GPU due CUDA being in bad state: NVIDIA RTX 6000 Ada Generation
2026-07-30T01:53:34Z [892ms] [Warning] [gpu.foundation.plugin] Please restart your system if CUDA is known to work in your system.
2026-07-30T01:53:34Z [893ms] [Warning] [gpu.foundation.plugin] Skipping NVIDIA GPU due CUDA being in bad state: NVIDIA RTX 6000 Ada Generation
2026-07-30T01:53:34Z [893ms] [Warning] [gpu.foundation.plugin] Please restart your system if CUDA is known to work in your system.
2026-07-30T01:53:34Z [893ms] [Warning] [gpu.foundation.plugin] Skipping NVIDIA GPU due CUDA being in bad state: NVIDIA RTX 6000 Ada Generation
2026-07-30T01:53:34Z [893ms] [Warning] [gpu.foundation.plugin] Please restart your system if CUDA is known to work in your system.
2026-07-30T01:53:34Z [893ms] [Warning] [gpu.foundation.plugin] Skipping NVIDIA GPU due CUDA being in bad state: NVIDIA RTX 6000 Ada Generation
2026-07-30T01:53:34Z [893ms] [Warning] [gpu.foundation.plugin] Please restart your system if CUDA is known to work in your system.

|---------------------------------------------------------------------------------------------|
| Driver Version: 550.90.12     | Graphics API: Vulkan
|=============================================================================================|
| GPU | Name                             | Active | LDA | GPU Memory | Vendor-ID | LUID       |
|     |                                  |        |     |            | Device-ID | UUID       |
|     |                                  |        |     |            | Bus-ID    |            |
|---------------------------------------------------------------------------------------------|
| 0   | NVIDIA RTX 6000 Ada Generation   |        |     | 49386   MB | 10de      | 0          |
|     |                                  |        |     |            | 26b1      | df04a158.. |
|     |                                  |        |     |            | 1         |            |
|---------------------------------------------------------------------------------------------|
| 1   | NVIDIA RTX 6000 Ada Generation   |        |     | 49386   MB | 10de      | 0          |
|     |                                  |        |     |            | 26b1      | 5cfd6483.. |
|     |                                  |        |     |            | 2c        |            |
|---------------------------------------------------------------------------------------------|
| 2   | NVIDIA RTX 6000 Ada Generation   |        |     | 49386   MB | 10de      | 0          |
|     |                                  |        |     |            | 26b1      | bdb0e57d.. |
|     |                                  |        |     |            | 41        |            |
|---------------------------------------------------------------------------------------------|
| 3   | NVIDIA RTX 6000 Ada Generation   | Yes: 0 |     | 49386   MB | 10de      | 0          |
|     |                                  |        |     |            | 26b1      | 21e14e0d.. |
|     |                                  |        |     |            | 61        |            |
|=============================================================================================|
| OS: 22.04.5 LTS (Jammy Jellyfish) ubuntu, Version: 22.04.5, Kernel: 5.15.0-181-generic
| Processor: AMD Ryzen Threadripper PRO 5995WX 64-Cores
| Cores: 64 | Logical Cores: 128
|---------------------------------------------------------------------------------------------|
| Total Memory (MB): 515582 | Free Memory: 306590
| Total Page/Swap (MB): 10239 | Free Page/Swap: 7378
|---------------------------------------------------------------------------------------------|
2026-07-30T01:53:35Z [2,142ms] [Warning] [carb.windowing-glfw.plugin] GLFW initialization failed.
2026-07-30T01:53:35Z [2,142ms] [Warning] [carb] Failed to startup plugin carb.windowing-glfw.plugin (interfaces: [carb::windowing::IGLContext v1.0],[carb::windowing::IWindowing v1.5]) (impl: carb.windowing-glfw.plugin)
2026-07-30T01:53:35Z [2,154ms] [Warning] [carb.windowing-glfw.plugin] GLFW initialization failed.
2026-07-30T01:53:35Z [2,154ms] [Warning] [carb] Failed to startup plugin carb.windowing-glfw.plugin (interfaces: [carb::windowing::IGLContext v1.0],[carb::windowing::IWindowing v1.5]) (impl: carb.windowing-glfw.plugin)
2026-07-30T01:53:35Z [2,159ms] [Warning] [carb.windowing-glfw.plugin] GLFW initialization failed.
2026-07-30T01:53:35Z [2,159ms] [Warning] [carb] Failed to startup plugin carb.windowing-glfw.plugin (interfaces: [carb::windowing::IGLContext v1.0],[carb::windowing::IWindowing v1.5]) (impl: carb.windowing-glfw.plugin)
2026-07-30T01:53:35Z [2,170ms] [Warning] [carb.windowing-glfw.plugin] GLFW initialization failed.
2026-07-30T01:53:35Z [2,170ms] [Warning] [carb] Failed to startup plugin carb.windowing-glfw.plugin (interfaces: [carb::windowing::IGLContext v1.0],[carb::windowing::IWindowing v1.5]) (impl: carb.windowing-glfw.plugin)
2026-07-30T01:53:35Z [2,171ms] [Warning] [carb.windowing-glfw.plugin] GLFW initialization failed.
2026-07-30T01:53:35Z [2,171ms] [Warning] [carb] Failed to startup plugin carb.windowing-glfw.plugin (interfaces: [carb::windowing::IGLContext v1.0],[carb::windowing::IWindowing v1.5]) (impl: carb.windowing-glfw.plugin)
2026-07-30T01:53:35Z [2,172ms] [Warning] [carb.windowing-glfw.plugin] GLFW initialization failed.
2026-07-30T01:53:35Z [2,172ms] [Warning] [carb] Failed to startup plugin carb.windowing-glfw.plugin (interfaces: [carb::windowing::IGLContext v1.0],[carb::windowing::IWindowing v1.5]) (impl: carb.windowing-glfw.plugin)
2026-07-30T01:53:35Z [2,385ms] [Warning] [omni.log] Source: omni.hydra was already registered.
2026-07-30T01:53:36Z [2,694ms] [Warning] [carb] Acquiring non optional plugin interface which is not listed as dependency: [omni::physx::IPhysxBenchmarks v1.0] (plugin: <default plugin>), by client: omni.physics.physx.plugin. Add it to CARB_PLUGIN_IMPL_DEPS() macro of a client.
2026-07-30T01:53:36Z [2,704ms] [Warning] [omni.isaac.dynamic_control] omni.isaac.dynamic_control is deprecated as of Isaac Sim 4.5. No action is needed from end-users.
2026-07-30T01:53:38Z [4,616ms] [Warning] [pxr.Semantics] pxr.Semantics is deprecated - please use Semantics instead
2026-07-30T01:53:38Z [4,744ms] [Warning] [omni.graph.core.plugin] Found duplicate of category 'Replicator' - was 'Annotators', adding 'Fabric Reader'
2026-07-30T01:53:38Z [4,744ms] [Warning] [omni.graph.core.plugin] Category 'Replicator' not accepted on node type 'omni.replicator.core.FabricReader' in extension 'omni.replicator.core'
2026-07-30T01:53:38Z [4,745ms] [Warning] [omni.replicator.core.scripts.extension] No material configuration file, adding configuration to material settings directly.
2026-07-30T01:53:39Z [6,183ms] [Warning] [omni.kvdb.plugin] Disabling key-value database because another kit process is locking it
2026-07-30T01:53:41Z [8,363ms] [Warning] [omni.fabric.plugin] Warning: attribute viewportHandle not found for bucket id 7

2026-07-30T01:53:43Z [9,555ms] [Warning] [isaaclab.envs.direct_marl_env] Seed not set for the environment. The environment creation may not be deterministic.

[36m========================================================================================================[0m
[36m[1m[INFO][IsaacLab]: Logging to file: /data/howard/isaac/tmp/isaaclab/logs/isaaclab_2026-07-30_01-53-43.log[0m
[36m========================================================================================================[0m

[33m01:53:43 [simulation_context.py] WARNING: The `enable_external_forces_every_iteration` parameter in the PhysxCfg is set to False. If you are experiencing noisy velocities, consider enabling this flag. You may need to slightly increase the number of velocity iterations (setting it to 1 or 2 rather than 0), together with this flag, to improve the accuracy of velocity updates.[0m
[INFO]: Base environment:
	Environment device    : cuda:0
	Environment seed      : None
	Physics step-size     : 0.016666666666666666
	Rendering step-size   : 0.1
	Environment step-size : 0.1
[INFO]: Time taken for scene creation : 1.393243 seconds
[INFO]: Scene manager:  <class InteractiveScene>
	Number of environments: 64
	Environment spacing   : 12.0
	Source prim name      : /World/envs/env_0
	Global prim paths     : []
	Replicate physics     : True
[INFO]: Starting the simulation. This may take a few seconds. Please wait...
[INFO]: Time taken for simulation start : 3.308830 seconds
[INFO]: Completed setting up the environment...
init_nav: loaded 19/19 tensors from runs/nav_pretrain/nav_s1_mouth.pt; widened ['actor.0.weight', 'critic.0.weight']
log_std frozen at [0.623, 0.601, 0.724]
route obedience: trainable=75,140 (encoder frozen)  wrong_corridor=-0.25/step  route_shaping=False
2026-07-30T01:53:54Z [21,171ms] [Warning] [carb] Client gpu.foundation.plugin has acquired [gpu::unstable::IMemoryBudgetManagerFactory v0.1] 100 times. Consider accessing this interface with carb::getCachedInterface() (Performance warning)
[obey] iter   1/366  step     8192  obey top nan/bot nan  succ top nan/bot nan  wrong_steps    nan  approx_kl 0.0255  SPS 522
[obey] iter   2/366  step    16384  obey top nan/bot 1.00  succ top nan/bot 1.00  wrong_steps    0.0  approx_kl 0.0442  SPS 537
[obey] iter   3/366  step    24576  obey top nan/bot 1.00  succ top nan/bot 1.00  wrong_steps    0.0  approx_kl 0.0311  SPS 543
[obey] iter   4/366  step    32768  obey top nan/bot 1.00  succ top nan/bot 1.00  wrong_steps    0.0  approx_kl 0.0263  SPS 537
[obey] iter   5/366  step    40960  obey top 0.00/bot 0.98  succ top 0.00/bot 0.90  wrong_steps  140.5  approx_kl 0.0304  SPS 540
[obey] iter   6/366  step    49152  obey top 0.00/bot 0.98  succ top 0.00/bot 0.90  wrong_steps  138.6  approx_kl 0.0220  SPS 543
[obey] iter   7/366  step    57344  obey top 0.00/bot 0.98  succ top 0.00/bot 0.92  wrong_steps  151.8  approx_kl 0.0199  SPS 536
[obey] iter   8/366  step    65536  obey top 0.00/bot 0.97  succ top 0.00/bot 0.91  wrong_steps  154.6  approx_kl 0.0276  SPS 537
[obey] iter   9/366  step    73728  obey top 0.00/bot 0.97  succ top 0.00/bot 0.92  wrong_steps  147.8  approx_kl 0.0253  SPS 537
[obey] iter  10/366  step    81920  obey top 0.00/bot 0.96  succ top 0.00/bot 0.89  wrong_steps  169.9  approx_kl 0.0162  SPS 538
[obey] iter  11/366  step    90112  obey top 0.00/bot 0.96  succ top 0.01/bot 0.89  wrong_steps  171.0  approx_kl 0.0368  SPS 541
[obey] iter  12/366  step    98304  obey top 0.01/bot 0.96  succ top 0.02/bot 0.88  wrong_steps  170.4  approx_kl 0.0390  SPS 538
[obey] iter  13/366  step   106496  obey top 0.01/bot 0.96  succ top 0.02/bot 0.88  wrong_steps  167.6  approx_kl 0.0279  SPS 539
[obey] iter  14/366  step   114688  obey top 0.01/bot 0.96  succ top 0.02/bot 0.88  wrong_steps  175.9  approx_kl 0.0286  SPS 539
[obey] iter  15/366  step   122880  obey top 0.01/bot 0.97  succ top 0.02/bot 0.89  wrong_steps  200.8  approx_kl 0.0239  SPS 538
[obey] iter  16/366  step   131072  obey top 0.01/bot 0.96  succ top 0.02/bot 0.88  wrong_steps  204.6  approx_kl 0.0532  SPS 539
[obey] iter  17/366  step   139264  obey top 0.01/bot 0.95  succ top 0.02/bot 0.87  wrong_steps  203.5  approx_kl 0.0333  SPS 540
[obey] iter  18/366  step   147456  obey top 0.01/bot 0.96  succ top 0.01/bot 0.88  wrong_steps  204.9  approx_kl 0.0254  SPS 539
[obey] iter  19/366  step   155648  obey top 0.01/bot 0.95  succ top 0.01/bot 0.86  wrong_steps  210.8  approx_kl 0.0419  SPS 540
[obey] iter  20/366  step   163840  obey top 0.01/bot 0.95  succ top 0.01/bot 0.86  wrong_steps  213.2  approx_kl 0.0205  SPS 540
[obey] iter  21/366  step   172032  obey top 0.01/bot 0.95  succ top 0.02/bot 0.86  wrong_steps  225.7  approx_kl 0.0307  SPS 539
[obey] iter  22/366  step   180224  obey top 0.01/bot 0.95  succ top 0.02/bot 0.86  wrong_steps  216.9  approx_kl 0.0239  SPS 540
[obey] iter  23/366  step   188416  obey top 0.01/bot 0.95  succ top 0.02/bot 0.85  wrong_steps  219.5  approx_kl 0.0220  SPS 539
[obey] iter  24/366  step   196608  obey top 0.01/bot 0.95  succ top 0.02/bot 0.84  wrong_steps  219.6  approx_kl 0.0301  SPS 539
[obey] iter  25/366  step   204800  obey top 0.01/bot 0.95  succ top 0.02/bot 0.84  wrong_steps  217.5  approx_kl 0.0323  SPS 539
[obey] iter  26/366  step   212992  obey top 0.01/bot 0.94  succ top 0.01/bot 0.82  wrong_steps  222.1  approx_kl 0.0217  SPS 538
[obey] iter  27/366  step   221184  obey top 0.01/bot 0.94  succ top 0.01/bot 0.80  wrong_steps  212.8  approx_kl 0.0342  SPS 538
[obey] iter  28/366  step   229376  obey top 0.01/bot 0.94  succ top 0.01/bot 0.78  wrong_steps  212.8  approx_kl 0.0271  SPS 538
[obey] iter  29/366  step   237568  obey top 0.01/bot 0.93  succ top 0.01/bot 0.74  wrong_steps  207.1  approx_kl 0.0456  SPS 536
[obey] iter  30/366  step   245760  obey top 0.02/bot 0.92  succ top 0.01/bot 0.71  wrong_steps  196.9  approx_kl 0.0255  SPS 536
[obey] iter  31/366  step   253952  obey top 0.02/bot 0.92  succ top 0.02/bot 0.71  wrong_steps  192.3  approx_kl 0.0202  SPS 537
[obey] iter  32/366  step   262144  obey top 0.02/bot 0.91  succ top 0.02/bot 0.70  wrong_steps  197.8  approx_kl 0.0567  SPS 536
[obey] iter  33/366  step   270336  obey top 0.02/bot 0.90  succ top 0.02/bot 0.68  wrong_steps  189.2  approx_kl 0.0302  SPS 541
[obey] iter  34/366  step   278528  obey top 0.02/bot 0.89  succ top 0.02/bot 0.66  wrong_steps  180.3  approx_kl 0.0592  SPS 546
[obey] iter  35/366  step   286720  obey top 0.03/bot 0.86  succ top 0.02/bot 0.62  wrong_steps  165.8  approx_kl 0.0436  SPS 553
[obey] iter  36/366  step   294912  obey top 0.03/bot 0.86  succ top 0.02/bot 0.61  wrong_steps  160.7  approx_kl 0.0276  SPS 559
[obey] iter  37/366  step   303104  obey top 0.03/bot 0.84  succ top 0.01/bot 0.59  wrong_steps  155.5  approx_kl 0.0245  SPS 565
[obey] iter  38/366  step   311296  obey top 0.03/bot 0.83  succ top 0.01/bot 0.56  wrong_steps  155.5  approx_kl 0.0327  SPS 570
[obey] iter  39/366  step   319488  obey top 0.03/bot 0.82  succ top 0.01/bot 0.55  wrong_steps  160.4  approx_kl 0.0353  SPS 574
[obey] iter  40/366  step   327680  obey top 0.03/bot 0.80  succ top 0.01/bot 0.50  wrong_steps  149.1  approx_kl 0.0493  SPS 572
[obey] iter  41/366  step   335872  obey top 0.04/bot 0.79  succ top 0.01/bot 0.49  wrong_steps  148.9  approx_kl 0.0483  SPS 570
[obey] iter  42/366  step   344064  obey top 0.04/bot 0.78  succ top 0.01/bot 0.47  wrong_steps  145.8  approx_kl 0.0262  SPS 567
[obey] iter  43/366  step   352256  obey top 0.04/bot 0.72  succ top 0.02/bot 0.42  wrong_steps  131.0  approx_kl 0.0493  SPS 565
[obey] iter  44/366  step   360448  obey top 0.04/bot 0.69  succ top 0.02/bot 0.39  wrong_steps  125.2  approx_kl 0.0337  SPS 563
[obey] iter  45/366  step   368640  obey top 0.04/bot 0.69  succ top 0.02/bot 0.39  wrong_steps  124.0  approx_kl 0.0303  SPS 561
[obey] iter  46/366  step   376832  obey top 0.04/bot 0.66  succ top 0.02/bot 0.34  wrong_steps  108.6  approx_kl 0.0272  SPS 560
[obey] iter  47/366  step   385024  obey top 0.05/bot 0.62  succ top 0.02/bot 0.29  wrong_steps   99.7  approx_kl 0.0298  SPS 558
[obey] iter  48/366  step   393216  obey top 0.05/bot 0.58  succ top 0.02/bot 0.27  wrong_steps   85.0  approx_kl 0.0259  SPS 557
[obey] iter  49/366  step   401408  obey top 0.05/bot 0.57  succ top 0.02/bot 0.25  wrong_steps   76.3  approx_kl 0.0377  SPS 557
[obey] iter  50/366  step   409600  obey top 0.05/bot 0.56  succ top 0.02/bot 0.24  wrong_steps   76.3  approx_kl 0.0261  SPS 556
[obey] iter  51/366  step   417792  obey top 0.04/bot 0.53  succ top 0.01/bot 0.21  wrong_steps   69.7  approx_kl 0.0271  SPS 554
[obey] iter  52/366  step   425984  obey top 0.04/bot 0.49  succ top 0.01/bot 0.18  wrong_steps   57.1  approx_kl 0.0265  SPS 554
[obey] iter  53/366  step   434176  obey top 0.04/bot 0.46  succ top 0.01/bot 0.15  wrong_steps   45.6  approx_kl 0.0552  SPS 553
[obey] iter  54/366  step   442368  obey top 0.04/bot 0.43  succ top 0.01/bot 0.14  wrong_steps   37.3  approx_kl 0.0436  SPS 552
[obey] iter  55/366  step   450560  obey top 0.04/bot 0.42  succ top 0.01/bot 0.12  wrong_steps   37.6  approx_kl 0.0579  SPS 551
[obey] iter  56/366  step   458752  obey top 0.04/bot 0.40  succ top 0.01/bot 0.11  wrong_steps   29.8  approx_kl 0.0451  SPS 550
[obey] iter  57/366  step   466944  obey top 0.04/bot 0.35  succ top 0.01/bot 0.09  wrong_steps   22.9  approx_kl 0.0515  SPS 549
[obey] iter  58/366  step   475136  obey top 0.04/bot 0.34  succ top 0.01/bot 0.09  wrong_steps   23.3  approx_kl 0.0386  SPS 548
[obey] iter  59/366  step   483328  obey top 0.04/bot 0.32  succ top 0.01/bot 0.07  wrong_steps   17.9  approx_kl 0.0358  SPS 548
[obey] iter  60/366  step   491520  obey top 0.04/bot 0.30  succ top 0.01/bot 0.06  wrong_steps   15.3  approx_kl 0.0233  SPS 546
[obey] iter  61/366  step   499712  obey top 0.04/bot 0.28  succ top 0.01/bot 0.04  wrong_steps   11.6  approx_kl 0.0277  SPS 546
[obey] iter  62/366  step   507904  obey top 0.04/bot 0.27  succ top 0.01/bot 0.04  wrong_steps   13.1  approx_kl 0.0367  SPS 545
[obey] iter  63/366  step   516096  obey top 0.04/bot 0.27  succ top 0.01/bot 0.03  wrong_steps   13.1  approx_kl 0.0535  SPS 544
[obey] iter  64/366  step   524288  obey top 0.04/bot 0.26  succ top 0.01/bot 0.03  wrong_steps   13.5  approx_kl 0.0253  SPS 543
[obey] iter  65/366  step   532480  obey top 0.04/bot 0.26  succ top 0.01/bot 0.01  wrong_steps   11.7  approx_kl 0.0412  SPS 542
[obey] iter  66/366  step   540672  obey top 0.03/bot 0.26  succ top 0.01/bot 0.01  wrong_steps   14.2  approx_kl 0.0261  SPS 541
[obey] iter  67/366  step   548864  obey top 0.03/bot 0.26  succ top 0.01/bot 0.01  wrong_steps   15.4  approx_kl 0.0299  SPS 541
[obey] iter  68/366  step   557056  obey top 0.03/bot 0.26  succ top 0.01/bot 0.01  wrong_steps   17.9  approx_kl 0.0357  SPS 540
[obey] iter  69/366  step   565248  obey top 0.03/bot 0.26  succ top 0.01/bot 0.01  wrong_steps   18.1  approx_kl 0.0351  SPS 539
[obey] iter  70/366  step   573440  obey top 0.03/bot 0.28  succ top 0.01/bot 0.00  wrong_steps   20.2  approx_kl 0.0339  SPS 539
[obey] iter  71/366  step   581632  obey top 0.02/bot 0.28  succ top 0.01/bot 0.00  wrong_steps   22.8  approx_kl 0.0422  SPS 538
[obey] iter  72/366  step   589824  obey top 0.01/bot 0.32  succ top 0.01/bot 0.00  wrong_steps   20.7  approx_kl 0.0402  SPS 538
[obey] iter  73/366  step   598016  obey top 0.01/bot 0.33  succ top 0.00/bot 0.00  wrong_steps   26.0  approx_kl 0.0190  SPS 537
[obey] iter  74/366  step   606208  obey top 0.01/bot 0.34  succ top 0.00/bot 0.00  wrong_steps   23.4  approx_kl 0.0364  SPS 537
[obey] iter  75/366  step   614400  obey top 0.01/bot 0.36  succ top 0.00/bot 0.00  wrong_steps   27.2  approx_kl 0.0224  SPS 536
[obey] iter  76/366  step   622592  obey top 0.01/bot 0.37  succ top 0.00/bot 0.00  wrong_steps   28.2  approx_kl 0.0279  SPS 536
[obey] iter  77/366  step   630784  obey top 0.01/bot 0.40  succ top 0.00/bot 0.00  wrong_steps   28.3  approx_kl 0.0447  SPS 536
[obey] iter  78/366  step   638976  obey top 0.01/bot 0.40  succ top 0.00/bot 0.00  wrong_steps   29.4  approx_kl 0.0209  SPS 535
[obey] iter  79/366  step   647168  obey top 0.01/bot 0.43  succ top 0.00/bot 0.00  wrong_steps   31.2  approx_kl 0.0300  SPS 535
[obey] iter  80/366  step   655360  obey top 0.01/bot 0.46  succ top 0.00/bot 0.00  wrong_steps   33.7  approx_kl 0.0441  SPS 535
[obey] iter  81/366  step   663552  obey top 0.01/bot 0.48  succ top 0.00/bot 0.00  wrong_steps   34.5  approx_kl 0.0224  SPS 534
[obey] iter  82/366  step   671744  obey top 0.01/bot 0.48  succ top 0.00/bot 0.00  wrong_steps   34.5  approx_kl 0.0288  SPS 534
[obey] iter  83/366  step   679936  obey top 0.01/bot 0.50  succ top 0.00/bot 0.00  wrong_steps   31.5  approx_kl 0.0205  SPS 534
[obey] iter  84/366  step   688128  obey top 0.01/bot 0.52  succ top 0.00/bot 0.00  wrong_steps   33.9  approx_kl 0.0389  SPS 534
[obey] iter  85/366  step   696320  obey top 0.01/bot 0.52  succ top 0.00/bot 0.00  wrong_steps   34.8  approx_kl 0.0161  SPS 533
[obey] iter  86/366  step   704512  obey top 0.01/bot 0.54  succ top 0.00/bot 0.00  wrong_steps   34.4  approx_kl 0.0146  SPS 533
[obey] iter  87/366  step   712704  obey top 0.01/bot 0.56  succ top 0.00/bot 0.00  wrong_steps   31.9  approx_kl 0.0300  SPS 533
[obey] iter  88/366  step   720896  obey top 0.01/bot 0.58  succ top 0.00/bot 0.00  wrong_steps   26.6  approx_kl 0.0312  SPS 532
[obey] iter  89/366  step   729088  obey top 0.01/bot 0.62  succ top 0.00/bot 0.00  wrong_steps   25.4  approx_kl 0.0185  SPS 532
[obey] iter  90/366  step   737280  obey top 0.01/bot 0.64  succ top 0.00/bot 0.00  wrong_steps   24.3  approx_kl 0.0182  SPS 532
[obey] iter  91/366  step   745472  obey top 0.01/bot 0.68  succ top 0.00/bot 0.00  wrong_steps   24.3  approx_kl 0.0201  SPS 531
[obey] iter  92/366  step   753664  obey top 0.01/bot 0.68  succ top 0.00/bot 0.00  wrong_steps   22.8  approx_kl 0.0167  SPS 531
[obey] iter  93/366  step   761856  obey top 0.01/bot 0.70  succ top 0.00/bot 0.01  wrong_steps   25.1  approx_kl 0.0150  SPS 531
[obey] iter  94/366  step   770048  obey top 0.02/bot 0.70  succ top 0.00/bot 0.01  wrong_steps   19.3  approx_kl 0.0345  SPS 530
[obey] iter  95/366  step   778240  obey top 0.02/bot 0.73  succ top 0.00/bot 0.01  wrong_steps   21.5  approx_kl 0.0221  SPS 530
[obey] iter  96/366  step   786432  obey top 0.02/bot 0.74  succ top 0.00/bot 0.01  wrong_steps   20.1  approx_kl 0.0241  SPS 530
[obey] iter  97/366  step   794624  obey top 0.02/bot 0.74  succ top 0.00/bot 0.01  wrong_steps   20.0  approx_kl 0.0221  SPS 530
[obey] iter  98/366  step   802816  obey top 0.01/bot 0.74  succ top 0.00/bot 0.01  wrong_steps   21.1  approx_kl 0.0271  SPS 529
[obey] iter  99/366  step   811008  obey top 0.01/bot 0.77  succ top 0.00/bot 0.01  wrong_steps   15.5  approx_kl 0.0190  SPS 529
[obey] iter 100/366  step   819200  obey top 0.01/bot 0.77  succ top 0.00/bot 0.01  wrong_steps   12.9  approx_kl 0.0247  SPS 529
[obey] iter 101/366  step   827392  obey top 0.01/bot 0.76  succ top 0.00/bot 0.01  wrong_steps   13.3  approx_kl 0.0401  SPS 529
[obey] iter 102/366  step   835584  obey top 0.01/bot 0.75  succ top 0.00/bot 0.01  wrong_steps   17.5  approx_kl 0.0369  SPS 529
[obey] iter 103/366  step   843776  obey top 0.01/bot 0.74  succ top 0.00/bot 0.01  wrong_steps   18.0  approx_kl 0.0212  SPS 529
[obey] iter 104/366  step   851968  obey top 0.01/bot 0.74  succ top 0.00/bot 0.01  wrong_steps   17.9  approx_kl 0.0234  SPS 529
[obey] iter 105/366  step   860160  obey top 0.02/bot 0.75  succ top 0.00/bot 0.01  wrong_steps   15.3  approx_kl 0.0228  SPS 529
[obey] iter 106/366  step   868352  obey top 0.02/bot 0.74  succ top 0.00/bot 0.01  wrong_steps   15.3  approx_kl 0.0167  SPS 529
[obey] iter 107/366  step   876544  obey top 0.02/bot 0.74  succ top 0.00/bot 0.01  wrong_steps   15.5  approx_kl 0.0398  SPS 529
[obey] iter 108/366  step   884736  obey top 0.02/bot 0.74  succ top 0.00/bot 0.01  wrong_steps   12.2  approx_kl 0.0200  SPS 531
[obey] iter 109/366  step   892928  obey top 0.02/bot 0.73  succ top 0.00/bot 0.01  wrong_steps   12.2  approx_kl 0.0319  SPS 534
[obey] iter 110/366  step   901120  obey top 0.02/bot 0.74  succ top 0.00/bot 0.01  wrong_steps    8.1  approx_kl 0.0156  SPS 536
[obey] iter 111/366  step   909312  obey top 0.03/bot 0.77  succ top 0.00/bot 0.01  wrong_steps    9.2  approx_kl 0.0428  SPS 538
[obey] iter 112/366  step   917504  obey top 0.03/bot 0.76  succ top 0.00/bot 0.01  wrong_steps    9.7  approx_kl 0.0270  SPS 541
[obey] iter 113/366  step   925696  obey top 0.03/bot 0.78  succ top 0.00/bot 0.01  wrong_steps   10.2  approx_kl 0.0253  SPS 541
[obey] iter 114/366  step   933888  obey top 0.03/bot 0.78  succ top 0.00/bot 0.01  wrong_steps   10.1  approx_kl 0.0103  SPS 540
[obey] iter 115/366  step   942080  obey top 0.02/bot 0.78  succ top 0.00/bot 0.01  wrong_steps    9.6  approx_kl 0.0251  SPS 540
[obey] iter 116/366  step   950272  obey top 0.02/bot 0.77  succ top 0.00/bot 0.01  wrong_steps    8.4  approx_kl 0.0164  SPS 540
[obey] iter 117/366  step   958464  obey top 0.02/bot 0.79  succ top 0.00/bot 0.01  wrong_steps    5.6  approx_kl 0.0368  SPS 540
[obey] iter 118/366  step   966656  obey top 0.02/bot 0.80  succ top 0.00/bot 0.01  wrong_steps    7.3  approx_kl 0.0338  SPS 539
[obey] iter 119/366  step   974848  obey top 0.03/bot 0.81  succ top 0.00/bot 0.01  wrong_steps    7.5  approx_kl 0.0300  SPS 539
[obey] iter 120/366  step   983040  obey top 0.03/bot 0.81  succ top 0.00/bot 0.01  wrong_steps    9.0  approx_kl 0.0158  SPS 540
[obey] iter 121/366  step   991232  obey top 0.03/bot 0.81  succ top 0.00/bot 0.01  wrong_steps    8.9  approx_kl 0.0205  SPS 539
[obey] iter 122/366  step   999424  obey top 0.03/bot 0.81  succ top 0.00/bot 0.01  wrong_steps    9.2  approx_kl 0.0213  SPS 539
[obey] iter 123/366  step  1007616  obey top 0.03/bot 0.82  succ top 0.00/bot 0.01  wrong_steps   10.9  approx_kl 0.0283  SPS 539
[obey] iter 124/366  step  1015808  obey top 0.03/bot 0.81  succ top 0.00/bot 0.01  wrong_steps   10.6  approx_kl 0.0214  SPS 538
[obey] iter 125/366  step  1024000  obey top 0.03/bot 0.82  succ top 0.00/bot 0.01  wrong_steps   13.1  approx_kl 0.0211  SPS 538
[obey] iter 126/366  step  1032192  obey top 0.03/bot 0.81  succ top 0.00/bot 0.01  wrong_steps   13.9  approx_kl 0.0192  SPS 538
[obey] iter 127/366  step  1040384  obey top 0.03/bot 0.82  succ top 0.00/bot 0.00  wrong_steps   12.2  approx_kl 0.0319  SPS 538
[obey] iter 128/366  step  1048576  obey top 0.03/bot 0.82  succ top 0.00/bot 0.00  wrong_steps   12.0  approx_kl 0.0131  SPS 538
[obey] iter 129/366  step  1056768  obey top 0.03/bot 0.83  succ top 0.00/bot 0.00  wrong_steps   12.1  approx_kl 0.0125  SPS 538
[obey] iter 130/366  step  1064960  obey top 0.03/bot 0.85  succ top 0.00/bot 0.00  wrong_steps   12.6  approx_kl 0.0204  SPS 538
[obey] iter 131/366  step  1073152  obey top 0.03/bot 0.86  succ top 0.00/bot 0.00  wrong_steps   12.1  approx_kl 0.0215  SPS 537
[obey] iter 132/366  step  1081344  obey top 0.03/bot 0.87  succ top 0.00/bot 0.00  wrong_steps   10.9  approx_kl 0.0290  SPS 537
[obey] iter 133/366  step  1089536  obey top 0.03/bot 0.88  succ top 0.00/bot 0.00  wrong_steps   10.7  approx_kl 0.0440  SPS 537
[obey] iter 134/366  step  1097728  obey top 0.03/bot 0.88  succ top 0.00/bot 0.00  wrong_steps   10.7  approx_kl 0.0213  SPS 537
[obey] iter 135/366  step  1105920  obey top 0.03/bot 0.89  succ top 0.00/bot 0.00  wrong_steps    9.4  approx_kl 0.0224  SPS 537
[obey] iter 136/366  step  1114112  obey top 0.03/bot 0.90  succ top 0.00/bot 0.00  wrong_steps   14.4  approx_kl 0.0440  SPS 536
[obey] iter 137/366  step  1122304  obey top 0.02/bot 0.90  succ top 0.00/bot 0.00  wrong_steps   12.9  approx_kl 0.0266  SPS 536
[obey] iter 138/366  step  1130496  obey top 0.02/bot 0.89  succ top 0.00/bot 0.00  wrong_steps   16.4  approx_kl 0.0321  SPS 536
[obey] iter 139/366  step  1138688  obey top 0.02/bot 0.90  succ top 0.00/bot 0.00  wrong_steps   16.4  approx_kl 0.0174  SPS 536
[obey] iter 140/366  step  1146880  obey top 0.03/bot 0.91  succ top 0.00/bot 0.00  wrong_steps   13.4  approx_kl 0.0182  SPS 535
[obey] iter 141/366  step  1155072  obey top 0.03/bot 0.90  succ top 0.00/bot 0.00  wrong_steps   12.3  approx_kl 0.0372  SPS 535
[obey] iter 142/366  step  1163264  obey top 0.02/bot 0.91  succ top 0.00/bot 0.00  wrong_steps   14.8  approx_kl 0.0246  SPS 535
[obey] iter 143/366  step  1171456  obey top 0.02/bot 0.90  succ top 0.00/bot 0.00  wrong_steps   14.7  approx_kl 0.0322  SPS 535
[obey] iter 144/366  step  1179648  obey top 0.01/bot 0.91  succ top 0.00/bot 0.00  wrong_steps   14.8  approx_kl 0.0420  SPS 535
[obey] iter 145/366  step  1187840  obey top 0.01/bot 0.91  succ top 0.00/bot 0.00  wrong_steps   14.6  approx_kl 0.0259  SPS 535
[obey] iter 146/366  step  1196032  obey top 0.01/bot 0.91  succ top 0.00/bot 0.00  wrong_steps   14.3  approx_kl 0.0238  SPS 535
[obey] iter 147/366  step  1204224  obey top 0.01/bot 0.90  succ top 0.00/bot 0.00  wrong_steps   14.6  approx_kl 0.0408  SPS 534
[obey] iter 148/366  step  1212416  obey top 0.01/bot 0.91  succ top 0.00/bot 0.00  wrong_steps   17.1  approx_kl 0.0204  SPS 534
[obey] iter 149/366  step  1220608  obey top 0.01/bot 0.91  succ top 0.00/bot 0.00  wrong_steps   17.1  approx_kl 0.0182  SPS 534
[obey] iter 150/366  step  1228800  obey top 0.01/bot 0.91  succ top 0.00/bot 0.00  wrong_steps   16.8  approx_kl 0.0158  SPS 534
[obey] iter 151/366  step  1236992  obey top 0.01/bot 0.91  succ top 0.00/bot 0.00  wrong_steps   12.9  approx_kl 0.0147  SPS 534
[obey] iter 152/366  step  1245184  obey top 0.01/bot 0.91  succ top 0.00/bot 0.00  wrong_steps   12.6  approx_kl 0.0091  SPS 534
[obey] iter 153/366  step  1253376  obey top 0.01/bot 0.91  succ top 0.00/bot 0.00  wrong_steps   11.7  approx_kl 0.0239  SPS 534
[obey] iter 154/366  step  1261568  obey top 0.01/bot 0.91  succ top 0.00/bot 0.00  wrong_steps   10.8  approx_kl 0.0284  SPS 533
[obey] iter 155/366  step  1269760  obey top 0.01/bot 0.92  succ top 0.00/bot 0.00  wrong_steps   10.5  approx_kl 0.0166  SPS 533
[obey] iter 156/366  step  1277952  obey top 0.01/bot 0.92  succ top 0.00/bot 0.00  wrong_steps    7.4  approx_kl 0.0170  SPS 533
[obey] iter 157/366  step  1286144  obey top 0.01/bot 0.92  succ top 0.00/bot 0.00  wrong_steps    7.4  approx_kl 0.0187  SPS 533
[obey] iter 158/366  step  1294336  obey top 0.01/bot 0.92  succ top 0.00/bot 0.00  wrong_steps    7.4  approx_kl 0.0196  SPS 533
[obey] iter 159/366  step  1302528  obey top 0.01/bot 0.92  succ top 0.00/bot 0.00  wrong_steps    9.7  approx_kl 0.0130  SPS 532
[obey] iter 160/366  step  1310720  obey top 0.01/bot 0.92  succ top 0.00/bot 0.00  wrong_steps   10.3  approx_kl 0.0187  SPS 532
[obey] iter 161/366  step  1318912  obey top 0.01/bot 0.93  succ top 0.00/bot 0.00  wrong_steps   10.7  approx_kl 0.0170  SPS 532
[obey] iter 162/366  step  1327104  obey top 0.01/bot 0.93  succ top 0.00/bot 0.00  wrong_steps   10.0  approx_kl 0.0428  SPS 532
[obey] iter 163/366  step  1335296  obey top 0.01/bot 0.93  succ top 0.00/bot 0.00  wrong_steps   11.2  approx_kl 0.0176  SPS 531
[obey] iter 164/366  step  1343488  obey top 0.01/bot 0.93  succ top 0.00/bot 0.00  wrong_steps   11.3  approx_kl 0.0103  SPS 531
[obey] iter 165/366  step  1351680  obey top 0.01/bot 0.93  succ top 0.00/bot 0.00  wrong_steps   11.5  approx_kl 0.0217  SPS 531
[obey] iter 166/366  step  1359872  obey top 0.01/bot 0.93  succ top 0.00/bot 0.00  wrong_steps   11.9  approx_kl 0.0304  SPS 531
[obey] iter 167/366  step  1368064  obey top 0.01/bot 0.93  succ top 0.00/bot 0.00  wrong_steps   11.9  approx_kl 0.0079  SPS 531
[obey] iter 168/366  step  1376256  obey top 0.01/bot 0.93  succ top 0.00/bot 0.00  wrong_steps   11.5  approx_kl 0.0103  SPS 531
[obey] iter 169/366  step  1384448  obey top 0.01/bot 0.93  succ top 0.00/bot 0.00  wrong_steps   10.6  approx_kl 0.0204  SPS 531
[obey] iter 170/366  step  1392640  obey top 0.01/bot 0.94  succ top 0.00/bot 0.00  wrong_steps   12.7  approx_kl 0.0155  SPS 530
[obey] iter 171/366  step  1400832  obey top 0.01/bot 0.94  succ top 0.00/bot 0.00  wrong_steps   12.7  approx_kl 0.0201  SPS 530
[obey] iter 172/366  step  1409024  obey top 0.01/bot 0.94  succ top 0.00/bot 0.00  wrong_steps   13.7  approx_kl 0.0081  SPS 530
[obey] iter 173/366  step  1417216  obey top 0.01/bot 0.94  succ top 0.00/bot 0.00  wrong_steps   11.0  approx_kl 0.0122  SPS 530
[obey] iter 174/366  step  1425408  obey top 0.01/bot 0.94  succ top 0.00/bot 0.00  wrong_steps   12.4  approx_kl 0.0287  SPS 530
[obey] iter 175/366  step  1433600  obey top 0.01/bot 0.94  succ top 0.00/bot 0.00  wrong_steps   14.3  approx_kl 0.0127  SPS 530
[obey] iter 176/366  step  1441792  obey top 0.01/bot 0.94  succ top 0.00/bot 0.00  wrong_steps   13.9  approx_kl 0.0314  SPS 530
[obey] iter 177/366  step  1449984  obey top 0.01/bot 0.94  succ top 0.00/bot 0.00  wrong_steps   14.8  approx_kl 0.0170  SPS 530
[obey] iter 178/366  step  1458176  obey top 0.01/bot 0.95  succ top 0.00/bot 0.00  wrong_steps   10.8  approx_kl 0.0303  SPS 530
[obey] iter 179/366  step  1466368  obey top 0.01/bot 0.94  succ top 0.00/bot 0.00  wrong_steps   15.6  approx_kl 0.0246  SPS 529
[obey] iter 180/366  step  1474560  obey top 0.01/bot 0.94  succ top 0.00/bot 0.00  wrong_steps   13.6  approx_kl 0.0396  SPS 529
[obey] iter 181/366  step  1482752  obey top 0.01/bot 0.94  succ top 0.00/bot 0.00  wrong_steps   13.6  approx_kl 0.0287  SPS 529
[obey] iter 182/366  step  1490944  obey top 0.01/bot 0.95  succ top 0.00/bot 0.00  wrong_steps   13.5  approx_kl 0.0138  SPS 529
[obey] iter 183/366  step  1499136  obey top 0.01/bot 0.94  succ top 0.00/bot 0.00  wrong_steps   13.3  approx_kl 0.0260  SPS 529
[obey] iter 184/366  step  1507328  obey top 0.01/bot 0.95  succ top 0.00/bot 0.00  wrong_steps   14.3  approx_kl 0.0078  SPS 529
[obey] iter 185/366  step  1515520  obey top 0.01/bot 0.95  succ top 0.00/bot 0.00  wrong_steps   12.2  approx_kl 0.0161  SPS 529
[obey] iter 186/366  step  1523712  obey top 0.01/bot 0.94  succ top 0.00/bot 0.00  wrong_steps   12.2  approx_kl 0.0126  SPS 529
[obey] iter 187/366  step  1531904  obey top 0.01/bot 0.94  succ top 0.00/bot 0.00  wrong_steps   11.6  approx_kl 0.0140  SPS 529
[obey] iter 188/366  step  1540096  obey top 0.01/bot 0.94  succ top 0.00/bot 0.00  wrong_steps   10.8  approx_kl 0.0164  SPS 529
[obey] iter 189/366  step  1548288  obey top 0.01/bot 0.94  succ top 0.00/bot 0.00  wrong_steps   10.4  approx_kl 0.0146  SPS 529
[obey] iter 190/366  step  1556480  obey top 0.01/bot 0.94  succ top 0.00/bot 0.00  wrong_steps    7.7  approx_kl 0.0291  SPS 529
[obey] iter 191/366  step  1564672  obey top 0.01/bot 0.94  succ top 0.00/bot 0.00  wrong_steps    7.7  approx_kl 0.0274  SPS 530
[obey] iter 192/366  step  1572864  obey top 0.01/bot 0.94  succ top 0.00/bot 0.00  wrong_steps    6.8  approx_kl 0.0095  SPS 532
[obey] iter 193/366  step  1581056  obey top 0.00/bot 0.94  succ top 0.00/bot 0.00  wrong_steps    6.9  approx_kl 0.0180  SPS 533
[obey] iter 194/366  step  1589248  obey top 0.00/bot 0.95  succ top 0.00/bot 0.00  wrong_steps    3.1  approx_kl 0.0122  SPS 535
[obey] iter 195/366  step  1597440  obey top 0.00/bot 0.95  succ top 0.00/bot 0.00  wrong_steps    3.1  approx_kl 0.0158  SPS 536
[obey] iter 196/366  step  1605632  obey top 0.00/bot 0.95  succ top 0.00/bot 0.00  wrong_steps    3.2  approx_kl 0.0135  SPS 537
[obey] iter 197/366  step  1613824  obey top 0.00/bot 0.95  succ top 0.00/bot 0.00  wrong_steps    3.4  approx_kl 0.0168  SPS 539
[obey] iter 198/366  step  1622016  obey top 0.00/bot 0.95  succ top 0.00/bot 0.00  wrong_steps    3.5  approx_kl 0.0158  SPS 540
[obey] iter 199/366  step  1630208  obey top 0.00/bot 0.95  succ top 0.00/bot 0.00  wrong_steps    2.6  approx_kl 0.0151  SPS 542
[obey] iter 200/366  step  1638400  obey top 0.00/bot 0.95  succ top 0.00/bot 0.00  wrong_steps    2.6  approx_kl 0.0055  SPS 543
[obey] iter 201/366  step  1646592  obey top 0.00/bot 0.95  succ top 0.00/bot 0.00  wrong_steps    2.8  approx_kl 0.0094  SPS 544
[obey] iter 202/366  step  1654784  obey top 0.00/bot 0.96  succ top 0.00/bot 0.00  wrong_steps    2.3  approx_kl 0.0382  SPS 545
[obey] iter 203/366  step  1662976  obey top 0.00/bot 0.96  succ top 0.00/bot 0.00  wrong_steps    2.4  approx_kl 0.0090  SPS 547
[obey] iter 204/366  step  1671168  obey top 0.00/bot 0.97  succ top 0.00/bot 0.00  wrong_steps    2.5  approx_kl 0.0165  SPS 541
[obey] iter 205/366  step  1679360  obey top 0.00/bot 0.96  succ top 0.00/bot 0.00  wrong_steps    2.5  approx_kl 0.0239  SPS 535
[obey] iter 206/366  step  1687552  obey top 0.00/bot 0.96  succ top 0.00/bot 0.00  wrong_steps    2.5  approx_kl 0.0315  SPS 529
[obey] iter 207/366  step  1695744  obey top 0.00/bot 0.96  succ top 0.00/bot 0.00  wrong_steps    2.6  approx_kl 0.0232  SPS 523
[obey] iter 208/366  step  1703936  obey top 0.00/bot 0.95  succ top 0.00/bot 0.00  wrong_steps    4.8  approx_kl 0.0425  SPS 518
[obey] iter 209/366  step  1712128  obey top 0.00/bot 0.95  succ top 0.00/bot 0.00  wrong_steps    4.8  approx_kl 0.0136  SPS 513
[obey] iter 210/366  step  1720320  obey top 0.00/bot 0.95  succ top 0.00/bot 0.00  wrong_steps    4.8  approx_kl 0.0121  SPS 508
[obey] iter 211/366  step  1728512  obey top 0.00/bot 0.96  succ top 0.00/bot 0.00  wrong_steps    4.8  approx_kl 0.0070  SPS 503
[obey] iter 212/366  step  1736704  obey top 0.00/bot 0.96  succ top 0.00/bot 0.00  wrong_steps    4.8  approx_kl 0.0094  SPS 498
[obey] iter 213/366  step  1744896  obey top 0.00/bot 0.96  succ top 0.00/bot 0.00  wrong_steps    4.8  approx_kl 0.0128  SPS 493
[obey] iter 214/366  step  1753088  obey top 0.00/bot 0.96  succ top 0.00/bot 0.00  wrong_steps    4.8  approx_kl 0.0089  SPS 488
[obey] iter 215/366  step  1761280  obey top 0.00/bot 0.96  succ top 0.00/bot 0.00  wrong_steps    4.8  approx_kl 0.0156  SPS 483
