[INFO][AppLauncher]: Using device: cuda:0
[INFO][AppLauncher]: Loading experience file: /data/howard/isaac/IsaacLab/apps/isaaclab.python.headless.rendering.kit
Loading user config located at: '/data/howard/isaac/envs/isaaclab/lib/python3.11/site-packages/isaacsim/kit/data/Kit/Isaac-Sim/5.1/user.config.json'
[Info] [carb] Logging to file: /data/howard/isaac/envs/isaaclab/lib/python3.11/site-packages/isaacsim/kit/logs/Kit/Isaac-Sim/5.1/kit_20260817_035012.log
2026-08-17T03:50:12Z [141ms] [Warning] [carb.windowing-glfw.plugin] GLFW initialization failed.
2026-08-17T03:50:12Z [141ms] [Warning] [carb] Failed to startup plugin carb.windowing-glfw.plugin (interfaces: [carb::windowing::IGLContext v1.0],[carb::windowing::IWindowing v1.5]) (impl: carb.windowing-glfw.plugin)
2026-08-17T03:50:12Z [218ms] [Warning] [omni.platforminfo.plugin] failed to open the default display.  Can't verify X Server version.
2026-08-17T03:50:12Z [222ms] [Warning] [carb.cudainterop.plugin] CUDA_VISIBLE_DEVICES environment variable is set.
2026-08-17T03:50:12Z [222ms] [Warning] [carb.cudainterop.plugin] Note CUDA device enumeration and Omniverse device enumeration are different.
2026-08-17T03:50:12Z [222ms] [Warning] [carb.cudainterop.plugin] Setting CUDA_VISIBLE_DEVICES can lead to undesired behavior or crashes.
2026-08-17T03:50:13Z [684ms] [Warning] [carb.windowing-glfw.plugin] GLFW initialization failed.
2026-08-17T03:50:13Z [684ms] [Warning] [carb] Failed to startup plugin carb.windowing-glfw.plugin (interfaces: [carb::windowing::IGLContext v1.0],[carb::windowing::IWindowing v1.5]) (impl: carb.windowing-glfw.plugin)
2026-08-17T03:50:13Z [1,069ms] [Warning] [gpu.foundation.plugin] Skipping NVIDIA GPU due CUDA being in bad state: NVIDIA RTX 6000 Ada Generation
2026-08-17T03:50:13Z [1,069ms] [Warning] [gpu.foundation.plugin] Please restart your system if CUDA is known to work in your system.
2026-08-17T03:50:13Z [1,074ms] [Warning] [gpu.foundation.plugin] Skipping NVIDIA GPU due CUDA being in bad state: NVIDIA RTX 6000 Ada Generation
2026-08-17T03:50:13Z [1,074ms] [Warning] [gpu.foundation.plugin] Please restart your system if CUDA is known to work in your system.
2026-08-17T03:50:13Z [1,083ms] [Warning] [gpu.foundation.plugin] Skipping NVIDIA GPU due CUDA being in bad state: NVIDIA RTX 6000 Ada Generation
2026-08-17T03:50:13Z [1,083ms] [Warning] [gpu.foundation.plugin] Please restart your system if CUDA is known to work in your system.
2026-08-17T03:50:13Z [1,086ms] [Warning] [gpu.foundation.plugin] Skipping NVIDIA GPU due CUDA being in bad state: NVIDIA RTX 6000 Ada Generation
2026-08-17T03:50:13Z [1,086ms] [Warning] [gpu.foundation.plugin] Please restart your system if CUDA is known to work in your system.
2026-08-17T03:50:13Z [1,086ms] [Warning] [gpu.foundation.plugin] Skipping NVIDIA GPU due CUDA being in bad state: NVIDIA RTX 6000 Ada Generation
2026-08-17T03:50:13Z [1,086ms] [Warning] [gpu.foundation.plugin] Please restart your system if CUDA is known to work in your system.
2026-08-17T03:50:13Z [1,086ms] [Warning] [gpu.foundation.plugin] Skipping NVIDIA GPU due CUDA being in bad state: NVIDIA RTX 6000 Ada Generation
2026-08-17T03:50:13Z [1,086ms] [Warning] [gpu.foundation.plugin] Please restart your system if CUDA is known to work in your system.

|---------------------------------------------------------------------------------------------|
| Driver Version: 550.90.12     | Graphics API: Vulkan
|=============================================================================================|
| GPU | Name                             | Active | LDA | GPU Memory | Vendor-ID | LUID       |
|     |                                  |        |     |            | Device-ID | UUID       |
|     |                                  |        |     |            | Bus-ID    |            |
|---------------------------------------------------------------------------------------------|
| 0   | NVIDIA RTX 6000 Ada Generation   |        |     | 49386   MB | 10de      | 0          |
|     |                                  |        |     |            | 26b1      | df04a158.. |
|     |                                  |        |     |            | 1         |            |
|---------------------------------------------------------------------------------------------|
| 1   | NVIDIA RTX 6000 Ada Generation   |        |     | 49386   MB | 10de      | 0          |
|     |                                  |        |     |            | 26b1      | 5cfd6483.. |
|     |                                  |        |     |            | 2c        |            |
|---------------------------------------------------------------------------------------------|
| 2   | NVIDIA RTX 6000 Ada Generation   |        |     | 49386   MB | 10de      | 0          |
|     |                                  |        |     |            | 26b1      | bdb0e57d.. |
|     |                                  |        |     |            | 41        |            |
|---------------------------------------------------------------------------------------------|
| 3   | NVIDIA RTX 6000 Ada Generation   | Yes: 0 |     | 49386   MB | 10de      | 0          |
|     |                                  |        |     |            | 26b1      | 21e14e0d.. |
|     |                                  |        |     |            | 61        |            |
|=============================================================================================|
| OS: 22.04.5 LTS (Jammy Jellyfish) ubuntu, Version: 22.04.5, Kernel: 5.15.0-181-generic
| Processor: AMD Ryzen Threadripper PRO 5995WX 64-Cores
| Cores: 64 | Logical Cores: 128
|---------------------------------------------------------------------------------------------|
| Total Memory (MB): 515579 | Free Memory: 489041
| Total Page/Swap (MB): 10239 | Free Page/Swap: 10203
|---------------------------------------------------------------------------------------------|
2026-08-17T03:50:15Z [2,362ms] [Warning] [carb.windowing-glfw.plugin] GLFW initialization failed.
2026-08-17T03:50:15Z [2,362ms] [Warning] [carb] Failed to startup plugin carb.windowing-glfw.plugin (interfaces: [carb::windowing::IGLContext v1.0],[carb::windowing::IWindowing v1.5]) (impl: carb.windowing-glfw.plugin)
2026-08-17T03:50:15Z [2,390ms] [Warning] [carb.windowing-glfw.plugin] GLFW initialization failed.
2026-08-17T03:50:15Z [2,390ms] [Warning] [carb] Failed to startup plugin carb.windowing-glfw.plugin (interfaces: [carb::windowing::IGLContext v1.0],[carb::windowing::IWindowing v1.5]) (impl: carb.windowing-glfw.plugin)
2026-08-17T03:50:15Z [2,396ms] [Warning] [carb.windowing-glfw.plugin] GLFW initialization failed.
2026-08-17T03:50:15Z [2,396ms] [Warning] [carb] Failed to startup plugin carb.windowing-glfw.plugin (interfaces: [carb::windowing::IGLContext v1.0],[carb::windowing::IWindowing v1.5]) (impl: carb.windowing-glfw.plugin)
2026-08-17T03:50:15Z [2,404ms] [Warning] [carb.windowing-glfw.plugin] GLFW initialization failed.
2026-08-17T03:50:15Z [2,404ms] [Warning] [carb] Failed to startup plugin carb.windowing-glfw.plugin (interfaces: [carb::windowing::IGLContext v1.0],[carb::windowing::IWindowing v1.5]) (impl: carb.windowing-glfw.plugin)
2026-08-17T03:50:15Z [2,404ms] [Warning] [carb.windowing-glfw.plugin] GLFW initialization failed.
2026-08-17T03:50:15Z [2,404ms] [Warning] [carb] Failed to startup plugin carb.windowing-glfw.plugin (interfaces: [carb::windowing::IGLContext v1.0],[carb::windowing::IWindowing v1.5]) (impl: carb.windowing-glfw.plugin)
2026-08-17T03:50:15Z [2,405ms] [Warning] [carb.windowing-glfw.plugin] GLFW initialization failed.
2026-08-17T03:50:15Z [2,405ms] [Warning] [carb] Failed to startup plugin carb.windowing-glfw.plugin (interfaces: [carb::windowing::IGLContext v1.0],[carb::windowing::IWindowing v1.5]) (impl: carb.windowing-glfw.plugin)
2026-08-17T03:50:15Z [2,606ms] [Warning] [omni.log] Source: omni.hydra was already registered.
2026-08-17T03:50:15Z [2,897ms] [Warning] [carb] Acquiring non optional plugin interface which is not listed as dependency: [omni::physx::IPhysxBenchmarks v1.0] (plugin: <default plugin>), by client: omni.physics.physx.plugin. Add it to CARB_PLUGIN_IMPL_DEPS() macro of a client.
2026-08-17T03:50:15Z [2,908ms] [Warning] [omni.isaac.dynamic_control] omni.isaac.dynamic_control is deprecated as of Isaac Sim 4.5. No action is needed from end-users.
2026-08-17T03:50:17Z [4,848ms] [Warning] [pxr.Semantics] pxr.Semantics is deprecated - please use Semantics instead
2026-08-17T03:50:17Z [4,963ms] [Warning] [omni.graph.core.plugin] Found duplicate of category 'Replicator' - was 'Annotators', adding 'Fabric Reader'
2026-08-17T03:50:17Z [4,963ms] [Warning] [omni.graph.core.plugin] Category 'Replicator' not accepted on node type 'omni.replicator.core.FabricReader' in extension 'omni.replicator.core'
2026-08-17T03:50:17Z [4,964ms] [Warning] [omni.replicator.core.scripts.extension] No material configuration file, adding configuration to material settings directly.
2026-08-17T03:50:19Z [6,335ms] [Warning] [omni.kvdb.plugin] Disabling key-value database because another kit process is locking it
2026-08-17T03:50:21Z [8,596ms] [Warning] [omni.fabric.plugin] Warning: attribute viewportHandle not found for bucket id 7

2026-08-17T03:50:24Z [11,393ms] [Warning] [isaaclab.envs.direct_marl_env] Seed not set for the environment. The environment creation may not be deterministic.

[36m========================================================================================================[0m
[36m[1m[INFO][IsaacLab]: Logging to file: /data/howard/isaac/tmp/isaaclab/logs/isaaclab_2026-08-17_03-50-24.log[0m
[36m========================================================================================================[0m

[33m03:50:24 [simulation_context.py] WARNING: The `enable_external_forces_every_iteration` parameter in the PhysxCfg is set to False. If you are experiencing noisy velocities, consider enabling this flag. You may need to slightly increase the number of velocity iterations (setting it to 1 or 2 rather than 0), together with this flag, to improve the accuracy of velocity updates.[0m
[INFO]: Base environment:
	Environment device    : cuda:0
	Environment seed      : None
	Physics step-size     : 0.016666666666666666
	Rendering step-size   : 0.1
	Environment step-size : 0.1
[INFO]: Time taken for scene creation : 1.348797 seconds
[INFO]: Scene manager:  <class InteractiveScene>
	Number of environments: 64
	Environment spacing   : 12.0
	Source prim name      : /World/envs/env_0
	Global prim paths     : []
	Replicate physics     : True
[INFO]: Starting the simulation. This may take a few seconds. Please wait...
[INFO]: Time taken for simulation start : 2.986075 seconds
[INFO]: Completed setting up the environment...
init_nav: loaded 19/19 tensors from runs/realcam20/route_cont.pt; widened []
log_std frozen at [0.607, 0.607, 0.607]
route obedience: trainable=75,140 (encoder frozen)  wrong_corridor=0.0/step  route_shaping=True  abort_wrong=True
2026-08-17T03:50:32Z [19,764ms] [Warning] [carb] Client gpu.foundation.plugin has acquired [gpu::unstable::IMemoryBudgetManagerFactory v0.1] 100 times. Consider accessing this interface with carb::getCachedInterface() (Performance warning)
[obey] iter   1/366  step     8192  obey top nan/bot 0.00  succ top nan/bot 0.00  | canonical obey nan/0.00 succ nan/0.00  approx_kl 0.1213  SPS 1077
[obey] iter   2/366  step    16384  obey top 1.00/bot 0.88  succ top 1.00/bot 0.88  | canonical obey nan/0.00 succ nan/0.00  approx_kl 0.0553  SPS 1070
[obey] iter   3/366  step    24576  obey top 1.00/bot 0.69  succ top 1.00/bot 0.69  | canonical obey nan/0.00 succ nan/0.00  approx_kl 0.0297  SPS 1068
[obey] iter   4/366  step    32768  obey top 1.00/bot 0.61  succ top 1.00/bot 0.61  | canonical obey nan/0.00 succ nan/0.00  approx_kl 0.0274  SPS 1079
[obey] iter   5/366  step    40960  obey top 0.87/bot 0.42  succ top 0.53/bot 0.28  | canonical obey 0.69/0.12 succ 0.00/0.00  approx_kl 0.0344  SPS 1090
[obey] iter   6/366  step    49152  obey top 0.88/bot 0.42  succ top 0.54/bot 0.28  | canonical obey 0.71/0.11 succ 0.00/0.00  approx_kl 0.1057  SPS 1096
[obey] iter   7/366  step    57344  obey top 0.88/bot 0.52  succ top 0.49/bot 0.38  | canonical obey 0.74/0.10 succ 0.00/0.00  approx_kl 0.0438  SPS 1088
[obey] iter   8/366  step    65536  obey top 0.87/bot 0.52  succ top 0.49/bot 0.39  | canonical obey 0.72/0.09 succ 0.00/0.00  approx_kl 0.0136  SPS 1088
[obey] iter   9/366  step    73728  obey top 0.86/bot 0.54  succ top 0.51/bot 0.42  | canonical obey 0.69/0.09 succ 0.00/0.00  approx_kl 0.0343  SPS 1089
[obey] iter  10/366  step    81920  obey top 0.85/bot 0.51  succ top 0.43/bot 0.36  | canonical obey 0.71/0.13 succ 0.00/0.00  approx_kl 0.0077  SPS 1088
[obey] iter  11/366  step    90112  obey top 0.87/bot 0.52  succ top 0.47/bot 0.39  | canonical obey 0.72/0.12 succ 0.00/0.00  approx_kl 0.0730  SPS 1083
[obey] iter  12/366  step    98304  obey top 0.88/bot 0.51  succ top 0.45/bot 0.39  | canonical obey 0.73/0.11 succ 0.00/0.00  approx_kl 0.0273  SPS 1079
[obey] iter  13/366  step   106496  obey top 0.88/bot 0.54  succ top 0.49/bot 0.42  | canonical obey 0.73/0.12 succ 0.00/0.00  approx_kl 0.0417  SPS 1077
[obey] iter  14/366  step   114688  obey top 0.89/bot 0.55  succ top 0.48/bot 0.44  | canonical obey 0.74/0.12 succ 0.00/0.00  approx_kl 0.0615  SPS 1077
[obey] iter  15/366  step   122880  obey top 0.88/bot 0.54  succ top 0.47/bot 0.43  | canonical obey 0.74/0.15 succ 0.00/0.01  approx_kl 0.1274  SPS 1072
[obey] iter  16/366  step   131072  obey top 0.88/bot 0.54  succ top 0.46/bot 0.42  | canonical obey 0.72/0.14 succ 0.00/0.01  approx_kl 0.0221  SPS 1073
[obey] iter  17/366  step   139264  obey top 0.86/bot 0.53  succ top 0.47/bot 0.40  | canonical obey 0.68/0.14 succ 0.00/0.01  approx_kl 0.0861  SPS 1073
[obey] iter  18/366  step   147456  obey top 0.85/bot 0.52  succ top 0.46/bot 0.39  | canonical obey 0.68/0.14 succ 0.01/0.01  approx_kl 0.0508  SPS 1073
[obey] iter  19/366  step   155648  obey top 0.86/bot 0.54  succ top 0.44/bot 0.37  | canonical obey 0.70/0.15 succ 0.01/0.01  approx_kl 0.0599  SPS 1074
[obey] iter  20/366  step   163840  obey top 0.86/bot 0.53  succ top 0.44/bot 0.36  | canonical obey 0.70/0.14 succ 0.01/0.01  approx_kl 0.0557  SPS 1074
[obey] iter  21/366  step   172032  obey top 0.86/bot 0.52  succ top 0.42/bot 0.34  | canonical obey 0.70/0.15 succ 0.01/0.01  approx_kl 0.0290  SPS 1073
[obey] iter  22/366  step   180224  obey top 0.87/bot 0.51  succ top 0.41/bot 0.32  | canonical obey 0.71/0.15 succ 0.01/0.01  approx_kl 0.1363  SPS 1072
[obey] iter  23/366  step   188416  obey top 0.86/bot 0.52  succ top 0.40/bot 0.32  | canonical obey 0.70/0.16 succ 0.01/0.01  approx_kl 0.0555  SPS 1073
[obey] iter  24/366  step   196608  obey top 0.85/bot 0.54  succ top 0.36/bot 0.30  | canonical obey 0.70/0.16 succ 0.02/0.01  approx_kl 0.0482  SPS 1073
[obey] iter  25/366  step   204800  obey top 0.85/bot 0.54  succ top 0.35/bot 0.28  | canonical obey 0.70/0.16 succ 0.03/0.01  approx_kl 0.0464  SPS 1073
[obey] iter  26/366  step   212992  obey top 0.86/bot 0.52  succ top 0.34/bot 0.25  | canonical obey 0.72/0.16 succ 0.03/0.01  approx_kl 0.1170  SPS 1071
[obey] iter  27/366  step   221184  obey top 0.86/bot 0.54  succ top 0.34/bot 0.24  | canonical obey 0.72/0.16 succ 0.03/0.01  approx_kl 0.0252  SPS 1070
[obey] iter  28/366  step   229376  obey top 0.87/bot 0.55  succ top 0.35/bot 0.26  | canonical obey 0.72/0.16 succ 0.03/0.01  approx_kl 0.0421  SPS 1072
[obey] iter  29/366  step   237568  obey top 0.85/bot 0.56  succ top 0.33/bot 0.26  | canonical obey 0.71/0.16 succ 0.03/0.01  approx_kl 0.0222  SPS 1071
[obey] iter  30/366  step   245760  obey top 0.85/bot 0.57  succ top 0.32/bot 0.27  | canonical obey 0.69/0.16 succ 0.02/0.01  approx_kl 0.0687  SPS 1071
[obey] iter  31/366  step   253952  obey top 0.84/bot 0.57  succ top 0.31/bot 0.24  | canonical obey 0.69/0.16 succ 0.02/0.01  approx_kl 0.0593  SPS 1070
[obey] iter  32/366  step   262144  obey top 0.85/bot 0.56  succ top 0.32/bot 0.22  | canonical obey 0.69/0.16 succ 0.02/0.01  approx_kl 0.0155  SPS 1070
[obey] iter  33/366  step   270336  obey top 0.86/bot 0.56  succ top 0.32/bot 0.20  | canonical obey 0.71/0.15 succ 0.03/0.01  approx_kl 0.1040  SPS 1071
[obey] iter  34/366  step   278528  obey top 0.85/bot 0.56  succ top 0.29/bot 0.18  | canonical obey 0.71/0.15 succ 0.03/0.01  approx_kl 0.0331  SPS 1071
[obey] iter  35/366  step   286720  obey top 0.84/bot 0.58  succ top 0.27/bot 0.18  | canonical obey 0.70/0.15 succ 0.03/0.01  approx_kl 0.0889  SPS 1071
[obey] iter  36/366  step   294912  obey top 0.82/bot 0.58  succ top 0.27/bot 0.17  | canonical obey 0.68/0.15 succ 0.03/0.01  approx_kl 0.0566  SPS 1071
[obey] iter  37/366  step   303104  obey top 0.83/bot 0.59  succ top 0.27/bot 0.15  | canonical obey 0.68/0.15 succ 0.03/0.01  approx_kl 0.1053  SPS 1071
[obey] iter  38/366  step   311296  obey top 0.82/bot 0.59  succ top 0.24/bot 0.12  | canonical obey 0.68/0.15 succ 0.03/0.01  approx_kl 0.0330  SPS 1071
[obey] iter  39/366  step   319488  obey top 0.81/bot 0.58  succ top 0.24/bot 0.10  | canonical obey 0.67/0.15 succ 0.04/0.01  approx_kl 0.0302  SPS 1070
[obey] iter  40/366  step   327680  obey top 0.80/bot 0.59  succ top 0.23/bot 0.09  | canonical obey 0.66/0.15 succ 0.04/0.01  approx_kl 0.1391  SPS 1070
[obey] iter  41/366  step   335872  obey top 0.79/bot 0.58  succ top 0.22/bot 0.07  | canonical obey 0.65/0.15 succ 0.04/0.01  approx_kl 0.0365  SPS 1069
[obey] iter  42/366  step   344064  obey top 0.79/bot 0.57  succ top 0.22/bot 0.06  | canonical obey 0.63/0.14 succ 0.03/0.01  approx_kl 0.0486  SPS 1068
[obey] iter  43/366  step   352256  obey top 0.76/bot 0.58  succ top 0.20/bot 0.07  | canonical obey 0.61/0.14 succ 0.03/0.01  approx_kl 0.0359  SPS 1068
[obey] iter  44/366  step   360448  obey top 0.74/bot 0.59  succ top 0.20/bot 0.07  | canonical obey 0.61/0.14 succ 0.03/0.01  approx_kl 0.0191  SPS 1067
[obey] iter  45/366  step   368640  obey top 0.73/bot 0.58  succ top 0.20/bot 0.07  | canonical obey 0.60/0.14 succ 0.03/0.01  approx_kl 0.0501  SPS 1067
[obey] iter  46/366  step   376832  obey top 0.71/bot 0.58  succ top 0.22/bot 0.07  | canonical obey 0.58/0.14 succ 0.03/0.01  approx_kl 0.1468  SPS 1067
[obey] iter  47/366  step   385024  obey top 0.69/bot 0.57  succ top 0.22/bot 0.06  | canonical obey 0.57/0.14 succ 0.03/0.01  approx_kl 0.0395  SPS 1067
[obey] iter  48/366  step   393216  obey top 0.69/bot 0.58  succ top 0.23/bot 0.06  | canonical obey 0.57/0.14 succ 0.03/0.01  approx_kl 0.0212  SPS 1066
[obey] iter  49/366  step   401408  obey top 0.69/bot 0.56  succ top 0.23/bot 0.05  | canonical obey 0.56/0.14 succ 0.03/0.01  approx_kl 0.1086  SPS 1066
[obey] iter  50/366  step   409600  obey top 0.69/bot 0.56  succ top 0.23/bot 0.05  | canonical obey 0.56/0.14 succ 0.03/0.01  approx_kl 0.0383  SPS 1066
[obey] iter  51/366  step   417792  obey top 0.68/bot 0.55  succ top 0.23/bot 0.05  | canonical obey 0.56/0.14 succ 0.03/0.01  approx_kl 0.1334  SPS 1066
[obey] iter  52/366  step   425984  obey top 0.67/bot 0.56  succ top 0.23/bot 0.05  | canonical obey 0.56/0.15 succ 0.03/0.01  approx_kl 0.0171  SPS 1066
[obey] iter  53/366  step   434176  obey top 0.67/bot 0.57  succ top 0.24/bot 0.06  | canonical obey 0.56/0.15 succ 0.03/0.01  approx_kl 0.0245  SPS 1066
[obey] iter  54/366  step   442368  obey top 0.67/bot 0.56  succ top 0.24/bot 0.05  | canonical obey 0.56/0.15 succ 0.04/0.01  approx_kl 0.0568  SPS 1066
[obey] iter  55/366  step   450560  obey top 0.67/bot 0.56  succ top 0.24/bot 0.04  | canonical obey 0.56/0.17 succ 0.04/0.01  approx_kl 0.0377  SPS 1066
[obey] iter  56/366  step   458752  obey top 0.67/bot 0.55  succ top 0.25/bot 0.04  | canonical obey 0.56/0.17 succ 0.04/0.01  approx_kl 0.0269  SPS 1067
[obey] iter  57/366  step   466944  obey top 0.67/bot 0.54  succ top 0.27/bot 0.04  | canonical obey 0.55/0.18 succ 0.06/0.01  approx_kl 0.0346  SPS 1066
[obey] iter  58/366  step   475136  obey top 0.68/bot 0.55  succ top 0.28/bot 0.04  | canonical obey 0.56/0.17 succ 0.07/0.01  approx_kl 0.0499  SPS 1067
[obey] iter  59/366  step   483328  obey top 0.67/bot 0.54  succ top 0.28/bot 0.04  | canonical obey 0.56/0.17 succ 0.07/0.01  approx_kl 0.0176  SPS 1067
[obey] iter  60/366  step   491520  obey top 0.66/bot 0.55  succ top 0.28/bot 0.04  | canonical obey 0.56/0.18 succ 0.07/0.01  approx_kl 0.0145  SPS 1067
[obey] iter  61/366  step   499712  obey top 0.66/bot 0.53  succ top 0.29/bot 0.04  | canonical obey 0.56/0.18 succ 0.07/0.01  approx_kl 0.1339  SPS 1067
[obey] iter  62/366  step   507904  obey top 0.67/bot 0.52  succ top 0.29/bot 0.04  | canonical obey 0.55/0.20 succ 0.07/0.01  approx_kl 0.1214  SPS 1067
[obey] iter  63/366  step   516096  obey top 0.68/bot 0.51  succ top 0.32/bot 0.04  | canonical obey 0.55/0.18 succ 0.08/0.00  approx_kl 0.0793  SPS 1067
[obey] iter  64/366  step   524288  obey top 0.67/bot 0.52  succ top 0.33/bot 0.06  | canonical obey 0.54/0.18 succ 0.09/0.00  approx_kl 0.0289  SPS 1067
[obey] iter  65/366  step   532480  obey top 0.66/bot 0.53  succ top 0.33/bot 0.07  | canonical obey 0.53/0.18 succ 0.10/0.00  approx_kl 0.0125  SPS 1067
[obey] iter  66/366  step   540672  obey top 0.63/bot 0.52  succ top 0.32/bot 0.07  | canonical obey 0.53/0.18 succ 0.10/0.00  approx_kl 0.0493  SPS 1068
[obey] iter  67/366  step   548864  obey top 0.64/bot 0.54  succ top 0.31/bot 0.07  | canonical obey 0.53/0.21 succ 0.10/0.01  approx_kl 0.0694  SPS 1067
[obey] iter  68/366  step   557056  obey top 0.65/bot 0.53  succ top 0.30/bot 0.07  | canonical obey 0.51/0.21 succ 0.10/0.01  approx_kl 0.0286  SPS 1066
[obey] iter  69/366  step   565248  obey top 0.64/bot 0.54  succ top 0.30/bot 0.07  | canonical obey 0.50/0.21 succ 0.10/0.01  approx_kl 0.1017  SPS 1066
[obey] iter  70/366  step   573440  obey top 0.65/bot 0.55  succ top 0.30/bot 0.08  | canonical obey 0.51/0.21 succ 0.10/0.01  approx_kl 0.0528  SPS 1066
[obey] iter  71/366  step   581632  obey top 0.64/bot 0.56  succ top 0.30/bot 0.09  | canonical obey 0.51/0.21 succ 0.10/0.01  approx_kl 0.0212  SPS 1066
[obey] iter  72/366  step   589824  obey top 0.63/bot 0.56  succ top 0.29/bot 0.09  | canonical obey 0.49/0.22 succ 0.10/0.01  approx_kl 0.0367  SPS 1066
[obey] iter  73/366  step   598016  obey top 0.63/bot 0.56  succ top 0.28/bot 0.09  | canonical obey 0.49/0.23 succ 0.10/0.01  approx_kl 0.0570  SPS 1066
[obey] iter  74/366  step   606208  obey top 0.62/bot 0.56  succ top 0.27/bot 0.09  | canonical obey 0.49/0.21 succ 0.10/0.01  approx_kl 0.0343  SPS 1066
[obey] iter  75/366  step   614400  obey top 0.61/bot 0.56  succ top 0.26/bot 0.09  | canonical obey 0.48/0.21 succ 0.10/0.01  approx_kl 0.0209  SPS 1066
[obey] iter  76/366  step   622592  obey top 0.61/bot 0.55  succ top 0.26/bot 0.08  | canonical obey 0.48/0.21 succ 0.10/0.01  approx_kl 0.0206  SPS 1066
[obey] iter  77/366  step   630784  obey top 0.59/bot 0.52  succ top 0.26/bot 0.07  | canonical obey 0.47/0.21 succ 0.10/0.01  approx_kl 0.0322  SPS 1066
[obey] iter  78/366  step   638976  obey top 0.57/bot 0.52  succ top 0.24/bot 0.07  | canonical obey 0.47/0.20 succ 0.10/0.01  approx_kl 0.0439  SPS 1066
[obey] iter  79/366  step   647168  obey top 0.55/bot 0.53  succ top 0.23/bot 0.07  | canonical obey 0.47/0.21 succ 0.10/0.01  approx_kl 0.0402  SPS 1066
[obey] iter  80/366  step   655360  obey top 0.53/bot 0.51  succ top 0.21/bot 0.07  | canonical obey 0.47/0.21 succ 0.10/0.01  approx_kl 0.0339  SPS 1066
[obey] iter  81/366  step   663552  obey top 0.52/bot 0.51  succ top 0.20/bot 0.07  | canonical obey 0.47/0.22 succ 0.10/0.01  approx_kl 0.0664  SPS 1066
[obey] iter  82/366  step   671744  obey top 0.50/bot 0.50  succ top 0.17/bot 0.07  | canonical obey 0.47/0.23 succ 0.10/0.01  approx_kl 0.0751  SPS 1067
[obey] iter  83/366  step   679936  obey top 0.49/bot 0.49  succ top 0.17/bot 0.07  | canonical obey 0.48/0.22 succ 0.10/0.01  approx_kl 0.0658  SPS 1067
[obey] iter  84/366  step   688128  obey top 0.48/bot 0.49  succ top 0.15/bot 0.07  | canonical obey 0.48/0.23 succ 0.10/0.01  approx_kl 0.0458  SPS 1067
[obey] iter  85/366  step   696320  obey top 0.48/bot 0.49  succ top 0.14/bot 0.07  | canonical obey 0.48/0.23 succ 0.10/0.01  approx_kl 0.0398  SPS 1067
[obey] iter  86/366  step   704512  obey top 0.47/bot 0.51  succ top 0.14/bot 0.07  | canonical obey 0.47/0.22 succ 0.10/0.01  approx_kl 0.0423  SPS 1067
[obey] iter  87/366  step   712704  obey top 0.47/bot 0.49  succ top 0.14/bot 0.06  | canonical obey 0.46/0.22 succ 0.10/0.01  approx_kl 0.0633  SPS 1067
[obey] iter  88/366  step   720896  obey top 0.44/bot 0.49  succ top 0.12/bot 0.05  | canonical obey 0.44/0.22 succ 0.10/0.01  approx_kl 0.1341  SPS 1067
[obey] iter  89/366  step   729088  obey top 0.42/bot 0.47  succ top 0.09/bot 0.03  | canonical obey 0.44/0.22 succ 0.10/0.01  approx_kl 0.0268  SPS 1067
[obey] iter  90/366  step   737280  obey top 0.40/bot 0.47  succ top 0.07/bot 0.03  | canonical obey 0.45/0.22 succ 0.10/0.01  approx_kl 0.0308  SPS 1067
[obey] iter  91/366  step   745472  obey top 0.39/bot 0.47  succ top 0.05/bot 0.03  | canonical obey 0.45/0.21 succ 0.09/0.01  approx_kl 0.0414  SPS 1067
[obey] iter  92/366  step   753664  obey top 0.39/bot 0.47  succ top 0.06/bot 0.03  | canonical obey 0.43/0.22 succ 0.09/0.01  approx_kl 0.0684  SPS 1067
[obey] iter  93/366  step   761856  obey top 0.40/bot 0.46  succ top 0.05/bot 0.01  | canonical obey 0.45/0.21 succ 0.09/0.01  approx_kl 0.0438  SPS 1067
[obey] iter  94/366  step   770048  obey top 0.40/bot 0.45  succ top 0.05/bot 0.01  | canonical obey 0.44/0.21 succ 0.09/0.01  approx_kl 0.0535  SPS 1067
[obey] iter  95/366  step   778240  obey top 0.41/bot 0.46  succ top 0.05/bot 0.01  | canonical obey 0.45/0.22 succ 0.09/0.01  approx_kl 0.0319  SPS 1067
[obey] iter  96/366  step   786432  obey top 0.42/bot 0.45  succ top 0.04/bot 0.00  | canonical obey 0.46/0.22 succ 0.09/0.01  approx_kl 0.0192  SPS 1066
[obey] iter  97/366  step   794624  obey top 0.43/bot 0.46  succ top 0.04/bot 0.00  | canonical obey 0.47/0.22 succ 0.09/0.01  approx_kl 0.0579  SPS 1066
[obey] iter  98/366  step   802816  obey top 0.45/bot 0.46  succ top 0.04/bot 0.00  | canonical obey 0.47/0.23 succ 0.09/0.01  approx_kl 0.1117  SPS 1066
[obey] iter  99/366  step   811008  obey top 0.45/bot 0.45  succ top 0.04/bot 0.00  | canonical obey 0.48/0.23 succ 0.09/0.01  approx_kl 0.0259  SPS 1066
[obey] iter 100/366  step   819200  obey top 0.45/bot 0.43  succ top 0.03/bot 0.00  | canonical obey 0.48/0.22 succ 0.09/0.01  approx_kl 0.0238  SPS 1066
[obey] iter 101/366  step   827392  obey top 0.45/bot 0.45  succ top 0.04/bot 0.00  | canonical obey 0.50/0.21 succ 0.10/0.01  approx_kl 0.0243  SPS 1066
[obey] iter 102/366  step   835584  obey top 0.46/bot 0.45  succ top 0.03/bot 0.00  | canonical obey 0.51/0.21 succ 0.10/0.01  approx_kl 0.0196  SPS 1066
[obey] iter 103/366  step   843776  obey top 0.47/bot 0.47  succ top 0.03/bot 0.00  | canonical obey 0.51/0.22 succ 0.10/0.01  approx_kl 0.0400  SPS 1066
[obey] iter 104/366  step   851968  obey top 0.48/bot 0.48  succ top 0.03/bot 0.00  | canonical obey 0.51/0.22 succ 0.10/0.01  approx_kl 0.0419  SPS 1066
[obey] iter 105/366  step   860160  obey top 0.48/bot 0.48  succ top 0.03/bot 0.00  | canonical obey 0.50/0.22 succ 0.10/0.01  approx_kl 0.0187  SPS 1066
[obey] iter 106/366  step   868352  obey top 0.47/bot 0.50  succ top 0.03/bot 0.00  | canonical obey 0.48/0.23 succ 0.09/0.01  approx_kl 0.0429  SPS 1066
[obey] iter 107/366  step   876544  obey top 0.48/bot 0.48  succ top 0.03/bot 0.00  | canonical obey 0.47/0.23 succ 0.07/0.01  approx_kl 0.0702  SPS 1066
[obey] iter 108/366  step   884736  obey top 0.47/bot 0.49  succ top 0.03/bot 0.00  | canonical obey 0.47/0.22 succ 0.07/0.01  approx_kl 0.0387  SPS 1066
[obey] iter 109/366  step   892928  obey top 0.46/bot 0.49  succ top 0.03/bot 0.00  | canonical obey 0.45/0.23 succ 0.06/0.01  approx_kl 0.0289  SPS 1066
[obey] iter 110/366  step   901120  obey top 0.46/bot 0.49  succ top 0.03/bot 0.00  | canonical obey 0.45/0.23 succ 0.06/0.01  approx_kl 0.0262  SPS 1066
[obey] iter 111/366  step   909312  obey top 0.47/bot 0.51  succ top 0.03/bot 0.00  | canonical obey 0.44/0.23 succ 0.06/0.01  approx_kl 0.0203  SPS 1066
[obey] iter 112/366  step   917504  obey top 0.48/bot 0.51  succ top 0.03/bot 0.00  | canonical obey 0.44/0.23 succ 0.06/0.01  approx_kl 0.0541  SPS 1066
[obey] iter 113/366  step   925696  obey top 0.47/bot 0.53  succ top 0.04/bot 0.00  | canonical obey 0.42/0.24 succ 0.06/0.01  approx_kl 0.0741  SPS 1065
[obey] iter 114/366  step   933888  obey top 0.49/bot 0.53  succ top 0.03/bot 0.00  | canonical obey 0.41/0.24 succ 0.04/0.01  approx_kl 0.0192  SPS 1066
[obey] iter 115/366  step   942080  obey top 0.49/bot 0.56  succ top 0.03/bot 0.00  | canonical obey 0.40/0.24 succ 0.04/0.01  approx_kl 0.0258  SPS 1065
[obey] iter 116/366  step   950272  obey top 0.49/bot 0.57  succ top 0.03/bot 0.00  | canonical obey 0.40/0.24 succ 0.03/0.01  approx_kl 0.0382  SPS 1065
[obey] iter 117/366  step   958464  obey top 0.51/bot 0.57  succ top 0.03/bot 0.00  | canonical obey 0.41/0.24 succ 0.03/0.01  approx_kl 0.0425  SPS 1065
[obey] iter 118/366  step   966656  obey top 0.51/bot 0.57  succ top 0.03/bot 0.00  | canonical obey 0.41/0.26 succ 0.02/0.01  approx_kl 0.0213  SPS 1065
[obey] iter 119/366  step   974848  obey top 0.49/bot 0.58  succ top 0.03/bot 0.00  | canonical obey 0.41/0.27 succ 0.02/0.01  approx_kl 0.0653  SPS 1065
[obey] iter 120/366  step   983040  obey top 0.49/bot 0.60  succ top 0.03/bot 0.00  | canonical obey 0.40/0.29 succ 0.02/0.00  approx_kl 0.0418  SPS 1065
[obey] iter 121/366  step   991232  obey top 0.49/bot 0.60  succ top 0.03/bot 0.00  | canonical obey 0.41/0.29 succ 0.02/0.00  approx_kl 0.0202  SPS 1065
[obey] iter 122/366  step   999424  obey top 0.51/bot 0.59  succ top 0.03/bot 0.00  | canonical obey 0.41/0.29 succ 0.02/0.00  approx_kl 0.0316  SPS 1065
[obey] iter 123/366  step  1007616  obey top 0.50/bot 0.62  succ top 0.03/bot 0.00  | canonical obey 0.41/0.32 succ 0.01/0.00  approx_kl 0.0200  SPS 1065
[obey] iter 124/366  step  1015808  obey top 0.52/bot 0.64  succ top 0.03/bot 0.00  | canonical obey 0.40/0.34 succ 0.01/0.00  approx_kl 0.0169  SPS 1065
[obey] iter 125/366  step  1024000  obey top 0.53/bot 0.62  succ top 0.03/bot 0.00  | canonical obey 0.41/0.34 succ 0.01/0.00  approx_kl 0.0212  SPS 1065
[obey] iter 126/366  step  1032192  obey top 0.54/bot 0.64  succ top 0.03/bot 0.00  | canonical obey 0.41/0.37 succ 0.01/0.00  approx_kl 0.0162  SPS 1065
[obey] iter 127/366  step  1040384  obey top 0.55/bot 0.63  succ top 0.02/bot 0.00  | canonical obey 0.41/0.38 succ 0.01/0.00  approx_kl 0.0374  SPS 1065
[obey] iter 128/366  step  1048576  obey top 0.56/bot 0.64  succ top 0.02/bot 0.00  | canonical obey 0.41/0.39 succ 0.01/0.00  approx_kl 0.0232  SPS 1064
[obey] iter 129/366  step  1056768  obey top 0.56/bot 0.65  succ top 0.02/bot 0.00  | canonical obey 0.42/0.40 succ 0.01/0.00  approx_kl 0.0360  SPS 1065
[obey] iter 130/366  step  1064960  obey top 0.57/bot 0.66  succ top 0.02/bot 0.00  | canonical obey 0.42/0.42 succ 0.01/0.00  approx_kl 0.0471  SPS 1065
[obey] iter 131/366  step  1073152  obey top 0.58/bot 0.68  succ top 0.01/bot 0.00  | canonical obey 0.43/0.43 succ 0.01/0.00  approx_kl 0.0382  SPS 1065
[obey] iter 132/366  step  1081344  obey top 0.59/bot 0.67  succ top 0.01/bot 0.00  | canonical obey 0.43/0.44 succ 0.01/0.00  approx_kl 0.0395  SPS 1065
[obey] iter 133/366  step  1089536  obey top 0.60/bot 0.68  succ top 0.01/bot 0.00  | canonical obey 0.44/0.46 succ 0.01/0.00  approx_kl 0.0120  SPS 1065
[obey] iter 134/366  step  1097728  obey top 0.62/bot 0.68  succ top 0.01/bot 0.00  | canonical obey 0.43/0.47 succ 0.01/0.00  approx_kl 0.0593  SPS 1065
[obey] iter 135/366  step  1105920  obey top 0.64/bot 0.69  succ top 0.02/bot 0.00  | canonical obey 0.44/0.48 succ 0.01/0.00  approx_kl 0.1003  SPS 1065
[obey] iter 136/366  step  1114112  obey top 0.64/bot 0.69  succ top 0.02/bot 0.00  | canonical obey 0.43/0.48 succ 0.01/0.00  approx_kl 0.0480  SPS 1065
[obey] iter 137/366  step  1122304  obey top 0.67/bot 0.68  succ top 0.02/bot 0.00  | canonical obey 0.44/0.49 succ 0.01/0.00  approx_kl 0.0178  SPS 1064
[obey] iter 138/366  step  1130496  obey top 0.68/bot 0.67  succ top 0.02/bot 0.00  | canonical obey 0.45/0.51 succ 0.01/0.00  approx_kl 0.0355  SPS 1065
[obey] iter 139/366  step  1138688  obey top 0.69/bot 0.67  succ top 0.02/bot 0.00  | canonical obey 0.46/0.52 succ 0.01/0.00  approx_kl 0.0375  SPS 1065
[obey] iter 140/366  step  1146880  obey top 0.69/bot 0.66  succ top 0.02/bot 0.00  | canonical obey 0.47/0.53 succ 0.01/0.00  approx_kl 0.0310  SPS 1065
[obey] iter 141/366  step  1155072  obey top 0.70/bot 0.66  succ top 0.02/bot 0.00  | canonical obey 0.47/0.54 succ 0.01/0.00  approx_kl 0.0273  SPS 1065
[obey] iter 142/366  step  1163264  obey top 0.72/bot 0.66  succ top 0.01/bot 0.00  | canonical obey 0.48/0.54 succ 0.01/0.00  approx_kl 0.0383  SPS 1065
[obey] iter 143/366  step  1171456  obey top 0.73/bot 0.64  succ top 0.01/bot 0.00  | canonical obey 0.49/0.54 succ 0.01/0.00  approx_kl 0.0395  SPS 1065
[obey] iter 144/366  step  1179648  obey top 0.75/bot 0.65  succ top 0.01/bot 0.00  | canonical obey 0.51/0.55 succ 0.01/0.00  approx_kl 0.0231  SPS 1065
[obey] iter 145/366  step  1187840  obey top 0.77/bot 0.66  succ top 0.01/bot 0.00  | canonical obey 0.52/0.56 succ 0.01/0.00  approx_kl 0.0598  SPS 1065
[obey] iter 146/366  step  1196032  obey top 0.78/bot 0.65  succ top 0.01/bot 0.00  | canonical obey 0.52/0.56 succ 0.01/0.00  approx_kl 0.0412  SPS 1065
[obey] iter 147/366  step  1204224  obey top 0.79/bot 0.64  succ top 0.01/bot 0.00  | canonical obey 0.52/0.56 succ 0.01/0.00  approx_kl 0.0248  SPS 1065
[obey] iter 148/366  step  1212416  obey top 0.81/bot 0.64  succ top 0.01/bot 0.00  | canonical obey 0.53/0.57 succ 0.01/0.00  approx_kl 0.0673  SPS 1065
[obey] iter 149/366  step  1220608  obey top 0.81/bot 0.66  succ top 0.01/bot 0.00  | canonical obey 0.54/0.58 succ 0.01/0.00  approx_kl 0.0381  SPS 1065
[obey] iter 150/366  step  1228800  obey top 0.81/bot 0.65  succ top 0.01/bot 0.00  | canonical obey 0.54/0.59 succ 0.01/0.00  approx_kl 0.0332  SPS 1065
[obey] iter 151/366  step  1236992  obey top 0.81/bot 0.64  succ top 0.01/bot 0.00  | canonical obey 0.55/0.59 succ 0.00/0.00  approx_kl 0.0325  SPS 1065
[obey] iter 152/366  step  1245184  obey top 0.81/bot 0.63  succ top 0.01/bot 0.00  | canonical obey 0.56/0.59 succ 0.00/0.00  approx_kl 0.0328  SPS 1065
[obey] iter 153/366  step  1253376  obey top 0.82/bot 0.66  succ top 0.01/bot 0.00  | canonical obey 0.56/0.60 succ 0.00/0.00  approx_kl 0.0300  SPS 1065
[obey] iter 154/366  step  1261568  obey top 0.83/bot 0.66  succ top 0.01/bot 0.00  | canonical obey 0.57/0.62 succ 0.00/0.00  approx_kl 0.0319  SPS 1066
[obey] iter 155/366  step  1269760  obey top 0.83/bot 0.65  succ top 0.01/bot 0.00  | canonical obey 0.57/0.62 succ 0.00/0.00  approx_kl 0.0236  SPS 1065
[obey] iter 156/366  step  1277952  obey top 0.84/bot 0.65  succ top 0.01/bot 0.00  | canonical obey 0.59/0.62 succ 0.00/0.00  approx_kl 0.0294  SPS 1065
[obey] iter 157/366  step  1286144  obey top 0.83/bot 0.64  succ top 0.01/bot 0.00  | canonical obey 0.60/0.61 succ 0.00/0.00  approx_kl 0.0228  SPS 1066
[obey] iter 158/366  step  1294336  obey top 0.84/bot 0.64  succ top 0.01/bot 0.00  | canonical obey 0.61/0.61 succ 0.00/0.00  approx_kl 0.0384  SPS 1066
[obey] iter 159/366  step  1302528  obey top 0.85/bot 0.62  succ top 0.01/bot 0.00  | canonical obey 0.62/0.61 succ 0.00/0.00  approx_kl 0.0094  SPS 1066
[obey] iter 160/366  step  1310720  obey top 0.85/bot 0.61  succ top 0.01/bot 0.00  | canonical obey 0.65/0.61 succ 0.00/0.00  approx_kl 0.0204  SPS 1066
[obey] iter 161/366  step  1318912  obey top 0.86/bot 0.60  succ top 0.01/bot 0.00  | canonical obey 0.65/0.61 succ 0.00/0.00  approx_kl 0.0705  SPS 1066
[obey] iter 162/366  step  1327104  obey top 0.86/bot 0.61  succ top 0.01/bot 0.00  | canonical obey 0.66/0.62 succ 0.00/0.00  approx_kl 0.0261  SPS 1066
[obey] iter 163/366  step  1335296  obey top 0.86/bot 0.61  succ top 0.01/bot 0.00  | canonical obey 0.68/0.62 succ 0.01/0.00  approx_kl 0.0498  SPS 1066
[obey] iter 164/366  step  1343488  obey top 0.87/bot 0.61  succ top 0.01/bot 0.00  | canonical obey 0.68/0.63 succ 0.01/0.00  approx_kl 0.0346  SPS 1065
[obey] iter 165/366  step  1351680  obey top 0.86/bot 0.61  succ top 0.01/bot 0.00  | canonical obey 0.69/0.63 succ 0.01/0.00  approx_kl 0.0162  SPS 1066
[obey] iter 166/366  step  1359872  obey top 0.86/bot 0.65  succ top 0.01/bot 0.00  | canonical obey 0.69/0.64 succ 0.01/0.00  approx_kl 0.0275  SPS 1066
[obey] iter 167/366  step  1368064  obey top 0.85/bot 0.66  succ top 0.01/bot 0.00  | canonical obey 0.69/0.64 succ 0.01/0.00  approx_kl 0.0227  SPS 1066
[obey] iter 168/366  step  1376256  obey top 0.84/bot 0.66  succ top 0.01/bot 0.00  | canonical obey 0.71/0.63 succ 0.01/0.00  approx_kl 0.0250  SPS 1065
[obey] iter 169/366  step  1384448  obey top 0.83/bot 0.68  succ top 0.01/bot 0.00  | canonical obey 0.72/0.64 succ 0.01/0.00  approx_kl 0.0185  SPS 1065
[obey] iter 170/366  step  1392640  obey top 0.83/bot 0.68  succ top 0.01/bot 0.00  | canonical obey 0.71/0.64 succ 0.01/0.00  approx_kl 0.0246  SPS 1065
[obey] iter 171/366  step  1400832  obey top 0.82/bot 0.68  succ top 0.01/bot 0.00  | canonical obey 0.71/0.63 succ 0.01/0.00  approx_kl 0.0291  SPS 1065
[obey] iter 172/366  step  1409024  obey top 0.82/bot 0.69  succ top 0.01/bot 0.00  | canonical obey 0.71/0.62 succ 0.01/0.00  approx_kl 0.0210  SPS 1065
[obey] iter 173/366  step  1417216  obey top 0.82/bot 0.69  succ top 0.01/bot 0.00  | canonical obey 0.72/0.62 succ 0.01/0.00  approx_kl 0.0348  SPS 1065
[obey] iter 174/366  step  1425408  obey top 0.82/bot 0.68  succ top 0.01/bot 0.00  | canonical obey 0.72/0.62 succ 0.01/0.00  approx_kl 0.0484  SPS 1065
[obey] iter 175/366  step  1433600  obey top 0.81/bot 0.70  succ top 0.01/bot 0.00  | canonical obey 0.73/0.62 succ 0.01/0.00  approx_kl 0.0673  SPS 1065
[obey] iter 176/366  step  1441792  obey top 0.81/bot 0.71  succ top 0.01/bot 0.00  | canonical obey 0.73/0.62 succ 0.01/0.00  approx_kl 0.0271  SPS 1066
[obey] iter 177/366  step  1449984  obey top 0.81/bot 0.73  succ top 0.01/bot 0.00  | canonical obey 0.72/0.64 succ 0.01/0.00  approx_kl 0.0237  SPS 1065
[obey] iter 178/366  step  1458176  obey top 0.81/bot 0.72  succ top 0.01/bot 0.00  | canonical obey 0.73/0.64 succ 0.01/0.00  approx_kl 0.0544  SPS 1065
[obey] iter 179/366  step  1466368  obey top 0.81/bot 0.72  succ top 0.01/bot 0.00  | canonical obey 0.74/0.64 succ 0.01/0.00  approx_kl 0.0243  SPS 1065
[obey] iter 180/366  step  1474560  obey top 0.81/bot 0.71  succ top 0.01/bot 0.00  | canonical obey 0.73/0.64 succ 0.01/0.00  approx_kl 0.0254  SPS 1065
[obey] iter 181/366  step  1482752  obey top 0.81/bot 0.72  succ top 0.01/bot 0.00  | canonical obey 0.74/0.64 succ 0.01/0.00  approx_kl 0.0092  SPS 1065
[obey] iter 182/366  step  1490944  obey top 0.81/bot 0.72  succ top 0.02/bot 0.00  | canonical obey 0.73/0.64 succ 0.01/0.00  approx_kl 0.0175  SPS 1065
[obey] iter 183/366  step  1499136  obey top 0.81/bot 0.74  succ top 0.02/bot 0.00  | canonical obey 0.74/0.64 succ 0.01/0.00  approx_kl 0.0206  SPS 1065
[obey] iter 184/366  step  1507328  obey top 0.81/bot 0.76  succ top 0.02/bot 0.00  | canonical obey 0.74/0.64 succ 0.01/0.00  approx_kl 0.0105  SPS 1065
[obey] iter 185/366  step  1515520  obey top 0.81/bot 0.78  succ top 0.02/bot 0.00  | canonical obey 0.74/0.65 succ 0.01/0.00  approx_kl 0.0126  SPS 1066
[obey] iter 186/366  step  1523712  obey top 0.81/bot 0.78  succ top 0.02/bot 0.00  | canonical obey 0.74/0.65 succ 0.01/0.00  approx_kl 0.0436  SPS 1066
[obey] iter 187/366  step  1531904  obey top 0.81/bot 0.78  succ top 0.02/bot 0.00  | canonical obey 0.75/0.65 succ 0.01/0.00  approx_kl 0.0637  SPS 1065
[obey] iter 188/366  step  1540096  obey top 0.81/bot 0.78  succ top 0.02/bot 0.00  | canonical obey 0.76/0.66 succ 0.01/0.00  approx_kl 0.0345  SPS 1065
[obey] iter 189/366  step  1548288  obey top 0.82/bot 0.79  succ top 0.02/bot 0.00  | canonical obey 0.76/0.67 succ 0.01/0.00  approx_kl 0.0560  SPS 1065
[obey] iter 190/366  step  1556480  obey top 0.82/bot 0.79  succ top 0.02/bot 0.00  | canonical obey 0.77/0.67 succ 0.01/0.00  approx_kl 0.0144  SPS 1066
[obey] iter 191/366  step  1564672  obey top 0.83/bot 0.78  succ top 0.01/bot 0.00  | canonical obey 0.77/0.67 succ 0.01/0.00  approx_kl 0.0298  SPS 1066
[obey] iter 192/366  step  1572864  obey top 0.83/bot 0.79  succ top 0.01/bot 0.00  | canonical obey 0.77/0.68 succ 0.01/0.00  approx_kl 0.0285  SPS 1066
[obey] iter 193/366  step  1581056  obey top 0.85/bot 0.78  succ top 0.01/bot 0.00  | canonical obey 0.78/0.68 succ 0.01/0.00  approx_kl 0.0089  SPS 1066
[obey] iter 194/366  step  1589248  obey top 0.85/bot 0.78  succ top 0.01/bot 0.00  | canonical obey 0.77/0.68 succ 0.01/0.00  approx_kl 0.0329  SPS 1066
[obey] iter 195/366  step  1597440  obey top 0.88/bot 0.79  succ top 0.01/bot 0.00  | canonical obey 0.78/0.68 succ 0.01/0.00  approx_kl 0.0166  SPS 1066
[obey] iter 196/366  step  1605632  obey top 0.89/bot 0.80  succ top 0.01/bot 0.00  | canonical obey 0.78/0.69 succ 0.01/0.00  approx_kl 0.0599  SPS 1065
[obey] iter 197/366  step  1613824  obey top 0.91/bot 0.81  succ top 0.01/bot 0.00  | canonical obey 0.79/0.69 succ 0.01/0.00  approx_kl 0.0114  SPS 1065
[obey] iter 198/366  step  1622016  obey top 0.91/bot 0.80  succ top 0.01/bot 0.00  | canonical obey 0.79/0.69 succ 0.01/0.00  approx_kl 0.0153  SPS 1065
[obey] iter 199/366  step  1630208  obey top 0.90/bot 0.80  succ top 0.01/bot 0.00  | canonical obey 0.78/0.68 succ 0.01/0.00  approx_kl 0.0242  SPS 1065
[obey] iter 200/366  step  1638400  obey top 0.91/bot 0.81  succ top 0.01/bot 0.00  | canonical obey 0.78/0.69 succ 0.01/0.00  approx_kl 0.0233  SPS 1065
[obey] iter 201/366  step  1646592  obey top 0.92/bot 0.82  succ top 0.01/bot 0.00  | canonical obey 0.79/0.69 succ 0.01/0.00  approx_kl 0.0239  SPS 1065
[obey] iter 202/366  step  1654784  obey top 0.93/bot 0.83  succ top 0.02/bot 0.00  | canonical obey 0.80/0.69 succ 0.01/0.00  approx_kl 0.0106  SPS 1065
[obey] iter 203/366  step  1662976  obey top 0.93/bot 0.82  succ top 0.02/bot 0.00  | canonical obey 0.80/0.69 succ 0.01/0.00  approx_kl 0.0446  SPS 1065
[obey] iter 204/366  step  1671168  obey top 0.93/bot 0.82  succ top 0.01/bot 0.00  | canonical obey 0.81/0.69 succ 0.01/0.00  approx_kl 0.0499  SPS 1065
[obey] iter 205/366  step  1679360  obey top 0.94/bot 0.82  succ top 0.02/bot 0.00  | canonical obey 0.81/0.70 succ 0.01/0.00  approx_kl 0.0533  SPS 1065
[obey] iter 206/366  step  1687552  obey top 0.94/bot 0.81  succ top 0.02/bot 0.00  | canonical obey 0.81/0.69 succ 0.01/0.00  approx_kl 0.0234  SPS 1065
[obey] iter 207/366  step  1695744  obey top 0.94/bot 0.82  succ top 0.02/bot 0.00  | canonical obey 0.81/0.69 succ 0.01/0.00  approx_kl 0.0119  SPS 1065
[obey] iter 208/366  step  1703936  obey top 0.94/bot 0.81  succ top 0.01/bot 0.00  | canonical obey 0.81/0.69 succ 0.01/0.00  approx_kl 0.0143  SPS 1065
[obey] iter 209/366  step  1712128  obey top 0.94/bot 0.82  succ top 0.01/bot 0.00  | canonical obey 0.81/0.69 succ 0.01/0.00  approx_kl 0.0253  SPS 1065
[obey] iter 210/366  step  1720320  obey top 0.94/bot 0.82  succ top 0.01/bot 0.00  | canonical obey 0.80/0.70 succ 0.01/0.00  approx_kl 0.0398  SPS 1065
[obey] iter 211/366  step  1728512  obey top 0.94/bot 0.82  succ top 0.01/bot 0.00  | canonical obey 0.81/0.71 succ 0.01/0.00  approx_kl 0.0174  SPS 1065
[obey] iter 212/366  step  1736704  obey top 0.94/bot 0.82  succ top 0.01/bot 0.00  | canonical obey 0.81/0.71 succ 0.01/0.00  approx_kl 0.0327  SPS 1065
[obey] iter 213/366  step  1744896  obey top 0.95/bot 0.83  succ top 0.01/bot 0.00  | canonical obey 0.81/0.72 succ 0.01/0.00  approx_kl 0.0118  SPS 1065
[obey] iter 214/366  step  1753088  obey top 0.95/bot 0.83  succ top 0.02/bot 0.00  | canonical obey 0.81/0.72 succ 0.01/0.00  approx_kl 0.0437  SPS 1065
[obey] iter 215/366  step  1761280  obey top 0.95/bot 0.84  succ top 0.02/bot 0.00  | canonical obey 0.81/0.72 succ 0.01/0.00  approx_kl 0.0152  SPS 1065
[obey] iter 216/366  step  1769472  obey top 0.94/bot 0.84  succ top 0.03/bot 0.00  | canonical obey 0.82/0.72 succ 0.01/0.00  approx_kl 0.0201  SPS 1065
[obey] iter 217/366  step  1777664  obey top 0.94/bot 0.84  succ top 0.03/bot 0.00  | canonical obey 0.83/0.72 succ 0.01/0.00  approx_kl 0.0293  SPS 1065
[obey] iter 218/366  step  1785856  obey top 0.95/bot 0.84  succ top 0.03/bot 0.00  | canonical obey 0.83/0.73 succ 0.01/0.00  approx_kl 0.0261  SPS 1065
[obey] iter 219/366  step  1794048  obey top 0.95/bot 0.82  succ top 0.04/bot 0.00  | canonical obey 0.84/0.71 succ 0.01/0.00  approx_kl 0.0294  SPS 1065
[obey] iter 220/366  step  1802240  obey top 0.95/bot 0.82  succ top 0.04/bot 0.00  | canonical obey 0.84/0.71 succ 0.01/0.00  approx_kl 0.0165  SPS 1065
[obey] iter 221/366  step  1810432  obey top 0.95/bot 0.82  succ top 0.04/bot 0.00  | canonical obey 0.86/0.71 succ 0.01/0.00  approx_kl 0.0172  SPS 1065
[obey] iter 222/366  step  1818624  obey top 0.95/bot 0.82  succ top 0.04/bot 0.00  | canonical obey 0.87/0.71 succ 0.01/0.00  approx_kl 0.0228  SPS 1065
[obey] iter 223/366  step  1826816  obey top 0.95/bot 0.82  succ top 0.04/bot 0.00  | canonical obey 0.88/0.71 succ 0.01/0.00  approx_kl 0.0326  SPS 1065
[obey] iter 224/366  step  1835008  obey top 0.95/bot 0.83  succ top 0.05/bot 0.00  | canonical obey 0.88/0.72 succ 0.01/0.00  approx_kl 0.0200  SPS 1065
[obey] iter 225/366  step  1843200  obey top 0.95/bot 0.82  succ top 0.06/bot 0.00  | canonical obey 0.89/0.71 succ 0.01/0.00  approx_kl 0.0228  SPS 1065
[obey] iter 226/366  step  1851392  obey top 0.95/bot 0.81  succ top 0.06/bot 0.00  | canonical obey 0.89/0.70 succ 0.01/0.00  approx_kl 0.0283  SPS 1065
[obey] iter 227/366  step  1859584  obey top 0.95/bot 0.81  succ top 0.06/bot 0.00  | canonical obey 0.90/0.70 succ 0.02/0.00  approx_kl 0.0279  SPS 1065
[obey] iter 228/366  step  1867776  obey top 0.95/bot 0.81  succ top 0.07/bot 0.00  | canonical obey 0.91/0.70 succ 0.02/0.00  approx_kl 0.0218  SPS 1065
[obey] iter 229/366  step  1875968  obey top 0.95/bot 0.81  succ top 0.08/bot 0.00  | canonical obey 0.91/0.70 succ 0.02/0.00  approx_kl 0.0197  SPS 1065
[obey] iter 230/366  step  1884160  obey top 0.94/bot 0.81  succ top 0.08/bot 0.00  | canonical obey 0.90/0.70 succ 0.02/0.00  approx_kl 0.0285  SPS 1065
[obey] iter 231/366  step  1892352  obey top 0.94/bot 0.81  succ top 0.10/bot 0.00  | canonical obey 0.90/0.70 succ 0.02/0.00  approx_kl 0.0276  SPS 1065
[obey] iter 232/366  step  1900544  obey top 0.94/bot 0.81  succ top 0.10/bot 0.00  | canonical obey 0.90/0.70 succ 0.02/0.00  approx_kl 0.0129  SPS 1065
[obey] iter 233/366  step  1908736  obey top 0.94/bot 0.81  succ top 0.12/bot 0.00  | canonical obey 0.91/0.70 succ 0.02/0.00  approx_kl 0.0239  SPS 1065
[obey] iter 234/366  step  1916928  obey top 0.94/bot 0.81  succ top 0.12/bot 0.00  | canonical obey 0.90/0.71 succ 0.02/0.00  approx_kl 0.0206  SPS 1065
[obey] iter 235/366  step  1925120  obey top 0.94/bot 0.81  succ top 0.12/bot 0.00  | canonical obey 0.90/0.71 succ 0.03/0.00  approx_kl 0.0435  SPS 1065
[obey] iter 236/366  step  1933312  obey top 0.93/bot 0.82  succ top 0.12/bot 0.00  | canonical obey 0.91/0.71 succ 0.03/0.00  approx_kl 0.0360  SPS 1065
[obey] iter 237/366  step  1941504  obey top 0.93/bot 0.83  succ top 0.13/bot 0.00  | canonical obey 0.91/0.71 succ 0.03/0.00  approx_kl 0.0421  SPS 1065
[obey] iter 238/366  step  1949696  obey top 0.93/bot 0.83  succ top 0.14/bot 0.00  | canonical obey 0.92/0.72 succ 0.03/0.00  approx_kl 0.0150  SPS 1065
[obey] iter 239/366  step  1957888  obey top 0.93/bot 0.83  succ top 0.13/bot 0.01  | canonical obey 0.91/0.72 succ 0.03/0.00  approx_kl 0.0271  SPS 1065
[obey] iter 240/366  step  1966080  obey top 0.93/bot 0.83  succ top 0.16/bot 0.01  | canonical obey 0.90/0.71 succ 0.05/0.00  approx_kl 0.0811  SPS 1065
[obey] iter 241/366  step  1974272  obey top 0.93/bot 0.83  succ top 0.17/bot 0.01  | canonical obey 0.90/0.71 succ 0.05/0.00  approx_kl 0.0134  SPS 1065
[obey] iter 242/366  step  1982464  obey top 0.92/bot 0.83  succ top 0.17/bot 0.01  | canonical obey 0.90/0.71 succ 0.05/0.00  approx_kl 0.0238  SPS 1065
[obey] iter 243/366  step  1990656  obey top 0.90/bot 0.83  succ top 0.17/bot 0.01  | canonical obey 0.88/0.72 succ 0.06/0.00  approx_kl 0.0261  SPS 1065
[obey] iter 244/366  step  1998848  obey top 0.91/bot 0.84  succ top 0.17/bot 0.01  | canonical obey 0.88/0.71 succ 0.06/0.00  approx_kl 0.0257  SPS 1064
[obey] iter 245/366  step  2007040  obey top 0.90/bot 0.84  succ top 0.17/bot 0.01  | canonical obey 0.88/0.72 succ 0.06/0.00  approx_kl 0.0107  SPS 1064
[obey] iter 246/366  step  2015232  obey top 0.90/bot 0.85  succ top 0.17/bot 0.01  | canonical obey 0.88/0.72 succ 0.06/0.00  approx_kl 0.0278  SPS 1064
[obey] iter 247/366  step  2023424  obey top 0.90/bot 0.86  succ top 0.18/bot 0.01  | canonical obey 0.88/0.72 succ 0.06/0.00  approx_kl 0.0249  SPS 1064
[obey] iter 248/366  step  2031616  obey top 0.89/bot 0.87  succ top 0.18/bot 0.01  | canonical obey 0.88/0.72 succ 0.06/0.00  approx_kl 0.0158  SPS 1064
[obey] iter 249/366  step  2039808  obey top 0.90/bot 0.86  succ top 0.18/bot 0.01  | canonical obey 0.88/0.72 succ 0.06/0.00  approx_kl 0.0322  SPS 1064
[obey] iter 250/366  step  2048000  obey top 0.90/bot 0.86  succ top 0.18/bot 0.01  | canonical obey 0.88/0.73 succ 0.06/0.00  approx_kl 0.0152  SPS 1064
[obey] iter 251/366  step  2056192  obey top 0.90/bot 0.86  succ top 0.20/bot 0.01  | canonical obey 0.88/0.73 succ 0.07/0.00  approx_kl 0.0189  SPS 1064
[obey] iter 252/366  step  2064384  obey top 0.90/bot 0.86  succ top 0.20/bot 0.01  | canonical obey 0.88/0.73 succ 0.07/0.00  approx_kl 0.0421  SPS 1064
[obey] iter 253/366  step  2072576  obey top 0.90/bot 0.86  succ top 0.20/bot 0.01  | canonical obey 0.87/0.73 succ 0.07/0.00  approx_kl 0.0098  SPS 1064
[obey] iter 254/366  step  2080768  obey top 0.90/bot 0.88  succ top 0.21/bot 0.01  | canonical obey 0.87/0.73 succ 0.09/0.00  approx_kl 0.0185  SPS 1064
[obey] iter 255/366  step  2088960  obey top 0.89/bot 0.88  succ top 0.22/bot 0.01  | canonical obey 0.87/0.73 succ 0.09/0.00  approx_kl 0.0155  SPS 1064
[obey] iter 256/366  step  2097152  obey top 0.90/bot 0.88  succ top 0.23/bot 0.01  | canonical obey 0.87/0.74 succ 0.10/0.00  approx_kl 0.0103  SPS 1064
[obey] iter 257/366  step  2105344  obey top 0.90/bot 0.88  succ top 0.23/bot 0.01  | canonical obey 0.88/0.74 succ 0.10/0.00  approx_kl 0.0159  SPS 1064
[obey] iter 258/366  step  2113536  obey top 0.91/bot 0.88  succ top 0.23/bot 0.01  | canonical obey 0.88/0.74 succ 0.10/0.00  approx_kl 0.0189  SPS 1064
[obey] iter 259/366  step  2121728  obey top 0.91/bot 0.86  succ top 0.23/bot 0.01  | canonical obey 0.88/0.73 succ 0.10/0.00  approx_kl 0.0190  SPS 1064
[obey] iter 260/366  step  2129920  obey top 0.91/bot 0.88  succ top 0.23/bot 0.01  | canonical obey 0.87/0.74 succ 0.10/0.00  approx_kl 0.0159  SPS 1064
[obey] iter 261/366  step  2138112  obey top 0.91/bot 0.88  succ top 0.24/bot 0.01  | canonical obey 0.87/0.73 succ 0.10/0.00  approx_kl 0.0352  SPS 1064
[obey] iter 262/366  step  2146304  obey top 0.92/bot 0.88  succ top 0.24/bot 0.01  | canonical obey 0.87/0.73 succ 0.11/0.01  approx_kl 0.0371  SPS 1064
[obey] iter 263/366  step  2154496  obey top 0.91/bot 0.88  succ top 0.24/bot 0.01  | canonical obey 0.86/0.74 succ 0.11/0.01  approx_kl 0.0234  SPS 1064
[obey] iter 264/366  step  2162688  obey top 0.90/bot 0.88  succ top 0.24/bot 0.01  | canonical obey 0.85/0.74 succ 0.11/0.01  approx_kl 0.0184  SPS 1064
[obey] iter 265/366  step  2170880  obey top 0.89/bot 0.89  succ top 0.23/bot 0.01  | canonical obey 0.83/0.74 succ 0.11/0.01  approx_kl 0.0127  SPS 1064
[obey] iter 266/366  step  2179072  obey top 0.89/bot 0.88  succ top 0.23/bot 0.01  | canonical obey 0.83/0.74 succ 0.11/0.01  approx_kl 0.0057  SPS 1064
[obey] iter 267/366  step  2187264  obey top 0.88/bot 0.88  succ top 0.23/bot 0.01  | canonical obey 0.82/0.76 succ 0.11/0.01  approx_kl 0.0120  SPS 1064
[obey] iter 268/366  step  2195456  obey top 0.88/bot 0.89  succ top 0.23/bot 0.01  | canonical obey 0.82/0.76 succ 0.11/0.01  approx_kl 0.0235  SPS 1064
[obey] iter 269/366  step  2203648  obey top 0.89/bot 0.90  succ top 0.25/bot 0.01  | canonical obey 0.81/0.76 succ 0.11/0.01  approx_kl 0.0099  SPS 1064
[obey] iter 270/366  step  2211840  obey top 0.89/bot 0.90  succ top 0.26/bot 0.01  | canonical obey 0.81/0.77 succ 0.12/0.01  approx_kl 0.0315  SPS 1064
[obey] iter 271/366  step  2220032  obey top 0.89/bot 0.89  succ top 0.27/bot 0.01  | canonical obey 0.81/0.77 succ 0.12/0.01  approx_kl 0.0217  SPS 1064
[obey] iter 272/366  step  2228224  obey top 0.90/bot 0.89  succ top 0.26/bot 0.01  | canonical obey 0.81/0.78 succ 0.12/0.01  approx_kl 0.0127  SPS 1064
[obey] iter 273/366  step  2236416  obey top 0.90/bot 0.89  succ top 0.26/bot 0.01  | canonical obey 0.81/0.79 succ 0.12/0.01  approx_kl 0.0113  SPS 1064
[obey] iter 274/366  step  2244608  obey top 0.89/bot 0.89  succ top 0.25/bot 0.01  | canonical obey 0.81/0.80 succ 0.12/0.01  approx_kl 0.0175  SPS 1064
[obey] iter 275/366  step  2252800  obey top 0.89/bot 0.90  succ top 0.25/bot 0.01  | canonical obey 0.80/0.81 succ 0.12/0.01  approx_kl 0.0086  SPS 1064
[obey] iter 276/366  step  2260992  obey top 0.89/bot 0.90  succ top 0.26/bot 0.01  | canonical obey 0.80/0.80 succ 0.12/0.01  approx_kl 0.0247  SPS 1064
[obey] iter 277/366  step  2269184  obey top 0.89/bot 0.90  succ top 0.28/bot 0.01  | canonical obey 0.80/0.81 succ 0.12/0.01  approx_kl 0.0155  SPS 1064
[obey] iter 278/366  step  2277376  obey top 0.88/bot 0.90  succ top 0.28/bot 0.01  | canonical obey 0.80/0.81 succ 0.12/0.01  approx_kl 0.0348  SPS 1064
[obey] iter 279/366  step  2285568  obey top 0.88/bot 0.90  succ top 0.28/bot 0.01  | canonical obey 0.80/0.81 succ 0.12/0.01  approx_kl 0.0290  SPS 1064
[obey] iter 280/366  step  2293760  obey top 0.88/bot 0.90  succ top 0.26/bot 0.01  | canonical obey 0.79/0.81 succ 0.12/0.01  approx_kl 0.0075  SPS 1064
[obey] iter 281/366  step  2301952  obey top 0.88/bot 0.90  succ top 0.27/bot 0.01  | canonical obey 0.79/0.81 succ 0.14/0.01  approx_kl 0.0215  SPS 1064
[obey] iter 282/366  step  2310144  obey top 0.88/bot 0.89  succ top 0.27/bot 0.01  | canonical obey 0.80/0.80 succ 0.15/0.01  approx_kl 0.0179  SPS 1064
[obey] iter 283/366  step  2318336  obey top 0.88/bot 0.90  succ top 0.27/bot 0.01  | canonical obey 0.80/0.80 succ 0.14/0.01  approx_kl 0.0180  SPS 1064
[obey] iter 284/366  step  2326528  obey top 0.86/bot 0.88  succ top 0.26/bot 0.01  | canonical obey 0.80/0.79 succ 0.14/0.01  approx_kl 0.0106  SPS 1064
[obey] iter 285/366  step  2334720  obey top 0.86/bot 0.88  succ top 0.27/bot 0.01  | canonical obey 0.79/0.78 succ 0.14/0.01  approx_kl 0.0074  SPS 1064
[obey] iter 286/366  step  2342912  obey top 0.85/bot 0.88  succ top 0.26/bot 0.01  | canonical obey 0.79/0.78 succ 0.15/0.01  approx_kl 0.0090  SPS 1064
[obey] iter 287/366  step  2351104  obey top 0.85/bot 0.88  succ top 0.26/bot 0.01  | canonical obey 0.78/0.79 succ 0.15/0.01  approx_kl 0.0246  SPS 1064
[obey] iter 288/366  step  2359296  obey top 0.85/bot 0.87  succ top 0.26/bot 0.01  | canonical obey 0.78/0.78 succ 0.15/0.01  approx_kl 0.1074  SPS 1064
[obey] iter 289/366  step  2367488  obey top 0.85/bot 0.87  succ top 0.27/bot 0.01  | canonical obey 0.78/0.78 succ 0.15/0.01  approx_kl 0.0081  SPS 1064
[obey] iter 290/366  step  2375680  obey top 0.86/bot 0.88  succ top 0.26/bot 0.01  | canonical obey 0.78/0.78 succ 0.14/0.01  approx_kl 0.0186  SPS 1064
[obey] iter 291/366  step  2383872  obey top 0.87/bot 0.88  succ top 0.27/bot 0.01  | canonical obey 0.77/0.79 succ 0.13/0.01  approx_kl 0.0209  SPS 1064
[obey] iter 292/366  step  2392064  obey top 0.87/bot 0.88  succ top 0.27/bot 0.01  | canonical obey 0.77/0.78 succ 0.13/0.01  approx_kl 0.0337  SPS 1064
[obey] iter 293/366  step  2400256  obey top 0.88/bot 0.87  succ top 0.28/bot 0.01  | canonical obey 0.78/0.78 succ 0.13/0.01  approx_kl 0.0185  SPS 1064
[obey] iter 294/366  step  2408448  obey top 0.89/bot 0.86  succ top 0.28/bot 0.01  | canonical obey 0.79/0.78 succ 0.13/0.01  approx_kl 0.0168  SPS 1064
[obey] iter 295/366  step  2416640  obey top 0.88/bot 0.86  succ top 0.28/bot 0.01  | canonical obey 0.79/0.78 succ 0.12/0.01  approx_kl 0.0063  SPS 1064
[obey] iter 296/366  step  2424832  obey top 0.89/bot 0.88  succ top 0.28/bot 0.01  | canonical obey 0.79/0.78 succ 0.14/0.01  approx_kl 0.0068  SPS 1064
[obey] iter 297/366  step  2433024  obey top 0.89/bot 0.87  succ top 0.28/bot 0.01  | canonical obey 0.79/0.78 succ 0.14/0.01  approx_kl 0.0153  SPS 1064
[obey] iter 298/366  step  2441216  obey top 0.89/bot 0.87  succ top 0.28/bot 0.01  | canonical obey 0.79/0.78 succ 0.14/0.01  approx_kl 0.0137  SPS 1064
[obey] iter 299/366  step  2449408  obey top 0.89/bot 0.85  succ top 0.28/bot 0.01  | canonical obey 0.79/0.77 succ 0.14/0.01  approx_kl 0.0102  SPS 1064
[obey] iter 300/366  step  2457600  obey top 0.89/bot 0.85  succ top 0.29/bot 0.01  | canonical obey 0.79/0.77 succ 0.14/0.01  approx_kl 0.0065  SPS 1064
[obey] iter 301/366  step  2465792  obey top 0.89/bot 0.85  succ top 0.28/bot 0.01  | canonical obey 0.78/0.77 succ 0.14/0.01  approx_kl 0.0101  SPS 1064
[obey] iter 302/366  step  2473984  obey top 0.89/bot 0.86  succ top 0.28/bot 0.01  | canonical obey 0.78/0.77 succ 0.14/0.01  approx_kl 0.0093  SPS 1064
[obey] iter 303/366  step  2482176  obey top 0.90/bot 0.87  succ top 0.28/bot 0.01  | canonical obey 0.77/0.77 succ 0.14/0.01  approx_kl 0.0097  SPS 1064
[obey] iter 304/366  step  2490368  obey top 0.89/bot 0.88  succ top 0.28/bot 0.01  | canonical obey 0.77/0.78 succ 0.15/0.01  approx_kl 0.0192  SPS 1064
[obey] iter 305/366  step  2498560  obey top 0.90/bot 0.88  succ top 0.28/bot 0.01  | canonical obey 0.77/0.78 succ 0.14/0.01  approx_kl 0.0125  SPS 1064
[obey] iter 306/366  step  2506752  obey top 0.89/bot 0.88  succ top 0.28/bot 0.01  | canonical obey 0.77/0.78 succ 0.14/0.01  approx_kl 0.0249  SPS 1064
[obey] iter 307/366  step  2514944  obey top 0.89/bot 0.88  succ top 0.28/bot 0.01  | canonical obey 0.77/0.79 succ 0.14/0.01  approx_kl 0.0081  SPS 1064
[obey] iter 308/366  step  2523136  obey top 0.87/bot 0.89  succ top 0.27/bot 0.01  | canonical obey 0.75/0.78 succ 0.14/0.01  approx_kl 0.0142  SPS 1064
[obey] iter 309/366  step  2531328  obey top 0.87/bot 0.90  succ top 0.27/bot 0.01  | canonical obey 0.74/0.79 succ 0.14/0.01  approx_kl 0.0077  SPS 1064
[obey] iter 310/366  step  2539520  obey top 0.88/bot 0.91  succ top 0.27/bot 0.01  | canonical obey 0.74/0.78 succ 0.14/0.01  approx_kl 0.0227  SPS 1064
[obey] iter 311/366  step  2547712  obey top 0.88/bot 0.91  succ top 0.26/bot 0.01  | canonical obey 0.74/0.78 succ 0.14/0.01  approx_kl 0.0070  SPS 1064
                                                                                                                                                                                                                                                                                                                    