[INFO][AppLauncher]: Using device: cuda:0
[INFO][AppLauncher]: Loading experience file: /data/howard/isaac/IsaacLab/apps/isaaclab.python.headless.rendering.kit
Loading user config located at: '/data/howard/isaac/envs/isaaclab/lib/python3.11/site-packages/isaacsim/kit/data/Kit/Isaac-Sim/5.1/user.config.json'
[Info] [carb] Logging to file: /data/howard/isaac/envs/isaaclab/lib/python3.11/site-packages/isaacsim/kit/logs/Kit/Isaac-Sim/5.1/kit_20260815_054246.log
2026-08-15T05:42:46Z [162ms] [Warning] [carb.windowing-glfw.plugin] GLFW initialization failed.
2026-08-15T05:42:46Z [162ms] [Warning] [carb] Failed to startup plugin carb.windowing-glfw.plugin (interfaces: [carb::windowing::IGLContext v1.0],[carb::windowing::IWindowing v1.5]) (impl: carb.windowing-glfw.plugin)
2026-08-15T05:42:47Z [231ms] [Warning] [omni.platforminfo.plugin] failed to open the default display.  Can't verify X Server version.
2026-08-15T05:42:47Z [236ms] [Warning] [carb.cudainterop.plugin] CUDA_VISIBLE_DEVICES environment variable is set.
2026-08-15T05:42:47Z [236ms] [Warning] [carb.cudainterop.plugin] Note CUDA device enumeration and Omniverse device enumeration are different.
2026-08-15T05:42:47Z [236ms] [Warning] [carb.cudainterop.plugin] Setting CUDA_VISIBLE_DEVICES can lead to undesired behavior or crashes.
2026-08-15T05:42:47Z [456ms] [Warning] [carb.windowing-glfw.plugin] GLFW initialization failed.
2026-08-15T05:42:47Z [456ms] [Warning] [carb] Failed to startup plugin carb.windowing-glfw.plugin (interfaces: [carb::windowing::IGLContext v1.0],[carb::windowing::IWindowing v1.5]) (impl: carb.windowing-glfw.plugin)
2026-08-15T05:42:47Z [581ms] [Warning] [gpu.foundation.plugin] Skipping NVIDIA GPU due CUDA being in bad state: NVIDIA RTX 6000 Ada Generation
2026-08-15T05:42:47Z [581ms] [Warning] [gpu.foundation.plugin] Please restart your system if CUDA is known to work in your system.
2026-08-15T05:42:47Z [581ms] [Warning] [gpu.foundation.plugin] Skipping NVIDIA GPU due CUDA being in bad state: NVIDIA RTX 6000 Ada Generation
2026-08-15T05:42:47Z [582ms] [Warning] [gpu.foundation.plugin] Please restart your system if CUDA is known to work in your system.
2026-08-15T05:42:47Z [582ms] [Warning] [gpu.foundation.plugin] Skipping NVIDIA GPU due CUDA being in bad state: NVIDIA RTX 6000 Ada Generation
2026-08-15T05:42:47Z [582ms] [Warning] [gpu.foundation.plugin] Please restart your system if CUDA is known to work in your system.
2026-08-15T05:42:47Z [582ms] [Warning] [gpu.foundation.plugin] Skipping NVIDIA GPU due CUDA being in bad state: NVIDIA RTX 6000 Ada Generation
2026-08-15T05:42:47Z [582ms] [Warning] [gpu.foundation.plugin] Please restart your system if CUDA is known to work in your system.
2026-08-15T05:42:47Z [582ms] [Warning] [gpu.foundation.plugin] Skipping NVIDIA GPU due CUDA being in bad state: NVIDIA RTX 6000 Ada Generation
2026-08-15T05:42:47Z [582ms] [Warning] [gpu.foundation.plugin] Please restart your system if CUDA is known to work in your system.
2026-08-15T05:42:47Z [582ms] [Warning] [gpu.foundation.plugin] Skipping NVIDIA GPU due CUDA being in bad state: NVIDIA RTX 6000 Ada Generation
2026-08-15T05:42:47Z [582ms] [Warning] [gpu.foundation.plugin] Please restart your system if CUDA is known to work in your system.

|---------------------------------------------------------------------------------------------|
| Driver Version: 550.90.12     | Graphics API: Vulkan
|=============================================================================================|
| GPU | Name                             | Active | LDA | GPU Memory | Vendor-ID | LUID       |
|     |                                  |        |     |            | Device-ID | UUID       |
|     |                                  |        |     |            | Bus-ID    |            |
|---------------------------------------------------------------------------------------------|
| 0   | NVIDIA RTX 6000 Ada Generation   | Yes: 0 |     | 49386   MB | 10de      | 0          |
|     |                                  |        |     |            | 26b1      | df04a158.. |
|     |                                  |        |     |            | 1         |            |
|---------------------------------------------------------------------------------------------|
| 1   | NVIDIA RTX 6000 Ada Generation   |        |     | 49386   MB | 10de      | 0          |
|     |                                  |        |     |            | 26b1      | 5cfd6483.. |
|     |                                  |        |     |            | 2c        |            |
|---------------------------------------------------------------------------------------------|
| 2   | NVIDIA RTX 6000 Ada Generation   |        |     | 49386   MB | 10de      | 0          |
|     |                                  |        |     |            | 26b1      | bdb0e57d.. |
|     |                                  |        |     |            | 41        |            |
|---------------------------------------------------------------------------------------------|
| 3   | NVIDIA RTX 6000 Ada Generation   |        |     | 49386   MB | 10de      | 0          |
|     |                                  |        |     |            | 26b1      | 21e14e0d.. |
|     |                                  |        |     |            | 61        |            |
|=============================================================================================|
| OS: 22.04.5 LTS (Jammy Jellyfish) ubuntu, Version: 22.04.5, Kernel: 5.15.0-181-generic
| Processor: AMD Ryzen Threadripper PRO 5995WX 64-Cores
| Cores: 64 | Logical Cores: 128
|---------------------------------------------------------------------------------------------|
| Total Memory (MB): 515579 | Free Memory: 437803
| Total Page/Swap (MB): 10239 | Free Page/Swap: 10239
|---------------------------------------------------------------------------------------------|
2026-08-15T05:42:48Z [1,473ms] [Warning] [carb.windowing-glfw.plugin] GLFW initialization failed.
2026-08-15T05:42:48Z [1,473ms] [Warning] [carb] Failed to startup plugin carb.windowing-glfw.plugin (interfaces: [carb::windowing::IGLContext v1.0],[carb::windowing::IWindowing v1.5]) (impl: carb.windowing-glfw.plugin)
2026-08-15T05:42:48Z [1,482ms] [Warning] [carb.windowing-glfw.plugin] GLFW initialization failed.
2026-08-15T05:42:48Z [1,482ms] [Warning] [carb] Failed to startup plugin carb.windowing-glfw.plugin (interfaces: [carb::windowing::IGLContext v1.0],[carb::windowing::IWindowing v1.5]) (impl: carb.windowing-glfw.plugin)
2026-08-15T05:42:48Z [1,488ms] [Warning] [carb.windowing-glfw.plugin] GLFW initialization failed.
2026-08-15T05:42:48Z [1,488ms] [Warning] [carb] Failed to startup plugin carb.windowing-glfw.plugin (interfaces: [carb::windowing::IGLContext v1.0],[carb::windowing::IWindowing v1.5]) (impl: carb.windowing-glfw.plugin)
2026-08-15T05:42:48Z [1,496ms] [Warning] [carb.windowing-glfw.plugin] GLFW initialization failed.
2026-08-15T05:42:48Z [1,496ms] [Warning] [carb] Failed to startup plugin carb.windowing-glfw.plugin (interfaces: [carb::windowing::IGLContext v1.0],[carb::windowing::IWindowing v1.5]) (impl: carb.windowing-glfw.plugin)
2026-08-15T05:42:48Z [1,497ms] [Warning] [carb.windowing-glfw.plugin] GLFW initialization failed.
2026-08-15T05:42:48Z [1,497ms] [Warning] [carb] Failed to startup plugin carb.windowing-glfw.plugin (interfaces: [carb::windowing::IGLContext v1.0],[carb::windowing::IWindowing v1.5]) (impl: carb.windowing-glfw.plugin)
2026-08-15T05:42:48Z [1,498ms] [Warning] [carb.windowing-glfw.plugin] GLFW initialization failed.
2026-08-15T05:42:48Z [1,498ms] [Warning] [carb] Failed to startup plugin carb.windowing-glfw.plugin (interfaces: [carb::windowing::IGLContext v1.0],[carb::windowing::IWindowing v1.5]) (impl: carb.windowing-glfw.plugin)
2026-08-15T05:42:48Z [1,693ms] [Warning] [omni.log] Source: omni.hydra was already registered.
2026-08-15T05:42:48Z [1,976ms] [Warning] [carb] Acquiring non optional plugin interface which is not listed as dependency: [omni::physx::IPhysxBenchmarks v1.0] (plugin: <default plugin>), by client: omni.physics.physx.plugin. Add it to CARB_PLUGIN_IMPL_DEPS() macro of a client.
2026-08-15T05:42:48Z [1,985ms] [Warning] [omni.isaac.dynamic_control] omni.isaac.dynamic_control is deprecated as of Isaac Sim 4.5. No action is needed from end-users.
2026-08-15T05:42:50Z [3,923ms] [Warning] [pxr.Semantics] pxr.Semantics is deprecated - please use Semantics instead
2026-08-15T05:42:50Z [4,054ms] [Warning] [omni.graph.core.plugin] Found duplicate of category 'Replicator' - was 'Annotators', adding 'Fabric Reader'
2026-08-15T05:42:50Z [4,054ms] [Warning] [omni.graph.core.plugin] Category 'Replicator' not accepted on node type 'omni.replicator.core.FabricReader' in extension 'omni.replicator.core'
2026-08-15T05:42:50Z [4,055ms] [Warning] [omni.replicator.core.scripts.extension] No material configuration file, adding configuration to material settings directly.
2026-08-15T05:42:54Z [7,474ms] [Warning] [omni.fabric.plugin] Warning: attribute viewportHandle not found for bucket id 7

2026-08-15T05:42:54Z [7,946ms] [Warning] [isaaclab.envs.direct_marl_env] Seed not set for the environment. The environment creation may not be deterministic.

[36m========================================================================================================[0m
[36m[1m[INFO][IsaacLab]: Logging to file: /data/howard/isaac/tmp/isaaclab/logs/isaaclab_2026-08-15_05-42-54.log[0m
[36m========================================================================================================[0m

[33m05:42:54 [simulation_context.py] WARNING: The `enable_external_forces_every_iteration` parameter in the PhysxCfg is set to False. If you are experiencing noisy velocities, consider enabling this flag. You may need to slightly increase the number of velocity iterations (setting it to 1 or 2 rather than 0), together with this flag, to improve the accuracy of velocity updates.[0m
[INFO]: Base environment:
	Environment device    : cuda:0
	Environment seed      : None
	Physics step-size     : 0.016666666666666666
	Rendering step-size   : 0.1
	Environment step-size : 0.1
[INFO]: Time taken for scene creation : 1.421121 seconds
[INFO]: Scene manager:  <class InteractiveScene>
	Number of environments: 64
	Environment spacing   : 12.0
	Source prim name      : /World/envs/env_0
	Global prim paths     : []
	Replicate physics     : True
[INFO]: Starting the simulation. This may take a few seconds. Please wait...
[INFO]: Time taken for simulation start : 2.900132 seconds
[INFO]: Completed setting up the environment...
condition=none  wire_dim=0  trainable=74,631 (encoder frozen)
2026-08-15T05:43:02Z [16,103ms] [Warning] [carb] Client gpu.foundation.plugin has acquired [gpu::unstable::IMemoryBudgetManagerFactory v0.1] 100 times. Consider accessing this interface with carb::getCachedInterface() (Performance warning)
[none] iter   1/366  step     8192  return     nan  success   nan (top  nan/bot  nan)  rand_succ  nan  ep_len    nan  hazard_steps   nan  approx_kl 0.0079  SPS 1088
[none] iter   2/366  step    16384  return     nan  success   nan (top  nan/bot  nan)  rand_succ  nan  ep_len    nan  hazard_steps   nan  approx_kl 0.0151  SPS 1117
[none] iter   3/366  step    24576  return     nan  success   nan (top  nan/bot  nan)  rand_succ  nan  ep_len    nan  hazard_steps   nan  approx_kl 0.0074  SPS 1130
[none] iter   4/366  step    32768  return     nan  success   nan (top  nan/bot  nan)  rand_succ  nan  ep_len    nan  hazard_steps   nan  approx_kl 0.0098  SPS 1146
[none] iter   5/366  step    40960  return  -7.296  success  0.00 (top 0.00/bot 0.00)  rand_succ 0.00  ep_len  599.0  hazard_steps   0.0  approx_kl 0.0110  SPS 1146
[none] iter   6/366  step    49152  return  -7.296  success  0.00 (top 0.00/bot 0.00)  rand_succ 0.00  ep_len  599.0  hazard_steps   0.0  approx_kl 0.0172  SPS 1135
[none] iter   7/366  step    57344  return  -7.296  success  0.00 (top 0.00/bot 0.00)  rand_succ 0.00  ep_len  599.0  hazard_steps   0.0  approx_kl 0.0048  SPS 1134
[none] iter   8/366  step    65536  return  -7.296  success  0.00 (top 0.00/bot 0.00)  rand_succ 0.00  ep_len  599.0  hazard_steps   0.0  approx_kl 0.0081  SPS 1133
[none] iter   9/366  step    73728  return  -7.296  success  0.00 (top 0.00/bot 0.00)  rand_succ 0.00  ep_len  599.0  hazard_steps   0.0  approx_kl 0.0098  SPS 1131
[none] iter  10/366  step    81920  return  -6.335  success  0.00 (top 0.00/bot 0.00)  rand_succ 0.00  ep_len  599.0  hazard_steps   0.0  approx_kl 0.0193  SPS 1127
[none] iter  11/366  step    90112  return  -6.335  success  0.00 (top 0.00/bot 0.00)  rand_succ 0.00  ep_len  599.0  hazard_steps   0.0  approx_kl 0.0157  SPS 1126
[none] iter  12/366  step    98304  return  -6.335  success  0.00 (top 0.00/bot 0.00)  rand_succ 0.00  ep_len  599.0  hazard_steps   0.0  approx_kl 0.0051  SPS 1124
[none] iter  13/366  step   106496  return  -6.335  success  0.00 (top 0.00/bot 0.00)  rand_succ 0.00  ep_len  599.0  hazard_steps   0.0  approx_kl 0.0064  SPS 1123
[none] iter  14/366  step   114688  return  -6.335  success  0.00 (top 0.00/bot 0.00)  rand_succ 0.00  ep_len  599.0  hazard_steps   0.0  approx_kl 0.0051  SPS 1124
[none] iter  15/366  step   122880  return  -5.725  success  0.00 (top 0.00/bot 0.00)  rand_succ 0.00  ep_len  599.0  hazard_steps   0.0  approx_kl 0.0069  SPS 1123
[none] iter  16/366  step   131072  return  -5.725  success  0.00 (top 0.00/bot 0.00)  rand_succ 0.00  ep_len  599.0  hazard_steps   0.0  approx_kl 0.0055  SPS 1125
[none] iter  17/366  step   139264  return  -5.725  success  0.00 (top 0.00/bot 0.00)  rand_succ 0.00  ep_len  599.0  hazard_steps   0.0  approx_kl 0.0187  SPS 1126
[none] iter  18/366  step   147456  return  -5.725  success  0.00 (top 0.00/bot 0.00)  rand_succ 0.00  ep_len  599.0  hazard_steps   0.0  approx_kl 0.0118  SPS 1126
[none] iter  19/366  step   155648  return  -4.375  success  0.00 (top 0.00/bot 0.00)  rand_succ 0.00  ep_len  599.0  hazard_steps   0.8  approx_kl 0.0099  SPS 1126
[none] iter  20/366  step   163840  return  -4.375  success  0.00 (top 0.00/bot 0.00)  rand_succ 0.00  ep_len  599.0  hazard_steps   0.8  approx_kl 0.0068  SPS 1125
[none] iter  21/366  step   172032  return  -4.375  success  0.00 (top 0.00/bot 0.00)  rand_succ 0.00  ep_len  599.0  hazard_steps   0.8  approx_kl 0.0053  SPS 1123
[none] iter  22/366  step   180224  return  -4.375  success  0.00 (top 0.00/bot 0.00)  rand_succ 0.00  ep_len  599.0  hazard_steps   0.8  approx_kl 0.0086  SPS 1122
[none] iter  23/366  step   188416  return  -4.375  success  0.00 (top 0.00/bot 0.00)  rand_succ 0.00  ep_len  599.0  hazard_steps   0.8  approx_kl 0.0076  SPS 1121
[none] iter  24/366  step   196608  return  -3.427  success  0.00 (top 0.00/bot 0.00)  rand_succ 0.00  ep_len  599.0  hazard_steps   0.8  approx_kl 0.0037  SPS 1121
[none] iter  25/366  step   204800  return  -3.427  success  0.00 (top 0.00/bot 0.00)  rand_succ 0.00  ep_len  599.0  hazard_steps   0.8  approx_kl 0.0102  SPS 1121
[none] iter  26/366  step   212992  return  -3.427  success  0.00 (top 0.00/bot 0.00)  rand_succ 0.00  ep_len  599.0  hazard_steps   0.8  approx_kl 0.0085  SPS 1121
[none] iter  27/366  step   221184  return  -3.427  success  0.00 (top 0.00/bot 0.00)  rand_succ 0.00  ep_len  599.0  hazard_steps   0.8  approx_kl 0.0097  SPS 1120
[none] iter  28/366  step   229376  return  -3.427  success  0.00 (top 0.00/bot 0.00)  rand_succ 0.00  ep_len  599.0  hazard_steps   0.8  approx_kl 0.0099  SPS 1121
[none] iter  29/366  step   237568  return  -2.639  success  0.00 (top 0.00/bot 0.00)  rand_succ 0.00  ep_len  599.0  hazard_steps   2.5  approx_kl 0.0094  SPS 1122
[none] iter  30/366  step   245760  return  -2.639  success  0.00 (top 0.00/bot 0.00)  rand_succ 0.00  ep_len  599.0  hazard_steps   2.5  approx_kl 0.0076  SPS 1122
[none] iter  31/366  step   253952  return  -2.639  success  0.00 (top 0.00/bot 0.00)  rand_succ 0.00  ep_len  599.0  hazard_steps   2.5  approx_kl 0.0035  SPS 1121
[none] iter  32/366  step   262144  return  -2.639  success  0.00 (top 0.00/bot 0.00)  rand_succ 0.00  ep_len  599.0  hazard_steps   2.5  approx_kl 0.0031  SPS 1120
[none] iter  33/366  step   270336  return  -2.076  success  0.00 (top 0.00/bot 0.00)  rand_succ 0.00  ep_len  599.0  hazard_steps   3.0  approx_kl 0.0150  SPS 1119
[none] iter  34/366  step   278528  return  -2.076  success  0.00 (top 0.00/bot 0.00)  rand_succ 0.00  ep_len  599.0  hazard_steps   3.0  approx_kl 0.0049  SPS 1118
[none] iter  35/366  step   286720  return  -2.076  success  0.00 (top 0.00/bot 0.00)  rand_succ 0.00  ep_len  599.0  hazard_steps   3.0  approx_kl 0.0187  SPS 1118
[none] iter  36/366  step   294912  return  -2.076  success  0.00 (top 0.00/bot 0.00)  rand_succ 0.00  ep_len  599.0  hazard_steps   3.0  approx_kl 0.0038  SPS 1118
[none] iter  37/366  step   303104  return  -2.076  success  0.00 (top 0.00/bot 0.00)  rand_succ 0.00  ep_len  599.0  hazard_steps   3.0  approx_kl 0.0057  SPS 1118
[none] iter  38/366  step   311296  return  -1.662  success  0.00 (top 0.00/bot 0.00)  rand_succ 0.00  ep_len  599.0  hazard_steps   7.6  approx_kl 0.0050  SPS 1118
[none] iter  39/366  step   319488  return  -1.662  success  0.00 (top 0.00/bot 0.00)  rand_succ 0.00  ep_len  599.0  hazard_steps   7.6  approx_kl 0.0089  SPS 1117
[none] iter  40/366  step   327680  return  -1.662  success  0.00 (top 0.00/bot 0.00)  rand_succ 0.00  ep_len  599.0  hazard_steps   7.6  approx_kl 0.0149  SPS 1117
[none] iter  41/366  step   335872  return  -1.662  success  0.00 (top 0.00/bot 0.00)  rand_succ 0.00  ep_len  599.0  hazard_steps   7.6  approx_kl 0.0071  SPS 1116
[none] iter  42/366  step   344064  return  -1.662  success  0.00 (top 0.00/bot 0.00)  rand_succ 0.00  ep_len  599.0  hazard_steps   7.6  approx_kl 0.0092  SPS 1116
[none] iter  43/366  step   352256  return  -1.735  success  0.00 (top 0.00/bot 0.00)  rand_succ 0.00  ep_len  599.0  hazard_steps   5.9  approx_kl 0.0062  SPS 1114
[none] iter  44/366  step   360448  return  -1.735  success  0.00 (top 0.00/bot 0.00)  rand_succ 0.00  ep_len  599.0  hazard_steps   5.9  approx_kl 0.0029  SPS 1114
[none] iter  45/366  step   368640  return  -1.735  success  0.00 (top 0.00/bot 0.00)  rand_succ 0.00  ep_len  599.0  hazard_steps   5.9  approx_kl 0.0057  SPS 1113
[none] iter  46/366  step   376832  return  -1.735  success  0.00 (top 0.00/bot 0.00)  rand_succ 0.00  ep_len  599.0  hazard_steps   5.9  approx_kl 0.0067  SPS 1112
[none] iter  47/366  step   385024  return  -1.683  success  0.01 (top 0.00/bot 0.01)  rand_succ 0.00  ep_len  598.5  hazard_steps   7.7  approx_kl 0.0036  SPS 1112
[none] iter  48/366  step   393216  return  -1.683  success  0.01 (top 0.00/bot 0.01)  rand_succ 0.00  ep_len  598.5  hazard_steps   7.7  approx_kl 0.0062  SPS 1112
[none] iter  49/366  step   401408  return  -1.683  success  0.01 (top 0.00/bot 0.01)  rand_succ 0.00  ep_len  598.5  hazard_steps   7.7  approx_kl 0.0036  SPS 1112
[none] iter  50/366  step   409600  return  -1.683  success  0.01 (top 0.00/bot 0.01)  rand_succ 0.00  ep_len  598.5  hazard_steps   7.7  approx_kl 0.0061  SPS 1112
[none] iter  51/366  step   417792  return  -1.594  success  0.02 (top 0.00/bot 0.02)  rand_succ 0.00  ep_len  597.4  hazard_steps   8.6  approx_kl 0.0113  SPS 1112
[none] iter  52/366  step   425984  return  -1.842  success  0.02 (top 0.00/bot 0.02)  rand_succ 0.00  ep_len  597.4  hazard_steps  11.6  approx_kl 0.0043  SPS 1111
[none] iter  53/366  step   434176  return  -1.842  success  0.02 (top 0.00/bot 0.02)  rand_succ 0.00  ep_len  597.4  hazard_steps  11.6  approx_kl 0.0069  SPS 1111
[none] iter  54/366  step   442368  return  -1.842  success  0.02 (top 0.00/bot 0.02)  rand_succ 0.01  ep_len  597.4  hazard_steps  11.6  approx_kl 0.0067  SPS 1112
[none] iter  55/366  step   450560  return  -1.634  success  0.03 (top 0.00/bot 0.03)  rand_succ 0.01  ep_len  595.9  hazard_steps  10.1  approx_kl 0.0057  SPS 1113
[none] iter  56/366  step   458752  return  -1.635  success  0.03 (top 0.00/bot 0.03)  rand_succ 0.01  ep_len  595.9  hazard_steps  10.1  approx_kl 0.0074  SPS 1113
[none] iter  57/366  step   466944  return  -1.529  success  0.03 (top 0.00/bot 0.03)  rand_succ 0.01  ep_len  595.9  hazard_steps  16.3  approx_kl 0.0050  SPS 1113
[none] iter  58/366  step   475136  return  -1.529  success  0.03 (top 0.00/bot 0.03)  rand_succ 0.04  ep_len  595.9  hazard_steps  16.3  approx_kl 0.0039  SPS 1113
[none] iter  59/366  step   483328  return  -1.529  success  0.03 (top 0.00/bot 0.03)  rand_succ 0.07  ep_len  595.9  hazard_steps  16.3  approx_kl 0.0022  SPS 1112
[none] iter  60/366  step   491520  return  -1.529  success  0.03 (top 0.00/bot 0.03)  rand_succ 0.09  ep_len  595.9  hazard_steps  16.3  approx_kl 0.0132  SPS 1112
[none] iter  61/366  step   499712  return  -1.518  success  0.03 (top 0.01/bot 0.03)  rand_succ 0.10  ep_len  596.2  hazard_steps  15.2  approx_kl 0.0030  SPS 1111
[none] iter  62/366  step   507904  return  -1.518  success  0.03 (top 0.01/bot 0.03)  rand_succ 0.11  ep_len  596.2  hazard_steps  15.2  approx_kl 0.0143  SPS 1111
[none] iter  63/366  step   516096  return  -1.522  success  0.03 (top 0.01/bot 0.03)  rand_succ 0.13  ep_len  596.2  hazard_steps  15.2  approx_kl 0.0039  SPS 1111
[none] iter  64/366  step   524288  return  -1.299  success  0.05 (top 0.02/bot 0.04)  rand_succ 0.16  ep_len  592.1  hazard_steps  15.9  approx_kl 0.0086  SPS 1109
[none] iter  65/366  step   532480  return  -0.922  success  0.07 (top 0.02/bot 0.06)  rand_succ 0.16  ep_len  588.6  hazard_steps  15.7  approx_kl 0.0043  SPS 1109
[none] iter  66/366  step   540672  return  -0.816  success  0.07 (top 0.03/bot 0.06)  rand_succ 0.17  ep_len  587.8  hazard_steps  11.1  approx_kl 0.0024  SPS 1108
[none] iter  67/366  step   548864  return  -0.816  success  0.07 (top 0.03/bot 0.06)  rand_succ 0.18  ep_len  587.8  hazard_steps  11.1  approx_kl 0.0041  SPS 1108
[none] iter  68/366  step   557056  return  -0.989  success  0.06 (top 0.03/bot 0.06)  rand_succ 0.22  ep_len  589.3  hazard_steps  10.7  approx_kl 0.0030  SPS 1107
[none] iter  69/366  step   565248  return  -0.757  success  0.08 (top 0.04/bot 0.07)  rand_succ 0.23  ep_len  585.0  hazard_steps  11.2  approx_kl 0.0079  SPS 1107
[none] iter  70/366  step   573440  return  -0.664  success  0.09 (top 0.05/bot 0.07)  rand_succ 0.25  ep_len  584.2  hazard_steps  10.9  approx_kl 0.0053  SPS 1107
[none] iter  71/366  step   581632  return  -0.842  success  0.08 (top 0.05/bot 0.07)  rand_succ 0.26  ep_len  584.5  hazard_steps   8.1  approx_kl 0.0055  SPS 1106
[none] iter  72/366  step   589824  return  -0.834  success  0.08 (top 0.05/bot 0.07)  rand_succ 0.26  ep_len  584.5  hazard_steps   8.1  approx_kl 0.0057  SPS 1106
[none] iter  73/366  step   598016  return  -0.851  success  0.08 (top 0.05/bot 0.07)  rand_succ 0.24  ep_len  584.5  hazard_steps   9.4  approx_kl 0.0086  SPS 1105
[none] iter  74/366  step   606208  return  -0.946  success  0.08 (top 0.05/bot 0.07)  rand_succ 0.28  ep_len  584.5  hazard_steps  10.3  approx_kl 0.0060  SPS 1105
[none] iter  75/366  step   614400  return  -1.590  success  0.07 (top 0.05/bot 0.07)  rand_succ 0.29  ep_len  586.5  hazard_steps  11.6  approx_kl 0.0062  SPS 1104
[none] iter  76/366  step   622592  return  -1.935  success  0.05 (top 0.05/bot 0.07)  rand_succ 0.33  ep_len  590.3  hazard_steps  11.0  approx_kl 0.0087  SPS 1103
[none] iter  77/366  step   630784  return  -2.056  success  0.04 (top 0.05/bot 0.07)  rand_succ 0.35  ep_len  592.0  hazard_steps   8.4  approx_kl 0.0031  SPS 1102
[none] iter  78/366  step   638976  return  -2.220  success  0.04 (top 0.05/bot 0.06)  rand_succ 0.35  ep_len  592.0  hazard_steps   9.2  approx_kl 0.0138  SPS 1101
[none] iter  79/366  step   647168  return  -2.165  success  0.04 (top 0.05/bot 0.06)  rand_succ 0.38  ep_len  592.0  hazard_steps   9.2  approx_kl 0.0062  SPS 1101
[none] iter  80/366  step   655360  return  -2.221  success  0.05 (top 0.06/bot 0.06)  rand_succ 0.33  ep_len  591.1  hazard_steps   9.7  approx_kl 0.0045  SPS 1101
[none] iter  81/366  step   663552  return  -2.275  success  0.05 (top 0.06/bot 0.06)  rand_succ 0.34  ep_len  591.1  hazard_steps   9.7  approx_kl 0.0052  SPS 1101
[none] iter  82/366  step   671744  return  -2.563  success  0.04 (top 0.06/bot 0.06)  rand_succ 0.33  ep_len  593.1  hazard_steps   9.0  approx_kl 0.0071  SPS 1100
[none] iter  83/366  step   679936  return  -2.712  success  0.02 (top 0.05/bot 0.05)  rand_succ 0.34  ep_len  597.4  hazard_steps   7.8  approx_kl 0.0047  SPS 1099
[none] iter  84/366  step   688128  return  -2.967  success  0.01 (top 0.05/bot 0.05)  rand_succ 0.34  ep_len  598.1  hazard_steps   7.8  approx_kl 0.0086  SPS 1098
[none] iter  85/366  step   696320  return  -3.098  success  0.01 (top 0.05/bot 0.05)  rand_succ 0.27  ep_len  598.1  hazard_steps   7.8  approx_kl 0.0049  SPS 1098
[none] iter  86/366  step   704512  return  -2.899  success  0.02 (top 0.04/bot 0.06)  rand_succ 0.26  ep_len  597.2  hazard_steps   7.8  approx_kl 0.0162  SPS 1098
[none] iter  87/366  step   712704  return  -2.807  success  0.04 (top 0.06/bot 0.05)  rand_succ 0.26  ep_len  595.2  hazard_steps   7.4  approx_kl 0.0048  SPS 1097
[none] iter  88/366  step   720896  return  -2.560  success  0.05 (top 0.06/bot 0.06)  rand_succ 0.26  ep_len  593.9  hazard_steps   7.2  approx_kl 0.0079  SPS 1097
[none] iter  89/366  step   729088  return  -2.243  success  0.05 (top 0.06/bot 0.06)  rand_succ 0.21  ep_len  593.9  hazard_steps   4.8  approx_kl 0.0080  SPS 1097
[none] iter  90/366  step   737280  return  -2.254  success  0.05 (top 0.06/bot 0.06)  rand_succ 0.19  ep_len  593.9  hazard_steps   4.8  approx_kl 0.0075  SPS 1097
[none] iter  91/366  step   745472  return  -2.232  success  0.05 (top 0.05/bot 0.06)  rand_succ 0.19  ep_len  593.9  hazard_steps   4.8  approx_kl 0.0035  SPS 1096
[none] iter  92/366  step   753664  return  -2.086  success  0.06 (top 0.04/bot 0.06)  rand_succ 0.17  ep_len  593.6  hazard_steps   4.5  approx_kl 0.0040  SPS 1096
[none] iter  93/366  step   761856  return  -2.048  success  0.07 (top 0.05/bot 0.07)  rand_succ 0.17  ep_len  590.9  hazard_steps   5.0  approx_kl 0.0076  SPS 1096
[none] iter  94/366  step   770048  return  -1.664  success  0.09 (top 0.07/bot 0.07)  rand_succ 0.21  ep_len  588.6  hazard_steps   4.5  approx_kl 0.0043  SPS 1095
[none] iter  95/366  step   778240  return  -1.251  success  0.11 (top 0.09/bot 0.07)  rand_succ 0.24  ep_len  587.5  hazard_steps   4.5  approx_kl 0.0101  SPS 1095
[none] iter  96/366  step   786432  return  -0.589  success  0.15 (top 0.11/bot 0.09)  rand_succ 0.27  ep_len  579.8  hazard_steps   4.3  approx_kl 0.0028  SPS 1094
[none] iter  97/366  step   794624  return  -0.589  success  0.16 (top 0.11/bot 0.10)  rand_succ 0.31  ep_len  578.1  hazard_steps   4.8  approx_kl 0.0057  SPS 1094
[none] iter  98/366  step   802816  return  -0.452  success  0.17 (top 0.11/bot 0.09)  rand_succ 0.32  ep_len  576.5  hazard_steps   5.2  approx_kl 0.0040  SPS 1093
[none] iter  99/366  step   811008  return  -0.068  success  0.20 (top 0.13/bot 0.10)  rand_succ 0.30  ep_len  572.5  hazard_steps   8.3  approx_kl 0.0052  SPS 1093
[none] iter 100/366  step   819200  return   0.010  success  0.21 (top 0.13/bot 0.11)  rand_succ 0.32  ep_len  570.9  hazard_steps   8.8  approx_kl 0.0062  SPS 1093
[none] iter 101/366  step   827392  return   0.075  success  0.21 (top 0.14/bot 0.11)  rand_succ 0.33  ep_len  568.6  hazard_steps   8.8  approx_kl 0.0029  SPS 1092
[none] iter 102/366  step   835584  return   0.320  success  0.22 (top 0.15/bot 0.12)  rand_succ 0.35  ep_len  567.1  hazard_steps   8.2  approx_kl 0.0055  SPS 1092
[none] iter 103/366  step   843776  return   0.755  success  0.25 (top 0.16/bot 0.14)  rand_succ 0.34  ep_len  561.2  hazard_steps   8.8  approx_kl 0.0044  SPS 1092
[none] iter 104/366  step   851968  return   1.180  success  0.28 (top 0.17/bot 0.16)  rand_succ 0.32  ep_len  555.6  hazard_steps  10.4  approx_kl 0.0102  SPS 1091
[none] iter 105/366  step   860160  return   2.051  success  0.34 (top 0.18/bot 0.20)  rand_succ 0.32  ep_len  548.7  hazard_steps  12.4  approx_kl 0.0055  SPS 1091
[none] iter 106/366  step   868352  return   2.074  success  0.34 (top 0.19/bot 0.21)  rand_succ 0.37  ep_len  546.1  hazard_steps  11.9  approx_kl 0.0031  SPS 1090
[none] iter 107/366  step   876544  return   2.285  success  0.35 (top 0.20/bot 0.24)  rand_succ 0.38  ep_len  546.2  hazard_steps  13.4  approx_kl 0.0045  SPS 1090
[none] iter 108/366  step   884736  return   2.696  success  0.38 (top 0.22/bot 0.26)  rand_succ 0.34  ep_len  541.0  hazard_steps  17.6  approx_kl 0.0049  SPS 1089
[none] iter 109/366  step   892928  return   2.611  success  0.38 (top 0.22/bot 0.28)  rand_succ 0.37  ep_len  539.2  hazard_steps  18.1  approx_kl 0.0061  SPS 1089
[none] iter 110/366  step   901120  return   2.532  success  0.37 (top 0.24/bot 0.28)  rand_succ 0.43  ep_len  541.9  hazard_steps  17.5  approx_kl 0.0037  SPS 1089
[none] iter 111/366  step   909312  return   2.546  success  0.37 (top 0.24/bot 0.30)  rand_succ 0.42  ep_len  540.9  hazard_steps  18.1  approx_kl 0.0064  SPS 1089
[none] iter 112/366  step   917504  return   3.391  success  0.42 (top 0.26/bot 0.35)  rand_succ 0.43  ep_len  529.5  hazard_steps  17.6  approx_kl 0.0053  SPS 1088
[none] iter 113/366  step   925696  return   3.196  success  0.40 (top 0.26/bot 0.35)  rand_succ 0.44  ep_len  530.6  hazard_steps  17.1  approx_kl 0.0060  SPS 1088
[none] iter 114/366  step   933888  return   3.204  success  0.41 (top 0.27/bot 0.35)  rand_succ 0.46  ep_len  529.0  hazard_steps  20.3  approx_kl 0.0088  SPS 1088
[none] iter 115/366  step   942080  return   3.498  success  0.44 (top 0.29/bot 0.39)  rand_succ 0.50  ep_len  523.0  hazard_steps  23.6  approx_kl 0.0050  SPS 1087
[none] iter 116/366  step   950272  return   3.273  success  0.42 (top 0.31/bot 0.40)  rand_succ 0.48  ep_len  525.6  hazard_steps  22.4  approx_kl 0.0036  SPS 1086
[none] iter 117/366  step   958464  return   3.095  success  0.39 (top 0.33/bot 0.40)  rand_succ 0.50  ep_len  527.1  hazard_steps  20.4  approx_kl 0.0069  SPS 1086
[none] iter 118/366  step   966656  return   3.404  success  0.40 (top 0.35/bot 0.41)  rand_succ 0.47  ep_len  525.0  hazard_steps  19.9  approx_kl 0.0046  SPS 1086
[none] iter 119/366  step   974848  return   3.762  success  0.43 (top 0.36/bot 0.47)  rand_succ 0.46  ep_len  511.7  hazard_steps  21.8  approx_kl 0.0052  SPS 1085
[none] iter 120/366  step   983040  return   4.010  success  0.43 (top 0.34/bot 0.47)  rand_succ 0.45  ep_len  511.7  hazard_steps  19.3  approx_kl 0.0051  SPS 1085
[none] iter 121/366  step   991232  return   4.517  success  0.46 (top 0.34/bot 0.49)  rand_succ 0.46  ep_len  501.4  hazard_steps  20.7  approx_kl 0.0048  SPS 1084
[none] iter 122/366  step   999424  return   4.102  success  0.43 (top 0.33/bot 0.51)  rand_succ 0.42  ep_len  505.0  hazard_steps  19.2  approx_kl 0.0068  SPS 1084
[none] iter 123/366  step  1007616  return   4.235  success  0.44 (top 0.32/bot 0.51)  rand_succ 0.46  ep_len  502.6  hazard_steps  19.6  approx_kl 0.0082  SPS 1084
[none] iter 124/366  step  1015808  return   4.132  success  0.44 (top 0.34/bot 0.52)  rand_succ 0.51  ep_len  502.7  hazard_steps  20.1  approx_kl 0.0060  SPS 1083
[none] iter 125/366  step  1024000  return   4.105  success  0.44 (top 0.34/bot 0.51)  rand_succ 0.51  ep_len  504.1  hazard_steps  17.1  approx_kl 0.0048  SPS 1083
[none] iter 126/366  step  1032192  return   4.188  success  0.44 (top 0.34/bot 0.51)  rand_succ 0.51  ep_len  502.4  hazard_steps  17.5  approx_kl 0.0052  SPS 1083
[none] iter 127/366  step  1040384  return   4.306  success  0.44 (top 0.35/bot 0.51)  rand_succ 0.51  ep_len  499.8  hazard_steps  15.7  approx_kl 0.0066  SPS 1082
[none] iter 128/366  step  1048576  return   4.960  success  0.48 (top 0.36/bot 0.52)  rand_succ 0.51  ep_len  489.2  hazard_steps  16.6  approx_kl 0.0069  SPS 1082
[none] iter 129/366  step  1056768  return   5.297  success  0.51 (top 0.36/bot 0.52)  rand_succ 0.55  ep_len  481.0  hazard_steps  18.9  approx_kl 0.0027  SPS 1081
[none] iter 130/366  step  1064960  return   5.504  success  0.52 (top 0.38/bot 0.53)  rand_succ 0.58  ep_len  477.2  hazard_steps  18.9  approx_kl 0.0048  SPS 1081
[none] iter 131/366  step  1073152  return   5.179  success  0.50 (top 0.38/bot 0.54)  rand_succ 0.58  ep_len  480.9  hazard_steps  17.6  approx_kl 0.0066  SPS 1080
[none] iter 132/366  step  1081344  return   5.573  success  0.53 (top 0.41/bot 0.56)  rand_succ 0.57  ep_len  475.6  hazard_steps  19.3  approx_kl 0.0042  SPS 1080
[none] iter 133/366  step  1089536  return   5.187  success  0.51 (top 0.41/bot 0.58)  rand_succ 0.55  ep_len  483.3  hazard_steps  18.3  approx_kl 0.0033  SPS 1079
[none] iter 134/366  step  1097728  return   5.516  success  0.53 (top 0.39/bot 0.58)  rand_succ 0.53  ep_len  478.5  hazard_steps  18.7  approx_kl 0.0062  SPS 1079
[none] iter 135/366  step  1105920  return   6.033  success  0.56 (top 0.41/bot 0.59)  rand_succ 0.52  ep_len  474.4  hazard_steps  19.1  approx_kl 0.0102  SPS 1079
[none] iter 136/366  step  1114112  return   6.362  success  0.58 (top 0.44/bot 0.59)  rand_succ 0.51  ep_len  470.9  hazard_steps  19.0  approx_kl 0.0070  SPS 1079
[none] iter 137/366  step  1122304  return   7.237  success  0.63 (top 0.44/bot 0.61)  rand_succ 0.53  ep_len  457.9  hazard_steps  20.9  approx_kl 0.0061  SPS 1079
[none] iter 138/366  step  1130496  return   6.981  success  0.62 (top 0.43/bot 0.63)  rand_succ 0.52  ep_len  460.0  hazard_steps  20.3  approx_kl 0.0129  SPS 1079
[none] iter 139/366  step  1138688  return   6.719  success  0.60 (top 0.42/bot 0.64)  rand_succ 0.51  ep_len  465.0  hazard_steps  18.7  approx_kl 0.0057  SPS 1078
[none] iter 140/366  step  1146880  return   5.987  success  0.55 (top 0.41/bot 0.65)  rand_succ 0.50  ep_len  476.7  hazard_steps  17.9  approx_kl 0.0060  SPS 1078
[none] iter 141/366  step  1155072  return   5.811  success  0.54 (top 0.40/bot 0.65)  rand_succ 0.50  ep_len  480.7  hazard_steps  16.9  approx_kl 0.0074  SPS 1078
[none] iter 142/366  step  1163264  return   6.431  success  0.58 (top 0.43/bot 0.68)  rand_succ 0.50  ep_len  474.7  hazard_steps  17.7  approx_kl 0.0036  SPS 1078
[none] iter 143/366  step  1171456  return   5.810  success  0.54 (top 0.43/bot 0.67)  rand_succ 0.49  ep_len  483.5  hazard_steps  16.6  approx_kl 0.0054  SPS 1077
[none] iter 144/366  step  1179648  return   6.710  success  0.59 (top 0.47/bot 0.67)  rand_succ 0.48  ep_len  476.0  hazard_steps  15.2  approx_kl 0.0073  SPS 1077
[none] iter 145/366  step  1187840  return   6.927  success  0.61 (top 0.47/bot 0.67)  rand_succ 0.50  ep_len  472.1  hazard_steps  16.3  approx_kl 0.0051  SPS 1076
[none] iter 146/366  step  1196032  return   6.286  success  0.58 (top 0.47/bot 0.67)  rand_succ 0.48  ep_len  478.6  hazard_steps  17.1  approx_kl 0.0111  SPS 1076
[none] iter 147/366  step  1204224  return   5.571  success  0.55 (top 0.47/bot 0.67)  rand_succ 0.47  ep_len  487.4  hazard_steps  18.1  approx_kl 0.0073  SPS 1076
[none] iter 148/366  step  1212416  return   5.614  success  0.54 (top 0.49/bot 0.68)  rand_succ 0.48  ep_len  490.1  hazard_steps  16.4  approx_kl 0.0036  SPS 1075
[none] iter 149/366  step  1220608  return   6.297  success  0.58 (top 0.50/bot 0.68)  rand_succ 0.50  ep_len  482.6  hazard_steps  17.3  approx_kl 0.0058  SPS 1075
[none] iter 150/366  step  1228800  return   6.439  success  0.59 (top 0.51/bot 0.69)  rand_succ 0.52  ep_len  483.5  hazard_steps  17.3  approx_kl 0.0063  SPS 1075
[none] iter 151/366  step  1236992  return   7.921  success  0.68 (top 0.52/bot 0.70)  rand_succ 0.53  ep_len  461.3  hazard_steps  19.0  approx_kl 0.0052  SPS 1074
[none] iter 152/366  step  1245184  return   7.506  success  0.66 (top 0.51/bot 0.70)  rand_succ 0.54  ep_len  463.2  hazard_steps  19.5  approx_kl 0.0037  SPS 1074
[none] iter 153/366  step  1253376  return   7.030  success  0.63 (top 0.52/bot 0.68)  rand_succ 0.54  ep_len  470.1  hazard_steps  18.9  approx_kl 0.0070  SPS 1074
[none] iter 154/366  step  1261568  return   7.137  success  0.64 (top 0.51/bot 0.68)  rand_succ 0.54  ep_len  466.3  hazard_steps  20.7  approx_kl 0.0033  SPS 1073
[none] iter 155/366  step  1269760  return   6.696  success  0.62 (top 0.51/bot 0.69)  rand_succ 0.59  ep_len  466.4  hazard_steps  21.0  approx_kl 0.0048  SPS 1073
[none] iter 156/366  step  1277952  return   7.092  success  0.63 (top 0.51/bot 0.69)  rand_succ 0.63  ep_len  464.3  hazard_steps  19.0  approx_kl 0.0075  SPS 1073
[none] iter 157/366  step  1286144  return   6.901  success  0.62 (top 0.51/bot 0.69)  rand_succ 0.66  ep_len  465.4  hazard_steps  19.5  approx_kl 0.0059  SPS 1073
[none] iter 158/366  step  1294336  return   7.411  success  0.65 (top 0.50/bot 0.69)  rand_succ 0.67  ep_len  456.8  hazard_steps  19.9  approx_kl 0.0106  SPS 1072
[none] iter 159/366  step  1302528  return   8.157  success  0.70 (top 0.53/bot 0.71)  rand_succ 0.66  ep_len  446.8  hazard_steps  20.4  approx_kl 0.0056  SPS 1072
[none] iter 160/366  step  1310720  return   8.002  success  0.70 (top 0.57/bot 0.74)  rand_succ 0.68  ep_len  442.0  hazard_steps  21.6  approx_kl 0.0059  SPS 1072
[none] iter 161/366  step  1318912  return   7.489  success  0.67 (top 0.57/bot 0.73)  rand_succ 0.69  ep_len  447.2  hazard_steps  21.2  approx_kl 0.0034  SPS 1071
[none] iter 162/366  step  1327104  return   6.972  success  0.64 (top 0.57/bot 0.72)  rand_succ 0.72  ep_len  457.1  hazard_steps  20.4  approx_kl 0.0057  SPS 1071
[none] iter 163/366  step  1335296  return   7.441  success  0.67 (top 0.58/bot 0.74)  rand_succ 0.69  ep_len  447.6  hazard_steps  22.4  approx_kl 0.0055  SPS 1071
[none] iter 164/366  step  1343488  return   7.980  success  0.69 (top 0.56/bot 0.74)  rand_succ 0.71  ep_len  440.8  hazard_steps  21.5  approx_kl 0.0062  SPS 1071
[none] iter 165/366  step  1351680  return   8.533  success  0.72 (top 0.58/bot 0.75)  rand_succ 0.70  ep_len  435.1  hazard_steps  21.4  approx_kl 0.0124  SPS 1071
[none] iter 166/366  step  1359872  return   8.019  success  0.68 (top 0.56/bot 0.75)  rand_succ 0.67  ep_len  444.7  hazard_steps  19.8  approx_kl 0.0065  SPS 1070
[none] iter 167/366  step  1368064  return   8.375  success  0.70 (top 0.55/bot 0.76)  rand_succ 0.66  ep_len  441.7  hazard_steps  20.2  approx_kl 0.0071  SPS 1070
[none] iter 168/366  step  1376256  return   8.410  success  0.70 (top 0.55/bot 0.80)  rand_succ 0.66  ep_len  443.4  hazard_steps  19.8  approx_kl 0.0054  SPS 1070
[none] iter 169/366  step  1384448  return   7.911  success  0.68 (top 0.56/bot 0.80)  rand_succ 0.68  ep_len  448.7  hazard_steps  20.2  approx_kl 0.0040  SPS 1069
[none] iter 170/366  step  1392640  return   7.879  success  0.68 (top 0.57/bot 0.80)  rand_succ 0.68  ep_len  447.8  hazard_steps  20.5  approx_kl 0.0028  SPS 1069
[none] iter 171/366  step  1400832  return   7.289  success  0.66 (top 0.55/bot 0.77)  rand_succ 0.65  ep_len  454.0  hazard_steps  24.3  approx_kl 0.0017  SPS 1069
[none] iter 172/366  step  1409024  return   7.168  success  0.65 (top 0.55/bot 0.76)  rand_succ 0.67  ep_len  458.5  hazard_steps  23.3  approx_kl 0.0037  SPS 1068
[none] iter 173/366  step  1417216  return   8.176  success  0.71 (top 0.57/bot 0.79)  rand_succ 0.68  ep_len  443.9  hazard_steps  24.0  approx_kl 0.0045  SPS 1068
[none] iter 174/366  step  1425408  return   7.617  success  0.68 (top 0.57/bot 0.78)  rand_succ 0.70  ep_len  451.5  hazard_steps  22.6  approx_kl 0.0036  SPS 1068
[none] iter 175/366  step  1433600  return   7.701  success  0.69 (top 0.56/bot 0.78)  rand_succ 0.74  ep_len  451.9  hazard_steps  22.0  approx_kl 0.0047  SPS 1068
[none] iter 176/366  step  1441792  return   7.533  success  0.69 (top 0.59/bot 0.76)  rand_succ 0.76  ep_len  450.9  hazard_steps  23.4  approx_kl 0.0029  SPS 1067
[none] iter 177/366  step  1449984  return   7.598  success  0.70 (top 0.61/bot 0.76)  rand_succ 0.79  ep_len  450.5  hazard_steps  23.1  approx_kl 0.0048  SPS 1067
[none] iter 178/366  step  1458176  return   7.091  success  0.67 (top 0.63/bot 0.73)  rand_succ 0.79  ep_len  457.9  hazard_steps  21.5  approx_kl 0.0041  SPS 1067
[none] iter 179/366  step  1466368  return   6.882  success  0.65 (top 0.64/bot 0.71)  rand_succ 0.82  ep_len  460.4  hazard_steps  20.0  approx_kl 0.0049  SPS 1066
[none] iter 180/366  step  1474560  return   7.143  success  0.67 (top 0.65/bot 0.71)  rand_succ 0.84  ep_len  452.4  hazard_steps  22.8  approx_kl 0.0060  SPS 1066
[none] iter 181/366  step  1482752  return   6.637  success  0.65 (top 0.64/bot 0.70)  rand_succ 0.82  ep_len  459.3  hazard_steps  24.3  approx_kl 0.0044  SPS 1066
[none] iter 182/366  step  1490944  return   7.138  success  0.67 (top 0.63/bot 0.69)  rand_succ 0.83  ep_len  455.2  hazard_steps  22.7  approx_kl 0.0056  SPS 1065
[none] iter 183/366  step  1499136  return   6.971  success  0.66 (top 0.65/bot 0.69)  rand_succ 0.82  ep_len  455.0  hazard_steps  23.3  approx_kl 0.0050  SPS 1065
[none] iter 184/366  step  1507328  return   7.408  success  0.68 (top 0.68/bot 0.70)  rand_succ 0.82  ep_len  449.6  hazard_steps  25.1  approx_kl 0.0058  SPS 1064
[none] iter 185/366  step  1515520  return   7.400  success  0.69 (top 0.68/bot 0.69)  rand_succ 0.84  ep_len  448.2  hazard_steps  27.5  approx_kl 0.0025  SPS 1064
[none] iter 186/366  step  1523712  return   7.915  success  0.72 (top 0.73/bot 0.70)  rand_succ 0.84  ep_len  440.3  hazard_steps  29.3  approx_kl 0.0044  SPS 1064
[none] iter 187/366  step  1531904  return   8.424  success  0.75 (top 0.75/bot 0.70)  rand_succ 0.83  ep_len  431.4  hazard_steps  31.7  approx_kl 0.0037  SPS 1064
[none] iter 188/366  step  1540096  return   8.724  success  0.77 (top 0.78/bot 0.69)  rand_succ 0.84  ep_len  425.6  hazard_steps  32.1  approx_kl 0.0044  SPS 1064
[none] iter 189/366  step  1548288  return   9.507  success  0.80 (top 0.77/bot 0.70)  rand_succ 0.83  ep_len  417.9  hazard_steps  29.7  approx_kl 0.0028  SPS 1063
[none] iter 190/366  step  1556480  return   9.672  success  0.81 (top 0.77/bot 0.70)  rand_succ 0.84  ep_len  415.6  hazard_steps  29.3  approx_kl 0.0063  SPS 1063
[none] iter 191/366  step  1564672  return   9.835  success  0.82 (top 0.78/bot 0.71)  rand_succ 0.85  ep_len  413.6  hazard_steps  29.2  approx_kl 0.0029  SPS 1063
[none] iter 192/366  step  1572864  return   9.431  success  0.80 (top 0.78/bot 0.68)  rand_succ 0.85  ep_len  423.9  hazard_steps  29.0  approx_kl 0.0049  SPS 1063
[none] iter 193/366  step  1581056  return   9.406  success  0.80 (top 0.78/bot 0.68)  rand_succ 0.87  ep_len  425.1  hazard_steps  28.7  approx_kl 0.0081  SPS 1062
[none] iter 194/366  step  1589248  return   9.038  success  0.77 (top 0.78/bot 0.68)  rand_succ 0.85  ep_len  426.8  hazard_steps  25.9  approx_kl 0.0057  SPS 1062
[none] iter 195/366  step  1597440  return   9.223  success  0.78 (top 0.81/bot 0.68)  rand_succ 0.87  ep_len  422.3  hazard_steps  26.3  approx_kl 0.0066  SPS 1062
[none] iter 196/366  step  1605632  return   8.948  success  0.77 (top 0.81/bot 0.70)  rand_succ 0.88  ep_len  423.8  hazard_steps  27.5  approx_kl 0.0079  SPS 1062
[none] iter 197/366  step  1613824  return   8.806  success  0.76 (top 0.81/bot 0.73)  rand_succ 0.88  ep_len  429.3  hazard_steps  25.8  approx_kl 0.0079  SPS 1062
[none] iter 198/366  step  1622016  return   8.407  success  0.74 (top 0.80/bot 0.73)  rand_succ 0.87  ep_len  430.7  hazard_steps  26.0  approx_kl 0.0062  SPS 1062
[none] iter 199/366  step  1630208  return   8.315  success  0.73 (top 0.81/bot 0.73)  rand_succ 0.88  ep_len  432.4  hazard_steps  25.9  approx_kl 0.0039  SPS 1061
[none] iter 200/366  step  1638400  return   8.977  success  0.76 (top 0.83/bot 0.74)  rand_succ 0.89  ep_len  421.4  hazard_steps  24.7  approx_kl 0.0049  SPS 1061
[none] iter 201/366  step  1646592  return   9.451  success  0.78 (top 0.83/bot 0.75)  rand_succ 0.86  ep_len  413.3  hazard_steps  23.6  approx_kl 0.0052  SPS 1061
[none] iter 202/366  step  1654784  return  10.301  success  0.82 (top 0.84/bot 0.76)  rand_succ 0.86  ep_len  402.1  hazard_steps  23.0  approx_kl 0.0048  SPS 1061
[none] iter 203/366  step  1662976  return  10.353  success  0.82 (top 0.82/bot 0.76)  rand_succ 0.89  ep_len  402.5  hazard_steps  22.8  approx_kl 0.0065  SPS 1061
[none] iter 204/366  step  1671168  return   9.880  success  0.80 (top 0.84/bot 0.74)  rand_succ 0.89  ep_len  407.2  hazard_steps  23.1  approx_kl 0.0048  SPS 1061
[none] iter 205/366  step  1679360  return   9.986  success  0.80 (top 0.85/bot 0.74)  rand_succ 0.89  ep_len  404.4  hazard_steps  20.7  approx_kl 0.0026  SPS 1060
[none] iter 206/366  step  1687552  return   9.908  success  0.79 (top 0.82/bot 0.74)  rand_succ 0.90  ep_len  407.6  hazard_steps  18.5  approx_kl 0.0067  SPS 1060
[none] iter 207/366  step  1695744  return  10.275  success  0.82 (top 0.81/bot 0.73)  rand_succ 0.92  ep_len  401.1  hazard_steps  19.2  approx_kl 0.0059  SPS 1060
[none] iter 208/366  step  1703936  return   9.712  success  0.80 (top 0.82/bot 0.73)  rand_succ 0.89  ep_len  407.6  hazard_steps  21.0  approx_kl 0.0032  SPS 1059
[none] iter 209/366  step  1712128  return   8.979  success  0.77 (top 0.81/bot 0.73)  rand_succ 0.85  ep_len  416.2  hazard_steps  22.4  approx_kl 0.0066  SPS 1059
[none] iter 210/366  step  1720320  return   8.653  success  0.76 (top 0.81/bot 0.74)  rand_succ 0.88  ep_len  417.2  hazard_steps  23.7  approx_kl 0.0029  SPS 1059
[none] iter 211/366  step  1728512  return   8.021  success  0.73 (top 0.81/bot 0.73)  rand_succ 0.87  ep_len  425.0  hazard_steps  22.5  approx_kl 0.0058  SPS 1059
[none] iter 212/366  step  1736704  return   7.969  success  0.72 (top 0.81/bot 0.72)  rand_succ 0.86  ep_len  427.3  hazard_steps  22.5  approx_kl 0.0052  SPS 1059
[none] iter 213/366  step  1744896  return   8.418  success  0.74 (top 0.82/bot 0.72)  rand_succ 0.83  ep_len  426.4  hazard_steps  21.9  approx_kl 0.0042  SPS 1059
[none] iter 214/366  step  1753088  return   8.980  success  0.76 (top 0.84/bot 0.73)  rand_succ 0.81  ep_len  422.9  hazard_steps  21.1  approx_kl 0.0023  SPS 1059
[none] iter 215/366  step  1761280  return   8.581  success  0.74 (top 0.84/bot 0.71)  rand_succ 0.77  ep_len  424.9  hazard_steps  22.0  approx_kl 0.0043  SPS 1058
[none] iter 216/366  step  1769472  return   9.626  success  0.79 (top 0.85/bot 0.74)  rand_succ 0.73  ep_len  413.2  hazard_steps  22.9  approx_kl 0.0028  SPS 1058
[none] iter 217/366  step  1777664  return   9.699  success  0.79 (top 0.86/bot 0.74)  rand_succ 0.78  ep_len  409.1  hazard_steps  22.2  approx_kl 0.0045  SPS 1058
[none] iter 218/366  step  1785856  return   9.966  success  0.80 (top 0.86/bot 0.74)  rand_succ 0.80  ep_len  405.7  hazard_steps  21.6  approx_kl 0.0044  SPS 1058
[none] iter 219/366  step  1794048  return  10.520  success  0.82 (top 0.86/bot 0.72)  rand_succ 0.80  ep_len  400.7  hazard_steps  19.8  approx_kl 0.0045  SPS 1058
[none] iter 220/366  step  1802240  return  10.935  success  0.83 (top 0.86/bot 0.72)  rand_succ 0.82  ep_len  399.2  hazard_steps  18.5  approx_kl 0.0053  SPS 1057
[none] iter 221/366  step  1810432  return  11.365  success  0.86 (top 0.86/bot 0.73)  rand_succ 0.83  ep_len  392.5  hazard_steps  20.0  approx_kl 0.0042  SPS 1057
[none] iter 222/366  step  1818624  return  10.931  success  0.83 (top 0.85/bot 0.73)  rand_succ 0.86  ep_len  401.6  hazard_steps  17.6  approx_kl 0.0032  SPS 1057
[none] iter 223/366  step  1826816  return  10.516  success  0.81 (top 0.86/bot 0.71)  rand_succ 0.86  ep_len  406.0  hazard_steps  17.6  approx_kl 0.0026  SPS 1057
[none] iter 224/366  step  1835008  return   9.938  success  0.78 (top 0.85/bot 0.71)  rand_succ 0.86  ep_len  415.2  hazard_steps  16.3  approx_kl 0.0025  SPS 1057
[none] iter 225/366  step  1843200  return   9.902  success  0.79 (top 0.84/bot 0.72)  rand_succ 0.82  ep_len  410.8  hazard_steps  17.6  approx_kl 0.0058  SPS 1056
[none] iter 226/366  step  1851392  return   9.024  success  0.76 (top 0.81/bot 0.71)  rand_succ 0.80  ep_len  415.7  hazard_steps  20.0  approx_kl 0.0026  SPS 1056
[none] iter 227/366  step  1859584  return   7.879  success  0.71 (top 0.79/bot 0.75)  rand_succ 0.79  ep_len  434.1  hazard_steps  19.4  approx_kl 0.0060  SPS 1056
[none] iter 228/366  step  1867776  return   8.281  success  0.73 (top 0.79/bot 0.76)  rand_succ 0.77  ep_len  429.0  hazard_steps  19.5  approx_kl 0.0048  SPS 1056
[none] iter 229/366  step  1875968  return   8.149  success  0.72 (top 0.80/bot 0.77)  rand_succ 0.77  ep_len  434.2  hazard_steps  18.6  approx_kl 0.0049  SPS 1056
[none] iter 230/366  step  1884160  return   7.479  success  0.69 (top 0.80/bot 0.74)  rand_succ 0.75  ep_len  440.6  hazard_steps  18.8  approx_kl 0.0035  SPS 1056
[none] iter 231/366  step  1892352  return   6.316  success  0.64 (top 0.78/bot 0.71)  rand_succ 0.76  ep_len  450.7  hazard_steps  20.6  approx_kl 0.0043  SPS 1055
[none] iter 232/366  step  1900544  return   6.341  success  0.64 (top 0.78/bot 0.70)  rand_succ 0.75  ep_len  446.9  hazard_steps  20.6  approx_kl 0.0021  SPS 1055
[none] iter 233/366  step  1908736  return   6.416  success  0.65 (top 0.77/bot 0.70)  rand_succ 0.76  ep_len  442.6  hazard_steps  21.7  approx_kl 0.0064  SPS 1055
[none] iter 234/366  step  1916928  return   6.350  success  0.64 (top 0.78/bot 0.68)  rand_succ 0.78  ep_len  443.7  hazard_steps  21.2  approx_kl 0.0045  SPS 1055
[none] iter 235/366  step  1925120  return   6.602  success  0.65 (top 0.78/bot 0.68)  rand_succ 0.73  ep_len  444.8  hazard_steps  20.3  approx_kl 0.0041  SPS 1055
[none] iter 236/366  step  1933312  return   7.602  success  0.69 (top 0.77/bot 0.69)  rand_succ 0.74  ep_len  433.7  hazard_steps  18.3  approx_kl 0.0036  SPS 1055
[none] iter 237/366  step  1941504  return   7.624  success  0.68 (top 0.76/bot 0.66)  rand_succ 0.73  ep_len  433.6  hazard_steps  16.7  approx_kl 0.0039  SPS 1054
[none] iter 238/366  step  1949696  return   7.374  success  0.67 (top 0.76/bot 0.65)  rand_succ 0.74  ep_len  439.9  hazard_steps  18.4  approx_kl 0.0045  SPS 1054
[none] iter 239/366  step  1957888  return   7.630  success  0.69 (top 0.76/bot 0.65)  rand_succ 0.76  ep_len  434.5  hazard_steps  20.3  approx_kl 0.0046  SPS 1054
[none] iter 240/366  step  1966080  return   8.178  success  0.73 (top 0.77/bot 0.66)  rand_succ 0.75  ep_len  421.4  hazard_steps  22.8  approx_kl 0.0028  SPS 1054
[none] iter 241/366  step  1974272  return   9.001  success  0.76 (top 0.76/bot 0.67)  rand_succ 0.72  ep_len  414.4  hazard_steps  20.5  approx_kl 0.0033  SPS 1054
[none] iter 242/366  step  1982464  return   9.341  success  0.78 (top 0.76/bot 0.66)  rand_succ 0.73  ep_len  412.0  hazard_steps  21.2  approx_kl 0.0052  SPS 1054
[none] iter 243/366  step  1990656  return   9.446  success  0.77 (top 0.75/bot 0.64)  rand_succ 0.76  ep_len  413.1  hazard_steps  19.9  approx_kl 0.0025  SPS 1053
[none] iter 244/366  step  1998848  return   9.099  success  0.75 (top 0.75/bot 0.64)  rand_succ 0.80  ep_len  419.0  hazard_steps  19.4  approx_kl 0.0035  SPS 1053
[none] iter 245/366  step  2007040  return   8.136  success  0.71 (top 0.73/bot 0.64)  rand_succ 0.79  ep_len  427.4  hazard_steps  22.2  approx_kl 0.0058  SPS 1053
[none] iter 246/366  step  2015232  return   8.175  success  0.71 (top 0.74/bot 0.63)  rand_succ 0.79  ep_len  427.9  hazard_steps  22.2  approx_kl 0.0044  SPS 1053
[none] iter 247/366  step  2023424  return   8.312  success  0.71 (top 0.76/bot 0.63)  rand_succ 0.76  ep_len  431.1  hazard_steps  21.7  approx_kl 0.0033  SPS 1053
[none] iter 248/366  step  2031616  return   9.065  success  0.74 (top 0.78/bot 0.65)  rand_succ 0.74  ep_len  418.5  hazard_steps  21.6  approx_kl 0.0030  SPS 1053
[none] iter 249/366  step  2039808  return   8.161  success  0.70 (top 0.76/bot 0.65)  rand_succ 0.75  ep_len  433.9  hazard_steps  24.8  approx_kl 0.0038  SPS 1053
[none] iter 250/366  step  2048000  return   7.726  success  0.68 (top 0.77/bot 0.68)  rand_succ 0.74  ep_len  447.4  hazard_steps  22.4  approx_kl 0.0049  SPS 1053
[none] iter 251/366  step  2056192  return   7.305  success  0.67 (top 0.75/bot 0.69)  rand_succ 0.78  ep_len  446.6  hazard_steps  23.7  approx_kl 0.0027  SPS 1053
[none] iter 252/366  step  2064384  return   7.162  success  0.66 (top 0.76/bot 0.68)  rand_succ 0.77  ep_len  448.2  hazard_steps  23.3  approx_kl 0.0049  SPS 1052
[none] iter 253/366  step  2072576  return   7.054  success  0.67 (top 0.75/bot 0.67)  rand_succ 0.79  ep_len  449.0  hazard_steps  26.5  approx_kl 0.0032  SPS 1052
[none] iter 254/366  step  2080768  return   7.154  success  0.69 (top 0.73/bot 0.67)  rand_succ 0.75  ep_len  443.4  hazard_steps  29.8  approx_kl 0.0039  SPS 1052
[none] iter 255/366  step  2088960  return   7.375  success  0.71 (top 0.74/bot 0.67)  rand_succ 0.79  ep_len  435.0  hazard_steps  31.6  approx_kl 0.0033  SPS 1052
[none] iter 256/366  step  2097152  return   7.670  success  0.73 (top 0.73/bot 0.70)  rand_succ 0.81  ep_len  429.9  hazard_steps  30.5  approx_kl 0.0032  SPS 1052
[none] iter 257/366  step  2105344  return   8.186  success  0.75 (top 0.73/bot 0.73)  rand_succ 0.84  ep_len  425.1  hazard_steps  30.1  approx_kl 0.0041  SPS 1051
[none] iter 258/366  step  2113536  return   9.282  success  0.79 (top 0.73/bot 0.74)  rand_succ 0.84  ep_len  406.0  hazard_steps  27.0  approx_kl 0.0041  SPS 1051
[none] iter 259/366  step  2121728  return   9.506  success  0.80 (top 0.72/bot 0.75)  rand_succ 0.82  ep_len  404.6  hazard_steps  26.1  approx_kl 0.0036  SPS 1051
[none] iter 260/366  step  2129920  return   9.800  success  0.82 (top 0.72/bot 0.77)  rand_succ 0.81  ep_len  402.1  hazard_steps  26.8  approx_kl 0.0068  SPS 1051
[none] iter 261/366  step  2138112  return  10.399  success  0.84 (top 0.73/bot 0.77)  rand_succ 0.82  ep_len  398.3  hazard_steps  25.9  approx_kl 0.0038  SPS 1051
[none] iter 262/366  step  2146304  return  10.876  success  0.86 (top 0.73/bot 0.80)  rand_succ 0.85  ep_len  393.4  hazard_steps  23.1  approx_kl 0.0036  SPS 1050
[none] iter 263/366  step  2154496  return  10.610  success  0.85 (top 0.74/bot 0.79)  rand_succ 0.85  ep_len  392.9  hazard_steps  26.4  approx_kl 0.0024  SPS 1050
[none] iter 264/366  step  2162688  return  11.216  success  0.86 (top 0.77/bot 0.78)  rand_succ 0.83  ep_len  388.6  hazard_steps  21.2  approx_kl 0.0037  SPS 1050
[none] iter 265/366  step  2170880  return  10.947  success  0.85 (top 0.78/bot 0.78)  rand_succ 0.80  ep_len  391.4  hazard_steps  21.5  approx_kl 0.0049  SPS 1050
[none] iter 266/366  step  2179072  return  10.515  success  0.82 (top 0.77/bot 0.77)  rand_succ 0.80  ep_len  398.3  hazard_steps  20.6  approx_kl 0.0039  SPS 1050
[none] iter 267/366  step  2187264  return   9.803  success  0.78 (top 0.75/bot 0.77)  rand_succ 0.78  ep_len  407.7  hazard_steps  19.8  approx_kl 0.0048  SPS 1050
[none] iter 268/366  step  2195456  return   9.032  success  0.75 (top 0.75/bot 0.77)  rand_succ 0.82  ep_len  416.3  hazard_steps  19.8  approx_kl 0.0040  SPS 1050
[none] iter 269/366  step  2203648  return   8.674  success  0.72 (top 0.77/bot 0.79)  rand_succ 0.81  ep_len  421.2  hazard_steps  19.7  approx_kl 0.0048  SPS 1050
[none] iter 270/366  step  2211840  return   8.646  success  0.72 (top 0.76/bot 0.81)  rand_succ 0.79  ep_len  419.8  hazard_steps  20.6  approx_kl 0.0020  SPS 1050
[none] iter 271/366  step  2220032  return   8.506  success  0.72 (top 0.76/bot 0.82)  rand_succ 0.75  ep_len  419.3  hazard_steps  24.9  approx_kl 0.0020  SPS 1049
[none] iter 272/366  step  2228224  return   8.999  success  0.74 (top 0.76/bot 0.83)  rand_succ 0.74  ep_len  415.3  hazard_steps  22.9  approx_kl 0.0027  SPS 1050
[none] iter 273/366  step  2236416  return   8.828  success  0.74 (top 0.75/bot 0.82)  rand_succ 0.73  ep_len  414.7  hazard_steps  25.8  approx_kl 0.0064  SPS 1049
[none] iter 274/366  step  2244608  return   7.658  success  0.68 (top 0.72/bot 0.81)  rand_succ 0.75  ep_len  427.4  hazard_steps  25.4  approx_kl 0.0029  SPS 1049
[none] iter 275/366  step  2252800  return   7.996  success  0.70 (top 0.72/bot 0.81)  rand_succ 0.77  ep_len  421.3  hazard_steps  26.0  approx_kl 0.0026  SPS 1049
[none] iter 276/366  step  2260992  return   8.000  success  0.71 (top 0.71/bot 0.80)  rand_succ 0.78  ep_len  417.9  hazard_steps  26.5  approx_kl 0.0017  SPS 1049
[none] iter 277/366  step  2269184  return   7.964  success  0.70 (top 0.69/bot 0.78)  rand_succ 0.80  ep_len  420.8  hazard_steps  25.7  approx_kl 0.0025  SPS 1049
[none] iter 278/366  step  2277376  return   8.680  success  0.73 (top 0.69/bot 0.77)  rand_succ 0.79  ep_len  418.9  hazard_steps  23.8  approx_kl 0.0037  SPS 1049
[none] iter 279/366  step  2285568  return   8.434  success  0.72 (top 0.70/bot 0.76)  rand_succ 0.81  ep_len  420.1  hazard_steps  23.4  approx_kl 0.0026  SPS 1049
[none] iter 280/366  step  2293760  return   8.701  success  0.73 (top 0.69/bot 0.76)  rand_succ 0.85  ep_len  419.0  hazard_steps  19.6  approx_kl 0.0025  SPS 1049
[none] iter 281/366  step  2301952  return   8.504  success  0.72 (top 0.67/bot 0.77)  rand_succ 0.87  ep_len  420.3  hazard_steps  17.8  approx_kl 0.0031  SPS 1049
[none] iter 282/366  step  2310144  return   9.698  success  0.78 (top 0.66/bot 0.79)  rand_succ 0.86  ep_len  405.1  hazard_steps  16.0  approx_kl 0.0046  SPS 1049
[none] iter 283/366  step  2318336  return   9.265  success  0.76 (top 0.67/bot 0.79)  rand_succ 0.88  ep_len  413.7  hazard_steps  18.2  approx_kl 0.0039  SPS 1049
[none] iter 284/366  step  2326528  return  10.497  success  0.82 (top 0.73/bot 0.81)  rand_succ 0.87  ep_len  401.3  hazard_steps  18.1  approx_kl 0.0029  SPS 1049
[none] iter 285/366  step  2334720  return   9.722  success  0.80 (top 0.71/bot 0.81)  rand_succ 0.87  ep_len  406.1  hazard_steps  22.7  approx_kl 0.0027  SPS 1049
[none] iter 286/366  step  2342912  return   9.589  success  0.80 (top 0.71/bot 0.80)  rand_succ 0.85  ep_len  402.6  hazard_steps  23.6  approx_kl 0.0062  SPS 1049
[none] iter 287/366  step  2351104  return   9.719  success  0.80 (top 0.71/bot 0.83)  rand_succ 0.84  ep_len  397.4  hazard_steps  23.6  approx_kl 0.0037  SPS 1048
[none] iter 288/366  step  2359296  return   9.346  success  0.77 (top 0.72/bot 0.79)  rand_succ 0.86  ep_len  401.7  hazard_steps  22.6  approx_kl 0.0033  SPS 1048
[none] iter 289/366  step  2367488  return   8.816  success  0.74 (top 0.75/bot 0.77)  rand_succ 0.87  ep_len  415.9  hazard_steps  21.0  approx_kl 0.0035  SPS 1048
[none] iter 290/366  step  2375680  return   9.117  success  0.75 (top 0.74/bot 0.79)  rand_succ 0.84  ep_len  417.1  hazard_steps  20.6  approx_kl 0.0048  SPS 1048
[none] iter 291/366  step  2383872  return   9.174  success  0.76 (top 0.75/bot 0.78)  rand_succ 0.84  ep_len  423.9  hazard_steps  21.1  approx_kl 0.0033  SPS 1048
[none] iter 292/366  step  2392064  return   8.749  success  0.74 (top 0.78/bot 0.77)  rand_succ 0.84  ep_len  423.8  hazard_steps  19.6  approx_kl 0.0032  SPS 1048
[none] iter 293/366  step  2400256  return   9.528  success  0.76 (top 0.76/bot 0.78)  rand_succ 0.83  ep_len  422.1  hazard_steps  16.0  approx_kl 0.0021  SPS 1048
[none] iter 294/366  step  2408448  return   9.722  success  0.78 (top 0.76/bot 0.81)  rand_succ 0.83  ep_len  413.1  hazard_steps  18.0  approx_kl 0.0038  SPS 1048
[none] iter 295/366  step  2416640  return   9.432  success  0.76 (top 0.75/bot 0.80)  rand_succ 0.84  ep_len  416.4  hazard_steps  18.0  approx_kl 0.0014  SPS 1048
[none] iter 296/366  step  2424832  return   9.186  success  0.75 (top 0.74/bot 0.80)  rand_succ 0.84  ep_len  417.6  hazard_steps  18.8  approx_kl 0.0035  SPS 1047
[none] iter 297/366  step  2433024  return  10.210  success  0.81 (top 0.75/bot 0.79)  rand_succ 0.83  ep_len  393.6  hazard_steps  21.4  approx_kl 0.0034  SPS 1047
[none] iter 298/366  step  2441216  return  10.188  success  0.80 (top 0.75/bot 0.80)  rand_succ 0.75  ep_len  395.1  hazard_steps  20.6  approx_kl 0.0045  SPS 1047
[none] iter 299/366  step  2449408  return  10.159  success  0.80 (top 0.74/bot 0.81)  rand_succ 0.75  ep_len  388.5  hazard_steps  22.2  approx_kl 0.0020  SPS 1047
[none] iter 300/366  step  2457600  return  10.873  success  0.82 (top 0.73/bot 0.82)  rand_succ 0.73  ep_len  376.9  hazard_steps  20.7  approx_kl 0.0032  SPS 1047
[none] iter 301/366  step  2465792  return  10.897  success  0.82 (top 0.73/bot 0.82)  rand_succ 0.74  ep_len  375.0  hazard_steps  21.0  approx_kl 0.0027  SPS 1047
[none] iter 302/366  step  2473984  return  10.265  success  0.79 (top 0.73/bot 0.82)  rand_succ 0.76  ep_len  381.5  hazard_steps  22.1  approx_kl 0.0029  SPS 1047
[none] iter 303/366  step  2482176  return  10.235  success  0.79 (top 0.72/bot 0.84)  rand_succ 0.74  ep_len  382.6  hazard_steps  22.5  approx_kl 0.0036  SPS 1047
[none] iter 304/366  step  2490368  return  10.312  success  0.79 (top 0.70/bot 0.88)  rand_succ 0.75  ep_len  382.4  hazard_steps  22.6  approx_kl 0.0035  SPS 1047
[none] iter 305/366  step  2498560  return  10.060  success  0.77 (top 0.68/bot 0.88)  rand_succ 0.74  ep_len  387.2  hazard_steps  21.8  approx_kl 0.0036  SPS 1047
[none] iter 306/366  step  2506752  return   9.571  success  0.74 (top 0.67/bot 0.87)  rand_succ 0.74  ep_len  396.6  hazard_steps  21.3  approx_kl 0.0048  SPS 1047
[none] iter 307/366  step  2514944  return   9.357  success  0.73 (top 0.66/bot 0.88)  rand_succ 0.78  ep_len  394.8  hazard_steps  22.1  approx_kl 0.0038  SPS 1047
[none] iter 308/366  step  2523136  return   9.405  success  0.73 (top 0.67/bot 0.87)  rand_succ 0.79  ep_len  390.2  hazard_steps  22.1  approx_kl 0.0022  SPS 1046
[none] iter 309/366  step  2531328  return   9.423  success  0.74 (top 0.67/bot 0.87)  rand_succ 0.77  ep_len  387.0  hazard_steps  23.8  approx_kl 0.0040  SPS 1046
[none] iter 310/366  step  2539520  return   9.892  success  0.75 (top 0.68/bot 0.87)  rand_succ 0.78  ep_len  385.4  hazard_steps  20.0  approx_kl 0.0039  SPS 1046
[none] iter 311/366  step  2547712  return   9.916  success  0.75 (top 0.68/bot 0.87)  rand_succ 0.77  ep_len  383.7  hazard_steps  20.3  approx_kl 0.0050  SPS 1046
[none] iter 312/366  step  2555904  return   9.858  success  0.74 (top 0.68/bot 0.85)  rand_succ 0.75  ep_len  385.7  hazard_steps  18.6  approx_kl 0.0029  SPS 1046
[none] iter 313/366  step  2564096  return   9.935  success  0.74 (top 0.67/bot 0.86)  rand_succ 0.73  ep_len  387.8  hazard_steps  17.4  approx_kl 0.0055  SPS 1046
[none] iter 314/366  step  2572288  return  10.181  success  0.76 (top 0.67/bot 0.87)  rand_succ 0.72  ep_len  382.8  hazard_steps  18.2  approx_kl 0.0038  SPS 1046
[none] iter 315/366  step  2580480  return  10.679  success  0.79 (top 0.66/bot 0.87)  rand_succ 0.75  ep_len  379.0  hazard_steps  18.4  approx_kl 0.0026  SPS 1046
[none] iter 316/366  step  2588672  return  10.704  success  0.79 (top 0.65/bot 0.87)  rand_succ 0.76  ep_len  382.4  hazard_steps  17.6  approx_kl 0.0055  SPS 1046
[none] iter 317/366  step  2596864  return  10.591  success  0.79 (top 0.67/bot 0.85)  rand_succ 0.81  ep_len  388.4  hazard_steps  17.2  approx_kl 0.0050  SPS 1046
[none] iter 318/366  step  2605056  return  10.429  success  0.78 (top 0.67/bot 0.85)  rand_succ 0.78  ep_len  390.4  hazard_steps  16.8  approx_kl 0.0055  SPS 1046
[none] iter 319/366  step  2613248  return  10.147  success  0.78 (top 0.67/bot 0.85)  rand_succ 0.80  ep_len  393.3  hazard_steps  17.6  approx_kl 0.0050  SPS 1045
[none] iter 320/366  step  2621440  return  10.325  success  0.79 (top 0.72/bot 0.84)  rand_succ 0.83  ep_len  394.2  hazard_steps  16.6  approx_kl 0.0026  SPS 1045
[none] iter 321/366  step  2629632  return  10.284  success  0.79 (top 0.72/bot 0.83)  rand_succ 0.87  ep_len  398.8  hazard_steps  16.5  approx_kl 0.0040  SPS 1045
[none] iter 322/366  step  2637824  return  10.252  success  0.80 (top 0.73/bot 0.82)  rand_succ 0.86  ep_len  399.4  hazard_steps  18.3  approx_kl 0.0044  SPS 1045
[none] iter 323/366  step  2646016  return  10.720  success  0.82 (top 0.78/bot 0.82)  rand_succ 0.85  ep_len  395.9  hazard_steps  16.6  approx_kl 0.0027  SPS 1045
[none] iter 324/366  step  2654208  return  10.049  success  0.79 (top 0.75/bot 0.83)  rand_succ 0.85  ep_len  398.5  hazard_steps  17.6  approx_kl 0.0020  SPS 1045
[none] iter 325/366  step  2662400  return  10.174  success  0.80 (top 0.76/bot 0.82)  rand_succ 0.82  ep_len  394.9  hazard_steps  20.3  approx_kl 0.0062  SPS 1045
[none] iter 326/366  step  2670592  return  10.986  success  0.83 (top 0.77/bot 0.84)  rand_succ 0.82  ep_len  388.5  hazard_steps  19.2  approx_kl 0.0020  SPS 1045
[none] iter 327/366  step  2678784  return  10.720  success  0.81 (top 0.77/bot 0.83)  rand_succ 0.83  ep_len  389.9  hazard_steps  19.6  approx_kl 0.0041  SPS 1045
[none] iter 328/366  step  2686976  return  11.099  success  0.83 (top 0.78/bot 0.84)  rand_succ 0.84  ep_len  382.4  hazard_steps  20.1  approx_kl 0.0053  SPS 1045
[none] iter 329/366  step  2695168  return  10.951  success  0.82 (top 0.77/bot 0.85)  rand_succ 0.79  ep_len  383.0  hazard_steps  19.8  approx_kl 0.0060  SPS 1045
[none] iter 330/366  step  2703360  return  10.904  success  0.82 (top 0.77/bot 0.84)  rand_succ 0.76  ep_len  379.9  hazard_steps  21.5  approx_kl 0.0027  SPS 1045
[none] iter 331/366  step  2711552  return  10.017  success  0.80 (top 0.79/bot 0.83)  rand_succ 0.76  ep_len  381.8  hazard_steps  26.3  approx_kl 0.0045  SPS 1045
[none] iter 332/366  step  2719744  return  10.071  success  0.80 (top 0.77/bot 0.82)  rand_succ 0.77  ep_len  382.3  hazard_steps  26.0  approx_kl 0.0045  SPS 1044
[none] iter 333/366  step  2727936  return   9.449  success  0.76 (top 0.74/bot 0.81)  rand_succ 0.76  ep_len  390.9  hazard_steps  22.3  approx_kl 0.0049  SPS 1044
[none] iter 334/366  step  2736128  return   8.845  success  0.73 (top 0.72/bot 0.81)  rand_succ 0.78  ep_len  394.5  hazard_steps  23.2  approx_kl 0.0048  SPS 1044
[none] iter 335/366  step  2744320  return   8.245  success  0.70 (top 0.70/bot 0.82)  rand_succ 0.77  ep_len  402.9  hazard_steps  22.4  approx_kl 0.0040  SPS 1044
[none] iter 336/366  step  2752512  return   8.326  success  0.70 (top 0.69/bot 0.84)  rand_succ 0.77  ep_len  402.7  hazard_steps  21.7  approx_kl 0.0048  SPS 1044
[none] iter 337/366  step  2760704  return   8.364  success  0.71 (top 0.69/bot 0.84)  rand_succ 0.75  ep_len  402.5  hazard_steps  22.5  approx_kl 0.0020  SPS 1044
[none] iter 338/366  step  2768896  return   8.518  success  0.71 (top 0.70/bot 0.85)  rand_succ 0.79  ep_len  399.8  hazard_steps  21.8  approx_kl 0.0021  SPS 1044
[none] iter 339/366  step  2777088  return   9.055  success  0.73 (top 0.71/bot 0.86)  rand_succ 0.77  ep_len  393.6  hazard_steps  19.7  approx_kl 0.0038  SPS 1044
[none] iter 340/366  step  2785280  return   9.624  success  0.73 (top 0.71/bot 0.86)  rand_succ 0.77  ep_len  396.3  hazard_steps  15.5  approx_kl 0.0064  SPS 1044
[none] iter 341/366  step  2793472  return   9.701  success  0.74 (top 0.66/bot 0.86)  rand_succ 0.79  ep_len  392.2  hazard_steps  15.9  approx_kl 0.0051  SPS 1044
[none] iter 342/366  step  2801664  return  10.287  success  0.77 (top 0.65/bot 0.86)  rand_succ 0.78  ep_len  385.3  hazard_steps  15.9  approx_kl 0.0065  SPS 1044
[none] iter 343/366  step  2809856  return  11.240  success  0.81 (top 0.65/bot 0.86)  rand_succ 0.77  ep_len  372.7  hazard_steps  15.5  approx_kl 0.0039  SPS 1044
[none] iter 344/366  step  2818048  return  11.180  success  0.81 (top 0.67/bot 0.87)  rand_succ 0.75  ep_len  370.8  hazard_steps  16.0  approx_kl 0.0035  SPS 1044
[none] iter 345/366  step  2826240  return  11.149  success  0.80 (top 0.66/bot 0.87)  rand_succ 0.75  ep_len  374.9  hazard_steps  14.7  approx_kl 0.0039  SPS 1044
[none] iter 346/366  step  2834432  return  11.039  success  0.80 (top 0.67/bot 0.87)  rand_succ 0.75  ep_len  373.2  hazard_steps  15.8  approx_kl 0.0070  SPS 1044
[none] iter 347/366  step  2842624  return  11.240  success  0.81 (top 0.68/bot 0.87)  rand_succ 0.78  ep_len  371.4  hazard_steps  15.4  approx_kl 0.0037  SPS 1044
[none] iter 348/366  step  2850816  return  10.884  success  0.79 (top 0.70/bot 0.88)  rand_succ 0.77  ep_len  375.8  hazard_steps  15.0  approx_kl 0.0039  SPS 1044
[none] iter 349/366  step  2859008  return  10.837  success  0.78 (top 0.71/bot 0.88)  rand_succ 0.76  ep_len  377.4  hazard_steps  14.6  approx_kl 0.0044  SPS 1043
[none] iter 350/366  step  2867200  return  11.338  success  0.81 (top 0.72/bot 0.88)  rand_succ 0.78  ep_len  372.6  hazard_steps  14.5  approx_kl 0.0052  SPS 1043
[none] iter 351/366  step  2875392  return  11.319  success  0.82 (top 0.73/bot 0.89)  rand_succ 0.79  ep_len  370.7  hazard_steps  16.5  approx_kl 0.0007  SPS 1043
[none] iter 352/366  step  2883584  return  10.240  success  0.77 (top 0.71/bot 0.89)  rand_succ 0.83  ep_len  388.6  hazard_steps  15.4  approx_kl 0.0016  SPS 1043
[none] iter 353/366  step  2891776  return  10.034  success  0.76 (top 0.69/bot 0.89)  rand_succ 0.83  ep_len  395.5  hazard_steps  15.3  approx_kl 0.0021  SPS 1043
[none] iter 354/366  step  2899968  return  10.353  success  0.79 (top 0.70/bot 0.90)  rand_succ 0.87  ep_len  389.3  hazard_steps  16.9  approx_kl 0.0027  SPS 1043
[none] iter 355/366  step  2908160  return  10.605  success  0.81 (top 0.73/bot 0.90)  rand_succ 0.85  ep_len  388.2  hazard_steps  17.1  approx_kl 0.0023  SPS 1043
[none] iter 356/366  step  2916352  return  11.108  success  0.84 (top 0.76/bot 0.90)  rand_succ 0.83  ep_len  382.7  hazard_steps  17.3  approx_kl 0.0007  SPS 1043
[none] iter 357/366  step  2924544  return  11.388  success  0.86 (top 0.78/bot 0.91)  rand_succ 0.87  ep_len  378.1  hazard_steps  18.1  approx_kl 0.0009  SPS 1043
[none] iter 358/366  step  2932736  return  11.166  success  0.86 (top 0.78/bot 0.91)  rand_succ 0.86  ep_len  372.7  hazard_steps  20.9  approx_kl 0.0001  SPS 1043
[none] iter 359/366  step  2940928  return  11.073  success  0.85 (top 0.76/bot 0.91)  rand_succ 0.87  ep_len  375.1  hazard_steps  20.1  approx_kl 0.0004  SPS 1043
[none] iter 360/366  step  2949120  return  12.021  success  0.90 (top 0.76/bot 0.91)  rand_succ 0.86  ep_len  358.6  hazard_steps  22.3  approx_kl 0.0005  SPS 1043
[none] iter 361/366  step  2957312  return  12.403  success  0.92 (top 0.77/bot 0.91)  rand_succ 0.84  ep_len  352.1  hazard_steps  22.4  approx_kl 0.0001  SPS 1043
[none] iter 362/366  step  2965504  return  12.307  success  0.92 (top 0.79/bot 0.91)  rand_succ 0.82  ep_len  347.2  hazard_steps  24.4  approx_kl 0.0011  SPS 1043
[none] iter 363/366  step  2973696  return  11.268  success  0.88 (top 0.79/bot 0.89)  rand_succ 0.83  ep_len  357.7  hazard_steps  26.5  approx_kl 0.0003  SPS 1042
[none] iter 364/366  step  2981888  return  11.036  success  0.86 (top 0.77/bot 0.90)  rand_succ 0.83  ep_len  360.8  hazard_steps  25.7  approx_kl 0.0001  SPS 1043
[none] iter 365/366  step  2990080  return  10.389  success  0.81 (top 0.76/bot 0.90)  rand_succ 0.80  ep_len  374.1  hazard_steps  23.7  approx_kl 0.0000  SPS 1042
[none] iter 366/366  step  2998272  return  10.003  success  0.79 (top 0.76/bot 0.90)  rand_succ 0.76  ep_len  377.4  hazard_steps  23.4  approx_kl 0.0000  SPS 1042

[none/seed1] FINAL success 0.790  hazard_steps 23.37  rand_spawn_success 0.760
saved policy -> runs/realcam20/nav_s1_mouth.pt
wrote run json -> runs/realcam20/nav_s1_mouth.json
