[INFO][AppLauncher]: Using device: cuda:0
[INFO][AppLauncher]: Loading experience file: /data/howard/isaac/IsaacLab/apps/isaaclab.python.headless.rendering.kit
Loading user config located at: '/data/howard/isaac/envs/isaaclab/lib/python3.11/site-packages/isaacsim/kit/data/Kit/Isaac-Sim/5.1/user.config.json'
[Info] [carb] Logging to file: /data/howard/isaac/envs/isaaclab/lib/python3.11/site-packages/isaacsim/kit/logs/Kit/Isaac-Sim/5.1/kit_20260713_220627.log
2026-07-13T22:06:27Z [142ms] [Warning] [carb.windowing-glfw.plugin] GLFW initialization failed.
2026-07-13T22:06:27Z [142ms] [Warning] [carb] Failed to startup plugin carb.windowing-glfw.plugin (interfaces: [carb::windowing::IGLContext v1.0],[carb::windowing::IWindowing v1.5]) (impl: carb.windowing-glfw.plugin)
2026-07-13T22:06:27Z [205ms] [Warning] [omni.platforminfo.plugin] failed to open the default display.  Can't verify X Server version.
2026-07-13T22:06:27Z [210ms] [Warning] [carb.cudainterop.plugin] CUDA_VISIBLE_DEVICES environment variable is set.
2026-07-13T22:06:27Z [210ms] [Warning] [carb.cudainterop.plugin] Note CUDA device enumeration and Omniverse device enumeration are different.
2026-07-13T22:06:27Z [210ms] [Warning] [carb.cudainterop.plugin] Setting CUDA_VISIBLE_DEVICES can lead to undesired behavior or crashes.
2026-07-13T22:06:28Z [464ms] [Warning] [carb.windowing-glfw.plugin] GLFW initialization failed.
2026-07-13T22:06:28Z [464ms] [Warning] [carb] Failed to startup plugin carb.windowing-glfw.plugin (interfaces: [carb::windowing::IGLContext v1.0],[carb::windowing::IWindowing v1.5]) (impl: carb.windowing-glfw.plugin)
2026-07-13T22:06:28Z [607ms] [Warning] [gpu.foundation.plugin] Skipping NVIDIA GPU due CUDA being in bad state: NVIDIA RTX 6000 Ada Generation
2026-07-13T22:06:28Z [607ms] [Warning] [gpu.foundation.plugin] Please restart your system if CUDA is known to work in your system.
2026-07-13T22:06:28Z [607ms] [Warning] [gpu.foundation.plugin] Skipping NVIDIA GPU due CUDA being in bad state: NVIDIA RTX 6000 Ada Generation
2026-07-13T22:06:28Z [607ms] [Warning] [gpu.foundation.plugin] Please restart your system if CUDA is known to work in your system.
2026-07-13T22:06:28Z [607ms] [Warning] [gpu.foundation.plugin] Skipping NVIDIA GPU due CUDA being in bad state: NVIDIA RTX 6000 Ada Generation
2026-07-13T22:06:28Z [607ms] [Warning] [gpu.foundation.plugin] Please restart your system if CUDA is known to work in your system.
2026-07-13T22:06:28Z [608ms] [Warning] [gpu.foundation.plugin] Skipping NVIDIA GPU due CUDA being in bad state: NVIDIA RTX 6000 Ada Generation
2026-07-13T22:06:28Z [608ms] [Warning] [gpu.foundation.plugin] Please restart your system if CUDA is known to work in your system.
2026-07-13T22:06:28Z [608ms] [Warning] [gpu.foundation.plugin] Skipping NVIDIA GPU due CUDA being in bad state: NVIDIA RTX 6000 Ada Generation
2026-07-13T22:06:28Z [608ms] [Warning] [gpu.foundation.plugin] Please restart your system if CUDA is known to work in your system.
2026-07-13T22:06:28Z [608ms] [Warning] [gpu.foundation.plugin] Skipping NVIDIA GPU due CUDA being in bad state: NVIDIA RTX 6000 Ada Generation
2026-07-13T22:06:28Z [608ms] [Warning] [gpu.foundation.plugin] Please restart your system if CUDA is known to work in your system.

|---------------------------------------------------------------------------------------------|
| Driver Version: 550.90.12     | Graphics API: Vulkan
|=============================================================================================|
| GPU | Name                             | Active | LDA | GPU Memory | Vendor-ID | LUID       |
|     |                                  |        |     |            | Device-ID | UUID       |
|     |                                  |        |     |            | Bus-ID    |            |
|---------------------------------------------------------------------------------------------|
| 0   | NVIDIA RTX 6000 Ada Generation   |        |     | 49386   MB | 10de      | 0          |
|     |                                  |        |     |            | 26b1      | df04a158.. |
|     |                                  |        |     |            | 1         |            |
|---------------------------------------------------------------------------------------------|
| 1   | NVIDIA RTX 6000 Ada Generation   |        |     | 49386   MB | 10de      | 0          |
|     |                                  |        |     |            | 26b1      | 5cfd6483.. |
|     |                                  |        |     |            | 2c        |            |
|---------------------------------------------------------------------------------------------|
| 2   | NVIDIA RTX 6000 Ada Generation   |        |     | 49386   MB | 10de      | 0          |
|     |                                  |        |     |            | 26b1      | bdb0e57d.. |
|     |                                  |        |     |            | 41        |            |
|---------------------------------------------------------------------------------------------|
| 3   | NVIDIA RTX 6000 Ada Generation   | Yes: 0 |     | 49386   MB | 10de      | 0          |
|     |                                  |        |     |            | 26b1      | 21e14e0d.. |
|     |                                  |        |     |            | 61        |            |
|=============================================================================================|
| OS: 22.04.5 LTS (Jammy Jellyfish) ubuntu, Version: 22.04.5, Kernel: 5.15.0-181-generic
| Processor: AMD Ryzen Threadripper PRO 5995WX 64-Cores
| Cores: 64 | Logical Cores: 128
|---------------------------------------------------------------------------------------------|
| Total Memory (MB): 515582 | Free Memory: 469036
| Total Page/Swap (MB): 10239 | Free Page/Swap: 8512
|---------------------------------------------------------------------------------------------|
2026-07-13T22:06:29Z [1,607ms] [Warning] [carb.windowing-glfw.plugin] GLFW initialization failed.
2026-07-13T22:06:29Z [1,607ms] [Warning] [carb] Failed to startup plugin carb.windowing-glfw.plugin (interfaces: [carb::windowing::IGLContext v1.0],[carb::windowing::IWindowing v1.5]) (impl: carb.windowing-glfw.plugin)
2026-07-13T22:06:29Z [1,616ms] [Warning] [carb.windowing-glfw.plugin] GLFW initialization failed.
2026-07-13T22:06:29Z [1,616ms] [Warning] [carb] Failed to startup plugin carb.windowing-glfw.plugin (interfaces: [carb::windowing::IGLContext v1.0],[carb::windowing::IWindowing v1.5]) (impl: carb.windowing-glfw.plugin)
2026-07-13T22:06:29Z [1,622ms] [Warning] [carb.windowing-glfw.plugin] GLFW initialization failed.
2026-07-13T22:06:29Z [1,622ms] [Warning] [carb] Failed to startup plugin carb.windowing-glfw.plugin (interfaces: [carb::windowing::IGLContext v1.0],[carb::windowing::IWindowing v1.5]) (impl: carb.windowing-glfw.plugin)
2026-07-13T22:06:29Z [1,631ms] [Warning] [carb.windowing-glfw.plugin] GLFW initialization failed.
2026-07-13T22:06:29Z [1,631ms] [Warning] [carb] Failed to startup plugin carb.windowing-glfw.plugin (interfaces: [carb::windowing::IGLContext v1.0],[carb::windowing::IWindowing v1.5]) (impl: carb.windowing-glfw.plugin)
2026-07-13T22:06:29Z [1,632ms] [Warning] [carb.windowing-glfw.plugin] GLFW initialization failed.
2026-07-13T22:06:29Z [1,632ms] [Warning] [carb] Failed to startup plugin carb.windowing-glfw.plugin (interfaces: [carb::windowing::IGLContext v1.0],[carb::windowing::IWindowing v1.5]) (impl: carb.windowing-glfw.plugin)
2026-07-13T22:06:29Z [1,633ms] [Warning] [carb.windowing-glfw.plugin] GLFW initialization failed.
2026-07-13T22:06:29Z [1,633ms] [Warning] [carb] Failed to startup plugin carb.windowing-glfw.plugin (interfaces: [carb::windowing::IGLContext v1.0],[carb::windowing::IWindowing v1.5]) (impl: carb.windowing-glfw.plugin)
2026-07-13T22:06:29Z [1,833ms] [Warning] [omni.log] Source: omni.hydra was already registered.
2026-07-13T22:06:29Z [2,139ms] [Warning] [carb] Acquiring non optional plugin interface which is not listed as dependency: [omni::physx::IPhysxBenchmarks v1.0] (plugin: <default plugin>), by client: omni.physics.physx.plugin. Add it to CARB_PLUGIN_IMPL_DEPS() macro of a client.
2026-07-13T22:06:29Z [2,149ms] [Warning] [omni.isaac.dynamic_control] omni.isaac.dynamic_control is deprecated as of Isaac Sim 4.5. No action is needed from end-users.
2026-07-13T22:06:31Z [4,118ms] [Warning] [pxr.Semantics] pxr.Semantics is deprecated - please use Semantics instead
2026-07-13T22:06:31Z [4,244ms] [Warning] [omni.graph.core.plugin] Found duplicate of category 'Replicator' - was 'Annotators', adding 'Fabric Reader'
2026-07-13T22:06:31Z [4,244ms] [Warning] [omni.graph.core.plugin] Category 'Replicator' not accepted on node type 'omni.replicator.core.FabricReader' in extension 'omni.replicator.core'
2026-07-13T22:06:31Z [4,245ms] [Warning] [omni.replicator.core.scripts.extension] No material configuration file, adding configuration to material settings directly.
2026-07-13T22:06:33Z [5,562ms] [Warning] [omni.kvdb.plugin] Disabling key-value database because another kit process is locking it
2026-07-13T22:06:35Z [7,793ms] [Warning] [omni.fabric.plugin] Warning: attribute viewportHandle not found for bucket id 7

2026-07-13T22:06:35Z [8,278ms] [Warning] [isaaclab.envs.direct_marl_env] Seed not set for the environment. The environment creation may not be deterministic.

[36m========================================================================================================[0m
[36m[1m[INFO][IsaacLab]: Logging to file: /data/howard/isaac/tmp/isaaclab/logs/isaaclab_2026-07-13_22-06-35.log[0m
[36m========================================================================================================[0m

[33m22:06:35 [simulation_context.py] WARNING: The `enable_external_forces_every_iteration` parameter in the PhysxCfg is set to False. If you are experiencing noisy velocities, consider enabling this flag. You may need to slightly increase the number of velocity iterations (setting it to 1 or 2 rather than 0), together with this flag, to improve the accuracy of velocity updates.[0m
[INFO]: Base environment:
	Environment device    : cuda:0
	Environment seed      : None
	Physics step-size     : 0.016666666666666666
	Rendering step-size   : 0.1
	Environment step-size : 0.1
[INFO]: Time taken for scene creation : 1.461425 seconds
[INFO]: Scene manager:  <class InteractiveScene>
	Number of environments: 64
	Environment spacing   : 12.0
	Source prim name      : /World/envs/env_0
	Global prim paths     : []
	Replicate physics     : True
[INFO]: Starting the simulation. This may take a few seconds. Please wait...
[INFO]: Time taken for simulation start : 4.069845 seconds
[INFO]: Completed setting up the environment...
condition=raw  wire_dim=12290  trainable=1,697,415 (encoder frozen)
2026-07-13T22:06:47Z [19,506ms] [Warning] [carb] Client gpu.foundation.plugin has acquired [gpu::unstable::IMemoryBudgetManagerFactory v0.1] 100 times. Consider accessing this interface with carb::getCachedInterface() (Performance warning)
[raw] iter   1/366  step     8192  return     nan  success   nan (top  nan/bot  nan)  ep_len    nan  hazard_steps   nan  approx_kl 0.0111  SPS 627
[raw] iter   2/366  step    16384  return     nan  success   nan (top  nan/bot  nan)  ep_len    nan  hazard_steps   nan  approx_kl 0.0086  SPS 620
[raw] iter   3/366  step    24576  return     nan  success   nan (top  nan/bot  nan)  ep_len    nan  hazard_steps   nan  approx_kl 0.0084  SPS 622
[raw] iter   4/366  step    32768  return     nan  success   nan (top  nan/bot  nan)  ep_len    nan  hazard_steps   nan  approx_kl 0.0072  SPS 619
[raw] iter   5/366  step    40960  return  -5.019  success  0.00 (top 0.00/bot 0.00)  ep_len  599.0  hazard_steps   0.0  approx_kl 0.0074  SPS 619
[raw] iter   6/366  step    49152  return  -5.019  success  0.00 (top 0.00/bot 0.00)  ep_len  599.0  hazard_steps   0.0  approx_kl 0.0151  SPS 620
[raw] iter   7/366  step    57344  return  -5.019  success  0.00 (top 0.00/bot 0.00)  ep_len  599.0  hazard_steps   0.0  approx_kl 0.0066  SPS 621
[raw] iter   8/366  step    65536  return  -5.019  success  0.00 (top 0.00/bot 0.00)  ep_len  599.0  hazard_steps   0.0  approx_kl 0.0223  SPS 619
[raw] iter   9/366  step    73728  return  -5.019  success  0.00 (top 0.00/bot 0.00)  ep_len  599.0  hazard_steps   0.0  approx_kl 0.0205  SPS 618
[raw] iter  10/366  step    81920  return  -4.360  success  0.00 (top 0.00/bot 0.00)  ep_len  599.0  hazard_steps   1.4  approx_kl 0.0080  SPS 618
[raw] iter  11/366  step    90112  return  -4.360  success  0.00 (top 0.00/bot 0.00)  ep_len  599.0  hazard_steps   1.4  approx_kl 0.0086  SPS 619
[raw] iter  12/366  step    98304  return  -4.360  success  0.00 (top 0.00/bot 0.00)  ep_len  599.0  hazard_steps   1.4  approx_kl 0.0061  SPS 622
[raw] iter  13/366  step   106496  return  -4.360  success  0.00 (top 0.00/bot 0.00)  ep_len  599.0  hazard_steps   1.4  approx_kl 0.0072  SPS 623
[raw] iter  14/366  step   114688  return  -4.360  success  0.00 (top 0.00/bot 0.00)  ep_len  599.0  hazard_steps   1.4  approx_kl 0.0043  SPS 623
[raw] iter  15/366  step   122880  return  -3.234  success  0.00 (top 0.00/bot 0.00)  ep_len  599.0  hazard_steps   0.0  approx_kl 0.0213  SPS 624
[raw] iter  16/366  step   131072  return  -3.234  success  0.00 (top 0.00/bot 0.00)  ep_len  599.0  hazard_steps   0.0  approx_kl 0.0065  SPS 624
[raw] iter  17/366  step   139264  return  -3.234  success  0.00 (top 0.00/bot 0.00)  ep_len  599.0  hazard_steps   0.0  approx_kl 0.0029  SPS 625
[raw] iter  18/366  step   147456  return  -3.234  success  0.00 (top 0.00/bot 0.00)  ep_len  599.0  hazard_steps   0.0  approx_kl 0.0103  SPS 625
[raw] iter  19/366  step   155648  return  -2.856  success  0.00 (top 0.00/bot 0.00)  ep_len  599.0  hazard_steps   0.0  approx_kl 0.0054  SPS 625
[raw] iter  20/366  step   163840  return  -2.856  success  0.00 (top 0.00/bot 0.00)  ep_len  599.0  hazard_steps   0.0  approx_kl 0.0081  SPS 625
[raw] iter  21/366  step   172032  return  -2.856  success  0.00 (top 0.00/bot 0.00)  ep_len  599.0  hazard_steps   0.0  approx_kl 0.0119  SPS 625
[raw] iter  22/366  step   180224  return  -2.856  success  0.00 (top 0.00/bot 0.00)  ep_len  599.0  hazard_steps   0.0  approx_kl 0.0049  SPS 626
[raw] iter  23/366  step   188416  return  -2.856  success  0.00 (top 0.00/bot 0.00)  ep_len  599.0  hazard_steps   0.0  approx_kl 0.0116  SPS 625
[raw] iter  24/366  step   196608  return  -2.833  success  0.00 (top 0.00/bot 0.00)  ep_len  599.0  hazard_steps   2.4  approx_kl 0.0113  SPS 626
[raw] iter  25/366  step   204800  return  -2.833  success  0.00 (top 0.00/bot 0.00)  ep_len  599.0  hazard_steps   2.4  approx_kl 0.0088  SPS 626
[raw] iter  26/366  step   212992  return  -2.833  success  0.00 (top 0.00/bot 0.00)  ep_len  599.0  hazard_steps   2.4  approx_kl 0.0044  SPS 626
[raw] iter  27/366  step   221184  return  -2.833  success  0.00 (top 0.00/bot 0.00)  ep_len  599.0  hazard_steps   2.4  approx_kl 0.0038  SPS 627
[raw] iter  28/366  step   229376  return  -2.987  success  0.02 (top 0.00/bot 0.02)  ep_len  597.6  hazard_steps   5.8  approx_kl 0.0050  SPS 628
[raw] iter  29/366  step   237568  return  -2.333  success  0.02 (top 0.00/bot 0.02)  ep_len  597.6  hazard_steps   3.3  approx_kl 0.0080  SPS 629
[raw] iter  30/366  step   245760  return  -2.333  success  0.02 (top 0.00/bot 0.02)  ep_len  597.6  hazard_steps   3.3  approx_kl 0.0035  SPS 629
[raw] iter  31/366  step   253952  return  -2.333  success  0.02 (top 0.00/bot 0.02)  ep_len  597.6  hazard_steps   3.3  approx_kl 0.0127  SPS 630
[raw] iter  32/366  step   262144  return  -2.153  success  0.03 (top 0.01/bot 0.02)  ep_len  595.9  hazard_steps   3.3  approx_kl 0.0031  SPS 630
[raw] iter  33/366  step   270336  return  -2.145  success  0.01 (top 0.01/bot 0.02)  ep_len  597.3  hazard_steps   1.9  approx_kl 0.0087  SPS 630
[raw] iter  34/366  step   278528  return  -2.145  success  0.01 (top 0.01/bot 0.02)  ep_len  597.3  hazard_steps   1.9  approx_kl 0.0052  SPS 631
[raw] iter  35/366  step   286720  return  -2.145  success  0.01 (top 0.01/bot 0.02)  ep_len  597.3  hazard_steps   1.9  approx_kl 0.0047  SPS 631
[raw] iter  36/366  step   294912  return  -2.145  success  0.01 (top 0.01/bot 0.02)  ep_len  597.3  hazard_steps   1.9  approx_kl 0.0062  SPS 632
[raw] iter  37/366  step   303104  return  -2.109  success  0.01 (top 0.01/bot 0.02)  ep_len  597.3  hazard_steps   1.9  approx_kl 0.0048  SPS 632
[raw] iter  38/366  step   311296  return  -2.218  success  0.00 (top 0.01/bot 0.02)  ep_len  599.0  hazard_steps   1.6  approx_kl 0.0037  SPS 632
[raw] iter  39/366  step   319488  return  -2.218  success  0.00 (top 0.01/bot 0.02)  ep_len  599.0  hazard_steps   1.6  approx_kl 0.0089  SPS 631
[raw] iter  40/366  step   327680  return  -2.218  success  0.00 (top 0.01/bot 0.02)  ep_len  599.0  hazard_steps   1.6  approx_kl 0.0158  SPS 632
[raw] iter  41/366  step   335872  return  -2.215  success  0.00 (top 0.01/bot 0.02)  ep_len  599.0  hazard_steps   1.6  approx_kl 0.0065  SPS 631
[raw] iter  42/366  step   344064  return  -2.161  success  0.01 (top 0.01/bot 0.03)  ep_len  597.7  hazard_steps   2.8  approx_kl 0.0051  SPS 631
[raw] iter  43/366  step   352256  return  -2.382  success  0.01 (top 0.00/bot 0.01)  ep_len  597.7  hazard_steps   4.6  approx_kl 0.0114  SPS 631
[raw] iter  44/366  step   360448  return  -2.212  success  0.02 (top 0.01/bot 0.01)  ep_len  595.7  hazard_steps   4.6  approx_kl 0.0061  SPS 631
[raw] iter  45/366  step   368640  return  -2.212  success  0.02 (top 0.01/bot 0.01)  ep_len  595.7  hazard_steps   4.6  approx_kl 0.0099  SPS 631
[raw] iter  46/366  step   376832  return  -2.277  success  0.02 (top 0.01/bot 0.01)  ep_len  595.7  hazard_steps   5.4  approx_kl 0.0032  SPS 631
[raw] iter  47/366  step   385024  return  -2.599  success  0.01 (top 0.01/bot 0.01)  ep_len  597.0  hazard_steps   5.9  approx_kl 0.0053  SPS 631
[raw] iter  48/366  step   393216  return  -2.599  success  0.01 (top 0.01/bot 0.01)  ep_len  597.0  hazard_steps   5.9  approx_kl 0.0083  SPS 631
[raw] iter  49/366  step   401408  return  -2.605  success  0.01 (top 0.01/bot 0.01)  ep_len  597.0  hazard_steps   5.9  approx_kl 0.0058  SPS 631
[raw] iter  50/366  step   409600  return  -2.605  success  0.01 (top 0.01/bot 0.01)  ep_len  597.0  hazard_steps   5.9  approx_kl 0.0102  SPS 631
[raw] iter  51/366  step   417792  return  -2.561  success  0.02 (top 0.01/bot 0.02)  ep_len  595.4  hazard_steps   6.8  approx_kl 0.0154  SPS 632
[raw] iter  52/366  step   425984  return  -2.241  success  0.01 (top 0.01/bot 0.02)  ep_len  597.4  hazard_steps   0.9  approx_kl 0.0094  SPS 632
[raw] iter  53/366  step   434176  return  -2.241  success  0.01 (top 0.01/bot 0.02)  ep_len  597.4  hazard_steps   0.9  approx_kl 0.0052  SPS 632
[raw] iter  54/366  step   442368  return  -2.230  success  0.01 (top 0.01/bot 0.02)  ep_len  597.4  hazard_steps   0.9  approx_kl 0.0081  SPS 632
[raw] iter  55/366  step   450560  return  -2.228  success  0.01 (top 0.01/bot 0.02)  ep_len  597.4  hazard_steps   0.9  approx_kl 0.0050  SPS 632
[raw] iter  56/366  step   458752  return  -2.223  success  0.01 (top 0.01/bot 0.02)  ep_len  597.4  hazard_steps   0.9  approx_kl 0.0082  SPS 632
[raw] iter  57/366  step   466944  return  -2.556  success  0.00 (top 0.01/bot 0.01)  ep_len  599.0  hazard_steps   1.5  approx_kl 0.0044  SPS 632
[raw] iter  58/366  step   475136  return  -2.556  success  0.00 (top 0.01/bot 0.01)  ep_len  599.0  hazard_steps   1.5  approx_kl 0.0073  SPS 632
[raw] iter  59/366  step   483328  return  -2.556  success  0.00 (top 0.01/bot 0.01)  ep_len  599.0  hazard_steps   1.5  approx_kl 0.0093  SPS 632
[raw] iter  60/366  step   491520  return  -2.538  success  0.00 (top 0.00/bot 0.01)  ep_len  599.0  hazard_steps   1.5  approx_kl 0.0048  SPS 632
[raw] iter  61/366  step   499712  return  -2.250  success  0.00 (top 0.00/bot 0.01)  ep_len  599.0  hazard_steps   0.7  approx_kl 0.0057  SPS 632
[raw] iter  62/366  step   507904  return  -2.250  success  0.00 (top 0.00/bot 0.01)  ep_len  599.0  hazard_steps   0.7  approx_kl 0.0080  SPS 632
[raw] iter  63/366  step   516096  return  -2.240  success  0.00 (top 0.00/bot 0.01)  ep_len  599.0  hazard_steps   0.7  approx_kl 0.0085  SPS 632
[raw] iter  64/366  step   524288  return  -2.240  success  0.00 (top 0.00/bot 0.01)  ep_len  599.0  hazard_steps   0.7  approx_kl 0.0041  SPS 632
[raw] iter  65/366  step   532480  return  -2.245  success  0.00 (top 0.00/bot 0.01)  ep_len  599.0  hazard_steps   0.7  approx_kl 0.0060  SPS 632
[raw] iter  66/366  step   540672  return  -1.973  success  0.00 (top 0.00/bot 0.00)  ep_len  599.0  hazard_steps   0.0  approx_kl 0.0034  SPS 633
[raw] iter  67/366  step   548864  return  -1.973  success  0.00 (top 0.00/bot 0.00)  ep_len  599.0  hazard_steps   0.0  approx_kl 0.0063  SPS 633
[raw] iter  68/366  step   557056  return  -1.968  success  0.00 (top 0.00/bot 0.00)  ep_len  599.0  hazard_steps   0.0  approx_kl 0.0081  SPS 633
[raw] iter  69/366  step   565248  return  -1.790  success  0.01 (top 0.01/bot 0.00)  ep_len  597.0  hazard_steps   0.0  approx_kl 0.0104  SPS 633
[raw] iter  70/366  step   573440  return  -1.608  success  0.02 (top 0.02/bot 0.00)  ep_len  595.5  hazard_steps   0.0  approx_kl 0.0124  SPS 634
[raw] iter  71/366  step   581632  return  -2.648  success  0.02 (top 0.02/bot 0.00)  ep_len  595.5  hazard_steps   7.5  approx_kl 0.0032  SPS 634
[raw] iter  72/366  step   589824  return  -2.648  success  0.02 (top 0.02/bot 0.00)  ep_len  595.5  hazard_steps   7.5  approx_kl 0.0055  SPS 634
[raw] iter  73/366  step   598016  return  -2.463  success  0.03 (top 0.03/bot 0.00)  ep_len  592.8  hazard_steps   7.5  approx_kl 0.0069  SPS 634
[raw] iter  74/366  step   606208  return  -2.285  success  0.06 (top 0.05/bot 0.01)  ep_len  586.9  hazard_steps   9.6  approx_kl 0.0078  SPS 633
[raw] iter  75/366  step   614400  return  -2.211  success  0.05 (top 0.05/bot 0.02)  ep_len  589.6  hazard_steps   8.0  approx_kl 0.0082  SPS 633
[raw] iter  76/366  step   622592  return  -2.211  success  0.05 (top 0.05/bot 0.02)  ep_len  589.6  hazard_steps   8.0  approx_kl 0.0120  SPS 633
[raw] iter  77/366  step   630784  return  -2.214  success  0.05 (top 0.05/bot 0.02)  ep_len  589.6  hazard_steps   8.0  approx_kl 0.0050  SPS 633
[raw] iter  78/366  step   638976  return  -1.824  success  0.08 (top 0.07/bot 0.03)  ep_len  583.2  hazard_steps   8.8  approx_kl 0.0042  SPS 633
[raw] iter  79/366  step   647168  return  -1.484  success  0.08 (top 0.07/bot 0.03)  ep_len  583.2  hazard_steps   6.5  approx_kl 0.0083  SPS 632
[raw] iter  80/366  step   655360  return  -1.640  success  0.03 (top 0.05/bot 0.03)  ep_len  592.6  hazard_steps   2.1  approx_kl 0.0083  SPS 633
[raw] iter  81/366  step   663552  return  -1.640  success  0.03 (top 0.05/bot 0.03)  ep_len  592.6  hazard_steps   2.1  approx_kl 0.0060  SPS 633
[raw] iter  82/366  step   671744  return  -1.643  success  0.03 (top 0.05/bot 0.03)  ep_len  592.6  hazard_steps   2.1  approx_kl 0.0154  SPS 633
[raw] iter  83/366  step   679936  return  -1.534  success  0.04 (top 0.06/bot 0.03)  ep_len  590.4  hazard_steps   2.6  approx_kl 0.0054  SPS 633
[raw] iter  84/366  step   688128  return  -1.497  success  0.04 (top 0.06/bot 0.03)  ep_len  590.4  hazard_steps   2.6  approx_kl 0.0118  SPS 633
[raw] iter  85/366  step   696320  return  -2.121  success  0.01 (top 0.06/bot 0.03)  ep_len  596.8  hazard_steps   3.1  approx_kl 0.0117  SPS 633
[raw] iter  86/366  step   704512  return  -2.121  success  0.01 (top 0.06/bot 0.03)  ep_len  596.8  hazard_steps   3.1  approx_kl 0.0064  SPS 633
[raw] iter  87/366  step   712704  return  -1.666  success  0.05 (top 0.08/bot 0.04)  ep_len  585.0  hazard_steps   4.9  approx_kl 0.0151  SPS 633
[raw] iter  88/366  step   720896  return  -1.558  success  0.05 (top 0.08/bot 0.03)  ep_len  585.0  hazard_steps   4.5  approx_kl 0.0118  SPS 633
[raw] iter  89/366  step   729088  return  -2.047  success  0.04 (top 0.05/bot 0.03)  ep_len  587.3  hazard_steps   7.4  approx_kl 0.0051  SPS 633
[raw] iter  90/366  step   737280  return  -1.686  success  0.06 (top 0.07/bot 0.03)  ep_len  581.7  hazard_steps   7.4  approx_kl 0.0093  SPS 632
[raw] iter  91/366  step   745472  return  -1.675  success  0.06 (top 0.07/bot 0.03)  ep_len  581.7  hazard_steps   7.4  approx_kl 0.0052  SPS 633
[raw] iter  92/366  step   753664  return  -1.343  success  0.07 (top 0.08/bot 0.02)  ep_len  578.7  hazard_steps   5.9  approx_kl 0.0085  SPS 632
[raw] iter  93/366  step   761856  return  -1.410  success  0.08 (top 0.06/bot 0.03)  ep_len  577.6  hazard_steps   7.5  approx_kl 0.0103  SPS 632
[raw] iter  94/366  step   770048  return  -1.919  success  0.04 (top 0.06/bot 0.03)  ep_len  589.4  hazard_steps   5.9  approx_kl 0.0093  SPS 632
[raw] iter  95/366  step   778240  return  -1.918  success  0.04 (top 0.06/bot 0.03)  ep_len  589.4  hazard_steps   5.9  approx_kl 0.0104  SPS 632
[raw] iter  96/366  step   786432  return  -1.730  success  0.05 (top 0.07/bot 0.03)  ep_len  587.1  hazard_steps   5.9  approx_kl 0.0216  SPS 632
[raw] iter  97/366  step   794624  return  -1.501  success  0.05 (top 0.06/bot 0.03)  ep_len  587.1  hazard_steps   4.1  approx_kl 0.0099  SPS 632
[raw] iter  98/366  step   802816  return  -1.427  success  0.05 (top 0.06/bot 0.03)  ep_len  587.1  hazard_steps   3.5  approx_kl 0.0039  SPS 632
[raw] iter  99/366  step   811008  return  -1.862  success  0.02 (top 0.06/bot 0.04)  ep_len  594.3  hazard_steps   2.2  approx_kl 0.0060  SPS 632
[raw] iter 100/366  step   819200  return  -1.856  success  0.02 (top 0.06/bot 0.04)  ep_len  594.3  hazard_steps   2.2  approx_kl 0.0093  SPS 632
[raw] iter 101/366  step   827392  return  -1.808  success  0.02 (top 0.04/bot 0.04)  ep_len  594.3  hazard_steps   2.2  approx_kl 0.0046  SPS 632
[raw] iter 102/366  step   835584  return  -1.795  success  0.02 (top 0.04/bot 0.02)  ep_len  594.3  hazard_steps   2.2  approx_kl 0.0049  SPS 632
[raw] iter 103/366  step   843776  return  -1.812  success  0.00 (top 0.04/bot 0.02)  ep_len  599.0  hazard_steps   0.0  approx_kl 0.0232  SPS 632
[raw] iter 104/366  step   851968  return  -1.812  success  0.00 (top 0.04/bot 0.02)  ep_len  599.0  hazard_steps   0.0  approx_kl 0.0089  SPS 632
[raw] iter 105/366  step   860160  return  -1.816  success  0.00 (top 0.04/bot 0.02)  ep_len  599.0  hazard_steps   0.0  approx_kl 0.0073  SPS 632
[raw] iter 106/366  step   868352  return  -1.811  success  0.00 (top 0.04/bot 0.01)  ep_len  599.0  hazard_steps   0.0  approx_kl 0.0081  SPS 632
[raw] iter 107/366  step   876544  return  -1.807  success  0.00 (top 0.04/bot 0.01)  ep_len  599.0  hazard_steps   0.0  approx_kl 0.0053  SPS 632
[raw] iter 108/366  step   884736  return  -1.754  success  0.00 (top 0.01/bot 0.01)  ep_len  599.0  hazard_steps   0.0  approx_kl 0.0070  SPS 632
[raw] iter 109/366  step   892928  return  -1.754  success  0.00 (top 0.01/bot 0.01)  ep_len  599.0  hazard_steps   0.0  approx_kl 0.0081  SPS 632
[raw] iter 110/366  step   901120  return  -1.744  success  0.00 (top 0.01/bot 0.01)  ep_len  599.0  hazard_steps   0.0  approx_kl 0.0095  SPS 632
[raw] iter 111/366  step   909312  return  -1.685  success  0.00 (top 0.01/bot 0.01)  ep_len  599.0  hazard_steps   0.0  approx_kl 0.0041  SPS 632
[raw] iter 112/366  step   917504  return  -1.677  success  0.00 (top 0.01/bot 0.00)  ep_len  599.0  hazard_steps   0.0  approx_kl 0.0103  SPS 632
[raw] iter 113/366  step   925696  return  -1.899  success  0.00 (top 0.00/bot 0.00)  ep_len  599.0  hazard_steps   1.3  approx_kl 0.0051  SPS 632
[raw] iter 114/366  step   933888  return  -1.902  success  0.00 (top 0.00/bot 0.00)  ep_len  599.0  hazard_steps   1.3  approx_kl 0.0098  SPS 632
[raw] iter 115/366  step   942080  return  -1.935  success  0.00 (top 0.00/bot 0.00)  ep_len  599.0  hazard_steps   1.3  approx_kl 0.0054  SPS 632
[raw] iter 116/366  step   950272  return  -1.931  success  0.00 (top 0.00/bot 0.00)  ep_len  599.0  hazard_steps   1.3  approx_kl 0.0060  SPS 632
[raw] iter 117/366  step   958464  return  -2.066  success  0.00 (top 0.00/bot 0.00)  ep_len  599.0  hazard_steps   2.5  approx_kl 0.0045  SPS 632
[raw] iter 118/366  step   966656  return  -2.064  success  0.00 (top 0.00/bot 0.00)  ep_len  599.0  hazard_steps   2.5  approx_kl 0.0107  SPS 632
[raw] iter 119/366  step   974848  return  -1.870  success  0.00 (top 0.00/bot 0.00)  ep_len  599.0  hazard_steps   1.1  approx_kl 0.0088  SPS 632
[raw] iter 120/366  step   983040  return  -1.471  success  0.02 (top 0.02/bot 0.00)  ep_len  592.4  hazard_steps   1.1  approx_kl 0.0053  SPS 631
[raw] iter 121/366  step   991232  return  -1.228  success  0.03 (top 0.03/bot 0.00)  ep_len  589.6  hazard_steps   1.1  approx_kl 0.0042  SPS 631
[raw] iter 122/366  step   999424  return  -0.742  success  0.05 (top 0.05/bot 0.00)  ep_len  586.2  hazard_steps   3.6  approx_kl 0.0047  SPS 631
[raw] iter 123/366  step  1007616  return  -0.562  success  0.06 (top 0.06/bot 0.00)  ep_len  583.4  hazard_steps   3.6  approx_kl 0.0071  SPS 631
[raw] iter 124/366  step  1015808  return   0.088  success  0.08 (top 0.08/bot 0.00)  ep_len  576.6  hazard_steps   2.5  approx_kl 0.0209  SPS 631
[raw] iter 125/366  step  1024000  return   0.046  success  0.08 (top 0.08/bot 0.00)  ep_len  576.6  hazard_steps   3.2  approx_kl 0.0115  SPS 631
[raw] iter 126/366  step  1032192  return  -0.034  success  0.09 (top 0.09/bot 0.00)  ep_len  573.5  hazard_steps   4.1  approx_kl 0.0057  SPS 631
[raw] iter 127/366  step  1040384  return  -0.359  success  0.05 (top 0.10/bot 0.00)  ep_len  582.8  hazard_steps   4.6  approx_kl 0.0090  SPS 631
[raw] iter 128/366  step  1048576  return  -0.355  success  0.05 (top 0.10/bot 0.00)  ep_len  582.8  hazard_steps   4.6  approx_kl 0.0063  SPS 631
[raw] iter 129/366  step  1056768  return  -0.442  success  0.05 (top 0.10/bot 0.00)  ep_len  582.8  hazard_steps   4.4  approx_kl 0.0050  SPS 631
[raw] iter 130/366  step  1064960  return  -0.400  success  0.06 (top 0.11/bot 0.00)  ep_len  579.2  hazard_steps   4.4  approx_kl 0.0071  SPS 630
[raw] iter 131/366  step  1073152  return   0.113  success  0.09 (top 0.14/bot 0.00)  ep_len  569.1  hazard_steps   3.8  approx_kl 0.0047  SPS 630
[raw] iter 132/366  step  1081344  return   0.116  success  0.07 (top 0.13/bot 0.00)  ep_len  575.0  hazard_steps   1.5  approx_kl 0.0046  SPS 630
[raw] iter 133/366  step  1089536  return   0.296  success  0.08 (top 0.14/bot 0.00)  ep_len  571.6  hazard_steps   1.5  approx_kl 0.0042  SPS 630
[raw] iter 134/366  step  1097728  return   0.896  success  0.11 (top 0.15/bot 0.00)  ep_len  561.5  hazard_steps   0.8  approx_kl 0.0105  SPS 630
[raw] iter 135/366  step  1105920  return   0.803  success  0.11 (top 0.15/bot 0.00)  ep_len  561.5  hazard_steps   0.8  approx_kl 0.0052  SPS 630
[raw] iter 136/366  step  1114112  return  -0.140  success  0.06 (top 0.12/bot 0.00)  ep_len  578.6  hazard_steps   0.7  approx_kl 0.0112  SPS 629
[raw] iter 137/366  step  1122304  return  -0.239  success  0.06 (top 0.11/bot 0.00)  ep_len  578.6  hazard_steps   0.7  approx_kl 0.0079  SPS 629
[raw] iter 138/366  step  1130496  return  -0.069  success  0.07 (top 0.12/bot 0.00)  ep_len  575.4  hazard_steps   0.7  approx_kl 0.0094  SPS 629
[raw] iter 139/366  step  1138688  return   0.106  success  0.08 (top 0.13/bot 0.00)  ep_len  572.4  hazard_steps   0.7  approx_kl 0.0072  SPS 629
[raw] iter 140/366  step  1146880  return   0.050  success  0.08 (top 0.13/bot 0.00)  ep_len  572.4  hazard_steps   0.7  approx_kl 0.0057  SPS 629
[raw] iter 141/366  step  1155072  return  -1.143  success  0.02 (top 0.08/bot 0.00)  ep_len  592.7  hazard_steps   0.7  approx_kl 0.0054  SPS 629
[raw] iter 142/366  step  1163264  return  -1.139  success  0.02 (top 0.08/bot 0.00)  ep_len  592.7  hazard_steps   0.7  approx_kl 0.0077  SPS 629
[raw] iter 143/366  step  1171456  return   0.235  success  0.09 (top 0.15/bot 0.00)  ep_len  568.7  hazard_steps   0.7  approx_kl 0.0105  SPS 629
[raw] iter 144/366  step  1179648  return   0.251  success  0.10 (top 0.16/bot 0.00)  ep_len  565.2  hazard_steps   1.8  approx_kl 0.0124  SPS 629
[raw] iter 145/366  step  1187840  return   0.763  success  0.13 (top 0.18/bot 0.00)  ep_len  557.0  hazard_steps   1.8  approx_kl 0.0077  SPS 629
[raw] iter 146/366  step  1196032  return   0.382  success  0.11 (top 0.13/bot 0.00)  ep_len  563.3  hazard_steps   2.4  approx_kl 0.0077  SPS 629
[raw] iter 147/366  step  1204224  return   0.529  success  0.12 (top 0.14/bot 0.00)  ep_len  559.9  hazard_steps   2.4  approx_kl 0.0230  SPS 629
[raw] iter 148/366  step  1212416  return   1.686  success  0.19 (top 0.21/bot 0.00)  ep_len  536.8  hazard_steps   2.4  approx_kl 0.0142  SPS 629
[raw] iter 149/366  step  1220608  return   1.769  success  0.20 (top 0.23/bot 0.00)  ep_len  533.4  hazard_steps   3.2  approx_kl 0.0043  SPS 628
[raw] iter 150/366  step  1228800  return   0.702  success  0.13 (top 0.24/bot 0.00)  ep_len  556.2  hazard_steps   2.2  approx_kl 0.0050  SPS 628
[raw] iter 151/366  step  1236992  return   0.694  success  0.13 (top 0.24/bot 0.00)  ep_len  556.2  hazard_steps   2.2  approx_kl 0.0063  SPS 628
[raw] iter 152/366  step  1245184  return   0.783  success  0.13 (top 0.24/bot 0.00)  ep_len  556.2  hazard_steps   0.9  approx_kl 0.0097  SPS 628
[raw] iter 153/366  step  1253376  return   0.773  success  0.13 (top 0.24/bot 0.00)  ep_len  556.2  hazard_steps   0.9  approx_kl 0.0057  SPS 628
[raw] iter 154/366  step  1261568  return   0.744  success  0.13 (top 0.25/bot 0.00)  ep_len  556.1  hazard_steps   0.9  approx_kl 0.0039  SPS 628
[raw] iter 155/366  step  1269760  return  -0.455  success  0.06 (top 0.20/bot 0.00)  ep_len  579.0  hazard_steps   0.0  approx_kl 0.0036  SPS 628
[raw] iter 156/366  step  1277952  return  -0.638  success  0.05 (top 0.21/bot 0.00)  ep_len  582.1  hazard_steps   0.0  approx_kl 0.0030  SPS 628
[raw] iter 157/366  step  1286144  return  -0.785  success  0.05 (top 0.19/bot 0.00)  ep_len  581.8  hazard_steps   0.0  approx_kl 0.0046  SPS 628
[raw] iter 158/366  step  1294336  return  -0.784  success  0.05 (top 0.18/bot 0.00)  ep_len  581.8  hazard_steps   0.0  approx_kl 0.0129  SPS 628
[raw] iter 159/366  step  1302528  return  -0.623  success  0.07 (top 0.20/bot 0.00)  ep_len  575.0  hazard_steps   0.6  approx_kl 0.0087  SPS 628
[raw] iter 160/366  step  1310720  return  -0.868  success  0.06 (top 0.19/bot 0.00)  ep_len  578.4  hazard_steps   1.4  approx_kl 0.0091  SPS 628
[raw] iter 161/366  step  1318912  return  -0.532  success  0.08 (top 0.19/bot 0.00)  ep_len  571.2  hazard_steps   1.4  approx_kl 0.0074  SPS 627
[raw] iter 162/366  step  1327104  return  -0.149  success  0.10 (top 0.18/bot 0.00)  ep_len  564.3  hazard_steps   1.4  approx_kl 0.0091  SPS 627
[raw] iter 163/366  step  1335296  return  -0.147  success  0.10 (top 0.17/bot 0.00)  ep_len  564.4  hazard_steps   1.4  approx_kl 0.0042  SPS 627
[raw] iter 164/366  step  1343488  return  -0.597  success  0.08 (top 0.13/bot 0.00)  ep_len  571.0  hazard_steps   2.5  approx_kl 0.0064  SPS 627
[raw] iter 165/366  step  1351680  return  -0.770  success  0.07 (top 0.13/bot 0.00)  ep_len  574.5  hazard_steps   2.5  approx_kl 0.0079  SPS 627
[raw] iter 166/366  step  1359872  return  -0.113  success  0.11 (top 0.18/bot 0.00)  ep_len  561.1  hazard_steps   3.2  approx_kl 0.0074  SPS 627
[raw] iter 167/366  step  1368064  return   0.083  success  0.12 (top 0.19/bot 0.00)  ep_len  557.6  hazard_steps   3.0  approx_kl 0.0107  SPS 627
[raw] iter 168/366  step  1376256  return  -0.286  success  0.10 (top 0.19/bot 0.00)  ep_len  564.9  hazard_steps   3.0  approx_kl 0.0082  SPS 627
[raw] iter 169/366  step  1384448  return  -0.642  success  0.08 (top 0.19/bot 0.00)  ep_len  571.9  hazard_steps   3.0  approx_kl 0.0058  SPS 627
[raw] iter 170/366  step  1392640  return  -0.446  success  0.09 (top 0.20/bot 0.00)  ep_len  568.5  hazard_steps   3.0  approx_kl 0.0145  SPS 627
[raw] iter 171/366  step  1400832  return  -0.187  success  0.10 (top 0.18/bot 0.00)  ep_len  565.0  hazard_steps   1.8  approx_kl 0.0082  SPS 627
[raw] iter 172/366  step  1409024  return  -0.220  success  0.10 (top 0.18/bot 0.00)  ep_len  565.0  hazard_steps   2.4  approx_kl 0.0053  SPS 627
[raw] iter 173/366  step  1417216  return  -0.088  success  0.10 (top 0.17/bot 0.00)  ep_len  565.2  hazard_steps   1.5  approx_kl 0.0031  SPS 626
[raw] iter 174/366  step  1425408  return  -0.823  success  0.05 (top 0.17/bot 0.00)  ep_len  582.1  hazard_steps   0.5  approx_kl 0.0053  SPS 626
[raw] iter 175/366  step  1433600  return  -0.499  success  0.07 (top 0.15/bot 0.00)  ep_len  576.8  hazard_steps   0.5  approx_kl 0.0037  SPS 626
[raw] iter 176/366  step  1441792  return  -0.288  success  0.09 (top 0.16/bot 0.00)  ep_len  571.0  hazard_steps   1.3  approx_kl 0.0061  SPS 626
[raw] iter 177/366  step  1449984  return  -0.521  success  0.08 (top 0.16/bot 0.00)  ep_len  574.5  hazard_steps   1.3  approx_kl 0.0079  SPS 625
[raw] iter 178/366  step  1458176  return  -0.918  success  0.07 (top 0.15/bot 0.00)  ep_len  578.3  hazard_steps   2.5  approx_kl 0.0098  SPS 625
[raw] iter 179/366  step  1466368  return  -0.620  success  0.08 (top 0.15/bot 0.00)  ep_len  576.7  hazard_steps   2.0  approx_kl 0.0061  SPS 625
[raw] iter 180/366  step  1474560  return  -0.511  success  0.10 (top 0.15/bot 0.00)  ep_len  569.7  hazard_steps   3.6  approx_kl 0.0057  SPS 625
[raw] iter 181/366  step  1482752  return  -0.586  success  0.11 (top 0.16/bot 0.00)  ep_len  566.3  hazard_steps   5.3  approx_kl 0.0050  SPS 625
[raw] iter 182/366  step  1490944  return  -0.991  success  0.10 (top 0.16/bot 0.00)  ep_len  569.6  hazard_steps   6.2  approx_kl 0.0077  SPS 625
[raw] iter 183/366  step  1499136  return  -1.207  success  0.10 (top 0.16/bot 0.00)  ep_len  569.4  hazard_steps   6.5  approx_kl 0.0046  SPS 625
[raw] iter 184/366  step  1507328  return  -1.151  success  0.11 (top 0.18/bot 0.01)  ep_len  567.6  hazard_steps   6.5  approx_kl 0.0047  SPS 624
[raw] iter 185/366  step  1515520  return  -0.974  success  0.13 (top 0.19/bot 0.01)  ep_len  561.0  hazard_steps   8.1  approx_kl 0.0097  SPS 624
[raw] iter 186/366  step  1523712  return  -0.910  success  0.14 (top 0.20/bot 0.01)  ep_len  555.8  hazard_steps   8.1  approx_kl 0.0033  SPS 624
[raw] iter 187/366  step  1531904  return  -0.280  success  0.17 (top 0.25/bot 0.01)  ep_len  545.8  hazard_steps   7.6  approx_kl 0.0095  SPS 624
[raw] iter 188/366  step  1540096  return   0.583  success  0.19 (top 0.25/bot 0.02)  ep_len  542.8  hazard_steps   4.0  approx_kl 0.0061  SPS 624
[raw] iter 189/366  step  1548288  return   0.344  success  0.18 (top 0.26/bot 0.02)  ep_len  545.1  hazard_steps   4.2  approx_kl 0.0081  SPS 624
[raw] iter 190/366  step  1556480  return   0.110  success  0.17 (top 0.25/bot 0.02)  ep_len  545.4  hazard_steps   4.7  approx_kl 0.0052  SPS 624
[raw] iter 191/366  step  1564672  return   0.348  success  0.18 (top 0.27/bot 0.02)  ep_len  542.1  hazard_steps   4.7  approx_kl 0.0081  SPS 624
[raw] iter 192/366  step  1572864  return   0.134  success  0.16 (top 0.28/bot 0.02)  ep_len  549.2  hazard_steps   3.5  approx_kl 0.0049  SPS 623
[raw] iter 193/366  step  1581056  return  -0.416  success  0.13 (top 0.28/bot 0.02)  ep_len  559.1  hazard_steps   3.5  approx_kl 0.0079  SPS 623
[raw] iter 194/366  step  1589248  return   0.067  success  0.15 (top 0.31/bot 0.02)  ep_len  551.6  hazard_steps   3.5  approx_kl 0.0066  SPS 623
[raw] iter 195/366  step  1597440  return   0.216  success  0.17 (top 0.34/bot 0.03)  ep_len  545.6  hazard_steps   5.1  approx_kl 0.0083  SPS 623
[raw] iter 196/366  step  1605632  return   0.843  success  0.19 (top 0.36/bot 0.03)  ep_len  541.1  hazard_steps   3.7  approx_kl 0.0067  SPS 623
[raw] iter 197/366  step  1613824  return   0.840  success  0.19 (top 0.36/bot 0.02)  ep_len  542.3  hazard_steps   4.1  approx_kl 0.0077  SPS 623
[raw] iter 198/366  step  1622016  return   1.309  success  0.20 (top 0.37/bot 0.02)  ep_len  539.3  hazard_steps   2.5  approx_kl 0.0035  SPS 623
[raw] iter 199/366  step  1630208  return   2.640  success  0.27 (top 0.41/bot 0.02)  ep_len  514.8  hazard_steps   2.5  approx_kl 0.0077  SPS 623
[raw] iter 200/366  step  1638400  return   2.473  success  0.26 (top 0.41/bot 0.02)  ep_len  518.0  hazard_steps   2.5  approx_kl 0.0037  SPS 623
[raw] iter 201/366  step  1646592  return   2.306  success  0.25 (top 0.41/bot 0.01)  ep_len  519.4  hazard_steps   2.5  approx_kl 0.0029  SPS 623
[raw] iter 202/366  step  1654784  return   1.679  success  0.20 (top 0.39/bot 0.01)  ep_len  531.8  hazard_steps   0.9  approx_kl 0.0047  SPS 623
[raw] iter 203/366  step  1662976  return   2.007  success  0.21 (top 0.40/bot 0.01)  ep_len  529.5  hazard_steps   0.0  approx_kl 0.0047  SPS 623
[raw] iter 204/366  step  1671168  return   2.213  success  0.22 (top 0.40/bot 0.01)  ep_len  524.5  hazard_steps   0.0  approx_kl 0.0069  SPS 622
[raw] iter 205/366  step  1679360  return   2.385  success  0.23 (top 0.45/bot 0.01)  ep_len  522.8  hazard_steps   0.0  approx_kl 0.0042  SPS 622
[raw] iter 206/366  step  1687552  return   1.676  success  0.19 (top 0.43/bot 0.01)  ep_len  537.3  hazard_steps   0.0  approx_kl 0.0041  SPS 622
[raw] iter 207/366  step  1695744  return   1.662  success  0.19 (top 0.42/bot 0.01)  ep_len  539.5  hazard_steps   0.0  approx_kl 0.0064  SPS 622
[raw] iter 208/366  step  1703936  return   1.567  success  0.19 (top 0.38/bot 0.01)  ep_len  539.5  hazard_steps   0.0  approx_kl 0.0049  SPS 622
[raw] iter 209/366  step  1712128  return   1.578  success  0.19 (top 0.39/bot 0.00)  ep_len  538.6  hazard_steps   0.0  approx_kl 0.0088  SPS 622
[raw] iter 210/366  step  1720320  return   1.392  success  0.18 (top 0.38/bot 0.00)  ep_len  543.0  hazard_steps   0.0  approx_kl 0.0081  SPS 622
[raw] iter 211/366  step  1728512  return   1.028  success  0.16 (top 0.36/bot 0.00)  ep_len  549.5  hazard_steps   0.0  approx_kl 0.0073  SPS 622
[raw] iter 212/366  step  1736704  return   1.963  success  0.21 (top 0.38/bot 0.00)  ep_len  532.0  hazard_steps   0.0  approx_kl 0.0021  SPS 622
[raw] iter 213/366  step  1744896  return   1.783  success  0.20 (top 0.37/bot 0.00)  ep_len  533.0  hazard_steps   0.0  approx_kl 0.0065  SPS 622
[raw] iter 214/366  step  1753088  return   2.211  success  0.22 (top 0.40/bot 0.00)  ep_len  526.3  hazard_steps   0.0  approx_kl 0.0076  SPS 622
[raw] iter 215/366  step  1761280  return   2.392  success  0.23 (top 0.38/bot 0.00)  ep_len  522.8  hazard_steps   0.0  approx_kl 0.0030  SPS 622
[raw] iter 216/366  step  1769472  return   2.494  success  0.23 (top 0.36/bot 0.00)  ep_len  522.5  hazard_steps   0.0  approx_kl 0.0070  SPS 622
[raw] iter 217/366  step  1777664  return   2.884  success  0.25 (top 0.36/bot 0.00)  ep_len  516.4  hazard_steps   0.0  approx_kl 0.0094  SPS 621
[raw] iter 218/366  step  1785856  return   2.338  success  0.22 (top 0.37/bot 0.00)  ep_len  527.7  hazard_steps   0.0  approx_kl 0.0036  SPS 621
[raw] iter 219/366  step  1794048  return   2.471  success  0.23 (top 0.37/bot 0.01)  ep_len  527.5  hazard_steps   0.0  approx_kl 0.0082  SPS 621
[raw] iter 220/366  step  1802240  return   1.865  success  0.21 (top 0.40/bot 0.02)  ep_len  538.8  hazard_steps   1.1  approx_kl 0.0049  SPS 621
[raw] iter 221/366  step  1810432  return   2.296  success  0.24 (top 0.42/bot 0.03)  ep_len  529.8  hazard_steps   2.1  approx_kl 0.0046  SPS 621
[raw] iter 222/366  step  1818624  return   2.396  success  0.26 (top 0.42/bot 0.04)  ep_len  527.2  hazard_steps   4.0  approx_kl 0.0033  SPS 620
[raw] iter 223/366  step  1826816  return   1.888  success  0.24 (top 0.40/bot 0.04)  ep_len  533.7  hazard_steps   4.8  approx_kl 0.0069  SPS 620
[raw] iter 224/366  step  1835008  return   2.008  success  0.26 (top 0.37/bot 0.06)  ep_len  531.6  hazard_steps   6.3  approx_kl 0.0077  SPS 620
[raw] iter 225/366  step  1843200  return   2.091  success  0.28 (top 0.39/bot 0.09)  ep_len  519.0  hazard_steps   8.8  approx_kl 0.0064  SPS 620
[raw] iter 226/366  step  1851392  return   2.116  success  0.28 (top 0.39/bot 0.09)  ep_len  519.8  hazard_steps   8.6  approx_kl 0.0035  SPS 620
[raw] iter 227/366  step  1859584  return   1.959  success  0.27 (top 0.39/bot 0.11)  ep_len  524.3  hazard_steps   7.7  approx_kl 0.0066  SPS 620
[raw] iter 228/366  step  1867776  return   2.424  success  0.29 (top 0.42/bot 0.12)  ep_len  518.3  hazard_steps   6.8  approx_kl 0.0125  SPS 620
[raw] iter 229/366  step  1875968  return   2.817  success  0.30 (top 0.41/bot 0.12)  ep_len  511.8  hazard_steps   5.6  approx_kl 0.0078  SPS 620
[raw] iter 230/366  step  1884160  return   1.642  success  0.25 (top 0.37/bot 0.14)  ep_len  527.5  hazard_steps   7.0  approx_kl 0.0045  SPS 620
[raw] iter 231/366  step  1892352  return   1.055  success  0.21 (top 0.35/bot 0.14)  ep_len  540.5  hazard_steps   5.5  approx_kl 0.0104  SPS 620
[raw] iter 232/366  step  1900544  return   0.780  success  0.19 (top 0.34/bot 0.14)  ep_len  546.9  hazard_steps   4.7  approx_kl 0.0062  SPS 620
[raw] iter 233/366  step  1908736  return   0.595  success  0.18 (top 0.32/bot 0.14)  ep_len  550.0  hazard_steps   4.6  approx_kl 0.0056  SPS 620
[raw] iter 234/366  step  1916928  return  -0.084  success  0.14 (top 0.29/bot 0.13)  ep_len  562.8  hazard_steps   4.3  approx_kl 0.0061  SPS 620
[raw] iter 235/366  step  1925120  return  -0.917  success  0.12 (top 0.29/bot 0.15)  ep_len  571.2  hazard_steps   7.6  approx_kl 0.0055  SPS 620
[raw] iter 236/366  step  1933312  return  -0.938  success  0.13 (top 0.26/bot 0.15)  ep_len  573.9  hazard_steps   8.2  approx_kl 0.0066  SPS 619
[raw] iter 237/366  step  1941504  return  -0.669  success  0.17 (top 0.26/bot 0.17)  ep_len  566.7  hazard_steps  11.0  approx_kl 0.0050  SPS 619
[raw] iter 238/366  step  1949696  return   0.043  success  0.21 (top 0.25/bot 0.19)  ep_len  554.7  hazard_steps  11.1  approx_kl 0.0053  SPS 619
[raw] iter 239/366  step  1957888  return  -0.134  success  0.20 (top 0.22/bot 0.18)  ep_len  556.9  hazard_steps  11.0  approx_kl 0.0063  SPS 619
[raw] iter 240/366  step  1966080  return  -0.411  success  0.18 (top 0.21/bot 0.18)  ep_len  560.6  hazard_steps  10.4  approx_kl 0.0112  SPS 619
[raw] iter 241/366  step  1974272  return  -0.434  success  0.18 (top 0.19/bot 0.18)  ep_len  561.0  hazard_steps  11.1  approx_kl 0.0075  SPS 619
[raw] iter 242/366  step  1982464  return  -0.750  success  0.16 (top 0.16/bot 0.17)  ep_len  566.5  hazard_steps  10.3  approx_kl 0.0041  SPS 619
[raw] iter 243/366  step  1990656  return  -0.607  success  0.14 (top 0.11/bot 0.19)  ep_len  563.5  hazard_steps   7.5  approx_kl 0.0022  SPS 619
[raw] iter 244/366  step  1998848  return  -0.751  success  0.10 (top 0.11/bot 0.18)  ep_len  572.5  hazard_steps   4.0  approx_kl 0.0063  SPS 619
[raw] iter 245/366  step  2007040  return   0.166  success  0.15 (top 0.17/bot 0.18)  ep_len  558.9  hazard_steps   4.0  approx_kl 0.0048  SPS 619
[raw] iter 246/366  step  2015232  return   1.206  success  0.20 (top 0.21/bot 0.18)  ep_len  543.1  hazard_steps   3.3  approx_kl 0.0028  SPS 619
[raw] iter 247/366  step  2023424  return   1.788  success  0.24 (top 0.23/bot 0.20)  ep_len  531.6  hazard_steps   4.5  approx_kl 0.0041  SPS 619
[raw] iter 248/366  step  2031616  return   2.818  success  0.29 (top 0.25/bot 0.21)  ep_len  516.4  hazard_steps   3.9  approx_kl 0.0035  SPS 619
[raw] iter 249/366  step  2039808  return   3.337  success  0.30 (top 0.29/bot 0.17)  ep_len  509.2  hazard_steps   1.8  approx_kl 0.0041  SPS 619
[raw] iter 250/366  step  2048000  return   3.900  success  0.34 (top 0.31/bot 0.13)  ep_len  496.6  hazard_steps   3.4  approx_kl 0.0030  SPS 619
[raw] iter 251/366  step  2056192  return   3.902  success  0.34 (top 0.33/bot 0.11)  ep_len  494.6  hazard_steps   3.4  approx_kl 0.0063  SPS 619
[raw] iter 252/366  step  2064384  return   2.602  success  0.27 (top 0.34/bot 0.11)  ep_len  512.0  hazard_steps   4.2  approx_kl 0.0057  SPS 618
[raw] iter 253/366  step  2072576  return   1.624  success  0.22 (top 0.35/bot 0.09)  ep_len  529.4  hazard_steps   4.2  approx_kl 0.0070  SPS 618
[raw] iter 254/366  step  2080768  return   2.572  success  0.26 (top 0.42/bot 0.09)  ep_len  512.0  hazard_steps   3.1  approx_kl 0.0058  SPS 618
[raw] iter 255/366  step  2088960  return   2.511  success  0.27 (top 0.47/bot 0.09)  ep_len  508.2  hazard_steps   4.8  approx_kl 0.0068  SPS 618
[raw] iter 256/366  step  2097152  return   2.187  success  0.24 (top 0.49/bot 0.07)  ep_len  519.1  hazard_steps   3.2  approx_kl 0.0028  SPS 618
[raw] iter 257/366  step  2105344  return   2.893  success  0.28 (top 0.53/bot 0.07)  ep_len  508.0  hazard_steps   3.2  approx_kl 0.0056  SPS 618
[raw] iter 258/366  step  2113536  return   3.008  success  0.28 (top 0.52/bot 0.06)  ep_len  507.6  hazard_steps   3.0  approx_kl 0.0062  SPS 618
[raw] iter 259/366  step  2121728  return   4.310  success  0.35 (top 0.53/bot 0.05)  ep_len  490.8  hazard_steps   2.9  approx_kl 0.0032  SPS 618
[raw] iter 260/366  step  2129920  return   4.022  success  0.34 (top 0.54/bot 0.04)  ep_len  500.6  hazard_steps   3.4  approx_kl 0.0038  SPS 618
[raw] iter 261/366  step  2138112  return   4.330  success  0.37 (top 0.57/bot 0.06)  ep_len  496.6  hazard_steps   4.8  approx_kl 0.0063  SPS 618
[raw] iter 262/366  step  2146304  return   4.335  success  0.36 (top 0.59/bot 0.05)  ep_len  499.3  hazard_steps   3.2  approx_kl 0.0073  SPS 618
[raw] iter 263/366  step  2154496  return   3.298  success  0.32 (top 0.58/bot 0.06)  ep_len  515.5  hazard_steps   5.0  approx_kl 0.0070  SPS 618
[raw] iter 264/366  step  2162688  return   3.470  success  0.34 (top 0.57/bot 0.06)  ep_len  511.8  hazard_steps   5.8  approx_kl 0.0083  SPS 617
[raw] iter 265/366  step  2170880  return   3.939  success  0.37 (top 0.63/bot 0.06)  ep_len  499.7  hazard_steps   6.0  approx_kl 0.0043  SPS 617
[raw] iter 266/366  step  2179072  return   3.257  success  0.33 (top 0.58/bot 0.07)  ep_len  504.0  hazard_steps   5.6  approx_kl 0.0043  SPS 617
[raw] iter 267/366  step  2187264  return   2.388  success  0.27 (top 0.56/bot 0.08)  ep_len  519.7  hazard_steps   4.1  approx_kl 0.0053  SPS 617
[raw] iter 268/366  step  2195456  return   3.358  success  0.31 (top 0.53/bot 0.07)  ep_len  501.8  hazard_steps   4.2  approx_kl 0.0058  SPS 617
[raw] iter 269/366  step  2203648  return   4.003  success  0.34 (top 0.56/bot 0.09)  ep_len  489.6  hazard_steps   3.5  approx_kl 0.0046  SPS 617
[raw] iter 270/366  step  2211840  return   4.551  success  0.36 (top 0.57/bot 0.10)  ep_len  482.0  hazard_steps   2.6  approx_kl 0.0033  SPS 617
[raw] iter 271/366  step  2220032  return   4.846  success  0.37 (top 0.59/bot 0.12)  ep_len  480.0  hazard_steps   2.8  approx_kl 0.0040  SPS 616
[raw] iter 272/366  step  2228224  return   5.237  success  0.40 (top 0.58/bot 0.12)  ep_len  467.4  hazard_steps   2.8  approx_kl 0.0041  SPS 616
[raw] iter 273/366  step  2236416  return   5.339  success  0.40 (top 0.57/bot 0.10)  ep_len  466.3  hazard_steps   2.8  approx_kl 0.0033  SPS 616
[raw] iter 274/366  step  2244608  return   5.402  success  0.41 (top 0.60/bot 0.10)  ep_len  461.4  hazard_steps   2.8  approx_kl 0.0052  SPS 616
[raw] iter 275/366  step  2252800  return   4.946  success  0.39 (top 0.60/bot 0.10)  ep_len  465.5  hazard_steps   3.5  approx_kl 0.0071  SPS 616
[raw] iter 276/366  step  2260992  return   5.060  success  0.39 (top 0.61/bot 0.09)  ep_len  463.3  hazard_steps   2.5  approx_kl 0.0021  SPS 616
[raw] iter 277/366  step  2269184  return   4.185  success  0.35 (top 0.61/bot 0.11)  ep_len  484.8  hazard_steps   2.7  approx_kl 0.0091  SPS 616
[raw] iter 278/366  step  2277376  return   4.379  success  0.36 (top 0.64/bot 0.11)  ep_len  484.6  hazard_steps   2.7  approx_kl 0.0043  SPS 616
[raw] iter 279/366  step  2285568  return   3.641  success  0.34 (top 0.65/bot 0.11)  ep_len  496.2  hazard_steps   5.8  approx_kl 0.0060  SPS 616
[raw] iter 280/366  step  2293760  return   2.600  success  0.28 (top 0.63/bot 0.11)  ep_len  520.1  hazard_steps   5.2  approx_kl 0.0042  SPS 616
[raw] iter 281/366  step  2301952  return   2.675  success  0.28 (top 0.61/bot 0.10)  ep_len  520.7  hazard_steps   5.2  approx_kl 0.0054  SPS 616
[raw] iter 282/366  step  2310144  return   2.320  success  0.28 (top 0.56/bot 0.11)  ep_len  527.8  hazard_steps   6.7  approx_kl 0.0035  SPS 616
[raw] iter 283/366  step  2318336  return   1.959  success  0.25 (top 0.55/bot 0.10)  ep_len  532.2  hazard_steps   6.7  approx_kl 0.0043  SPS 615
[raw] iter 284/366  step  2326528  return   2.692  success  0.28 (top 0.54/bot 0.09)  ep_len  514.9  hazard_steps   5.9  approx_kl 0.0026  SPS 615
[raw] iter 285/366  step  2334720  return   2.479  success  0.26 (top 0.52/bot 0.09)  ep_len  519.7  hazard_steps   4.0  approx_kl 0.0040  SPS 615
[raw] iter 286/366  step  2342912  return   2.982  success  0.27 (top 0.51/bot 0.10)  ep_len  514.9  hazard_steps   2.3  approx_kl 0.0064  SPS 615
[raw] iter 287/366  step  2351104  return   3.224  success  0.29 (top 0.48/bot 0.10)  ep_len  509.2  hazard_steps   2.3  approx_kl 0.0091  SPS 615
[raw] iter 288/366  step  2359296  return   2.566  success  0.24 (top 0.45/bot 0.11)  ep_len  523.3  hazard_steps   0.8  approx_kl 0.0048  SPS 615
[raw] iter 289/366  step  2367488  return   3.117  success  0.27 (top 0.42/bot 0.10)  ep_len  512.9  hazard_steps   0.8  approx_kl 0.0055  SPS 615
[raw] iter 290/366  step  2375680  return   2.785  success  0.25 (top 0.42/bot 0.09)  ep_len  519.8  hazard_steps   0.8  approx_kl 0.0028  SPS 615
[raw] iter 291/366  step  2383872  return   2.416  success  0.23 (top 0.42/bot 0.09)  ep_len  528.4  hazard_steps   0.8  approx_kl 0.0038  SPS 615
[raw] iter 292/366  step  2392064  return   2.835  success  0.27 (top 0.45/bot 0.10)  ep_len  518.4  hazard_steps   2.3  approx_kl 0.0048  SPS 615
[raw] iter 293/366  step  2400256  return   2.545  success  0.26 (top 0.44/bot 0.09)  ep_len  520.8  hazard_steps   2.9  approx_kl 0.0031  SPS 615
[raw] iter 294/366  step  2408448  return   3.395  success  0.31 (top 0.46/bot 0.10)  ep_len  505.2  hazard_steps   3.1  approx_kl 0.0031  SPS 615
[raw] iter 295/366  step  2416640  return   3.874  success  0.35 (top 0.48/bot 0.11)  ep_len  502.3  hazard_steps   3.8  approx_kl 0.0055  SPS 615
[raw] iter 296/366  step  2424832  return   4.212  success  0.37 (top 0.49/bot 0.13)  ep_len  503.0  hazard_steps   3.8  approx_kl 0.0043  SPS 615
[raw] iter 297/366  step  2433024  return   4.005  success  0.37 (top 0.47/bot 0.15)  ep_len  504.7  hazard_steps   5.4  approx_kl 0.0052  SPS 615
[raw] iter 298/366  step  2441216  return   3.804  success  0.36 (top 0.48/bot 0.15)  ep_len  504.9  hazard_steps   5.3  approx_kl 0.0027  SPS 615
[raw] iter 299/366  step  2449408  return   4.049  success  0.37 (top 0.49/bot 0.15)  ep_len  503.5  hazard_steps   4.8  approx_kl 0.0035  SPS 614
[raw] iter 300/366  step  2457600  return   3.615  success  0.34 (top 0.50/bot 0.15)  ep_len  509.9  hazard_steps   3.7  approx_kl 0.0065  SPS 614
[raw] iter 301/366  step  2465792  return   3.394  success  0.33 (top 0.52/bot 0.15)  ep_len  508.2  hazard_steps   4.8  approx_kl 0.0054  SPS 614
[raw] iter 302/366  step  2473984  return   3.706  success  0.34 (top 0.55/bot 0.15)  ep_len  492.5  hazard_steps   4.8  approx_kl 0.0021  SPS 614
[raw] iter 303/366  step  2482176  return   2.816  success  0.28 (top 0.53/bot 0.14)  ep_len  509.2  hazard_steps   3.2  approx_kl 0.0060  SPS 614
[raw] iter 304/366  step  2490368  return   3.470  success  0.31 (top 0.54/bot 0.13)  ep_len  502.1  hazard_steps   1.8  approx_kl 0.0055  SPS 614
[raw] iter 305/366  step  2498560  return   3.745  success  0.33 (top 0.55/bot 0.14)  ep_len  498.0  hazard_steps   2.4  approx_kl 0.0047  SPS 614
[raw] iter 306/366  step  2506752  return   4.401  success  0.37 (top 0.59/bot 0.13)  ep_len  485.5  hazard_steps   3.7  approx_kl 0.0055  SPS 614
[raw] iter 307/366  step  2514944  return   4.570  success  0.39 (top 0.58/bot 0.12)  ep_len  485.5  hazard_steps   4.1  approx_kl 0.0039  SPS 614
[raw] iter 308/366  step  2523136  return   5.222  success  0.43 (top 0.63/bot 0.12)  ep_len  473.7  hazard_steps   4.1  approx_kl 0.0027  SPS 614
[raw] iter 309/366  step  2531328  return   6.038  success  0.47 (top 0.66/bot 0.09)  ep_len  455.1  hazard_steps   4.7  approx_kl 0.0065  SPS 614
[raw] iter 310/366  step  2539520  return   5.859  success  0.46 (top 0.67/bot 0.09)  ep_len  458.4  hazard_steps   4.7  approx_kl 0.0056  SPS 614
[raw] iter 311/366  step  2547712  return   6.327  success  0.48 (top 0.70/bot 0.10)  ep_len  454.2  hazard_steps   3.9  approx_kl 0.0038  SPS 614
[raw] iter 312/366  step  2555904  return   5.780  success  0.45 (top 0.70/bot 0.11)  ep_len  461.6  hazard_steps   4.2  approx_kl 0.0032  SPS 614
[raw] iter 313/366  step  2564096  return   6.076  success  0.45 (top 0.73/bot 0.11)  ep_len  464.1  hazard_steps   2.0  approx_kl 0.0036  SPS 613
[raw] iter 314/366  step  2572288  return   6.523  success  0.47 (top 0.78/bot 0.11)  ep_len  460.6  hazard_steps   1.4  approx_kl 0.0033  SPS 613
[raw] iter 315/366  step  2580480  return   5.935  success  0.44 (top 0.79/bot 0.11)  ep_len  472.8  hazard_steps   1.4  approx_kl 0.0101  SPS 613
[raw] iter 316/366  step  2588672  return   5.371  success  0.41 (top 0.79/bot 0.10)  ep_len  480.4  hazard_steps   1.4  approx_kl 0.0042  SPS 613
[raw] iter 317/366  step  2596864  return   5.320  success  0.40 (top 0.77/bot 0.09)  ep_len  480.9  hazard_steps   0.3  approx_kl 0.0018  SPS 613
[raw] iter 318/366  step  2605056  return   4.865  success  0.37 (top 0.78/bot 0.06)  ep_len  483.6  hazard_steps   0.0  approx_kl 0.0065  SPS 613
[raw] iter 319/366  step  2613248  return   4.929  success  0.37 (top 0.76/bot 0.05)  ep_len  476.8  hazard_steps   0.0  approx_kl 0.0039  SPS 613
[raw] iter 320/366  step  2621440  return   4.906  success  0.37 (top 0.72/bot 0.05)  ep_len  479.0  hazard_steps   0.0  approx_kl 0.0039  SPS 613
[raw] iter 321/366  step  2629632  return   5.048  success  0.38 (top 0.72/bot 0.05)  ep_len  476.4  hazard_steps   0.0  approx_kl 0.0049  SPS 613
[raw] iter 322/366  step  2637824  return   5.957  success  0.43 (top 0.73/bot 0.05)  ep_len  463.9  hazard_steps   0.0  approx_kl 0.0041  SPS 613
[raw] iter 323/366  step  2646016  return   5.368  success  0.40 (top 0.73/bot 0.04)  ep_len  477.2  hazard_steps   0.0  approx_kl 0.0048  SPS 613
[raw] iter 324/366  step  2654208  return   5.885  success  0.42 (top 0.69/bot 0.03)  ep_len  468.6  hazard_steps   0.0  approx_kl 0.0053  SPS 613
[raw] iter 325/366  step  2662400  return   5.864  success  0.42 (top 0.70/bot 0.03)  ep_len  473.0  hazard_steps   0.0  approx_kl 0.0058  SPS 613
[raw] iter 326/366  step  2670592  return   6.306  success  0.44 (top 0.71/bot 0.03)  ep_len  461.1  hazard_steps   0.0  approx_kl 0.0059  SPS 613
[raw] iter 327/366  step  2678784  return   5.833  success  0.41 (top 0.75/bot 0.03)  ep_len  468.1  hazard_steps   0.0  approx_kl 0.0049  SPS 613
[raw] iter 328/366  step  2686976  return   6.034  success  0.41 (top 0.74/bot 0.03)  ep_len  458.1  hazard_steps   0.0  approx_kl 0.0036  SPS 613
[raw] iter 329/366  step  2695168  return   6.223  success  0.42 (top 0.77/bot 0.02)  ep_len  455.5  hazard_steps   0.0  approx_kl 0.0036  SPS 613
[raw] iter 330/366  step  2703360  return   5.545  success  0.40 (top 0.77/bot 0.03)  ep_len  462.7  hazard_steps   1.7  approx_kl 0.0062  SPS 613
[raw] iter 331/366  step  2711552  return   5.350  success  0.39 (top 0.78/bot 0.03)  ep_len  462.6  hazard_steps   1.7  approx_kl 0.0029  SPS 613
[raw] iter 332/366  step  2719744  return   4.774  success  0.37 (top 0.76/bot 0.05)  ep_len  473.1  hazard_steps   2.4  approx_kl 0.0016  SPS 612
[raw] iter 333/366  step  2727936  return   5.653  success  0.42 (top 0.76/bot 0.06)  ep_len  460.7  hazard_steps   2.5  approx_kl 0.0058  SPS 612
[raw] iter 334/366  step  2736128  return   6.383  success  0.47 (top 0.78/bot 0.05)  ep_len  446.2  hazard_steps   3.0  approx_kl 0.0026  SPS 612
[raw] iter 335/366  step  2744320  return   7.312  success  0.53 (top 0.81/bot 0.07)  ep_len  433.9  hazard_steps   3.7  approx_kl 0.0058  SPS 612
[raw] iter 336/366  step  2752512  return   7.427  success  0.53 (top 0.80/bot 0.08)  ep_len  436.7  hazard_steps   2.3  approx_kl 0.0013  SPS 612
[raw] iter 337/366  step  2760704  return   8.293  success  0.58 (top 0.80/bot 0.09)  ep_len  421.6  hazard_steps   2.6  approx_kl 0.0041  SPS 612
[raw] iter 338/366  step  2768896  return   7.854  success  0.56 (top 0.80/bot 0.11)  ep_len  429.8  hazard_steps   2.5  approx_kl 0.0018  SPS 612
[raw] iter 339/366  step  2777088  return   8.083  success  0.57 (top 0.80/bot 0.12)  ep_len  421.1  hazard_steps   2.4  approx_kl 0.0052  SPS 612
[raw] iter 340/366  step  2785280  return   7.562  success  0.55 (top 0.81/bot 0.12)  ep_len  424.9  hazard_steps   2.6  approx_kl 0.0026  SPS 612
[raw] iter 341/366  step  2793472  return   7.259  success  0.52 (top 0.84/bot 0.13)  ep_len  432.1  hazard_steps   1.9  approx_kl 0.0037  SPS 612
[raw] iter 342/366  step  2801664  return   7.052  success  0.51 (top 0.86/bot 0.14)  ep_len  436.0  hazard_steps   1.9  approx_kl 0.0045  SPS 612
[raw] iter 343/366  step  2809856  return   7.888  success  0.54 (top 0.85/bot 0.13)  ep_len  419.6  hazard_steps   1.5  approx_kl 0.0040  SPS 612
[raw] iter 344/366  step  2818048  return   7.322  success  0.51 (top 0.82/bot 0.13)  ep_len  426.8  hazard_steps   1.5  approx_kl 0.0029  SPS 611
[raw] iter 345/366  step  2826240  return   7.856  success  0.53 (top 0.83/bot 0.11)  ep_len  420.6  hazard_steps   2.0  approx_kl 0.0061  SPS 611
[raw] iter 346/366  step  2834432  return   7.837  success  0.53 (top 0.83/bot 0.14)  ep_len  422.0  hazard_steps   1.8  approx_kl 0.0028  SPS 611
[raw] iter 347/366  step  2842624  return   7.861  success  0.53 (top 0.84/bot 0.13)  ep_len  421.0  hazard_steps   1.8  approx_kl 0.0047  SPS 611
[raw] iter 348/366  step  2850816  return   7.780  success  0.53 (top 0.83/bot 0.12)  ep_len  420.4  hazard_steps   1.9  approx_kl 0.0041  SPS 611
[raw] iter 349/366  step  2859008  return   6.802  success  0.48 (top 0.81/bot 0.11)  ep_len  438.6  hazard_steps   1.9  approx_kl 0.0036  SPS 611
[raw] iter 350/366  step  2867200  return   6.301  success  0.46 (top 0.77/bot 0.10)  ep_len  446.0  hazard_steps   2.2  approx_kl 0.0035  SPS 611
[raw] iter 351/366  step  2875392  return   6.244  success  0.45 (top 0.75/bot 0.09)  ep_len  443.8  hazard_steps   1.8  approx_kl 0.0022  SPS 611
[raw] iter 352/366  step  2883584  return   6.748  success  0.48 (top 0.76/bot 0.10)  ep_len  434.2  hazard_steps   2.4  approx_kl 0.0046  SPS 611
[raw] iter 353/366  step  2891776  return   6.004  success  0.45 (top 0.74/bot 0.10)  ep_len  444.5  hazard_steps   3.1  approx_kl 0.0045  SPS 611
[raw] iter 354/366  step  2899968  return   6.832  success  0.49 (top 0.73/bot 0.09)  ep_len  427.9  hazard_steps   3.1  approx_kl 0.0031  SPS 611
[raw] iter 355/366  step  2908160  return   7.278  success  0.50 (top 0.73/bot 0.09)  ep_len  425.2  hazard_steps   1.9  approx_kl 0.0056  SPS 611
[raw] iter 356/366  step  2916352  return   8.206  success  0.55 (top 0.75/bot 0.09)  ep_len  407.9  hazard_steps   1.9  approx_kl 0.0012  SPS 611
[raw] iter 357/366  step  2924544  return   6.732  success  0.48 (top 0.76/bot 0.09)  ep_len  432.9  hazard_steps   1.9  approx_kl 0.0017  SPS 611
[raw] iter 358/366  step  2932736  return   6.674  success  0.47 (top 0.76/bot 0.08)  ep_len  434.1  hazard_steps   0.5  approx_kl 0.0037  SPS 611
[raw] iter 359/366  step  2940928  return   6.583  success  0.46 (top 0.75/bot 0.06)  ep_len  439.0  hazard_steps   0.0  approx_kl 0.0051  SPS 612
[raw] iter 360/366  step  2949120  return   5.879  success  0.42 (top 0.78/bot 0.06)  ep_len  453.2  hazard_steps   0.0  approx_kl 0.0014  SPS 612
[raw] iter 361/366  step  2957312  return   5.476  success  0.40 (top 0.79/bot 0.05)  ep_len  459.9  hazard_steps   0.0  approx_kl 0.0015  SPS 613
[raw] iter 362/366  step  2965504  return   4.932  success  0.37 (top 0.78/bot 0.05)  ep_len  472.5  hazard_steps   0.0  approx_kl 0.0034  SPS 614
[raw] iter 363/366  step  2973696  return   4.164  success  0.33 (top 0.75/bot 0.05)  ep_len  487.6  hazard_steps   0.0  approx_kl 0.0018  SPS 614
[raw] iter 364/366  step  2981888  return   4.706  success  0.37 (top 0.78/bot 0.05)  ep_len  477.1  hazard_steps   2.2  approx_kl 0.0021  SPS 615
[raw] iter 365/366  step  2990080  return   4.707  success  0.37 (top 0.79/bot 0.05)  ep_len  477.4  hazard_steps   2.2  approx_kl 0.0000  SPS 615
[raw] iter 366/366  step  2998272  return   4.490  success  0.36 (top 0.80/bot 0.04)  ep_len  481.1  hazard_steps   2.2  approx_kl 0.0000  SPS 616

[raw/seed1] FINAL success 0.360  hazard_steps 2.16
saved policy -> runs/race_v2/raw_s1.pt
wrote run json -> runs/race_v2/raw_s1.json
