[INFO][AppLauncher]: Using device: cuda:0
[INFO][AppLauncher]: Loading experience file: /data/howard/isaac/IsaacLab/apps/isaaclab.python.headless.rendering.kit
Loading user config located at: '/data/howard/isaac/envs/isaaclab/lib/python3.11/site-packages/isaacsim/kit/data/Kit/Isaac-Sim/5.1/user.config.json'
[Info] [carb] Logging to file: /data/howard/isaac/envs/isaaclab/lib/python3.11/site-packages/isaacsim/kit/logs/Kit/Isaac-Sim/5.1/kit_20260713_203435.log
2026-07-13T20:34:36Z [149ms] [Warning] [carb.windowing-glfw.plugin] GLFW initialization failed.
2026-07-13T20:34:36Z [149ms] [Warning] [carb] Failed to startup plugin carb.windowing-glfw.plugin (interfaces: [carb::windowing::IGLContext v1.0],[carb::windowing::IWindowing v1.5]) (impl: carb.windowing-glfw.plugin)
2026-07-13T20:34:36Z [221ms] [Warning] [omni.platforminfo.plugin] failed to open the default display.  Can't verify X Server version.
2026-07-13T20:34:36Z [227ms] [Warning] [carb.cudainterop.plugin] CUDA_VISIBLE_DEVICES environment variable is set.
2026-07-13T20:34:36Z [227ms] [Warning] [carb.cudainterop.plugin] Note CUDA device enumeration and Omniverse device enumeration are different.
2026-07-13T20:34:36Z [227ms] [Warning] [carb.cudainterop.plugin] Setting CUDA_VISIBLE_DEVICES can lead to undesired behavior or crashes.
2026-07-13T20:34:36Z [626ms] [Warning] [carb.windowing-glfw.plugin] GLFW initialization failed.
2026-07-13T20:34:36Z [626ms] [Warning] [carb] Failed to startup plugin carb.windowing-glfw.plugin (interfaces: [carb::windowing::IGLContext v1.0],[carb::windowing::IWindowing v1.5]) (impl: carb.windowing-glfw.plugin)
2026-07-13T20:34:36Z [759ms] [Warning] [gpu.foundation.plugin] Skipping NVIDIA GPU due CUDA being in bad state: NVIDIA RTX 6000 Ada Generation
2026-07-13T20:34:36Z [759ms] [Warning] [gpu.foundation.plugin] Please restart your system if CUDA is known to work in your system.
2026-07-13T20:34:36Z [759ms] [Warning] [gpu.foundation.plugin] Skipping NVIDIA GPU due CUDA being in bad state: NVIDIA RTX 6000 Ada Generation
2026-07-13T20:34:36Z [759ms] [Warning] [gpu.foundation.plugin] Please restart your system if CUDA is known to work in your system.
2026-07-13T20:34:36Z [759ms] [Warning] [gpu.foundation.plugin] Skipping NVIDIA GPU due CUDA being in bad state: NVIDIA RTX 6000 Ada Generation
2026-07-13T20:34:36Z [760ms] [Warning] [gpu.foundation.plugin] Please restart your system if CUDA is known to work in your system.
2026-07-13T20:34:36Z [760ms] [Warning] [gpu.foundation.plugin] Skipping NVIDIA GPU due CUDA being in bad state: NVIDIA RTX 6000 Ada Generation
2026-07-13T20:34:36Z [760ms] [Warning] [gpu.foundation.plugin] Please restart your system if CUDA is known to work in your system.
2026-07-13T20:34:36Z [760ms] [Warning] [gpu.foundation.plugin] Skipping NVIDIA GPU due CUDA being in bad state: NVIDIA RTX 6000 Ada Generation
2026-07-13T20:34:36Z [760ms] [Warning] [gpu.foundation.plugin] Please restart your system if CUDA is known to work in your system.
2026-07-13T20:34:36Z [760ms] [Warning] [gpu.foundation.plugin] Skipping NVIDIA GPU due CUDA being in bad state: NVIDIA RTX 6000 Ada Generation
2026-07-13T20:34:36Z [760ms] [Warning] [gpu.foundation.plugin] Please restart your system if CUDA is known to work in your system.

|---------------------------------------------------------------------------------------------|
| Driver Version: 550.90.12     | Graphics API: Vulkan
|=============================================================================================|
| GPU | Name                             | Active | LDA | GPU Memory | Vendor-ID | LUID       |
|     |                                  |        |     |            | Device-ID | UUID       |
|     |                                  |        |     |            | Bus-ID    |            |
|---------------------------------------------------------------------------------------------|
| 0   | NVIDIA RTX 6000 Ada Generation   |        |     | 49386   MB | 10de      | 0          |
|     |                                  |        |     |            | 26b1      | df04a158.. |
|     |                                  |        |     |            | 1         |            |
|---------------------------------------------------------------------------------------------|
| 1   | NVIDIA RTX 6000 Ada Generation   |        |     | 49386   MB | 10de      | 0          |
|     |                                  |        |     |            | 26b1      | 5cfd6483.. |
|     |                                  |        |     |            | 2c        |            |
|---------------------------------------------------------------------------------------------|
| 2   | NVIDIA RTX 6000 Ada Generation   |        |     | 49386   MB | 10de      | 0          |
|     |                                  |        |     |            | 26b1      | bdb0e57d.. |
|     |                                  |        |     |            | 41        |            |
|---------------------------------------------------------------------------------------------|
| 3   | NVIDIA RTX 6000 Ada Generation   | Yes: 0 |     | 49386   MB | 10de      | 0          |
|     |                                  |        |     |            | 26b1      | 21e14e0d.. |
|     |                                  |        |     |            | 61        |            |
|=============================================================================================|
| OS: 22.04.5 LTS (Jammy Jellyfish) ubuntu, Version: 22.04.5, Kernel: 5.15.0-181-generic
| Processor: AMD Ryzen Threadripper PRO 5995WX 64-Cores
| Cores: 64 | Logical Cores: 128
|---------------------------------------------------------------------------------------------|
| Total Memory (MB): 515582 | Free Memory: 468854
| Total Page/Swap (MB): 10239 | Free Page/Swap: 8531
|---------------------------------------------------------------------------------------------|
2026-07-13T20:34:37Z [1,688ms] [Warning] [carb.windowing-glfw.plugin] GLFW initialization failed.
2026-07-13T20:34:37Z [1,688ms] [Warning] [carb] Failed to startup plugin carb.windowing-glfw.plugin (interfaces: [carb::windowing::IGLContext v1.0],[carb::windowing::IWindowing v1.5]) (impl: carb.windowing-glfw.plugin)
2026-07-13T20:34:37Z [1,815ms] [Warning] [carb.windowing-glfw.plugin] GLFW initialization failed.
2026-07-13T20:34:37Z [1,815ms] [Warning] [carb] Failed to startup plugin carb.windowing-glfw.plugin (interfaces: [carb::windowing::IGLContext v1.0],[carb::windowing::IWindowing v1.5]) (impl: carb.windowing-glfw.plugin)
2026-07-13T20:34:37Z [1,822ms] [Warning] [carb.windowing-glfw.plugin] GLFW initialization failed.
2026-07-13T20:34:37Z [1,822ms] [Warning] [carb] Failed to startup plugin carb.windowing-glfw.plugin (interfaces: [carb::windowing::IGLContext v1.0],[carb::windowing::IWindowing v1.5]) (impl: carb.windowing-glfw.plugin)
2026-07-13T20:34:37Z [1,831ms] [Warning] [carb.windowing-glfw.plugin] GLFW initialization failed.
2026-07-13T20:34:37Z [1,831ms] [Warning] [carb] Failed to startup plugin carb.windowing-glfw.plugin (interfaces: [carb::windowing::IGLContext v1.0],[carb::windowing::IWindowing v1.5]) (impl: carb.windowing-glfw.plugin)
2026-07-13T20:34:37Z [1,834ms] [Warning] [carb.windowing-glfw.plugin] GLFW initialization failed.
2026-07-13T20:34:37Z [1,834ms] [Warning] [carb] Failed to startup plugin carb.windowing-glfw.plugin (interfaces: [carb::windowing::IGLContext v1.0],[carb::windowing::IWindowing v1.5]) (impl: carb.windowing-glfw.plugin)
2026-07-13T20:34:37Z [1,834ms] [Warning] [carb.windowing-glfw.plugin] GLFW initialization failed.
2026-07-13T20:34:37Z [1,834ms] [Warning] [carb] Failed to startup plugin carb.windowing-glfw.plugin (interfaces: [carb::windowing::IGLContext v1.0],[carb::windowing::IWindowing v1.5]) (impl: carb.windowing-glfw.plugin)
2026-07-13T20:34:37Z [2,051ms] [Warning] [omni.log] Source: omni.hydra was already registered.
2026-07-13T20:34:38Z [2,365ms] [Warning] [carb] Acquiring non optional plugin interface which is not listed as dependency: [omni::physx::IPhysxBenchmarks v1.0] (plugin: <default plugin>), by client: omni.physics.physx.plugin. Add it to CARB_PLUGIN_IMPL_DEPS() macro of a client.
2026-07-13T20:34:38Z [2,375ms] [Warning] [omni.isaac.dynamic_control] omni.isaac.dynamic_control is deprecated as of Isaac Sim 4.5. No action is needed from end-users.
2026-07-13T20:34:40Z [4,422ms] [Warning] [pxr.Semantics] pxr.Semantics is deprecated - please use Semantics instead
2026-07-13T20:34:40Z [4,527ms] [Warning] [omni.graph.core.plugin] Found duplicate of category 'Replicator' - was 'Annotators', adding 'Fabric Reader'
2026-07-13T20:34:40Z [4,527ms] [Warning] [omni.graph.core.plugin] Category 'Replicator' not accepted on node type 'omni.replicator.core.FabricReader' in extension 'omni.replicator.core'
2026-07-13T20:34:40Z [4,528ms] [Warning] [omni.replicator.core.scripts.extension] No material configuration file, adding configuration to material settings directly.
2026-07-13T20:34:41Z [5,930ms] [Warning] [omni.kvdb.plugin] Disabling key-value database because another kit process is locking it
2026-07-13T20:34:47Z [11,137ms] [Warning] [omni.fabric.plugin] Warning: attribute viewportHandle not found for bucket id 7

2026-07-13T20:35:26Z [50,500ms] [Warning] [isaaclab.envs.direct_marl_env] Seed not set for the environment. The environment creation may not be deterministic.

[36m========================================================================================================[0m
[36m[1m[INFO][IsaacLab]: Logging to file: /data/howard/isaac/tmp/isaaclab/logs/isaaclab_2026-07-13_20-35-26.log[0m
[36m========================================================================================================[0m

[33m20:35:26 [simulation_context.py] WARNING: The `enable_external_forces_every_iteration` parameter in the PhysxCfg is set to False. If you are experiencing noisy velocities, consider enabling this flag. You may need to slightly increase the number of velocity iterations (setting it to 1 or 2 rather than 0), together with this flag, to improve the accuracy of velocity updates.[0m
[INFO]: Base environment:
	Environment device    : cuda:0
	Environment seed      : None
	Physics step-size     : 0.016666666666666666
	Rendering step-size   : 0.1
	Environment step-size : 0.1
[INFO]: Time taken for scene creation : 1.496370 seconds
[INFO]: Scene manager:  <class InteractiveScene>
	Number of environments: 64
	Environment spacing   : 12.0
	Source prim name      : /World/envs/env_0
	Global prim paths     : []
	Replicate physics     : True
[INFO]: Starting the simulation. This may take a few seconds. Please wait...
[INFO]: Time taken for simulation start : 6.561134 seconds
[INFO]: Completed setting up the environment...
condition=position  wire_dim=66  trainable=132,743 (encoder frozen)
2026-07-13T20:35:40Z [64,971ms] [Warning] [carb] Client gpu.foundation.plugin has acquired [gpu::unstable::IMemoryBudgetManagerFactory v0.1] 100 times. Consider accessing this interface with carb::getCachedInterface() (Performance warning)
[position] iter   1/366  step     8192  return     nan  success   nan (top  nan/bot  nan)  ep_len    nan  hazard_steps   nan  approx_kl 0.0146  SPS 648
[position] iter   2/366  step    16384  return     nan  success   nan (top  nan/bot  nan)  ep_len    nan  hazard_steps   nan  approx_kl 0.0206  SPS 647
[position] iter   3/366  step    24576  return     nan  success   nan (top  nan/bot  nan)  ep_len    nan  hazard_steps   nan  approx_kl 0.0065  SPS 640
[position] iter   4/366  step    32768  return     nan  success   nan (top  nan/bot  nan)  ep_len    nan  hazard_steps   nan  approx_kl 0.0121  SPS 639
[position] iter   5/366  step    40960  return  -2.754  success  0.00 (top 0.00/bot 0.00)  ep_len  599.0  hazard_steps   0.0  approx_kl 0.0109  SPS 640
[position] iter   6/366  step    49152  return  -2.754  success  0.00 (top 0.00/bot 0.00)  ep_len  599.0  hazard_steps   0.0  approx_kl 0.0276  SPS 638
[position] iter   7/366  step    57344  return  -2.754  success  0.00 (top 0.00/bot 0.00)  ep_len  599.0  hazard_steps   0.0  approx_kl 0.0074  SPS 638
[position] iter   8/366  step    65536  return  -2.754  success  0.00 (top 0.00/bot 0.00)  ep_len  599.0  hazard_steps   0.0  approx_kl 0.0173  SPS 636
[position] iter   9/366  step    73728  return  -2.754  success  0.00 (top 0.00/bot 0.00)  ep_len  599.0  hazard_steps   0.0  approx_kl 0.0040  SPS 633
[position] iter  10/366  step    81920  return  -2.608  success  0.00 (top 0.00/bot 0.00)  ep_len  599.0  hazard_steps   1.0  approx_kl 0.0072  SPS 631
[position] iter  11/366  step    90112  return  -2.608  success  0.00 (top 0.00/bot 0.00)  ep_len  599.0  hazard_steps   1.0  approx_kl 0.0055  SPS 631
[position] iter  12/366  step    98304  return  -2.608  success  0.00 (top 0.00/bot 0.00)  ep_len  599.0  hazard_steps   1.0  approx_kl 0.0161  SPS 631
[position] iter  13/366  step   106496  return  -2.608  success  0.00 (top 0.00/bot 0.00)  ep_len  599.0  hazard_steps   1.0  approx_kl 0.0136  SPS 630
[position] iter  14/366  step   114688  return  -2.608  success  0.00 (top 0.00/bot 0.00)  ep_len  599.0  hazard_steps   1.0  approx_kl 0.0197  SPS 629
[position] iter  15/366  step   122880  return  -2.239  success  0.00 (top 0.00/bot 0.00)  ep_len  599.0  hazard_steps   1.0  approx_kl 0.0055  SPS 628
[position] iter  16/366  step   131072  return  -2.239  success  0.00 (top 0.00/bot 0.00)  ep_len  599.0  hazard_steps   1.0  approx_kl 0.0050  SPS 627
[position] iter  17/366  step   139264  return  -2.239  success  0.00 (top 0.00/bot 0.00)  ep_len  599.0  hazard_steps   1.0  approx_kl 0.0092  SPS 628
[position] iter  18/366  step   147456  return  -2.067  success  0.01 (top 0.01/bot 0.00)  ep_len  597.1  hazard_steps   1.0  approx_kl 0.0199  SPS 628
[position] iter  19/366  step   155648  return  -1.797  success  0.01 (top 0.01/bot 0.00)  ep_len  597.1  hazard_steps   0.0  approx_kl 0.0064  SPS 628
[position] iter  20/366  step   163840  return  -1.797  success  0.01 (top 0.01/bot 0.00)  ep_len  597.1  hazard_steps   0.0  approx_kl 0.0058  SPS 628
[position] iter  21/366  step   172032  return  -1.797  success  0.01 (top 0.01/bot 0.00)  ep_len  597.1  hazard_steps   0.0  approx_kl 0.0033  SPS 629
[position] iter  22/366  step   180224  return  -1.797  success  0.01 (top 0.01/bot 0.00)  ep_len  597.1  hazard_steps   0.0  approx_kl 0.0097  SPS 628
[position] iter  23/366  step   188416  return  -1.797  success  0.01 (top 0.01/bot 0.00)  ep_len  597.1  hazard_steps   0.0  approx_kl 0.0225  SPS 628
[position] iter  24/366  step   196608  return  -1.757  success  0.00 (top 0.01/bot 0.00)  ep_len  599.0  hazard_steps   0.0  approx_kl 0.0027  SPS 628
[position] iter  25/366  step   204800  return  -1.757  success  0.00 (top 0.01/bot 0.00)  ep_len  599.0  hazard_steps   0.0  approx_kl 0.0090  SPS 628
[position] iter  26/366  step   212992  return  -1.757  success  0.00 (top 0.01/bot 0.00)  ep_len  599.0  hazard_steps   0.0  approx_kl 0.0066  SPS 628
[position] iter  27/366  step   221184  return  -1.584  success  0.01 (top 0.01/bot 0.01)  ep_len  596.5  hazard_steps   0.5  approx_kl 0.0121  SPS 628
[position] iter  28/366  step   229376  return  -1.584  success  0.01 (top 0.01/bot 0.01)  ep_len  596.5  hazard_steps   0.5  approx_kl 0.0118  SPS 628
[position] iter  29/366  step   237568  return  -1.894  success  0.01 (top 0.01/bot 0.01)  ep_len  596.5  hazard_steps   0.5  approx_kl 0.0065  SPS 628
[position] iter  30/366  step   245760  return  -1.894  success  0.01 (top 0.01/bot 0.01)  ep_len  596.5  hazard_steps   0.5  approx_kl 0.0177  SPS 627
[position] iter  31/366  step   253952  return  -1.887  success  0.01 (top 0.01/bot 0.01)  ep_len  596.5  hazard_steps   0.5  approx_kl 0.0247  SPS 627
[position] iter  32/366  step   262144  return  -1.219  success  0.05 (top 0.05/bot 0.01)  ep_len  590.0  hazard_steps   0.5  approx_kl 0.0086  SPS 627
[position] iter  33/366  step   270336  return  -0.545  success  0.06 (top 0.04/bot 0.03)  ep_len  591.4  hazard_steps   1.9  approx_kl 0.0028  SPS 627
[position] iter  34/366  step   278528  return  -0.545  success  0.06 (top 0.04/bot 0.03)  ep_len  591.4  hazard_steps   1.9  approx_kl 0.0066  SPS 627
[position] iter  35/366  step   286720  return  -0.545  success  0.06 (top 0.04/bot 0.03)  ep_len  591.4  hazard_steps   1.9  approx_kl 0.0069  SPS 627
[position] iter  36/366  step   294912  return   0.426  success  0.11 (top 0.09/bot 0.03)  ep_len  580.5  hazard_steps   1.9  approx_kl 0.0096  SPS 626
[position] iter  37/366  step   303104  return   0.611  success  0.12 (top 0.10/bot 0.03)  ep_len  578.7  hazard_steps   1.9  approx_kl 0.0168  SPS 627
[position] iter  38/366  step   311296  return   0.088  success  0.06 (top 0.10/bot 0.02)  ep_len  586.3  hazard_steps   0.8  approx_kl 0.0097  SPS 627
[position] iter  39/366  step   319488  return   0.247  success  0.07 (top 0.11/bot 0.02)  ep_len  584.7  hazard_steps   0.8  approx_kl 0.0180  SPS 627
[position] iter  40/366  step   327680  return   0.399  success  0.08 (top 0.12/bot 0.02)  ep_len  583.9  hazard_steps   0.8  approx_kl 0.0115  SPS 627
[position] iter  41/366  step   335872  return   0.375  success  0.09 (top 0.13/bot 0.02)  ep_len  582.2  hazard_steps   0.8  approx_kl 0.0230  SPS 628
[position] iter  42/366  step   344064  return   0.525  success  0.10 (top 0.14/bot 0.02)  ep_len  581.4  hazard_steps   0.8  approx_kl 0.0203  SPS 628
[position] iter  43/366  step   352256  return  -0.660  success  0.04 (top 0.14/bot 0.00)  ep_len  594.1  hazard_steps   3.4  approx_kl 0.0105  SPS 628
[position] iter  44/366  step   360448  return  -0.331  success  0.06 (top 0.15/bot 0.01)  ep_len  590.2  hazard_steps   3.3  approx_kl 0.0152  SPS 628
[position] iter  45/366  step   368640  return   0.540  success  0.11 (top 0.20/bot 0.01)  ep_len  577.0  hazard_steps   4.1  approx_kl 0.0056  SPS 628
[position] iter  46/366  step   376832  return   1.484  success  0.18 (top 0.24/bot 0.04)  ep_len  563.8  hazard_steps   8.0  approx_kl 0.0160  SPS 628
[position] iter  47/366  step   385024  return   0.536  success  0.14 (top 0.20/bot 0.04)  ep_len  568.7  hazard_steps  12.6  approx_kl 0.0045  SPS 627
[position] iter  48/366  step   393216  return   0.882  success  0.16 (top 0.22/bot 0.04)  ep_len  563.0  hazard_steps  12.6  approx_kl 0.0127  SPS 627
[position] iter  49/366  step   401408  return   1.570  success  0.20 (top 0.25/bot 0.05)  ep_len  557.3  hazard_steps  13.3  approx_kl 0.0096  SPS 627
[position] iter  50/366  step   409600  return   1.965  success  0.24 (top 0.28/bot 0.06)  ep_len  548.4  hazard_steps  16.4  approx_kl 0.0038  SPS 627
[position] iter  51/366  step   417792  return   2.461  success  0.27 (top 0.30/bot 0.07)  ep_len  543.4  hazard_steps  15.9  approx_kl 0.0159  SPS 627
[position] iter  52/366  step   425984  return   0.501  success  0.17 (top 0.27/bot 0.08)  ep_len  562.4  hazard_steps  14.9  approx_kl 0.0085  SPS 627
[position] iter  53/366  step   434176  return   1.008  success  0.20 (top 0.28/bot 0.08)  ep_len  554.5  hazard_steps  14.2  approx_kl 0.0066  SPS 627
[position] iter  54/366  step   442368  return   1.203  success  0.22 (top 0.30/bot 0.08)  ep_len  549.0  hazard_steps  12.9  approx_kl 0.0057  SPS 627
[position] iter  55/366  step   450560  return   2.170  success  0.27 (top 0.33/bot 0.08)  ep_len  538.6  hazard_steps  10.6  approx_kl 0.0065  SPS 627
[position] iter  56/366  step   458752  return   2.301  success  0.28 (top 0.36/bot 0.08)  ep_len  535.7  hazard_steps  10.6  approx_kl 0.0141  SPS 628
[position] iter  57/366  step   466944  return   0.500  success  0.19 (top 0.36/bot 0.08)  ep_len  552.8  hazard_steps   3.9  approx_kl 0.0122  SPS 628
[position] iter  58/366  step   475136  return   0.527  success  0.20 (top 0.33/bot 0.07)  ep_len  550.1  hazard_steps   3.0  approx_kl 0.0054  SPS 627
[position] iter  59/366  step   483328  return   1.517  success  0.25 (top 0.34/bot 0.05)  ep_len  535.7  hazard_steps   1.2  approx_kl 0.0150  SPS 627
[position] iter  60/366  step   491520  return   0.851  success  0.22 (top 0.34/bot 0.04)  ep_len  544.3  hazard_steps   1.3  approx_kl 0.0089  SPS 628
[position] iter  61/366  step   499712  return  -1.554  success  0.12 (top 0.30/bot 0.04)  ep_len  567.9  hazard_steps   0.9  approx_kl 0.0051  SPS 627
[position] iter  62/366  step   507904  return  -0.717  success  0.15 (top 0.31/bot 0.05)  ep_len  556.5  hazard_steps   2.3  approx_kl 0.0022  SPS 627
[position] iter  63/366  step   516096  return  -0.795  success  0.15 (top 0.31/bot 0.05)  ep_len  556.5  hazard_steps   2.3  approx_kl 0.0029  SPS 627
[position] iter  64/366  step   524288  return   0.254  success  0.21 (top 0.37/bot 0.03)  ep_len  538.2  hazard_steps   2.1  approx_kl 0.0165  SPS 626
[position] iter  65/366  step   532480  return   0.198  success  0.21 (top 0.39/bot 0.02)  ep_len  540.0  hazard_steps   2.1  approx_kl 0.0057  SPS 627
[position] iter  66/366  step   540672  return  -0.123  success  0.18 (top 0.36/bot 0.02)  ep_len  549.1  hazard_steps   1.5  approx_kl 0.0094  SPS 627
[position] iter  67/366  step   548864  return   0.338  success  0.19 (top 0.35/bot 0.01)  ep_len  546.3  hazard_steps   1.5  approx_kl 0.0160  SPS 627
[position] iter  68/366  step   557056  return   0.471  success  0.20 (top 0.35/bot 0.01)  ep_len  543.7  hazard_steps   1.5  approx_kl 0.0076  SPS 627
[position] iter  69/366  step   565248  return   0.453  success  0.20 (top 0.34/bot 0.02)  ep_len  545.1  hazard_steps   2.8  approx_kl 0.0135  SPS 627
[position] iter  70/366  step   573440  return   0.201  success  0.19 (top 0.31/bot 0.03)  ep_len  548.8  hazard_steps   3.1  approx_kl 0.0081  SPS 627
[position] iter  71/366  step   581632  return  -0.635  success  0.13 (top 0.34/bot 0.03)  ep_len  564.2  hazard_steps   3.7  approx_kl 0.0141  SPS 626
[position] iter  72/366  step   589824  return  -0.898  success  0.11 (top 0.33/bot 0.03)  ep_len  569.8  hazard_steps   3.7  approx_kl 0.0065  SPS 626
[position] iter  73/366  step   598016  return  -0.086  success  0.15 (top 0.32/bot 0.03)  ep_len  558.1  hazard_steps   3.8  approx_kl 0.0094  SPS 626
[position] iter  74/366  step   606208  return   0.401  success  0.19 (top 0.34/bot 0.04)  ep_len  550.7  hazard_steps   4.7  approx_kl 0.0037  SPS 626
[position] iter  75/366  step   614400  return   0.328  success  0.18 (top 0.34/bot 0.04)  ep_len  554.9  hazard_steps   3.0  approx_kl 0.0060  SPS 626
[position] iter  76/366  step   622592  return  -0.023  success  0.16 (top 0.33/bot 0.04)  ep_len  560.6  hazard_steps   2.9  approx_kl 0.0125  SPS 626
[position] iter  77/366  step   630784  return   0.198  success  0.17 (top 0.33/bot 0.04)  ep_len  559.3  hazard_steps   2.9  approx_kl 0.0057  SPS 626
[position] iter  78/366  step   638976  return   0.457  success  0.19 (top 0.31/bot 0.05)  ep_len  554.7  hazard_steps   3.4  approx_kl 0.0099  SPS 626
[position] iter  79/366  step   647168  return   0.216  success  0.19 (top 0.30/bot 0.06)  ep_len  558.6  hazard_steps   4.0  approx_kl 0.0051  SPS 626
[position] iter  80/366  step   655360  return  -0.491  success  0.14 (top 0.25/bot 0.06)  ep_len  569.6  hazard_steps   3.2  approx_kl 0.0071  SPS 626
[position] iter  81/366  step   663552  return  -1.186  success  0.11 (top 0.25/bot 0.06)  ep_len  577.4  hazard_steps   3.5  approx_kl 0.0069  SPS 626
[position] iter  82/366  step   671744  return  -1.063  success  0.11 (top 0.25/bot 0.07)  ep_len  574.7  hazard_steps   4.9  approx_kl 0.0104  SPS 626
[position] iter  83/366  step   679936  return  -0.623  success  0.13 (top 0.25/bot 0.05)  ep_len  569.9  hazard_steps   4.8  approx_kl 0.0051  SPS 626
[position] iter  84/366  step   688128  return  -0.809  success  0.12 (top 0.24/bot 0.05)  ep_len  571.1  hazard_steps   4.6  approx_kl 0.0066  SPS 626
[position] iter  85/366  step   696320  return  -0.355  success  0.13 (top 0.24/bot 0.05)  ep_len  567.5  hazard_steps   4.1  approx_kl 0.0048  SPS 626
[position] iter  86/366  step   704512  return  -0.221  success  0.14 (top 0.24/bot 0.06)  ep_len  560.2  hazard_steps   4.2  approx_kl 0.0103  SPS 626
[position] iter  87/366  step   712704  return   0.266  success  0.16 (top 0.20/bot 0.06)  ep_len  554.9  hazard_steps   4.2  approx_kl 0.0067  SPS 626
[position] iter  88/366  step   720896  return   0.326  success  0.15 (top 0.21/bot 0.06)  ep_len  558.0  hazard_steps   1.8  approx_kl 0.0068  SPS 625
[position] iter  89/366  step   729088  return   0.033  success  0.14 (top 0.20/bot 0.05)  ep_len  563.0  hazard_steps   3.2  approx_kl 0.0088  SPS 625
[position] iter  90/366  step   737280  return  -0.091  success  0.13 (top 0.20/bot 0.05)  ep_len  565.7  hazard_steps   3.3  approx_kl 0.0048  SPS 625
[position] iter  91/366  step   745472  return   0.267  success  0.15 (top 0.21/bot 0.05)  ep_len  559.3  hazard_steps   3.4  approx_kl 0.0086  SPS 625
[position] iter  92/366  step   753664  return   0.087  success  0.14 (top 0.21/bot 0.04)  ep_len  561.3  hazard_steps   3.5  approx_kl 0.0077  SPS 625
[position] iter  93/366  step   761856  return  -0.357  success  0.11 (top 0.22/bot 0.03)  ep_len  570.1  hazard_steps   2.9  approx_kl 0.0091  SPS 625
[position] iter  94/366  step   770048  return  -0.240  success  0.11 (top 0.22/bot 0.03)  ep_len  571.0  hazard_steps   2.9  approx_kl 0.0176  SPS 625
[position] iter  95/366  step   778240  return  -0.003  success  0.12 (top 0.24/bot 0.03)  ep_len  566.9  hazard_steps   2.7  approx_kl 0.0096  SPS 626
[position] iter  96/366  step   786432  return  -0.096  success  0.11 (top 0.22/bot 0.02)  ep_len  567.3  hazard_steps   1.3  approx_kl 0.0114  SPS 626
[position] iter  97/366  step   794624  return  -0.082  success  0.12 (top 0.23/bot 0.02)  ep_len  563.9  hazard_steps   1.5  approx_kl 0.0048  SPS 626
[position] iter  98/366  step   802816  return  -0.224  success  0.11 (top 0.23/bot 0.02)  ep_len  567.1  hazard_steps   1.2  approx_kl 0.0086  SPS 626
[position] iter  99/366  step   811008  return  -0.029  success  0.13 (top 0.25/bot 0.01)  ep_len  562.0  hazard_steps   1.0  approx_kl 0.0066  SPS 625
[position] iter 100/366  step   819200  return  -0.340  success  0.11 (top 0.22/bot 0.01)  ep_len  566.5  hazard_steps   0.8  approx_kl 0.0077  SPS 626
[position] iter 101/366  step   827392  return  -0.113  success  0.13 (top 0.24/bot 0.01)  ep_len  559.4  hazard_steps   0.8  approx_kl 0.0095  SPS 625
[position] iter 102/366  step   835584  return   0.112  success  0.15 (top 0.26/bot 0.01)  ep_len  555.7  hazard_steps   1.2  approx_kl 0.0062  SPS 625
[position] iter 103/366  step   843776  return   1.007  success  0.19 (top 0.28/bot 0.00)  ep_len  545.3  hazard_steps   1.9  approx_kl 0.0078  SPS 625
[position] iter 104/366  step   851968  return   1.131  success  0.20 (top 0.28/bot 0.00)  ep_len  543.5  hazard_steps   2.1  approx_kl 0.0131  SPS 625
[position] iter 105/366  step   860160  return   0.327  success  0.17 (top 0.28/bot 0.00)  ep_len  551.7  hazard_steps   2.1  approx_kl 0.0060  SPS 625
[position] iter 106/366  step   868352  return   1.154  success  0.21 (top 0.31/bot 0.00)  ep_len  542.2  hazard_steps   2.2  approx_kl 0.0050  SPS 625
[position] iter 107/366  step   876544  return   1.016  success  0.21 (top 0.32/bot 0.00)  ep_len  543.7  hazard_steps   2.4  approx_kl 0.0108  SPS 625
[position] iter 108/366  step   884736  return   1.248  success  0.23 (top 0.36/bot 0.00)  ep_len  538.4  hazard_steps   4.9  approx_kl 0.0057  SPS 625
[position] iter 109/366  step   892928  return   1.713  success  0.25 (top 0.38/bot 0.01)  ep_len  528.6  hazard_steps   4.9  approx_kl 0.0069  SPS 626
[position] iter 110/366  step   901120  return   2.559  success  0.29 (top 0.42/bot 0.01)  ep_len  518.1  hazard_steps   4.1  approx_kl 0.0060  SPS 625
[position] iter 111/366  step   909312  return   2.831  success  0.30 (top 0.44/bot 0.01)  ep_len  513.5  hazard_steps   4.3  approx_kl 0.0117  SPS 625
[position] iter 112/366  step   917504  return   3.162  success  0.32 (top 0.46/bot 0.01)  ep_len  506.0  hazard_steps   4.5  approx_kl 0.0145  SPS 625
[position] iter 113/366  step   925696  return   2.355  success  0.28 (top 0.44/bot 0.01)  ep_len  512.6  hazard_steps   4.9  approx_kl 0.0203  SPS 625
[position] iter 114/366  step   933888  return   2.178  success  0.27 (top 0.44/bot 0.01)  ep_len  516.2  hazard_steps   3.8  approx_kl 0.0040  SPS 625
[position] iter 115/366  step   942080  return   1.721  success  0.26 (top 0.46/bot 0.01)  ep_len  519.4  hazard_steps   3.2  approx_kl 0.0038  SPS 625
[position] iter 116/366  step   950272  return   1.038  success  0.23 (top 0.47/bot 0.01)  ep_len  528.2  hazard_steps   2.9  approx_kl 0.0169  SPS 625
[position] iter 117/366  step   958464  return   1.459  success  0.25 (top 0.50/bot 0.01)  ep_len  526.1  hazard_steps   2.7  approx_kl 0.0059  SPS 625
[position] iter 118/366  step   966656  return   1.806  success  0.28 (top 0.53/bot 0.02)  ep_len  518.2  hazard_steps   3.2  approx_kl 0.0051  SPS 624
[position] iter 119/366  step   974848  return   3.294  success  0.36 (top 0.56/bot 0.03)  ep_len  499.3  hazard_steps   3.5  approx_kl 0.0106  SPS 625
[position] iter 120/366  step   983040  return   3.980  success  0.40 (top 0.59/bot 0.03)  ep_len  486.2  hazard_steps   3.6  approx_kl 0.0077  SPS 625
[position] iter 121/366  step   991232  return   4.760  success  0.43 (top 0.60/bot 0.03)  ep_len  476.7  hazard_steps   2.4  approx_kl 0.0092  SPS 625
[position] iter 122/366  step   999424  return   5.347  success  0.48 (top 0.63/bot 0.03)  ep_len  460.8  hazard_steps   3.0  approx_kl 0.0207  SPS 625
[position] iter 123/366  step  1007616  return   5.291  success  0.49 (top 0.66/bot 0.02)  ep_len  462.1  hazard_steps   3.5  approx_kl 0.0040  SPS 625
[position] iter 124/366  step  1015808  return   4.818  success  0.46 (top 0.72/bot 0.02)  ep_len  468.0  hazard_steps   3.2  approx_kl 0.0067  SPS 625
[position] iter 125/366  step  1024000  return   5.086  success  0.47 (top 0.72/bot 0.02)  ep_len  463.3  hazard_steps   2.9  approx_kl 0.0100  SPS 625
[position] iter 126/366  step  1032192  return   4.866  success  0.47 (top 0.77/bot 0.02)  ep_len  471.8  hazard_steps   3.2  approx_kl 0.0075  SPS 624
[position] iter 127/366  step  1040384  return   4.524  success  0.46 (top 0.80/bot 0.02)  ep_len  475.4  hazard_steps   4.7  approx_kl 0.0062  SPS 624
[position] iter 128/366  step  1048576  return   5.932  success  0.52 (top 0.82/bot 0.02)  ep_len  449.3  hazard_steps   5.0  approx_kl 0.0056  SPS 624
[position] iter 129/366  step  1056768  return   5.534  success  0.51 (top 0.82/bot 0.02)  ep_len  453.0  hazard_steps   5.0  approx_kl 0.0039  SPS 624
[position] iter 130/366  step  1064960  return   6.542  success  0.56 (top 0.85/bot 0.02)  ep_len  437.1  hazard_steps   4.8  approx_kl 0.0067  SPS 624
[position] iter 131/366  step  1073152  return   6.141  success  0.53 (top 0.87/bot 0.02)  ep_len  435.6  hazard_steps   5.6  approx_kl 0.0106  SPS 624
[position] iter 132/366  step  1081344  return   5.141  success  0.49 (top 0.88/bot 0.00)  ep_len  450.7  hazard_steps   6.2  approx_kl 0.0135  SPS 623
[position] iter 133/366  step  1089536  return   5.527  success  0.50 (top 0.91/bot 0.00)  ep_len  445.9  hazard_steps   4.8  approx_kl 0.0049  SPS 623
[position] iter 134/366  step  1097728  return   5.209  success  0.49 (top 0.93/bot 0.00)  ep_len  449.3  hazard_steps   5.3  approx_kl 0.0057  SPS 623
[position] iter 135/366  step  1105920  return   5.235  success  0.49 (top 0.93/bot 0.00)  ep_len  448.4  hazard_steps   5.3  approx_kl 0.0038  SPS 623
[position] iter 136/366  step  1114112  return   4.271  success  0.45 (top 0.94/bot 0.00)  ep_len  462.9  hazard_steps   5.2  approx_kl 0.0057  SPS 624
[position] iter 137/366  step  1122304  return   2.819  success  0.40 (top 0.94/bot 0.00)  ep_len  477.6  hazard_steps   5.6  approx_kl 0.0092  SPS 623
[position] iter 138/366  step  1130496  return   2.927  success  0.40 (top 0.93/bot 0.00)  ep_len  471.7  hazard_steps   4.4  approx_kl 0.0058  SPS 623
[position] iter 139/366  step  1138688  return   3.418  success  0.43 (top 0.94/bot 0.00)  ep_len  459.6  hazard_steps   3.6  approx_kl 0.0066  SPS 623
[position] iter 140/366  step  1146880  return   3.581  success  0.44 (top 0.94/bot 0.00)  ep_len  454.2  hazard_steps   3.3  approx_kl 0.0119  SPS 622
[position] iter 141/366  step  1155072  return   3.923  success  0.45 (top 0.92/bot 0.00)  ep_len  445.0  hazard_steps   3.0  approx_kl 0.0065  SPS 622
[position] iter 142/366  step  1163264  return   5.963  success  0.53 (top 0.91/bot 0.00)  ep_len  416.6  hazard_steps   2.2  approx_kl 0.0084  SPS 622
[position] iter 143/366  step  1171456  return   6.176  success  0.54 (top 0.90/bot 0.00)  ep_len  413.2  hazard_steps   2.6  approx_kl 0.0042  SPS 622
[position] iter 144/366  step  1179648  return   5.872  success  0.53 (top 0.90/bot 0.00)  ep_len  418.8  hazard_steps   2.9  approx_kl 0.0060  SPS 622
[position] iter 145/366  step  1187840  return   4.704  success  0.48 (top 0.92/bot 0.00)  ep_len  437.3  hazard_steps   3.0  approx_kl 0.0061  SPS 622
[position] iter 146/366  step  1196032  return   5.890  success  0.53 (top 0.93/bot 0.00)  ep_len  420.7  hazard_steps   2.9  approx_kl 0.0108  SPS 622
[position] iter 147/366  step  1204224  return   5.349  success  0.51 (top 0.94/bot 0.00)  ep_len  430.2  hazard_steps   2.9  approx_kl 0.0115  SPS 622
[position] iter 148/366  step  1212416  return   5.868  success  0.53 (top 0.94/bot 0.00)  ep_len  423.3  hazard_steps   2.7  approx_kl 0.0063  SPS 622
[position] iter 149/366  step  1220608  return   4.665  success  0.48 (top 0.94/bot 0.00)  ep_len  437.9  hazard_steps   2.9  approx_kl 0.0051  SPS 622
[position] iter 150/366  step  1228800  return   5.062  success  0.49 (top 0.93/bot 0.00)  ep_len  430.1  hazard_steps   3.0  approx_kl 0.0091  SPS 622
[position] iter 151/366  step  1236992  return   5.070  success  0.50 (top 0.95/bot 0.01)  ep_len  427.9  hazard_steps   4.3  approx_kl 0.0225  SPS 622
[position] iter 152/366  step  1245184  return   4.547  success  0.48 (top 0.96/bot 0.02)  ep_len  435.2  hazard_steps   4.7  approx_kl 0.0066  SPS 622
[position] iter 153/366  step  1253376  return   5.210  success  0.51 (top 0.97/bot 0.02)  ep_len  422.7  hazard_steps   4.7  approx_kl 0.0135  SPS 621
[position] iter 154/366  step  1261568  return   6.443  success  0.56 (top 0.97/bot 0.02)  ep_len  404.7  hazard_steps   4.9  approx_kl 0.0097  SPS 621
[position] iter 155/366  step  1269760  return   7.166  success  0.59 (top 0.97/bot 0.02)  ep_len  392.8  hazard_steps   5.1  approx_kl 0.0066  SPS 621
[position] iter 156/366  step  1277952  return   6.680  success  0.57 (top 0.98/bot 0.02)  ep_len  399.8  hazard_steps   4.4  approx_kl 0.0052  SPS 621
[position] iter 157/366  step  1286144  return   6.439  success  0.56 (top 0.98/bot 0.02)  ep_len  403.6  hazard_steps   4.3  approx_kl 0.0083  SPS 621
[position] iter 158/366  step  1294336  return   6.245  success  0.55 (top 0.98/bot 0.02)  ep_len  406.6  hazard_steps   4.5  approx_kl 0.0036  SPS 621
[position] iter 159/366  step  1302528  return   4.885  success  0.49 (top 0.97/bot 0.02)  ep_len  427.9  hazard_steps   4.6  approx_kl 0.0116  SPS 621
[position] iter 160/366  step  1310720  return   4.166  success  0.46 (top 0.98/bot 0.02)  ep_len  437.8  hazard_steps   3.6  approx_kl 0.0047  SPS 621
[position] iter 161/366  step  1318912  return   5.036  success  0.49 (top 0.98/bot 0.02)  ep_len  426.1  hazard_steps   3.0  approx_kl 0.0035  SPS 621
[position] iter 162/366  step  1327104  return   4.298  success  0.46 (top 0.98/bot 0.01)  ep_len  437.1  hazard_steps   3.2  approx_kl 0.0072  SPS 621
[position] iter 163/366  step  1335296  return   4.981  success  0.49 (top 0.99/bot 0.02)  ep_len  431.8  hazard_steps   2.9  approx_kl 0.0098  SPS 621
[position] iter 164/366  step  1343488  return   5.210  success  0.50 (top 0.99/bot 0.03)  ep_len  430.9  hazard_steps   3.5  approx_kl 0.0103  SPS 621
[position] iter 165/366  step  1351680  return   4.841  success  0.49 (top 0.99/bot 0.03)  ep_len  434.3  hazard_steps   3.3  approx_kl 0.0066  SPS 621
[position] iter 166/366  step  1359872  return   4.147  success  0.45 (top 0.99/bot 0.03)  ep_len  448.8  hazard_steps   4.2  approx_kl 0.0076  SPS 621
[position] iter 167/366  step  1368064  return   4.477  success  0.46 (top 0.99/bot 0.03)  ep_len  446.3  hazard_steps   4.1  approx_kl 0.0102  SPS 621
[position] iter 168/366  step  1376256  return   5.553  success  0.50 (top 0.99/bot 0.05)  ep_len  430.9  hazard_steps   3.9  approx_kl 0.0050  SPS 620
[position] iter 169/366  step  1384448  return   5.230  success  0.48 (top 0.99/bot 0.05)  ep_len  435.3  hazard_steps   3.5  approx_kl 0.0088  SPS 620
[position] iter 170/366  step  1392640  return   6.091  success  0.51 (top 1.00/bot 0.05)  ep_len  425.4  hazard_steps   3.0  approx_kl 0.0051  SPS 620
[position] iter 171/366  step  1400832  return   6.160  success  0.52 (top 1.00/bot 0.06)  ep_len  423.2  hazard_steps   1.9  approx_kl 0.0038  SPS 620
[position] iter 172/366  step  1409024  return   7.245  success  0.57 (top 1.00/bot 0.06)  ep_len  404.7  hazard_steps   1.1  approx_kl 0.0077  SPS 620
[position] iter 173/366  step  1417216  return   6.117  success  0.52 (top 1.00/bot 0.04)  ep_len  418.4  hazard_steps   0.8  approx_kl 0.0175  SPS 620
[position] iter 174/366  step  1425408  return   6.320  success  0.53 (top 1.00/bot 0.03)  ep_len  412.4  hazard_steps   0.6  approx_kl 0.0061  SPS 620
[position] iter 175/366  step  1433600  return   8.554  success  0.62 (top 1.00/bot 0.03)  ep_len  375.9  hazard_steps   0.5  approx_kl 0.0084  SPS 620
[position] iter 176/366  step  1441792  return   8.156  success  0.60 (top 1.00/bot 0.03)  ep_len  385.6  hazard_steps   0.8  approx_kl 0.0145  SPS 620
[position] iter 177/366  step  1449984  return   8.991  success  0.64 (top 1.00/bot 0.04)  ep_len  373.5  hazard_steps   0.8  approx_kl 0.0053  SPS 620
[position] iter 178/366  step  1458176  return   9.083  success  0.65 (top 1.00/bot 0.05)  ep_len  372.4  hazard_steps   1.1  approx_kl 0.0073  SPS 620
[position] iter 179/366  step  1466368  return   7.931  success  0.60 (top 1.00/bot 0.04)  ep_len  392.4  hazard_steps   1.4  approx_kl 0.0051  SPS 620
[position] iter 180/366  step  1474560  return   6.112  success  0.52 (top 0.99/bot 0.04)  ep_len  421.6  hazard_steps   1.7  approx_kl 0.0079  SPS 620
[position] iter 181/366  step  1482752  return   5.534  success  0.50 (top 0.99/bot 0.03)  ep_len  429.6  hazard_steps   1.8  approx_kl 0.0050  SPS 620
[position] iter 182/366  step  1490944  return   5.880  success  0.52 (top 0.99/bot 0.06)  ep_len  424.1  hazard_steps   1.5  approx_kl 0.0043  SPS 620
[position] iter 183/366  step  1499136  return   5.640  success  0.51 (top 0.99/bot 0.07)  ep_len  430.0  hazard_steps   1.5  approx_kl 0.0088  SPS 620
[position] iter 184/366  step  1507328  return   5.867  success  0.53 (top 0.99/bot 0.09)  ep_len  422.5  hazard_steps   1.1  approx_kl 0.0057  SPS 620
[position] iter 185/366  step  1515520  return   6.044  success  0.54 (top 0.98/bot 0.09)  ep_len  418.9  hazard_steps   1.1  approx_kl 0.0081  SPS 620
[position] iter 186/366  step  1523712  return   6.299  success  0.56 (top 0.98/bot 0.09)  ep_len  412.1  hazard_steps   1.1  approx_kl 0.0054  SPS 620
[position] iter 187/366  step  1531904  return   5.880  success  0.55 (top 0.98/bot 0.09)  ep_len  419.5  hazard_steps   1.3  approx_kl 0.0071  SPS 620
[position] iter 188/366  step  1540096  return   4.824  success  0.50 (top 0.98/bot 0.07)  ep_len  427.1  hazard_steps   1.6  approx_kl 0.0064  SPS 620
[position] iter 189/366  step  1548288  return   5.154  success  0.51 (top 0.98/bot 0.06)  ep_len  418.8  hazard_steps   1.8  approx_kl 0.0047  SPS 620
[position] iter 190/366  step  1556480  return   5.002  success  0.50 (top 0.99/bot 0.06)  ep_len  421.3  hazard_steps   1.7  approx_kl 0.0049  SPS 620
[position] iter 191/366  step  1564672  return   5.505  success  0.51 (top 0.99/bot 0.07)  ep_len  419.5  hazard_steps   1.7  approx_kl 0.0062  SPS 620
[position] iter 192/366  step  1572864  return   5.132  success  0.49 (top 0.99/bot 0.06)  ep_len  427.6  hazard_steps   1.6  approx_kl 0.0100  SPS 620
[position] iter 193/366  step  1581056  return   5.239  success  0.49 (top 0.99/bot 0.03)  ep_len  423.9  hazard_steps   1.3  approx_kl 0.0103  SPS 620
[position] iter 194/366  step  1589248  return   4.723  success  0.46 (top 0.97/bot 0.02)  ep_len  435.6  hazard_steps   1.1  approx_kl 0.0085  SPS 620
[position] iter 195/366  step  1597440  return   4.957  success  0.47 (top 0.97/bot 0.03)  ep_len  433.1  hazard_steps   1.9  approx_kl 0.0068  SPS 620
[position] iter 196/366  step  1605632  return   4.708  success  0.47 (top 0.98/bot 0.04)  ep_len  432.9  hazard_steps   2.0  approx_kl 0.0081  SPS 619
[position] iter 197/366  step  1613824  return   4.965  success  0.48 (top 0.98/bot 0.05)  ep_len  429.8  hazard_steps   1.9  approx_kl 0.0040  SPS 619
[position] iter 198/366  step  1622016  return   5.675  success  0.51 (top 0.98/bot 0.05)  ep_len  418.4  hazard_steps   1.9  approx_kl 0.0052  SPS 619
[position] iter 199/366  step  1630208  return   5.670  success  0.51 (top 0.98/bot 0.07)  ep_len  425.2  hazard_steps   1.9  approx_kl 0.0098  SPS 620
[position] iter 200/366  step  1638400  return   5.494  success  0.51 (top 0.98/bot 0.09)  ep_len  427.9  hazard_steps   1.7  approx_kl 0.0060  SPS 620
[position] iter 201/366  step  1646592  return   5.313  success  0.50 (top 0.98/bot 0.09)  ep_len  429.6  hazard_steps   0.5  approx_kl 0.0083  SPS 620
[position] iter 202/366  step  1654784  return   4.793  success  0.48 (top 0.97/bot 0.11)  ep_len  443.7  hazard_steps   0.5  approx_kl 0.0075  SPS 620
[position] iter 203/366  step  1662976  return   3.638  success  0.43 (top 0.97/bot 0.11)  ep_len  459.0  hazard_steps   0.5  approx_kl 0.0032  SPS 620
[position] iter 204/366  step  1671168  return   4.287  success  0.46 (top 0.97/bot 0.11)  ep_len  444.5  hazard_steps   0.5  approx_kl 0.0058  SPS 620
[position] iter 205/366  step  1679360  return   4.300  success  0.46 (top 0.97/bot 0.10)  ep_len  441.8  hazard_steps   0.4  approx_kl 0.0093  SPS 620
[position] iter 206/366  step  1687552  return   5.553  success  0.52 (top 0.99/bot 0.13)  ep_len  426.3  hazard_steps   0.6  approx_kl 0.0056  SPS 620
[position] iter 207/366  step  1695744  return   6.167  success  0.54 (top 0.99/bot 0.12)  ep_len  414.9  hazard_steps   0.6  approx_kl 0.0030  SPS 620
[position] iter 208/366  step  1703936  return   5.831  success  0.53 (top 0.99/bot 0.10)  ep_len  419.2  hazard_steps   0.7  approx_kl 0.0052  SPS 620
[position] iter 209/366  step  1712128  return   5.745  success  0.53 (top 0.99/bot 0.09)  ep_len  417.4  hazard_steps   0.6  approx_kl 0.0083  SPS 620
[position] iter 210/366  step  1720320  return   6.468  success  0.56 (top 0.99/bot 0.08)  ep_len  403.6  hazard_steps   0.7  approx_kl 0.0089  SPS 620
[position] iter 211/366  step  1728512  return   5.547  success  0.53 (top 0.99/bot 0.06)  ep_len  406.7  hazard_steps   1.0  approx_kl 0.0077  SPS 620
[position] iter 212/366  step  1736704  return   5.100  success  0.52 (top 1.00/bot 0.05)  ep_len  407.8  hazard_steps   1.3  approx_kl 0.0061  SPS 620
[position] iter 213/366  step  1744896  return   6.048  success  0.56 (top 1.00/bot 0.05)  ep_len  392.7  hazard_steps   1.4  approx_kl 0.0056  SPS 620
[position] iter 214/366  step  1753088  return   5.461  success  0.53 (top 1.00/bot 0.04)  ep_len  402.5  hazard_steps   2.2  approx_kl 0.0039  SPS 620
[position] iter 215/366  step  1761280  return   5.398  success  0.52 (top 1.00/bot 0.04)  ep_len  405.6  hazard_steps   2.2  approx_kl 0.0084  SPS 620
[position] iter 216/366  step  1769472  return   5.412  success  0.50 (top 1.00/bot 0.01)  ep_len  411.4  hazard_steps   2.2  approx_kl 0.0076  SPS 620
[position] iter 217/366  step  1777664  return   6.174  success  0.53 (top 1.00/bot 0.01)  ep_len  405.0  hazard_steps   2.1  approx_kl 0.0080  SPS 620
[position] iter 218/366  step  1785856  return   6.765  success  0.55 (top 1.00/bot 0.04)  ep_len  405.8  hazard_steps   2.3  approx_kl 0.0081  SPS 619
[position] iter 219/366  step  1794048  return   6.587  success  0.54 (top 0.99/bot 0.06)  ep_len  414.4  hazard_steps   2.2  approx_kl 0.0029  SPS 619
[position] iter 220/366  step  1802240  return   7.308  success  0.57 (top 0.99/bot 0.07)  ep_len  406.6  hazard_steps   2.0  approx_kl 0.0039  SPS 619
[position] iter 221/366  step  1810432  return   7.632  success  0.59 (top 0.99/bot 0.09)  ep_len  406.3  hazard_steps   1.9  approx_kl 0.0048  SPS 619
[position] iter 222/366  step  1818624  return   7.020  success  0.56 (top 0.99/bot 0.09)  ep_len  414.0  hazard_steps   1.9  approx_kl 0.0055  SPS 619
[position] iter 223/366  step  1826816  return   6.457  success  0.53 (top 0.99/bot 0.09)  ep_len  417.8  hazard_steps   1.7  approx_kl 0.0054  SPS 619
[position] iter 224/366  step  1835008  return   6.975  success  0.55 (top 0.99/bot 0.10)  ep_len  410.4  hazard_steps   1.6  approx_kl 0.0061  SPS 619
[position] iter 225/366  step  1843200  return   6.718  success  0.54 (top 0.98/bot 0.11)  ep_len  414.4  hazard_steps   1.8  approx_kl 0.0056  SPS 620
[position] iter 226/366  step  1851392  return   6.466  success  0.52 (top 0.98/bot 0.11)  ep_len  418.5  hazard_steps   1.7  approx_kl 0.0064  SPS 620
[position] iter 227/366  step  1859584  return   7.059  success  0.54 (top 0.97/bot 0.10)  ep_len  406.9  hazard_steps   1.8  approx_kl 0.0064  SPS 619
[position] iter 228/366  step  1867776  return   6.704  success  0.52 (top 0.97/bot 0.07)  ep_len  414.4  hazard_steps   1.9  approx_kl 0.0132  SPS 619
[position] iter 229/366  step  1875968  return   5.940  success  0.48 (top 0.98/bot 0.06)  ep_len  424.9  hazard_steps   2.0  approx_kl 0.0058  SPS 619
[position] iter 230/366  step  1884160  return   5.615  success  0.46 (top 0.98/bot 0.04)  ep_len  429.7  hazard_steps   1.8  approx_kl 0.0069  SPS 619
[position] iter 231/366  step  1892352  return   6.405  success  0.50 (top 0.98/bot 0.03)  ep_len  414.8  hazard_steps   1.9  approx_kl 0.0063  SPS 619
[position] iter 232/366  step  1900544  return   6.387  success  0.50 (top 0.98/bot 0.02)  ep_len  416.1  hazard_steps   1.9  approx_kl 0.0103  SPS 619
[position] iter 233/366  step  1908736  return   6.302  success  0.50 (top 0.98/bot 0.02)  ep_len  416.5  hazard_steps   1.8  approx_kl 0.0075  SPS 619
[position] iter 234/366  step  1916928  return   7.172  success  0.54 (top 0.98/bot 0.01)  ep_len  400.8  hazard_steps   1.7  approx_kl 0.0081  SPS 619
[position] iter 235/366  step  1925120  return   7.508  success  0.55 (top 0.98/bot 0.01)  ep_len  396.8  hazard_steps   1.8  approx_kl 0.0035  SPS 619
[position] iter 236/366  step  1933312  return   6.576  success  0.50 (top 0.98/bot 0.00)  ep_len  416.5  hazard_steps   2.3  approx_kl 0.0048  SPS 619
[position] iter 237/366  step  1941504  return   6.204  success  0.48 (top 0.98/bot 0.00)  ep_len  424.4  hazard_steps   2.7  approx_kl 0.0043  SPS 619
[position] iter 238/366  step  1949696  return   5.695  success  0.45 (top 0.99/bot 0.01)  ep_len  438.2  hazard_steps   4.1  approx_kl 0.0116  SPS 619
[position] iter 239/366  step  1957888  return   5.737  success  0.45 (top 0.99/bot 0.01)  ep_len  439.2  hazard_steps   4.3  approx_kl 0.0038  SPS 619
[position] iter 240/366  step  1966080  return   5.972  success  0.46 (top 0.99/bot 0.01)  ep_len  435.8  hazard_steps   4.3  approx_kl 0.0029  SPS 619
[position] iter 241/366  step  1974272  return   6.126  success  0.47 (top 0.99/bot 0.01)  ep_len  431.0  hazard_steps   4.4  approx_kl 0.0062  SPS 619
[position] iter 242/366  step  1982464  return   6.568  success  0.49 (top 0.99/bot 0.01)  ep_len  423.7  hazard_steps   4.4  approx_kl 0.0038  SPS 619
[position] iter 243/366  step  1990656  return   6.984  success  0.51 (top 0.99/bot 0.01)  ep_len  415.9  hazard_steps   4.4  approx_kl 0.0063  SPS 619
[position] iter 244/366  step  1998848  return   6.360  success  0.48 (top 0.98/bot 0.01)  ep_len  422.9  hazard_steps   5.1  approx_kl 0.0073  SPS 619
[position] iter 245/366  step  2007040  return   5.944  success  0.46 (top 0.97/bot 0.01)  ep_len  430.4  hazard_steps   5.4  approx_kl 0.0077  SPS 619
[position] iter 246/366  step  2015232  return   6.760  success  0.50 (top 0.98/bot 0.01)  ep_len  416.3  hazard_steps   5.2  approx_kl 0.0089  SPS 619
[position] iter 247/366  step  2023424  return   7.175  success  0.52 (top 0.98/bot 0.01)  ep_len  409.5  hazard_steps   4.6  approx_kl 0.0059  SPS 619
[position] iter 248/366  step  2031616  return   8.005  success  0.56 (top 0.98/bot 0.01)  ep_len  395.3  hazard_steps   4.1  approx_kl 0.0076  SPS 619
[position] iter 249/366  step  2039808  return   7.666  success  0.54 (top 0.98/bot 0.00)  ep_len  402.3  hazard_steps   3.8  approx_kl 0.0027  SPS 619
[position] iter 250/366  step  2048000  return   7.631  success  0.54 (top 0.98/bot 0.00)  ep_len  402.0  hazard_steps   4.0  approx_kl 0.0040  SPS 619
[position] iter 251/366  step  2056192  return   7.412  success  0.53 (top 0.98/bot 0.01)  ep_len  407.6  hazard_steps   4.0  approx_kl 0.0066  SPS 619
[position] iter 252/366  step  2064384  return   5.740  success  0.45 (top 0.98/bot 0.01)  ep_len  437.9  hazard_steps   5.0  approx_kl 0.0065  SPS 619
[position] iter 253/366  step  2072576  return   4.699  success  0.40 (top 0.98/bot 0.01)  ep_len  454.6  hazard_steps   6.2  approx_kl 0.0055  SPS 619
[position] iter 254/366  step  2080768  return   5.943  success  0.46 (top 0.98/bot 0.02)  ep_len  435.3  hazard_steps   5.5  approx_kl 0.0031  SPS 619
[position] iter 255/366  step  2088960  return   6.429  success  0.48 (top 0.99/bot 0.02)  ep_len  425.4  hazard_steps   5.4  approx_kl 0.0058  SPS 619
[position] iter 256/366  step  2097152  return   7.823  success  0.55 (top 0.99/bot 0.03)  ep_len  397.4  hazard_steps   5.9  approx_kl 0.0057  SPS 618
[position] iter 257/366  step  2105344  return   9.871  success  0.65 (top 0.99/bot 0.04)  ep_len  360.5  hazard_steps   5.0  approx_kl 0.0050  SPS 619
[position] iter 258/366  step  2113536  return   9.628  success  0.64 (top 0.98/bot 0.04)  ep_len  360.9  hazard_steps   4.8  approx_kl 0.0039  SPS 619
[position] iter 259/366  step  2121728  return   9.210  success  0.62 (top 0.98/bot 0.04)  ep_len  367.9  hazard_steps   5.1  approx_kl 0.0053  SPS 619
[position] iter 260/366  step  2129920  return   7.874  success  0.56 (top 0.98/bot 0.03)  ep_len  390.9  hazard_steps   6.4  approx_kl 0.0061  SPS 619
[position] iter 261/366  step  2138112  return   7.871  success  0.56 (top 0.97/bot 0.03)  ep_len  390.9  hazard_steps   5.9  approx_kl 0.0051  SPS 619
[position] iter 262/366  step  2146304  return   7.292  success  0.53 (top 0.98/bot 0.03)  ep_len  401.0  hazard_steps   5.8  approx_kl 0.0062  SPS 619
[position] iter 263/366  step  2154496  return   7.286  success  0.53 (top 0.98/bot 0.03)  ep_len  401.3  hazard_steps   5.9  approx_kl 0.0043  SPS 619
[position] iter 264/366  step  2162688  return   6.249  success  0.48 (top 0.98/bot 0.03)  ep_len  420.0  hazard_steps   6.3  approx_kl 0.0032  SPS 619
[position] iter 265/366  step  2170880  return   6.345  success  0.48 (top 0.98/bot 0.02)  ep_len  419.2  hazard_steps   5.6  approx_kl 0.0030  SPS 619
[position] iter 266/366  step  2179072  return   7.414  success  0.53 (top 0.98/bot 0.02)  ep_len  401.0  hazard_steps   4.8  approx_kl 0.0042  SPS 619
[position] iter 267/366  step  2187264  return   6.012  success  0.46 (top 0.98/bot 0.00)  ep_len  426.9  hazard_steps   5.2  approx_kl 0.0044  SPS 618
[position] iter 268/366  step  2195456  return   7.272  success  0.52 (top 0.98/bot 0.01)  ep_len  404.1  hazard_steps   5.1  approx_kl 0.0039  SPS 618
[position] iter 269/366  step  2203648  return   7.642  success  0.54 (top 0.98/bot 0.01)  ep_len  396.5  hazard_steps   5.1  approx_kl 0.0104  SPS 618
[position] iter 270/366  step  2211840  return   8.047  success  0.56 (top 0.99/bot 0.01)  ep_len  388.4  hazard_steps   5.1  approx_kl 0.0055  SPS 618
[position] iter 271/366  step  2220032  return   8.466  success  0.58 (top 0.99/bot 0.01)  ep_len  380.7  hazard_steps   4.6  approx_kl 0.0094  SPS 618
[position] iter 272/366  step  2228224  return   8.860  success  0.60 (top 0.98/bot 0.01)  ep_len  374.2  hazard_steps   4.1  approx_kl 0.0047  SPS 618
[position] iter 273/366  step  2236416  return   7.934  success  0.55 (top 0.98/bot 0.01)  ep_len  393.0  hazard_steps   3.5  approx_kl 0.0040  SPS 618
[position] iter 274/366  step  2244608  return   7.977  success  0.55 (top 0.98/bot 0.02)  ep_len  393.5  hazard_steps   3.6  approx_kl 0.0038  SPS 618
[position] iter 275/366  step  2252800  return   8.180  success  0.56 (top 0.99/bot 0.02)  ep_len  390.0  hazard_steps   3.4  approx_kl 0.0034  SPS 618
[position] iter 276/366  step  2260992  return   7.559  success  0.53 (top 0.99/bot 0.03)  ep_len  402.2  hazard_steps   3.8  approx_kl 0.0042  SPS 618
[position] iter 277/366  step  2269184  return   7.824  success  0.54 (top 0.99/bot 0.03)  ep_len  398.8  hazard_steps   3.5  approx_kl 0.0051  SPS 618
[position] iter 278/366  step  2277376  return   8.384  success  0.57 (top 0.99/bot 0.03)  ep_len  387.7  hazard_steps   3.6  approx_kl 0.0044  SPS 618
[position] iter 279/366  step  2285568  return   7.782  success  0.54 (top 0.99/bot 0.02)  ep_len  398.9  hazard_steps   3.4  approx_kl 0.0024  SPS 618
[position] iter 280/366  step  2293760  return   6.794  success  0.49 (top 0.99/bot 0.02)  ep_len  417.3  hazard_steps   3.6  approx_kl 0.0046  SPS 618
[position] iter 281/366  step  2301952  return   6.831  success  0.49 (top 0.99/bot 0.02)  ep_len  416.6  hazard_steps   3.3  approx_kl 0.0036  SPS 618
[position] iter 282/366  step  2310144  return   6.807  success  0.49 (top 0.99/bot 0.04)  ep_len  416.3  hazard_steps   4.2  approx_kl 0.0027  SPS 618
[position] iter 283/366  step  2318336  return   6.588  success  0.48 (top 0.99/bot 0.04)  ep_len  419.4  hazard_steps   4.2  approx_kl 0.0060  SPS 618
[position] iter 284/366  step  2326528  return   7.171  success  0.51 (top 0.99/bot 0.05)  ep_len  409.0  hazard_steps   4.7  approx_kl 0.0017  SPS 618
[position] iter 285/366  step  2334720  return   7.322  success  0.52 (top 0.99/bot 0.05)  ep_len  405.9  hazard_steps   4.7  approx_kl 0.0088  SPS 618
[position] iter 286/366  step  2342912  return   7.439  success  0.53 (top 0.99/bot 0.06)  ep_len  403.4  hazard_steps   5.7  approx_kl 0.0028  SPS 618
[position] iter 287/366  step  2351104  return   6.653  success  0.49 (top 0.98/bot 0.06)  ep_len  419.1  hazard_steps   5.5  approx_kl 0.0013  SPS 618
[position] iter 288/366  step  2359296  return   6.523  success  0.48 (top 0.98/bot 0.06)  ep_len  422.6  hazard_steps   5.3  approx_kl 0.0064  SPS 618
[position] iter 289/366  step  2367488  return   6.354  success  0.47 (top 0.98/bot 0.06)  ep_len  426.0  hazard_steps   4.7  approx_kl 0.0030  SPS 618
[position] iter 290/366  step  2375680  return   6.374  success  0.47 (top 0.97/bot 0.08)  ep_len  427.5  hazard_steps   5.4  approx_kl 0.0049  SPS 618
[position] iter 291/366  step  2383872  return   4.812  success  0.39 (top 0.96/bot 0.07)  ep_len  455.5  hazard_steps   5.4  approx_kl 0.0040  SPS 618
[position] iter 292/366  step  2392064  return   5.672  success  0.43 (top 0.96/bot 0.06)  ep_len  439.0  hazard_steps   4.9  approx_kl 0.0065  SPS 618
[position] iter 293/366  step  2400256  return   6.857  success  0.49 (top 0.97/bot 0.04)  ep_len  417.2  hazard_steps   4.5  approx_kl 0.0080  SPS 618
[position] iter 294/366  step  2408448  return   7.480  success  0.52 (top 0.97/bot 0.05)  ep_len  406.1  hazard_steps   4.3  approx_kl 0.0018  SPS 618
[position] iter 295/366  step  2416640  return   8.573  success  0.57 (top 0.97/bot 0.03)  ep_len  387.1  hazard_steps   2.8  approx_kl 0.0038  SPS 618
[position] iter 296/366  step  2424832  return   8.745  success  0.58 (top 0.96/bot 0.04)  ep_len  384.4  hazard_steps   3.1  approx_kl 0.0043  SPS 618
[position] iter 297/366  step  2433024  return   8.924  success  0.59 (top 0.97/bot 0.04)  ep_len  381.1  hazard_steps   3.1  approx_kl 0.0077  SPS 618
[position] iter 298/366  step  2441216  return   9.747  success  0.63 (top 0.97/bot 0.04)  ep_len  366.3  hazard_steps   2.9  approx_kl 0.0061  SPS 618
[position] iter 299/366  step  2449408  return   8.673  success  0.58 (top 0.98/bot 0.06)  ep_len  385.2  hazard_steps   3.9  approx_kl 0.0042  SPS 618
[position] iter 300/366  step  2457600  return   7.466  success  0.52 (top 0.99/bot 0.04)  ep_len  410.2  hazard_steps   3.7  approx_kl 0.0041  SPS 618
[position] iter 301/366  step  2465792  return   8.673  success  0.58 (top 0.99/bot 0.04)  ep_len  387.3  hazard_steps   3.2  approx_kl 0.0045  SPS 618
[position] iter 302/366  step  2473984  return   8.044  success  0.55 (top 0.98/bot 0.04)  ep_len  397.9  hazard_steps   3.4  approx_kl 0.0055  SPS 618
[position] iter 303/366  step  2482176  return   7.051  success  0.50 (top 0.98/bot 0.04)  ep_len  416.2  hazard_steps   3.7  approx_kl 0.0026  SPS 618
[position] iter 304/366  step  2490368  return   8.594  success  0.58 (top 0.98/bot 0.04)  ep_len  387.2  hazard_steps   2.7  approx_kl 0.0026  SPS 618
[position] iter 305/366  step  2498560  return   7.982  success  0.55 (top 0.99/bot 0.03)  ep_len  395.2  hazard_steps   3.2  approx_kl 0.0028  SPS 618
[position] iter 306/366  step  2506752  return   8.192  success  0.56 (top 0.99/bot 0.03)  ep_len  391.3  hazard_steps   3.0  approx_kl 0.0062  SPS 618
[position] iter 307/366  step  2514944  return   8.859  success  0.60 (top 0.99/bot 0.03)  ep_len  378.1  hazard_steps   3.8  approx_kl 0.0024  SPS 618
[position] iter 308/366  step  2523136  return   9.112  success  0.61 (top 0.99/bot 0.04)  ep_len  372.4  hazard_steps   4.2  approx_kl 0.0024  SPS 618
[position] iter 309/366  step  2531328  return   8.144  success  0.56 (top 0.99/bot 0.03)  ep_len  390.6  hazard_steps   4.2  approx_kl 0.0015  SPS 618
[position] iter 310/366  step  2539520  return   8.148  success  0.56 (top 0.99/bot 0.03)  ep_len  390.7  hazard_steps   4.3  approx_kl 0.0022  SPS 618
[position] iter 311/366  step  2547712  return   7.130  success  0.51 (top 0.99/bot 0.03)  ep_len  409.3  hazard_steps   4.3  approx_kl 0.0036  SPS 618
[position] iter 312/366  step  2555904  return   6.628  success  0.48 (top 0.99/bot 0.03)  ep_len  419.1  hazard_steps   3.8  approx_kl 0.0029  SPS 618
[position] iter 313/366  step  2564096  return   5.325  success  0.41 (top 0.99/bot 0.03)  ep_len  445.4  hazard_steps   3.8  approx_kl 0.0025  SPS 618
[position] iter 314/366  step  2572288  return   6.364  success  0.46 (top 0.99/bot 0.03)  ep_len  426.6  hazard_steps   3.0  approx_kl 0.0037  SPS 618
[position] iter 315/366  step  2580480  return   7.091  success  0.50 (top 0.99/bot 0.06)  ep_len  411.8  hazard_steps   4.0  approx_kl 0.0035  SPS 618
[position] iter 316/366  step  2588672  return   7.930  success  0.54 (top 0.99/bot 0.08)  ep_len  397.0  hazard_steps   4.4  approx_kl 0.0046  SPS 618
[position] iter 317/366  step  2596864  return   8.906  success  0.59 (top 0.99/bot 0.07)  ep_len  378.0  hazard_steps   4.3  approx_kl 0.0035  SPS 618
[position] iter 318/366  step  2605056  return   8.441  success  0.57 (top 0.99/bot 0.09)  ep_len  385.6  hazard_steps   5.3  approx_kl 0.0033  SPS 618
[position] iter 319/366  step  2613248  return   9.178  success  0.61 (top 0.98/bot 0.11)  ep_len  373.2  hazard_steps   4.3  approx_kl 0.0029  SPS 618
[position] iter 320/366  step  2621440  return   9.554  success  0.63 (top 0.99/bot 0.13)  ep_len  366.1  hazard_steps   4.8  approx_kl 0.0039  SPS 618
[position] iter 321/366  step  2629632  return   9.561  success  0.63 (top 0.99/bot 0.13)  ep_len  365.5  hazard_steps   4.4  approx_kl 0.0020  SPS 618
[position] iter 322/366  step  2637824  return  10.138  success  0.66 (top 0.98/bot 0.14)  ep_len  355.0  hazard_steps   4.8  approx_kl 0.0027  SPS 618
[position] iter 323/366  step  2646016  return   9.171  success  0.61 (top 0.98/bot 0.16)  ep_len  370.7  hazard_steps   4.8  approx_kl 0.0041  SPS 618
[position] iter 324/366  step  2654208  return   8.815  success  0.59 (top 0.98/bot 0.17)  ep_len  378.4  hazard_steps   5.7  approx_kl 0.0030  SPS 618
[position] iter 325/366  step  2662400  return   8.165  success  0.56 (top 0.98/bot 0.18)  ep_len  389.6  hazard_steps   6.1  approx_kl 0.0044  SPS 618
[position] iter 326/366  step  2670592  return   8.626  success  0.59 (top 0.98/bot 0.21)  ep_len  379.9  hazard_steps   8.6  approx_kl 0.0020  SPS 618
[position] iter 327/366  step  2678784  return   8.737  success  0.60 (top 0.97/bot 0.22)  ep_len  376.4  hazard_steps  10.0  approx_kl 0.0041  SPS 618
[position] iter 328/366  step  2686976  return   9.934  success  0.66 (top 0.98/bot 0.25)  ep_len  353.4  hazard_steps  10.0  approx_kl 0.0033  SPS 618
[position] iter 329/366  step  2695168  return   9.791  success  0.65 (top 0.98/bot 0.24)  ep_len  356.9  hazard_steps   9.9  approx_kl 0.0036  SPS 618
[position] iter 330/366  step  2703360  return   9.375  success  0.63 (top 0.98/bot 0.24)  ep_len  363.4  hazard_steps   9.8  approx_kl 0.0034  SPS 618
[position] iter 331/366  step  2711552  return   8.623  success  0.59 (top 0.99/bot 0.24)  ep_len  377.9  hazard_steps   9.3  approx_kl 0.0028  SPS 618
[position] iter 332/366  step  2719744  return   8.526  success  0.58 (top 0.98/bot 0.25)  ep_len  381.0  hazard_steps   7.5  approx_kl 0.0022  SPS 618
[position] iter 333/366  step  2727936  return   8.510  success  0.58 (top 0.98/bot 0.24)  ep_len  380.3  hazard_steps   6.2  approx_kl 0.0025  SPS 618
[position] iter 334/366  step  2736128  return   9.279  success  0.62 (top 0.98/bot 0.26)  ep_len  366.8  hazard_steps   6.7  approx_kl 0.0021  SPS 618
[position] iter 335/366  step  2744320  return   9.829  success  0.65 (top 0.99/bot 0.24)  ep_len  356.3  hazard_steps   6.7  approx_kl 0.0048  SPS 618
[position] iter 336/366  step  2752512  return   9.803  success  0.65 (top 0.99/bot 0.25)  ep_len  356.4  hazard_steps   7.0  approx_kl 0.0031  SPS 618
[position] iter 337/366  step  2760704  return   9.928  success  0.66 (top 0.98/bot 0.24)  ep_len  352.6  hazard_steps   7.7  approx_kl 0.0038  SPS 618
[position] iter 338/366  step  2768896  return   8.959  success  0.61 (top 0.98/bot 0.24)  ep_len  371.6  hazard_steps   7.7  approx_kl 0.0052  SPS 618
[position] iter 339/366  step  2777088  return   8.988  success  0.61 (top 0.98/bot 0.24)  ep_len  371.0  hazard_steps   7.2  approx_kl 0.0029  SPS 618
[position] iter 340/366  step  2785280  return   9.352  success  0.63 (top 0.98/bot 0.28)  ep_len  363.3  hazard_steps   8.2  approx_kl 0.0088  SPS 618
[position] iter 341/366  step  2793472  return   9.950  success  0.66 (top 0.99/bot 0.30)  ep_len  352.2  hazard_steps   8.7  approx_kl 0.0043  SPS 618
[position] iter 342/366  step  2801664  return  10.241  success  0.67 (top 0.99/bot 0.30)  ep_len  348.9  hazard_steps   8.8  approx_kl 0.0032  SPS 618
[position] iter 343/366  step  2809856  return   9.970  success  0.66 (top 0.99/bot 0.31)  ep_len  353.3  hazard_steps  10.4  approx_kl 0.0063  SPS 618
[position] iter 344/366  step  2818048  return  10.605  success  0.69 (top 0.99/bot 0.31)  ep_len  341.4  hazard_steps  10.0  approx_kl 0.0039  SPS 618
[position] iter 345/366  step  2826240  return   8.553  success  0.59 (top 0.99/bot 0.30)  ep_len  379.0  hazard_steps   9.0  approx_kl 0.0035  SPS 618
[position] iter 346/366  step  2834432  return   8.125  success  0.57 (top 1.00/bot 0.34)  ep_len  387.4  hazard_steps   9.8  approx_kl 0.0029  SPS 618
[position] iter 347/366  step  2842624  return   8.948  success  0.61 (top 1.00/bot 0.36)  ep_len  372.0  hazard_steps   9.0  approx_kl 0.0034  SPS 619
[position] iter 348/366  step  2850816  return   8.417  success  0.58 (top 1.00/bot 0.33)  ep_len  383.4  hazard_steps   8.5  approx_kl 0.0044  SPS 620
[position] iter 349/366  step  2859008  return   9.918  success  0.65 (top 1.00/bot 0.32)  ep_len  357.5  hazard_steps   8.3  approx_kl 0.0056  SPS 620
[position] iter 350/366  step  2867200  return  10.338  success  0.67 (top 0.99/bot 0.33)  ep_len  348.9  hazard_steps   7.4  approx_kl 0.0034  SPS 621
[position] iter 351/366  step  2875392  return   9.835  success  0.65 (top 0.99/bot 0.34)  ep_len  357.7  hazard_steps   9.5  approx_kl 0.0082  SPS 621
[position] iter 352/366  step  2883584  return   9.975  success  0.66 (top 0.99/bot 0.35)  ep_len  353.2  hazard_steps   9.2  approx_kl 0.0062  SPS 622
[position] iter 353/366  step  2891776  return  10.683  success  0.69 (top 0.99/bot 0.34)  ep_len  340.4  hazard_steps   8.1  approx_kl 0.0070  SPS 623
[position] iter 354/366  step  2899968  return  10.582  success  0.69 (top 0.99/bot 0.36)  ep_len  341.1  hazard_steps  10.1  approx_kl 0.0066  SPS 623
[position] iter 355/366  step  2908160  return  10.625  success  0.69 (top 0.99/bot 0.38)  ep_len  340.8  hazard_steps   9.5  approx_kl 0.0061  SPS 624
[position] iter 356/366  step  2916352  return  10.945  success  0.71 (top 0.98/bot 0.41)  ep_len  333.1  hazard_steps  11.3  approx_kl 0.0015  SPS 625
[position] iter 357/366  step  2924544  return  10.941  success  0.71 (top 0.98/bot 0.39)  ep_len  333.6  hazard_steps  10.1  approx_kl 0.0010  SPS 625
[position] iter 358/366  step  2932736  return  11.011  success  0.71 (top 0.98/bot 0.40)  ep_len  333.5  hazard_steps   8.8  approx_kl 0.0042  SPS 626
[position] iter 359/366  step  2940928  return  10.978  success  0.71 (top 0.98/bot 0.40)  ep_len  335.3  hazard_steps   9.3  approx_kl 0.0061  SPS 627
[position] iter 360/366  step  2949120  return  11.634  success  0.74 (top 0.98/bot 0.40)  ep_len  323.4  hazard_steps   9.5  approx_kl 0.0021  SPS 627
[position] iter 361/366  step  2957312  return  10.217  success  0.67 (top 0.96/bot 0.44)  ep_len  350.2  hazard_steps  10.9  approx_kl 0.0011  SPS 628
[position] iter 362/366  step  2965504  return  10.053  success  0.67 (top 0.96/bot 0.42)  ep_len  349.7  hazard_steps  12.0  approx_kl 0.0007  SPS 628
[position] iter 363/366  step  2973696  return  10.792  success  0.71 (top 0.96/bot 0.42)  ep_len  331.7  hazard_steps  10.5  approx_kl 0.0006  SPS 629
[position] iter 364/366  step  2981888  return  10.601  success  0.70 (top 0.96/bot 0.41)  ep_len  333.7  hazard_steps   8.8  approx_kl 0.0003  SPS 630
[position] iter 365/366  step  2990080  return  11.273  success  0.74 (top 0.95/bot 0.41)  ep_len  317.8  hazard_steps   8.5  approx_kl 0.0000  SPS 630
[position] iter 366/366  step  2998272  return  11.346  success  0.74 (top 0.96/bot 0.43)  ep_len  318.7  hazard_steps   8.7  approx_kl 0.0000  SPS 631

[position/seed1] FINAL success 0.740  hazard_steps 8.66
saved policy -> runs/race/position_s1.pt
wrote run json -> runs/race/position_s1.json
