[INFO][AppLauncher]: Using device: cuda:0
[INFO][AppLauncher]: Loading experience file: /data/howard/isaac/IsaacLab/apps/isaaclab.python.headless.rendering.kit
Loading user config located at: '/data/howard/isaac/envs/isaaclab/lib/python3.11/site-packages/isaacsim/kit/data/Kit/Isaac-Sim/5.1/user.config.json'
[Info] [carb] Logging to file: /data/howard/isaac/envs/isaaclab/lib/python3.11/site-packages/isaacsim/kit/logs/Kit/Isaac-Sim/5.1/kit_20260713_202550.log
2026-07-13T20:25:50Z [145ms] [Warning] [carb.windowing-glfw.plugin] GLFW initialization failed.
2026-07-13T20:25:50Z [145ms] [Warning] [carb] Failed to startup plugin carb.windowing-glfw.plugin (interfaces: [carb::windowing::IGLContext v1.0],[carb::windowing::IWindowing v1.5]) (impl: carb.windowing-glfw.plugin)
2026-07-13T20:25:50Z [211ms] [Warning] [omni.platforminfo.plugin] failed to open the default display.  Can't verify X Server version.
2026-07-13T20:25:50Z [212ms] [Warning] [carb.cudainterop.plugin] CUDA_VISIBLE_DEVICES environment variable is set.
2026-07-13T20:25:50Z [212ms] [Warning] [carb.cudainterop.plugin] Note CUDA device enumeration and Omniverse device enumeration are different.
2026-07-13T20:25:50Z [212ms] [Warning] [carb.cudainterop.plugin] Setting CUDA_VISIBLE_DEVICES can lead to undesired behavior or crashes.
2026-07-13T20:25:50Z [639ms] [Warning] [carb.windowing-glfw.plugin] GLFW initialization failed.
2026-07-13T20:25:50Z [639ms] [Warning] [carb] Failed to startup plugin carb.windowing-glfw.plugin (interfaces: [carb::windowing::IGLContext v1.0],[carb::windowing::IWindowing v1.5]) (impl: carb.windowing-glfw.plugin)
2026-07-13T20:25:50Z [799ms] [Warning] [gpu.foundation.plugin] Skipping NVIDIA GPU due CUDA being in bad state: NVIDIA RTX 6000 Ada Generation
2026-07-13T20:25:50Z [799ms] [Warning] [gpu.foundation.plugin] Please restart your system if CUDA is known to work in your system.
2026-07-13T20:25:50Z [800ms] [Warning] [gpu.foundation.plugin] Skipping NVIDIA GPU due CUDA being in bad state: NVIDIA RTX 6000 Ada Generation
2026-07-13T20:25:50Z [800ms] [Warning] [gpu.foundation.plugin] Please restart your system if CUDA is known to work in your system.
2026-07-13T20:25:50Z [800ms] [Warning] [gpu.foundation.plugin] Skipping NVIDIA GPU due CUDA being in bad state: NVIDIA RTX 6000 Ada Generation
2026-07-13T20:25:50Z [800ms] [Warning] [gpu.foundation.plugin] Please restart your system if CUDA is known to work in your system.
2026-07-13T20:25:50Z [800ms] [Warning] [gpu.foundation.plugin] Skipping NVIDIA GPU due CUDA being in bad state: NVIDIA RTX 6000 Ada Generation
2026-07-13T20:25:50Z [800ms] [Warning] [gpu.foundation.plugin] Please restart your system if CUDA is known to work in your system.
2026-07-13T20:25:50Z [800ms] [Warning] [gpu.foundation.plugin] Skipping NVIDIA GPU due CUDA being in bad state: NVIDIA RTX 6000 Ada Generation
2026-07-13T20:25:50Z [800ms] [Warning] [gpu.foundation.plugin] Please restart your system if CUDA is known to work in your system.
2026-07-13T20:25:50Z [800ms] [Warning] [gpu.foundation.plugin] Skipping NVIDIA GPU due CUDA being in bad state: NVIDIA RTX 6000 Ada Generation
2026-07-13T20:25:50Z [800ms] [Warning] [gpu.foundation.plugin] Please restart your system if CUDA is known to work in your system.

|---------------------------------------------------------------------------------------------|
| Driver Version: 550.90.12     | Graphics API: Vulkan
|=============================================================================================|
| GPU | Name                             | Active | LDA | GPU Memory | Vendor-ID | LUID       |
|     |                                  |        |     |            | Device-ID | UUID       |
|     |                                  |        |     |            | Bus-ID    |            |
|---------------------------------------------------------------------------------------------|
| 0   | NVIDIA RTX 6000 Ada Generation   |        |     | 49386   MB | 10de      | 0          |
|     |                                  |        |     |            | 26b1      | df04a158.. |
|     |                                  |        |     |            | 1         |            |
|---------------------------------------------------------------------------------------------|
| 1   | NVIDIA RTX 6000 Ada Generation   | Yes: 0 |     | 49386   MB | 10de      | 0          |
|     |                                  |        |     |            | 26b1      | 5cfd6483.. |
|     |                                  |        |     |            | 2c        |            |
|---------------------------------------------------------------------------------------------|
| 2   | NVIDIA RTX 6000 Ada Generation   |        |     | 49386   MB | 10de      | 0          |
|     |                                  |        |     |            | 26b1      | bdb0e57d.. |
|     |                                  |        |     |            | 41        |            |
|---------------------------------------------------------------------------------------------|
| 3   | NVIDIA RTX 6000 Ada Generation   |        |     | 49386   MB | 10de      | 0          |
|     |                                  |        |     |            | 26b1      | 21e14e0d.. |
|     |                                  |        |     |            | 61        |            |
|=============================================================================================|
| OS: 22.04.5 LTS (Jammy Jellyfish) ubuntu, Version: 22.04.5, Kernel: 5.15.0-181-generic
| Processor: AMD Ryzen Threadripper PRO 5995WX 64-Cores
| Cores: 64 | Logical Cores: 128
|---------------------------------------------------------------------------------------------|
| Total Memory (MB): 515582 | Free Memory: 480106
| Total Page/Swap (MB): 10239 | Free Page/Swap: 8531
|---------------------------------------------------------------------------------------------|
2026-07-13T20:25:51Z [1,917ms] [Warning] [carb.windowing-glfw.plugin] GLFW initialization failed.
2026-07-13T20:25:51Z [1,917ms] [Warning] [carb] Failed to startup plugin carb.windowing-glfw.plugin (interfaces: [carb::windowing::IGLContext v1.0],[carb::windowing::IWindowing v1.5]) (impl: carb.windowing-glfw.plugin)
2026-07-13T20:25:51Z [1,926ms] [Warning] [carb.windowing-glfw.plugin] GLFW initialization failed.
2026-07-13T20:25:51Z [1,926ms] [Warning] [carb] Failed to startup plugin carb.windowing-glfw.plugin (interfaces: [carb::windowing::IGLContext v1.0],[carb::windowing::IWindowing v1.5]) (impl: carb.windowing-glfw.plugin)
2026-07-13T20:25:51Z [1,932ms] [Warning] [carb.windowing-glfw.plugin] GLFW initialization failed.
2026-07-13T20:25:51Z [1,932ms] [Warning] [carb] Failed to startup plugin carb.windowing-glfw.plugin (interfaces: [carb::windowing::IGLContext v1.0],[carb::windowing::IWindowing v1.5]) (impl: carb.windowing-glfw.plugin)
2026-07-13T20:25:51Z [1,940ms] [Warning] [carb.windowing-glfw.plugin] GLFW initialization failed.
2026-07-13T20:25:51Z [1,940ms] [Warning] [carb] Failed to startup plugin carb.windowing-glfw.plugin (interfaces: [carb::windowing::IGLContext v1.0],[carb::windowing::IWindowing v1.5]) (impl: carb.windowing-glfw.plugin)
2026-07-13T20:25:51Z [1,941ms] [Warning] [carb.windowing-glfw.plugin] GLFW initialization failed.
2026-07-13T20:25:51Z [1,941ms] [Warning] [carb] Failed to startup plugin carb.windowing-glfw.plugin (interfaces: [carb::windowing::IGLContext v1.0],[carb::windowing::IWindowing v1.5]) (impl: carb.windowing-glfw.plugin)
2026-07-13T20:25:51Z [1,942ms] [Warning] [carb.windowing-glfw.plugin] GLFW initialization failed.
2026-07-13T20:25:51Z [1,942ms] [Warning] [carb] Failed to startup plugin carb.windowing-glfw.plugin (interfaces: [carb::windowing::IGLContext v1.0],[carb::windowing::IWindowing v1.5]) (impl: carb.windowing-glfw.plugin)
2026-07-13T20:25:52Z [2,149ms] [Warning] [omni.log] Source: omni.hydra was already registered.
2026-07-13T20:25:52Z [2,491ms] [Warning] [carb] Acquiring non optional plugin interface which is not listed as dependency: [omni::physx::IPhysxBenchmarks v1.0] (plugin: <default plugin>), by client: omni.physics.physx.plugin. Add it to CARB_PLUGIN_IMPL_DEPS() macro of a client.
2026-07-13T20:25:52Z [2,504ms] [Warning] [omni.isaac.dynamic_control] omni.isaac.dynamic_control is deprecated as of Isaac Sim 4.5. No action is needed from end-users.
2026-07-13T20:25:54Z [4,587ms] [Warning] [pxr.Semantics] pxr.Semantics is deprecated - please use Semantics instead
2026-07-13T20:25:54Z [4,700ms] [Warning] [omni.graph.core.plugin] Found duplicate of category 'Replicator' - was 'Annotators', adding 'Fabric Reader'
2026-07-13T20:25:54Z [4,700ms] [Warning] [omni.graph.core.plugin] Category 'Replicator' not accepted on node type 'omni.replicator.core.FabricReader' in extension 'omni.replicator.core'
2026-07-13T20:25:54Z [4,701ms] [Warning] [omni.replicator.core.scripts.extension] No material configuration file, adding configuration to material settings directly.
2026-07-13T20:25:56Z [6,199ms] [Warning] [omni.kvdb.plugin] Disabling key-value database because another kit process is locking it
2026-07-13T20:25:58Z [8,454ms] [Warning] [omni.fabric.plugin] Warning: attribute viewportHandle not found for bucket id 7

2026-07-13T20:25:58Z [8,953ms] [Warning] [isaaclab.envs.direct_marl_env] Seed not set for the environment. The environment creation may not be deterministic.

[36m========================================================================================================[0m
[36m[1m[INFO][IsaacLab]: Logging to file: /data/howard/isaac/tmp/isaaclab/logs/isaaclab_2026-07-13_20-25-58.log[0m
[36m========================================================================================================[0m

[33m20:25:59 [simulation_context.py] WARNING: The `enable_external_forces_every_iteration` parameter in the PhysxCfg is set to False. If you are experiencing noisy velocities, consider enabling this flag. You may need to slightly increase the number of velocity iterations (setting it to 1 or 2 rather than 0), together with this flag, to improve the accuracy of velocity updates.[0m
[INFO]: Base environment:
	Environment device    : cuda:0
	Environment seed      : None
	Physics step-size     : 0.016666666666666666
	Rendering step-size   : 0.1
	Environment step-size : 0.1
[INFO]: Time taken for scene creation : 1.476842 seconds
[INFO]: Scene manager:  <class InteractiveScene>
	Number of environments: 64
	Environment spacing   : 12.0
	Source prim name      : /World/envs/env_0
	Global prim paths     : []
	Replicate physics     : True
[INFO]: Starting the simulation. This may take a few seconds. Please wait...
[INFO]: Time taken for simulation start : 3.256471 seconds
[INFO]: Completed setting up the environment...
condition=z_t  wire_dim=66  trainable=132,743 (encoder frozen)
2026-07-13T20:26:09Z [19,738ms] [Warning] [carb] Client gpu.foundation.plugin has acquired [gpu::unstable::IMemoryBudgetManagerFactory v0.1] 100 times. Consider accessing this interface with carb::getCachedInterface() (Performance warning)
[z_t] iter   1/366  step     8192  return     nan  success   nan (top  nan/bot  nan)  ep_len    nan  hazard_steps   nan  approx_kl 0.0114  SPS 620
[z_t] iter   2/366  step    16384  return     nan  success   nan (top  nan/bot  nan)  ep_len    nan  hazard_steps   nan  approx_kl 0.0302  SPS 618
[z_t] iter   3/366  step    24576  return     nan  success   nan (top  nan/bot  nan)  ep_len    nan  hazard_steps   nan  approx_kl 0.0070  SPS 616
[z_t] iter   4/366  step    32768  return     nan  success   nan (top  nan/bot  nan)  ep_len    nan  hazard_steps   nan  approx_kl 0.0195  SPS 611
[z_t] iter   5/366  step    40960  return  -2.320  success  0.00 (top 0.00/bot 0.00)  ep_len  599.0  hazard_steps   0.0  approx_kl 0.0136  SPS 609
[z_t] iter   6/366  step    49152  return  -2.320  success  0.00 (top 0.00/bot 0.00)  ep_len  599.0  hazard_steps   0.0  approx_kl 0.0129  SPS 609
[z_t] iter   7/366  step    57344  return  -2.320  success  0.00 (top 0.00/bot 0.00)  ep_len  599.0  hazard_steps   0.0  approx_kl 0.0229  SPS 609
[z_t] iter   8/366  step    65536  return  -2.320  success  0.00 (top 0.00/bot 0.00)  ep_len  599.0  hazard_steps   0.0  approx_kl 0.0159  SPS 609
[z_t] iter   9/366  step    73728  return  -2.320  success  0.00 (top 0.00/bot 0.00)  ep_len  599.0  hazard_steps   0.0  approx_kl 0.0129  SPS 610
[z_t] iter  10/366  step    81920  return  -2.549  success  0.00 (top 0.00/bot 0.00)  ep_len  599.0  hazard_steps   0.6  approx_kl 0.0087  SPS 609
[z_t] iter  11/366  step    90112  return  -2.549  success  0.00 (top 0.00/bot 0.00)  ep_len  599.0  hazard_steps   0.6  approx_kl 0.0031  SPS 609
[z_t] iter  12/366  step    98304  return  -2.549  success  0.00 (top 0.00/bot 0.00)  ep_len  599.0  hazard_steps   0.6  approx_kl 0.0049  SPS 608
[z_t] iter  13/366  step   106496  return  -2.549  success  0.00 (top 0.00/bot 0.00)  ep_len  599.0  hazard_steps   0.6  approx_kl 0.0014  SPS 608
[z_t] iter  14/366  step   114688  return  -2.549  success  0.00 (top 0.00/bot 0.00)  ep_len  599.0  hazard_steps   0.6  approx_kl 0.0093  SPS 608
[z_t] iter  15/366  step   122880  return  -2.333  success  0.00 (top 0.00/bot 0.00)  ep_len  599.0  hazard_steps   0.0  approx_kl 0.0040  SPS 608
[z_t] iter  16/366  step   131072  return  -2.333  success  0.00 (top 0.00/bot 0.00)  ep_len  599.0  hazard_steps   0.0  approx_kl 0.0063  SPS 607
[z_t] iter  17/366  step   139264  return  -2.333  success  0.00 (top 0.00/bot 0.00)  ep_len  599.0  hazard_steps   0.0  approx_kl 0.0064  SPS 607
[z_t] iter  18/366  step   147456  return  -2.333  success  0.00 (top 0.00/bot 0.00)  ep_len  599.0  hazard_steps   0.0  approx_kl 0.0085  SPS 607
[z_t] iter  19/366  step   155648  return  -2.018  success  0.01 (top 0.00/bot 0.01)  ep_len  598.4  hazard_steps   0.6  approx_kl 0.0013  SPS 607
[z_t] iter  20/366  step   163840  return  -2.018  success  0.01 (top 0.00/bot 0.01)  ep_len  598.4  hazard_steps   0.6  approx_kl 0.0059  SPS 608
[z_t] iter  21/366  step   172032  return  -2.018  success  0.01 (top 0.00/bot 0.01)  ep_len  598.4  hazard_steps   0.6  approx_kl 0.0068  SPS 607
[z_t] iter  22/366  step   180224  return  -2.018  success  0.01 (top 0.00/bot 0.01)  ep_len  598.4  hazard_steps   0.6  approx_kl 0.0122  SPS 607
[z_t] iter  23/366  step   188416  return  -1.830  success  0.02 (top 0.01/bot 0.01)  ep_len  597.0  hazard_steps   0.6  approx_kl 0.0131  SPS 607
[z_t] iter  24/366  step   196608  return  -1.908  success  0.01 (top 0.01/bot 0.01)  ep_len  597.6  hazard_steps   0.6  approx_kl 0.0087  SPS 606
[z_t] iter  25/366  step   204800  return  -1.908  success  0.01 (top 0.01/bot 0.01)  ep_len  597.6  hazard_steps   0.6  approx_kl 0.0118  SPS 606
[z_t] iter  26/366  step   212992  return  -1.908  success  0.01 (top 0.01/bot 0.01)  ep_len  597.6  hazard_steps   0.6  approx_kl 0.0087  SPS 605
[z_t] iter  27/366  step   221184  return  -1.908  success  0.01 (top 0.01/bot 0.01)  ep_len  597.6  hazard_steps   0.6  approx_kl 0.0018  SPS 605
[z_t] iter  28/366  step   229376  return  -1.918  success  0.01 (top 0.01/bot 0.01)  ep_len  597.6  hazard_steps   0.6  approx_kl 0.0037  SPS 605
[z_t] iter  29/366  step   237568  return  -2.508  success  0.00 (top 0.01/bot 0.00)  ep_len  599.0  hazard_steps   3.7  approx_kl 0.0112  SPS 604
[z_t] iter  30/366  step   245760  return  -2.508  success  0.00 (top 0.01/bot 0.00)  ep_len  599.0  hazard_steps   3.7  approx_kl 0.0033  SPS 604
[z_t] iter  31/366  step   253952  return  -1.981  success  0.03 (top 0.03/bot 0.01)  ep_len  590.5  hazard_steps   4.3  approx_kl 0.0024  SPS 603
[z_t] iter  32/366  step   262144  return  -1.998  success  0.03 (top 0.03/bot 0.01)  ep_len  590.5  hazard_steps   4.3  approx_kl 0.0073  SPS 603
[z_t] iter  33/366  step   270336  return  -1.577  success  0.04 (top 0.04/bot 0.01)  ep_len  590.1  hazard_steps   4.9  approx_kl 0.0101  SPS 603
[z_t] iter  34/366  step   278528  return  -1.577  success  0.04 (top 0.04/bot 0.01)  ep_len  590.1  hazard_steps   4.9  approx_kl 0.0068  SPS 603
[z_t] iter  35/366  step   286720  return  -1.577  success  0.04 (top 0.04/bot 0.01)  ep_len  590.1  hazard_steps   4.9  approx_kl 0.0302  SPS 603
[z_t] iter  36/366  step   294912  return  -1.432  success  0.05 (top 0.03/bot 0.02)  ep_len  587.5  hazard_steps   5.0  approx_kl 0.0082  SPS 604
[z_t] iter  37/366  step   303104  return  -1.434  success  0.05 (top 0.03/bot 0.02)  ep_len  587.5  hazard_steps   5.0  approx_kl 0.0072  SPS 603
[z_t] iter  38/366  step   311296  return  -1.668  success  0.01 (top 0.03/bot 0.02)  ep_len  596.5  hazard_steps   2.5  approx_kl 0.0072  SPS 602
[z_t] iter  39/366  step   319488  return  -1.668  success  0.01 (top 0.03/bot 0.02)  ep_len  596.5  hazard_steps   2.5  approx_kl 0.0036  SPS 600
[z_t] iter  40/366  step   327680  return  -1.667  success  0.01 (top 0.03/bot 0.02)  ep_len  596.5  hazard_steps   2.5  approx_kl 0.0140  SPS 596
[z_t] iter  41/366  step   335872  return  -0.778  success  0.06 (top 0.07/bot 0.03)  ep_len  585.6  hazard_steps   3.1  approx_kl 0.0138  SPS 595
[z_t] iter  42/366  step   344064  return  -0.302  success  0.09 (top 0.08/bot 0.05)  ep_len  583.0  hazard_steps   3.7  approx_kl 0.0070  SPS 594
[z_t] iter  43/366  step   352256  return  -0.842  success  0.08 (top 0.08/bot 0.05)  ep_len  585.5  hazard_steps   6.4  approx_kl 0.0059  SPS 594
[z_t] iter  44/366  step   360448  return  -0.842  success  0.08 (top 0.08/bot 0.05)  ep_len  585.5  hazard_steps   6.4  approx_kl 0.0062  SPS 594
[z_t] iter  45/366  step   368640  return   0.190  success  0.14 (top 0.09/bot 0.07)  ep_len  567.3  hazard_steps   7.9  approx_kl 0.0077  SPS 594
[z_t] iter  46/366  step   376832  return   0.464  success  0.16 (top 0.09/bot 0.08)  ep_len  563.8  hazard_steps   9.2  approx_kl 0.0082  SPS 594
[z_t] iter  47/366  step   385024  return  -0.677  success  0.08 (top 0.09/bot 0.08)  ep_len  577.2  hazard_steps   6.5  approx_kl 0.0132  SPS 594
[z_t] iter  48/366  step   393216  return  -0.677  success  0.08 (top 0.09/bot 0.08)  ep_len  577.2  hazard_steps   6.5  approx_kl 0.0066  SPS 595
[z_t] iter  49/366  step   401408  return  -0.315  success  0.10 (top 0.10/bot 0.09)  ep_len  571.0  hazard_steps   6.9  approx_kl 0.0187  SPS 594
[z_t] iter  50/366  step   409600  return  -0.076  success  0.11 (top 0.10/bot 0.09)  ep_len  568.0  hazard_steps   7.4  approx_kl 0.0089  SPS 594
[z_t] iter  51/366  step   417792  return  -0.105  success  0.11 (top 0.10/bot 0.09)  ep_len  568.0  hazard_steps   7.0  approx_kl 0.0077  SPS 594
[z_t] iter  52/366  step   425984  return  -1.320  success  0.03 (top 0.10/bot 0.09)  ep_len  589.8  hazard_steps   2.6  approx_kl 0.0060  SPS 594
[z_t] iter  53/366  step   434176  return  -1.310  success  0.03 (top 0.10/bot 0.09)  ep_len  589.8  hazard_steps   2.6  approx_kl 0.0045  SPS 594
[z_t] iter  54/366  step   442368  return  -1.008  success  0.05 (top 0.11/bot 0.09)  ep_len  583.4  hazard_steps   2.8  approx_kl 0.0233  SPS 593
[z_t] iter  55/366  step   450560  return  -1.052  success  0.05 (top 0.06/bot 0.07)  ep_len  583.4  hazard_steps   2.8  approx_kl 0.0083  SPS 592
[z_t] iter  56/366  step   458752  return  -1.071  success  0.05 (top 0.06/bot 0.07)  ep_len  583.4  hazard_steps   2.8  approx_kl 0.0069  SPS 592
[z_t] iter  57/366  step   466944  return  -1.442  success  0.03 (top 0.07/bot 0.07)  ep_len  591.4  hazard_steps   1.4  approx_kl 0.0073  SPS 592
[z_t] iter  58/366  step   475136  return  -1.096  success  0.05 (top 0.07/bot 0.07)  ep_len  587.2  hazard_steps   1.4  approx_kl 0.0099  SPS 593
[z_t] iter  59/366  step   483328  return  -0.560  success  0.08 (top 0.07/bot 0.06)  ep_len  579.6  hazard_steps   1.1  approx_kl 0.0106  SPS 592
[z_t] iter  60/366  step   491520  return  -0.560  success  0.08 (top 0.07/bot 0.06)  ep_len  579.6  hazard_steps   1.1  approx_kl 0.0281  SPS 593
[z_t] iter  61/366  step   499712  return  -0.911  success  0.06 (top 0.07/bot 0.04)  ep_len  586.0  hazard_steps   0.0  approx_kl 0.0064  SPS 593
[z_t] iter  62/366  step   507904  return  -0.734  success  0.07 (top 0.08/bot 0.04)  ep_len  583.5  hazard_steps   0.0  approx_kl 0.0084  SPS 593
[z_t] iter  63/366  step   516096  return  -0.394  success  0.09 (top 0.08/bot 0.04)  ep_len  577.3  hazard_steps   1.2  approx_kl 0.0027  SPS 593
[z_t] iter  64/366  step   524288  return  -0.043  success  0.11 (top 0.08/bot 0.05)  ep_len  571.8  hazard_steps   1.7  approx_kl 0.0082  SPS 592
[z_t] iter  65/366  step   532480  return  -0.043  success  0.11 (top 0.08/bot 0.05)  ep_len  571.8  hazard_steps   1.7  approx_kl 0.0043  SPS 592
[z_t] iter  66/366  step   540672  return  -1.045  success  0.05 (top 0.08/bot 0.04)  ep_len  584.8  hazard_steps   1.7  approx_kl 0.0042  SPS 592
[z_t] iter  67/366  step   548864  return  -0.962  success  0.05 (top 0.08/bot 0.04)  ep_len  584.8  hazard_steps   1.7  approx_kl 0.0112  SPS 592
[z_t] iter  68/366  step   557056  return  -1.072  success  0.05 (top 0.08/bot 0.04)  ep_len  584.8  hazard_steps   1.7  approx_kl 0.0079  SPS 592
[z_t] iter  69/366  step   565248  return  -1.069  success  0.05 (top 0.07/bot 0.04)  ep_len  584.8  hazard_steps   1.7  approx_kl 0.0069  SPS 592
[z_t] iter  70/366  step   573440  return  -1.069  success  0.05 (top 0.07/bot 0.04)  ep_len  584.8  hazard_steps   1.7  approx_kl 0.0083  SPS 592
[z_t] iter  71/366  step   581632  return  -1.906  success  0.00 (top 0.07/bot 0.04)  ep_len  599.0  hazard_steps   0.0  approx_kl 0.0109  SPS 592
[z_t] iter  72/366  step   589824  return  -1.747  success  0.01 (top 0.07/bot 0.04)  ep_len  595.5  hazard_steps   0.6  approx_kl 0.0071  SPS 592
[z_t] iter  73/366  step   598016  return  -1.244  success  0.04 (top 0.03/bot 0.06)  ep_len  586.8  hazard_steps   1.5  approx_kl 0.0075  SPS 592
[z_t] iter  74/366  step   606208  return  -1.088  success  0.05 (top 0.03/bot 0.07)  ep_len  584.9  hazard_steps   2.0  approx_kl 0.0091  SPS 591
[z_t] iter  75/366  step   614400  return  -1.003  success  0.05 (top 0.03/bot 0.07)  ep_len  584.9  hazard_steps   2.0  approx_kl 0.0080  SPS 592
[z_t] iter  76/366  step   622592  return  -1.001  success  0.05 (top 0.03/bot 0.07)  ep_len  584.9  hazard_steps   2.0  approx_kl 0.0125  SPS 592
[z_t] iter  77/366  step   630784  return  -0.840  success  0.06 (top 0.04/bot 0.06)  ep_len  584.5  hazard_steps   2.0  approx_kl 0.0114  SPS 592
[z_t] iter  78/366  step   638976  return  -0.445  success  0.08 (top 0.03/bot 0.05)  ep_len  579.2  hazard_steps   2.4  approx_kl 0.0052  SPS 591
[z_t] iter  79/366  step   647168  return  -0.445  success  0.08 (top 0.03/bot 0.05)  ep_len  579.2  hazard_steps   2.4  approx_kl 0.0043  SPS 591
[z_t] iter  80/366  step   655360  return  -0.778  success  0.06 (top 0.04/bot 0.06)  ep_len  584.9  hazard_steps   2.3  approx_kl 0.0074  SPS 591
[z_t] iter  81/366  step   663552  return  -0.771  success  0.06 (top 0.05/bot 0.06)  ep_len  586.3  hazard_steps   1.9  approx_kl 0.0091  SPS 591
[z_t] iter  82/366  step   671744  return  -0.580  success  0.07 (top 0.05/bot 0.07)  ep_len  583.1  hazard_steps   2.4  approx_kl 0.0122  SPS 591
[z_t] iter  83/366  step   679936  return  -0.379  success  0.08 (top 0.06/bot 0.07)  ep_len  582.9  hazard_steps   3.1  approx_kl 0.0051  SPS 591
[z_t] iter  84/366  step   688128  return  -0.380  success  0.08 (top 0.06/bot 0.07)  ep_len  582.9  hazard_steps   3.1  approx_kl 0.0057  SPS 591
[z_t] iter  85/366  step   696320  return  -0.361  success  0.08 (top 0.08/bot 0.07)  ep_len  578.6  hazard_steps   3.1  approx_kl 0.0071  SPS 591
[z_t] iter  86/366  step   704512  return  -0.710  success  0.06 (top 0.08/bot 0.07)  ep_len  585.1  hazard_steps   2.5  approx_kl 0.0098  SPS 591
[z_t] iter  87/366  step   712704  return  -0.774  success  0.06 (top 0.08/bot 0.04)  ep_len  585.1  hazard_steps   1.7  approx_kl 0.0204  SPS 591
[z_t] iter  88/366  step   720896  return  -0.466  success  0.08 (top 0.08/bot 0.06)  ep_len  580.0  hazard_steps   2.6  approx_kl 0.0079  SPS 590
[z_t] iter  89/366  step   729088  return  -1.004  success  0.05 (top 0.07/bot 0.05)  ep_len  583.9  hazard_steps   2.6  approx_kl 0.0027  SPS 590
[z_t] iter  90/366  step   737280  return  -0.848  success  0.06 (top 0.07/bot 0.06)  ep_len  581.2  hazard_steps   3.0  approx_kl 0.0055  SPS 590
[z_t] iter  91/366  step   745472  return  -1.103  success  0.05 (top 0.08/bot 0.05)  ep_len  584.9  hazard_steps   3.0  approx_kl 0.0059  SPS 591
[z_t] iter  92/366  step   753664  return  -0.696  success  0.08 (top 0.08/bot 0.08)  ep_len  576.2  hazard_steps   4.4  approx_kl 0.0066  SPS 590
[z_t] iter  93/366  step   761856  return  -0.854  success  0.07 (top 0.07/bot 0.08)  ep_len  579.1  hazard_steps   3.9  approx_kl 0.0073  SPS 591
[z_t] iter  94/366  step   770048  return  -0.662  success  0.09 (top 0.08/bot 0.09)  ep_len  572.2  hazard_steps   4.9  approx_kl 0.0099  SPS 591
[z_t] iter  95/366  step   778240  return  -0.819  success  0.08 (top 0.08/bot 0.09)  ep_len  575.0  hazard_steps   4.5  approx_kl 0.0092  SPS 591
[z_t] iter  96/366  step   786432  return  -0.844  success  0.08 (top 0.06/bot 0.09)  ep_len  575.0  hazard_steps   3.3  approx_kl 0.0062  SPS 590
[z_t] iter  97/366  step   794624  return  -0.849  success  0.08 (top 0.05/bot 0.10)  ep_len  574.6  hazard_steps   3.4  approx_kl 0.0166  SPS 590
[z_t] iter  98/366  step   802816  return  -0.849  success  0.08 (top 0.05/bot 0.10)  ep_len  574.6  hazard_steps   3.4  approx_kl 0.0056  SPS 590
[z_t] iter  99/366  step   811008  return  -1.150  success  0.05 (top 0.02/bot 0.10)  ep_len  583.4  hazard_steps   3.0  approx_kl 0.0071  SPS 590
[z_t] iter 100/366  step   819200  return  -1.100  success  0.05 (top 0.02/bot 0.10)  ep_len  583.4  hazard_steps   3.0  approx_kl 0.0083  SPS 590
[z_t] iter 101/366  step   827392  return  -0.704  success  0.06 (top 0.02/bot 0.10)  ep_len  580.4  hazard_steps   3.5  approx_kl 0.0079  SPS 590
[z_t] iter 102/366  step   835584  return  -1.019  success  0.04 (top 0.02/bot 0.10)  ep_len  586.5  hazard_steps   2.5  approx_kl 0.0056  SPS 590
[z_t] iter 103/366  step   843776  return  -1.092  success  0.04 (top 0.02/bot 0.10)  ep_len  586.4  hazard_steps   2.5  approx_kl 0.0064  SPS 590
[z_t] iter 104/366  step   851968  return  -0.784  success  0.06 (top 0.03/bot 0.12)  ep_len  583.1  hazard_steps   3.0  approx_kl 0.0070  SPS 590
[z_t] iter 105/366  step   860160  return  -0.598  success  0.07 (top 0.04/bot 0.12)  ep_len  579.4  hazard_steps   3.0  approx_kl 0.0126  SPS 590
[z_t] iter 106/366  step   868352  return   0.018  success  0.11 (top 0.03/bot 0.13)  ep_len  568.1  hazard_steps   4.5  approx_kl 0.0031  SPS 590
[z_t] iter 107/366  step   876544  return  -0.010  success  0.11 (top 0.03/bot 0.13)  ep_len  568.1  hazard_steps   4.5  approx_kl 0.0074  SPS 590
[z_t] iter 108/366  step   884736  return   0.277  success  0.14 (top 0.02/bot 0.17)  ep_len  561.6  hazard_steps   6.8  approx_kl 0.0168  SPS 590
[z_t] iter 109/366  step   892928  return   0.416  success  0.15 (top 0.02/bot 0.18)  ep_len  560.3  hazard_steps   7.2  approx_kl 0.0062  SPS 589
[z_t] iter 110/366  step   901120  return   1.454  success  0.21 (top 0.03/bot 0.22)  ep_len  543.6  hazard_steps  10.0  approx_kl 0.0064  SPS 589
[z_t] iter 111/366  step   909312  return   1.689  success  0.23 (top 0.03/bot 0.27)  ep_len  539.4  hazard_steps  12.3  approx_kl 0.0154  SPS 589
[z_t] iter 112/366  step   917504  return   1.850  success  0.24 (top 0.03/bot 0.28)  ep_len  536.5  hazard_steps  12.9  approx_kl 0.0050  SPS 589
[z_t] iter 113/366  step   925696  return   1.456  success  0.22 (top 0.03/bot 0.29)  ep_len  545.2  hazard_steps  13.3  approx_kl 0.0165  SPS 589
[z_t] iter 114/366  step   933888  return   1.410  success  0.22 (top 0.04/bot 0.30)  ep_len  549.1  hazard_steps  13.0  approx_kl 0.0074  SPS 589
[z_t] iter 115/366  step   942080  return   2.143  success  0.26 (top 0.06/bot 0.33)  ep_len  534.7  hazard_steps  14.0  approx_kl 0.0049  SPS 589
[z_t] iter 116/366  step   950272  return   1.423  success  0.21 (top 0.06/bot 0.33)  ep_len  547.8  hazard_steps  11.4  approx_kl 0.0079  SPS 589
[z_t] iter 117/366  step   958464  return   0.932  success  0.18 (top 0.07/bot 0.32)  ep_len  556.9  hazard_steps   9.6  approx_kl 0.0167  SPS 589
[z_t] iter 118/366  step   966656  return   1.302  success  0.20 (top 0.08/bot 0.36)  ep_len  549.2  hazard_steps   9.8  approx_kl 0.0085  SPS 589
[z_t] iter 119/366  step   974848  return   1.548  success  0.21 (top 0.07/bot 0.36)  ep_len  545.0  hazard_steps   8.7  approx_kl 0.0062  SPS 589
[z_t] iter 120/366  step   983040  return   1.229  success  0.19 (top 0.06/bot 0.33)  ep_len  546.6  hazard_steps   7.9  approx_kl 0.0140  SPS 589
[z_t] iter 121/366  step   991232  return   1.817  success  0.23 (top 0.06/bot 0.39)  ep_len  540.6  hazard_steps   9.6  approx_kl 0.0053  SPS 589
[z_t] iter 122/366  step   999424  return   1.784  success  0.23 (top 0.08/bot 0.38)  ep_len  543.1  hazard_steps   9.7  approx_kl 0.0125  SPS 588
[z_t] iter 123/366  step  1007616  return   2.170  success  0.26 (top 0.08/bot 0.39)  ep_len  538.8  hazard_steps  11.2  approx_kl 0.0054  SPS 588
[z_t] iter 124/366  step  1015808  return   1.935  success  0.25 (top 0.07/bot 0.40)  ep_len  542.0  hazard_steps  12.1  approx_kl 0.0050  SPS 588
[z_t] iter 125/366  step  1024000  return   1.029  success  0.19 (top 0.07/bot 0.36)  ep_len  557.8  hazard_steps   9.3  approx_kl 0.0068  SPS 588
[z_t] iter 126/366  step  1032192  return   1.351  success  0.21 (top 0.07/bot 0.37)  ep_len  553.9  hazard_steps   9.8  approx_kl 0.0074  SPS 588
[z_t] iter 127/366  step  1040384  return   1.194  success  0.20 (top 0.07/bot 0.35)  ep_len  556.6  hazard_steps   9.2  approx_kl 0.0059  SPS 588
[z_t] iter 128/366  step  1048576  return   0.847  success  0.18 (top 0.05/bot 0.36)  ep_len  561.4  hazard_steps   8.5  approx_kl 0.0075  SPS 588
[z_t] iter 129/366  step  1056768  return   0.289  success  0.15 (top 0.05/bot 0.34)  ep_len  566.5  hazard_steps   8.8  approx_kl 0.0233  SPS 587
[z_t] iter 130/366  step  1064960  return   0.197  success  0.14 (top 0.04/bot 0.36)  ep_len  564.1  hazard_steps   8.6  approx_kl 0.0045  SPS 587
[z_t] iter 131/366  step  1073152  return   0.522  success  0.16 (top 0.05/bot 0.37)  ep_len  556.2  hazard_steps   9.4  approx_kl 0.0082  SPS 587
[z_t] iter 132/366  step  1081344  return   1.279  success  0.21 (top 0.05/bot 0.39)  ep_len  538.9  hazard_steps  12.4  approx_kl 0.0151  SPS 587
[z_t] iter 133/366  step  1089536  return   1.481  success  0.22 (top 0.06/bot 0.39)  ep_len  534.4  hazard_steps  12.3  approx_kl 0.0130  SPS 587
[z_t] iter 134/366  step  1097728  return   1.828  success  0.24 (top 0.04/bot 0.40)  ep_len  530.0  hazard_steps  12.8  approx_kl 0.0131  SPS 587
[z_t] iter 135/366  step  1105920  return   1.709  success  0.23 (top 0.04/bot 0.39)  ep_len  531.4  hazard_steps  12.5  approx_kl 0.0101  SPS 587
[z_t] iter 136/366  step  1114112  return   1.561  success  0.22 (top 0.04/bot 0.34)  ep_len  533.5  hazard_steps  10.4  approx_kl 0.0079  SPS 587
[z_t] iter 137/366  step  1122304  return   2.044  success  0.25 (top 0.04/bot 0.35)  ep_len  525.0  hazard_steps  11.8  approx_kl 0.0109  SPS 587
[z_t] iter 138/366  step  1130496  return   1.901  success  0.24 (top 0.04/bot 0.36)  ep_len  530.7  hazard_steps  10.8  approx_kl 0.0081  SPS 586
[z_t] iter 139/366  step  1138688  return   1.681  success  0.23 (top 0.04/bot 0.39)  ep_len  537.0  hazard_steps  10.6  approx_kl 0.0077  SPS 586
[z_t] iter 140/366  step  1146880  return   1.527  success  0.22 (top 0.05/bot 0.37)  ep_len  539.7  hazard_steps   9.7  approx_kl 0.0039  SPS 586
[z_t] iter 141/366  step  1155072  return   1.554  success  0.22 (top 0.06/bot 0.38)  ep_len  538.9  hazard_steps   9.4  approx_kl 0.0109  SPS 586
[z_t] iter 142/366  step  1163264  return   1.554  success  0.22 (top 0.06/bot 0.37)  ep_len  538.9  hazard_steps   9.4  approx_kl 0.0047  SPS 586
[z_t] iter 143/366  step  1171456  return   1.925  success  0.24 (top 0.06/bot 0.39)  ep_len  531.2  hazard_steps   9.8  approx_kl 0.0072  SPS 586
[z_t] iter 144/366  step  1179648  return   1.313  success  0.20 (top 0.05/bot 0.39)  ep_len  540.6  hazard_steps   7.8  approx_kl 0.0038  SPS 586
[z_t] iter 145/366  step  1187840  return   1.808  success  0.23 (top 0.06/bot 0.37)  ep_len  531.7  hazard_steps   9.0  approx_kl 0.0091  SPS 586
[z_t] iter 146/366  step  1196032  return   1.670  success  0.22 (top 0.06/bot 0.35)  ep_len  532.3  hazard_steps   8.7  approx_kl 0.0054  SPS 586
[z_t] iter 147/366  step  1204224  return   2.596  success  0.27 (top 0.08/bot 0.38)  ep_len  513.8  hazard_steps  10.1  approx_kl 0.0029  SPS 586
[z_t] iter 148/366  step  1212416  return   3.207  success  0.30 (top 0.11/bot 0.40)  ep_len  500.7  hazard_steps  10.0  approx_kl 0.0094  SPS 586
[z_t] iter 149/366  step  1220608  return   2.888  success  0.28 (top 0.11/bot 0.38)  ep_len  507.9  hazard_steps   9.6  approx_kl 0.0043  SPS 585
[z_t] iter 150/366  step  1228800  return   3.948  success  0.34 (top 0.14/bot 0.40)  ep_len  489.8  hazard_steps  10.9  approx_kl 0.0053  SPS 585
[z_t] iter 151/366  step  1236992  return   3.957  success  0.34 (top 0.15/bot 0.41)  ep_len  488.7  hazard_steps  10.8  approx_kl 0.0030  SPS 585
[z_t] iter 152/366  step  1245184  return   4.516  success  0.37 (top 0.15/bot 0.47)  ep_len  478.1  hazard_steps  11.7  approx_kl 0.0059  SPS 585
[z_t] iter 153/366  step  1253376  return   4.528  success  0.37 (top 0.17/bot 0.49)  ep_len  479.3  hazard_steps  11.2  approx_kl 0.0114  SPS 585
[z_t] iter 154/366  step  1261568  return   4.676  success  0.38 (top 0.18/bot 0.50)  ep_len  476.6  hazard_steps  11.7  approx_kl 0.0056  SPS 585
[z_t] iter 155/366  step  1269760  return   5.106  success  0.41 (top 0.19/bot 0.52)  ep_len  467.4  hazard_steps  13.0  approx_kl 0.0086  SPS 585
[z_t] iter 156/366  step  1277952  return   5.299  success  0.42 (top 0.22/bot 0.53)  ep_len  462.8  hazard_steps  13.1  approx_kl 0.0101  SPS 585
[z_t] iter 157/366  step  1286144  return   4.950  success  0.40 (top 0.22/bot 0.56)  ep_len  467.2  hazard_steps  13.0  approx_kl 0.0070  SPS 585
[z_t] iter 158/366  step  1294336  return   5.105  success  0.41 (top 0.19/bot 0.60)  ep_len  465.1  hazard_steps  13.4  approx_kl 0.0123  SPS 585
[z_t] iter 159/366  step  1302528  return   4.742  success  0.39 (top 0.18/bot 0.59)  ep_len  471.3  hazard_steps  13.4  approx_kl 0.0038  SPS 585
[z_t] iter 160/366  step  1310720  return   5.268  success  0.42 (top 0.19/bot 0.62)  ep_len  461.0  hazard_steps  14.8  approx_kl 0.0070  SPS 585
[z_t] iter 161/366  step  1318912  return   5.307  success  0.42 (top 0.16/bot 0.66)  ep_len  459.9  hazard_steps  15.2  approx_kl 0.0081  SPS 585
[z_t] iter 162/366  step  1327104  return   4.536  success  0.38 (top 0.15/bot 0.66)  ep_len  473.8  hazard_steps  15.3  approx_kl 0.0072  SPS 584
[z_t] iter 163/366  step  1335296  return   4.556  success  0.38 (top 0.14/bot 0.68)  ep_len  476.4  hazard_steps  14.5  approx_kl 0.0041  SPS 584
[z_t] iter 164/366  step  1343488  return   4.203  success  0.36 (top 0.12/bot 0.69)  ep_len  481.6  hazard_steps  14.1  approx_kl 0.0072  SPS 584
[z_t] iter 165/366  step  1351680  return   4.507  success  0.38 (top 0.12/bot 0.71)  ep_len  477.6  hazard_steps  15.3  approx_kl 0.0103  SPS 584
[z_t] iter 166/366  step  1359872  return   3.590  success  0.33 (top 0.09/bot 0.69)  ep_len  496.9  hazard_steps  13.5  approx_kl 0.0068  SPS 584
[z_t] iter 167/366  step  1368064  return   2.982  success  0.29 (top 0.09/bot 0.67)  ep_len  509.9  hazard_steps  11.3  approx_kl 0.0087  SPS 584
[z_t] iter 168/366  step  1376256  return   3.594  success  0.32 (top 0.09/bot 0.66)  ep_len  497.0  hazard_steps  12.1  approx_kl 0.0232  SPS 584
[z_t] iter 169/366  step  1384448  return   3.854  success  0.33 (top 0.11/bot 0.65)  ep_len  490.9  hazard_steps  11.3  approx_kl 0.0124  SPS 584
[z_t] iter 170/366  step  1392640  return   4.211  success  0.35 (top 0.14/bot 0.67)  ep_len  483.8  hazard_steps  11.2  approx_kl 0.0063  SPS 584
[z_t] iter 171/366  step  1400832  return   4.465  success  0.36 (top 0.14/bot 0.66)  ep_len  478.2  hazard_steps  10.8  approx_kl 0.0062  SPS 584
[z_t] iter 172/366  step  1409024  return   4.961  success  0.39 (top 0.17/bot 0.61)  ep_len  463.9  hazard_steps  11.5  approx_kl 0.0058  SPS 584
[z_t] iter 173/366  step  1417216  return   6.165  success  0.46 (top 0.20/bot 0.61)  ep_len  444.1  hazard_steps  13.0  approx_kl 0.0055  SPS 583
[z_t] iter 174/366  step  1425408  return   6.506  success  0.48 (top 0.21/bot 0.63)  ep_len  437.4  hazard_steps  14.3  approx_kl 0.0042  SPS 583
[z_t] iter 175/366  step  1433600  return   7.393  success  0.53 (top 0.25/bot 0.61)  ep_len  422.9  hazard_steps  16.0  approx_kl 0.0059  SPS 583
[z_t] iter 176/366  step  1441792  return   6.895  success  0.50 (top 0.25/bot 0.60)  ep_len  433.1  hazard_steps  16.1  approx_kl 0.0122  SPS 583
[z_t] iter 177/366  step  1449984  return   6.674  success  0.48 (top 0.29/bot 0.60)  ep_len  444.0  hazard_steps  14.3  approx_kl 0.0120  SPS 583
[z_t] iter 178/366  step  1458176  return   7.263  success  0.51 (top 0.30/bot 0.64)  ep_len  434.3  hazard_steps  16.0  approx_kl 0.0108  SPS 583
[z_t] iter 179/366  step  1466368  return   7.560  success  0.52 (top 0.35/bot 0.67)  ep_len  434.8  hazard_steps  15.2  approx_kl 0.0067  SPS 583
[z_t] iter 180/366  step  1474560  return   8.400  success  0.57 (top 0.38/bot 0.70)  ep_len  419.3  hazard_steps  15.2  approx_kl 0.0039  SPS 583
[z_t] iter 181/366  step  1482752  return  10.131  success  0.68 (top 0.45/bot 0.73)  ep_len  390.8  hazard_steps  17.9  approx_kl 0.0036  SPS 583
[z_t] iter 182/366  step  1490944  return  10.410  success  0.70 (top 0.46/bot 0.74)  ep_len  384.1  hazard_steps  20.0  approx_kl 0.0060  SPS 583
[z_t] iter 183/366  step  1499136  return  10.843  success  0.73 (top 0.47/bot 0.78)  ep_len  369.0  hazard_steps  21.9  approx_kl 0.0023  SPS 583
[z_t] iter 184/366  step  1507328  return  10.940  success  0.74 (top 0.51/bot 0.79)  ep_len  373.7  hazard_steps  20.2  approx_kl 0.0036  SPS 583
[z_t] iter 185/366  step  1515520  return  10.951  success  0.75 (top 0.54/bot 0.82)  ep_len  364.7  hazard_steps  22.9  approx_kl 0.0096  SPS 582
[z_t] iter 186/366  step  1523712  return  11.164  success  0.75 (top 0.57/bot 0.87)  ep_len  362.2  hazard_steps  20.0  approx_kl 0.0061  SPS 582
[z_t] iter 187/366  step  1531904  return  11.133  success  0.75 (top 0.62/bot 0.86)  ep_len  371.9  hazard_steps  19.4  approx_kl 0.0044  SPS 582
[z_t] iter 188/366  step  1540096  return  11.242  success  0.76 (top 0.63/bot 0.86)  ep_len  372.1  hazard_steps  19.4  approx_kl 0.0064  SPS 582
[z_t] iter 189/366  step  1548288  return  11.108  success  0.75 (top 0.63/bot 0.87)  ep_len  380.8  hazard_steps  18.6  approx_kl 0.0030  SPS 582
[z_t] iter 190/366  step  1556480  return  11.107  success  0.75 (top 0.64/bot 0.87)  ep_len  388.4  hazard_steps  16.6  approx_kl 0.0031  SPS 582
[z_t] iter 191/366  step  1564672  return  11.248  success  0.76 (top 0.68/bot 0.85)  ep_len  390.3  hazard_steps  15.3  approx_kl 0.0080  SPS 582
[z_t] iter 192/366  step  1572864  return  11.612  success  0.78 (top 0.68/bot 0.84)  ep_len  371.6  hazard_steps  17.4  approx_kl 0.0058  SPS 582
[z_t] iter 193/366  step  1581056  return  11.668  success  0.78 (top 0.68/bot 0.87)  ep_len  364.2  hazard_steps  17.6  approx_kl 0.0021  SPS 582
[z_t] iter 194/366  step  1589248  return  11.603  success  0.78 (top 0.69/bot 0.88)  ep_len  359.5  hazard_steps  18.6  approx_kl 0.0062  SPS 582
[z_t] iter 195/366  step  1597440  return  11.545  success  0.78 (top 0.68/bot 0.89)  ep_len  360.6  hazard_steps  20.2  approx_kl 0.0070  SPS 582
[z_t] iter 196/366  step  1605632  return  11.840  success  0.80 (top 0.66/bot 0.91)  ep_len  349.7  hazard_steps  21.8  approx_kl 0.0133  SPS 581
[z_t] iter 197/366  step  1613824  return  11.567  success  0.78 (top 0.64/bot 0.92)  ep_len  356.2  hazard_steps  22.3  approx_kl 0.0023  SPS 581
[z_t] iter 198/366  step  1622016  return  11.502  success  0.77 (top 0.65/bot 0.91)  ep_len  362.7  hazard_steps  21.1  approx_kl 0.0029  SPS 581
[z_t] iter 199/366  step  1630208  return  12.020  success  0.80 (top 0.66/bot 0.91)  ep_len  347.0  hazard_steps  22.1  approx_kl 0.0035  SPS 581
[z_t] iter 200/366  step  1638400  return  11.780  success  0.78 (top 0.65/bot 0.92)  ep_len  348.7  hazard_steps  21.2  approx_kl 0.0035  SPS 581
[z_t] iter 201/366  step  1646592  return  10.817  success  0.72 (top 0.59/bot 0.93)  ep_len  363.2  hazard_steps  18.0  approx_kl 0.0037  SPS 581
[z_t] iter 202/366  step  1654784  return  11.382  success  0.76 (top 0.63/bot 0.92)  ep_len  348.2  hazard_steps  21.6  approx_kl 0.0062  SPS 581
[z_t] iter 203/366  step  1662976  return  11.034  success  0.74 (top 0.64/bot 0.92)  ep_len  358.6  hazard_steps  22.0  approx_kl 0.0050  SPS 581
[z_t] iter 204/366  step  1671168  return  11.848  success  0.80 (top 0.65/bot 0.91)  ep_len  343.5  hazard_steps  25.2  approx_kl 0.0056  SPS 581
[z_t] iter 205/366  step  1679360  return  12.527  success  0.84 (top 0.67/bot 0.89)  ep_len  329.8  hazard_steps  27.3  approx_kl 0.0069  SPS 581
[z_t] iter 206/366  step  1687552  return  12.673  success  0.83 (top 0.68/bot 0.90)  ep_len  319.9  hazard_steps  22.7  approx_kl 0.0054  SPS 581
[z_t] iter 207/366  step  1695744  return  12.632  success  0.83 (top 0.65/bot 0.93)  ep_len  315.1  hazard_steps  23.9  approx_kl 0.0048  SPS 581
[z_t] iter 208/366  step  1703936  return  13.599  success  0.87 (top 0.72/bot 0.94)  ep_len  298.3  hazard_steps  20.4  approx_kl 0.0067  SPS 580
[z_t] iter 209/366  step  1712128  return  13.331  success  0.86 (top 0.75/bot 0.95)  ep_len  300.2  hazard_steps  21.7  approx_kl 0.0024  SPS 580
[z_t] iter 210/366  step  1720320  return  14.033  success  0.91 (top 0.74/bot 0.95)  ep_len  284.1  hazard_steps  24.6  approx_kl 0.0027  SPS 580
[z_t] iter 211/366  step  1728512  return  13.209  success  0.86 (top 0.70/bot 0.96)  ep_len  298.8  hazard_steps  24.4  approx_kl 0.0039  SPS 580
[z_t] iter 212/366  step  1736704  return  12.953  success  0.85 (top 0.70/bot 0.99)  ep_len  299.5  hazard_steps  26.5  approx_kl 0.0094  SPS 580
[z_t] iter 213/366  step  1744896  return  12.105  success  0.79 (top 0.66/bot 0.99)  ep_len  322.3  hazard_steps  23.0  approx_kl 0.0017  SPS 580
[z_t] iter 214/366  step  1753088  return  12.030  success  0.78 (top 0.69/bot 0.99)  ep_len  329.9  hazard_steps  19.3  approx_kl 0.0084  SPS 580
[z_t] iter 215/366  step  1761280  return  12.594  success  0.81 (top 0.68/bot 0.99)  ep_len  318.3  hazard_steps  19.3  approx_kl 0.0072  SPS 580
[z_t] iter 216/366  step  1769472  return  12.773  success  0.82 (top 0.66/bot 0.99)  ep_len  312.7  hazard_steps  18.3  approx_kl 0.0090  SPS 580
[z_t] iter 217/366  step  1777664  return  13.155  success  0.85 (top 0.66/bot 0.98)  ep_len  299.1  hazard_steps  19.6  approx_kl 0.0103  SPS 580
[z_t] iter 218/366  step  1785856  return  12.350  success  0.82 (top 0.67/bot 0.95)  ep_len  304.7  hazard_steps  26.6  approx_kl 0.0043  SPS 580
[z_t] iter 219/366  step  1794048  return  12.468  success  0.82 (top 0.67/bot 0.95)  ep_len  304.3  hazard_steps  26.2  approx_kl 0.0135  SPS 580
[z_t] iter 220/366  step  1802240  return  13.132  success  0.86 (top 0.74/bot 0.95)  ep_len  290.5  hazard_steps  29.0  approx_kl 0.0085  SPS 579
[z_t] iter 221/366  step  1810432  return  13.891  success  0.89 (top 0.74/bot 0.95)  ep_len  279.2  hazard_steps  25.2  approx_kl 0.0051  SPS 579
[z_t] iter 222/366  step  1818624  return  14.277  success  0.91 (top 0.73/bot 0.96)  ep_len  272.0  hazard_steps  24.8  approx_kl 0.0076  SPS 579
[z_t] iter 223/366  step  1826816  return  13.993  success  0.89 (top 0.73/bot 0.97)  ep_len  275.7  hazard_steps  23.4  approx_kl 0.0035  SPS 579
[z_t] iter 224/366  step  1835008  return  13.709  success  0.87 (top 0.75/bot 0.97)  ep_len  279.6  hazard_steps  22.9  approx_kl 0.0051  SPS 579
[z_t] iter 225/366  step  1843200  return  13.165  success  0.83 (top 0.75/bot 0.99)  ep_len  293.5  hazard_steps  18.4  approx_kl 0.0049  SPS 579
[z_t] iter 226/366  step  1851392  return  13.497  success  0.85 (top 0.77/bot 0.99)  ep_len  289.9  hazard_steps  18.1  approx_kl 0.0056  SPS 579
[z_t] iter 227/366  step  1859584  return  13.768  success  0.87 (top 0.77/bot 0.99)  ep_len  285.6  hazard_steps  17.1  approx_kl 0.0021  SPS 579
[z_t] iter 228/366  step  1867776  return  14.235  success  0.89 (top 0.79/bot 0.98)  ep_len  281.6  hazard_steps  15.6  approx_kl 0.0048  SPS 579
[z_t] iter 229/366  step  1875968  return  13.761  success  0.87 (top 0.79/bot 0.97)  ep_len  285.7  hazard_steps  16.5  approx_kl 0.0044  SPS 578
[z_t] iter 230/366  step  1884160  return  13.569  success  0.86 (top 0.78/bot 0.97)  ep_len  286.6  hazard_steps  17.7  approx_kl 0.0066  SPS 578
[z_t] iter 231/366  step  1892352  return  13.787  success  0.88 (top 0.81/bot 0.98)  ep_len  280.0  hazard_steps  19.6  approx_kl 0.0025  SPS 578
[z_t] iter 232/366  step  1900544  return  13.935  success  0.89 (top 0.84/bot 0.98)  ep_len  278.4  hazard_steps  19.7  approx_kl 0.0031  SPS 578
[z_t] iter 233/366  step  1908736  return  15.297  success  0.96 (top 0.86/bot 0.98)  ep_len  249.6  hazard_steps  20.3  approx_kl 0.0057  SPS 578
[z_t] iter 234/366  step  1916928  return  14.805  success  0.93 (top 0.84/bot 0.97)  ep_len  253.3  hazard_steps  20.1  approx_kl 0.0071  SPS 578
[z_t] iter 235/366  step  1925120  return  14.681  success  0.92 (top 0.89/bot 0.98)  ep_len  255.9  hazard_steps  19.5  approx_kl 0.0073  SPS 578
[z_t] iter 236/366  step  1933312  return  14.409  success  0.91 (top 0.89/bot 0.98)  ep_len  263.7  hazard_steps  19.8  approx_kl 0.0031  SPS 578
[z_t] iter 237/366  step  1941504  return  15.035  success  0.94 (top 0.90/bot 0.98)  ep_len  251.9  hazard_steps  19.8  approx_kl 0.0083  SPS 578
[z_t] iter 238/366  step  1949696  return  14.699  success  0.93 (top 0.88/bot 0.98)  ep_len  254.5  hazard_steps  20.6  approx_kl 0.0019  SPS 578
[z_t] iter 239/366  step  1957888  return  15.019  success  0.95 (top 0.89/bot 0.97)  ep_len  242.4  hazard_steps  21.6  approx_kl 0.0098  SPS 578
[z_t] iter 240/366  step  1966080  return  14.781  success  0.94 (top 0.90/bot 0.98)  ep_len  242.8  hazard_steps  22.2  approx_kl 0.0051  SPS 577
[z_t] iter 241/366  step  1974272  return  14.858  success  0.94 (top 0.89/bot 0.98)  ep_len  242.4  hazard_steps  21.4  approx_kl 0.0099  SPS 577
[z_t] iter 242/366  step  1982464  return  14.943  success  0.94 (top 0.91/bot 0.98)  ep_len  243.4  hazard_steps  20.6  approx_kl 0.0111  SPS 577
[z_t] iter 243/366  step  1990656  return  14.634  success  0.94 (top 0.89/bot 0.98)  ep_len  243.5  hazard_steps  24.7  approx_kl 0.0051  SPS 577
[z_t] iter 244/366  step  1998848  return  14.327  success  0.92 (top 0.90/bot 0.96)  ep_len  251.1  hazard_steps  22.4  approx_kl 0.0065  SPS 577
[z_t] iter 245/366  step  2007040  return  14.566  success  0.93 (top 0.90/bot 0.97)  ep_len  249.9  hazard_steps  22.2  approx_kl 0.0026  SPS 577
[z_t] iter 246/366  step  2015232  return  14.341  success  0.92 (top 0.90/bot 0.97)  ep_len  262.6  hazard_steps  21.2  approx_kl 0.0054  SPS 577
[z_t] iter 247/366  step  2023424  return  15.120  success  0.95 (top 0.90/bot 0.97)  ep_len  249.3  hazard_steps  22.5  approx_kl 0.0069  SPS 576
[z_t] iter 248/366  step  2031616  return  14.973  success  0.94 (top 0.92/bot 0.95)  ep_len  247.9  hazard_steps  21.9  approx_kl 0.0034  SPS 576
[z_t] iter 249/366  step  2039808  return  14.909  success  0.93 (top 0.90/bot 0.97)  ep_len  244.8  hazard_steps  21.1  approx_kl 0.0058  SPS 576
[z_t] iter 250/366  step  2048000  return  15.175  success  0.95 (top 0.91/bot 0.97)  ep_len  241.3  hazard_steps  22.4  approx_kl 0.0077  SPS 576
[z_t] iter 251/366  step  2056192  return  14.844  success  0.94 (top 0.93/bot 0.94)  ep_len  245.2  hazard_steps  21.9  approx_kl 0.0061  SPS 576
[z_t] iter 252/366  step  2064384  return  14.961  success  0.94 (top 0.94/bot 0.94)  ep_len  245.3  hazard_steps  17.9  approx_kl 0.0042  SPS 576
[z_t] iter 253/366  step  2072576  return  15.066  success  0.95 (top 0.96/bot 0.95)  ep_len  237.2  hazard_steps  20.3  approx_kl 0.0052  SPS 576
[z_t] iter 254/366  step  2080768  return  15.848  success  0.98 (top 0.96/bot 0.96)  ep_len  224.6  hazard_steps  20.1  approx_kl 0.0089  SPS 576
[z_t] iter 255/366  step  2088960  return  15.986  success  0.98 (top 0.99/bot 0.94)  ep_len  224.1  hazard_steps  18.2  approx_kl 0.0032  SPS 576
[z_t] iter 256/366  step  2097152  return  15.827  success  0.97 (top 0.98/bot 0.94)  ep_len  231.3  hazard_steps  16.8  approx_kl 0.0052  SPS 576
[z_t] iter 257/366  step  2105344  return  15.757  success  0.96 (top 0.97/bot 0.95)  ep_len  235.3  hazard_steps  14.7  approx_kl 0.0078  SPS 575
[z_t] iter 258/366  step  2113536  return  15.594  success  0.95 (top 0.95/bot 0.97)  ep_len  238.1  hazard_steps  14.3  approx_kl 0.0048  SPS 575
[z_t] iter 259/366  step  2121728  return  15.652  success  0.95 (top 0.94/bot 0.98)  ep_len  233.0  hazard_steps  14.2  approx_kl 0.0060  SPS 575
[z_t] iter 260/366  step  2129920  return  15.463  success  0.95 (top 0.92/bot 0.98)  ep_len  230.8  hazard_steps  19.2  approx_kl 0.0063  SPS 575
[z_t] iter 261/366  step  2138112  return  15.080  success  0.93 (top 0.90/bot 0.98)  ep_len  236.4  hazard_steps  19.0  approx_kl 0.0068  SPS 575
[z_t] iter 262/366  step  2146304  return  14.442  success  0.90 (top 0.88/bot 0.99)  ep_len  248.2  hazard_steps  18.9  approx_kl 0.0058  SPS 575
[z_t] iter 263/366  step  2154496  return  14.971  success  0.92 (top 0.90/bot 0.99)  ep_len  242.7  hazard_steps  15.1  approx_kl 0.0030  SPS 575
[z_t] iter 264/366  step  2162688  return  15.739  success  0.96 (top 0.91/bot 0.99)  ep_len  228.9  hazard_steps  15.0  approx_kl 0.0041  SPS 575
[z_t] iter 265/366  step  2170880  return  16.155  success  0.98 (top 0.93/bot 0.98)  ep_len  222.3  hazard_steps  15.5  approx_kl 0.0023  SPS 574
[z_t] iter 266/366  step  2179072  return  15.600  success  0.96 (top 0.95/bot 0.97)  ep_len  228.5  hazard_steps  17.6  approx_kl 0.0070  SPS 574
[z_t] iter 267/366  step  2187264  return  15.386  success  0.95 (top 0.97/bot 0.97)  ep_len  232.6  hazard_steps  18.2  approx_kl 0.0043  SPS 574
[z_t] iter 268/366  step  2195456  return  15.847  success  0.98 (top 0.97/bot 0.98)  ep_len  219.6  hazard_steps  20.8  approx_kl 0.0088  SPS 574
[z_t] iter 269/366  step  2203648  return  16.008  success  0.99 (top 0.97/bot 0.97)  ep_len  215.1  hazard_steps  21.3  approx_kl 0.0038  SPS 574
[z_t] iter 270/366  step  2211840  return  16.127  success  0.99 (top 0.98/bot 0.97)  ep_len  212.5  hazard_steps  19.4  approx_kl 0.0028  SPS 574
[z_t] iter 271/366  step  2220032  return  15.998  success  0.98 (top 0.98/bot 0.97)  ep_len  216.2  hazard_steps  18.0  approx_kl 0.0042  SPS 574
[z_t] iter 272/366  step  2228224  return  15.999  success  0.98 (top 0.99/bot 0.98)  ep_len  214.8  hazard_steps  18.2  approx_kl 0.0079  SPS 574
[z_t] iter 273/366  step  2236416  return  16.048  success  0.98 (top 0.99/bot 0.98)  ep_len  214.8  hazard_steps  17.3  approx_kl 0.0048  SPS 574
[z_t] iter 274/366  step  2244608  return  16.375  success  1.00 (top 0.99/bot 0.99)  ep_len  209.4  hazard_steps  19.8  approx_kl 0.0016  SPS 574
[z_t] iter 275/366  step  2252800  return  15.440  success  0.96 (top 0.96/bot 0.98)  ep_len  225.1  hazard_steps  20.8  approx_kl 0.0041  SPS 573
[z_t] iter 276/366  step  2260992  return  15.365  success  0.96 (top 0.96/bot 0.98)  ep_len  224.9  hazard_steps  22.4  approx_kl 0.0057  SPS 573
[z_t] iter 277/366  step  2269184  return  15.952  success  0.98 (top 0.97/bot 0.99)  ep_len  214.3  hazard_steps  20.1  approx_kl 0.0086  SPS 573
[z_t] iter 278/366  step  2277376  return  15.692  success  0.97 (top 0.96/bot 0.97)  ep_len  217.2  hazard_steps  19.8  approx_kl 0.0043  SPS 573
[z_t] iter 279/366  step  2285568  return  15.841  success  0.97 (top 0.96/bot 0.97)  ep_len  215.9  hazard_steps  17.1  approx_kl 0.0042  SPS 573
[z_t] iter 280/366  step  2293760  return  16.251  success  0.98 (top 0.99/bot 0.97)  ep_len  211.5  hazard_steps  14.4  approx_kl 0.0035  SPS 573
[z_t] iter 281/366  step  2301952  return  16.334  success  0.99 (top 0.98/bot 0.98)  ep_len  206.2  hazard_steps  18.1  approx_kl 0.0052  SPS 573
[z_t] iter 282/366  step  2310144  return  15.571  success  0.96 (top 0.97/bot 0.96)  ep_len  218.5  hazard_steps  21.8  approx_kl 0.0044  SPS 573
[z_t] iter 283/366  step  2318336  return  15.568  success  0.95 (top 0.97/bot 0.96)  ep_len  223.2  hazard_steps  18.1  approx_kl 0.0038  SPS 573
[z_t] iter 284/366  step  2326528  return  16.162  success  0.98 (top 0.97/bot 0.98)  ep_len  211.2  hazard_steps  17.6  approx_kl 0.0041  SPS 572
[z_t] iter 285/366  step  2334720  return  16.338  success  0.99 (top 0.97/bot 0.97)  ep_len  206.5  hazard_steps  18.0  approx_kl 0.0046  SPS 572
[z_t] iter 286/366  step  2342912  return  16.075  success  0.98 (top 0.97/bot 0.97)  ep_len  210.5  hazard_steps  19.7  approx_kl 0.0028  SPS 572
[z_t] iter 287/366  step  2351104  return  15.967  success  0.97 (top 0.96/bot 0.98)  ep_len  213.6  hazard_steps  18.5  approx_kl 0.0068  SPS 572
[z_t] iter 288/366  step  2359296  return  15.880  success  0.97 (top 0.96/bot 0.99)  ep_len  213.9  hazard_steps  19.6  approx_kl 0.0065  SPS 572
[z_t] iter 289/366  step  2367488  return  15.879  success  0.97 (top 0.96/bot 0.99)  ep_len  213.6  hazard_steps  19.7  approx_kl 0.0038  SPS 572
[z_t] iter 290/366  step  2375680  return  15.932  success  0.98 (top 0.96/bot 0.99)  ep_len  209.5  hazard_steps  21.7  approx_kl 0.0033  SPS 572
[z_t] iter 291/366  step  2383872  return  15.662  success  0.97 (top 0.97/bot 0.97)  ep_len  212.7  hazard_steps  21.7  approx_kl 0.0038  SPS 572
[z_t] iter 292/366  step  2392064  return  15.046  success  0.94 (top 0.95/bot 0.96)  ep_len  225.0  hazard_steps  21.2  approx_kl 0.0046  SPS 571
[z_t] iter 293/366  step  2400256  return  15.374  success  0.95 (top 0.97/bot 0.95)  ep_len  220.3  hazard_steps  19.9  approx_kl 0.0056  SPS 571
[z_t] iter 294/366  step  2408448  return  15.811  success  0.97 (top 0.98/bot 0.94)  ep_len  211.7  hazard_steps  19.5  approx_kl 0.0034  SPS 571
[z_t] iter 295/366  step  2416640  return  16.261  success  0.98 (top 0.97/bot 0.95)  ep_len  207.7  hazard_steps  16.3  approx_kl 0.0027  SPS 571
[z_t] iter 296/366  step  2424832  return  16.062  success  0.97 (top 0.97/bot 0.96)  ep_len  212.0  hazard_steps  16.5  approx_kl 0.0032  SPS 571
[z_t] iter 297/366  step  2433024  return  16.028  success  0.97 (top 0.97/bot 0.97)  ep_len  213.0  hazard_steps  17.0  approx_kl 0.0032  SPS 571
[z_t] iter 298/366  step  2441216  return  15.409  success  0.95 (top 0.94/bot 0.98)  ep_len  221.2  hazard_steps  20.6  approx_kl 0.0040  SPS 571
[z_t] iter 299/366  step  2449408  return  15.530  success  0.95 (top 0.93/bot 0.99)  ep_len  220.8  hazard_steps  18.0  approx_kl 0.0045  SPS 571
[z_t] iter 300/366  step  2457600  return  15.423  success  0.94 (top 0.91/bot 0.99)  ep_len  223.0  hazard_steps  18.0  approx_kl 0.0020  SPS 571
[z_t] iter 301/366  step  2465792  return  15.609  success  0.95 (top 0.91/bot 1.00)  ep_len  218.3  hazard_steps  18.4  approx_kl 0.0041  SPS 571
[z_t] iter 302/366  step  2473984  return  15.653  success  0.96 (top 0.91/bot 1.00)  ep_len  214.1  hazard_steps  21.2  approx_kl 0.0037  SPS 571
[z_t] iter 303/366  step  2482176  return  15.752  success  0.97 (top 0.92/bot 1.00)  ep_len  210.0  hazard_steps  21.2  approx_kl 0.0033  SPS 570
[z_t] iter 304/366  step  2490368  return  15.384  success  0.95 (top 0.90/bot 0.99)  ep_len  217.4  hazard_steps  20.8  approx_kl 0.0033  SPS 570
[z_t] iter 305/366  step  2498560  return  15.514  success  0.95 (top 0.93/bot 0.98)  ep_len  217.4  hazard_steps  19.6  approx_kl 0.0037  SPS 570
[z_t] iter 306/366  step  2506752  return  15.309  success  0.94 (top 0.94/bot 0.95)  ep_len  221.4  hazard_steps  19.2  approx_kl 0.0024  SPS 570
[z_t] iter 307/366  step  2514944  return  15.308  success  0.94 (top 0.95/bot 0.94)  ep_len  222.5  hazard_steps  18.3  approx_kl 0.0051  SPS 570
[z_t] iter 308/366  step  2523136  return  14.943  success  0.93 (top 0.96/bot 0.93)  ep_len  227.8  hazard_steps  19.8  approx_kl 0.0041  SPS 570
[z_t] iter 309/366  step  2531328  return  15.781  success  0.98 (top 0.96/bot 0.93)  ep_len  208.5  hazard_steps  23.8  approx_kl 0.0050  SPS 570
[z_t] iter 310/366  step  2539520  return  15.630  success  0.97 (top 0.97/bot 0.94)  ep_len  213.7  hazard_steps  22.9  approx_kl 0.0022  SPS 570
[z_t] iter 311/366  step  2547712  return  15.136  success  0.94 (top 0.95/bot 0.94)  ep_len  225.5  hazard_steps  20.5  approx_kl 0.0045  SPS 570
[z_t] iter 312/366  step  2555904  return  14.628  success  0.90 (top 0.94/bot 0.94)  ep_len  241.0  hazard_steps  14.9  approx_kl 0.0021  SPS 570
[z_t] iter 313/366  step  2564096  return  14.459  success  0.90 (top 0.94/bot 0.93)  ep_len  243.0  hazard_steps  16.7  approx_kl 0.0061  SPS 570
[z_t] iter 314/366  step  2572288  return  14.959  success  0.93 (top 0.93/bot 0.93)  ep_len  229.5  hazard_steps  19.9  approx_kl 0.0046  SPS 570
[z_t] iter 315/366  step  2580480  return  15.211  success  0.95 (top 0.92/bot 0.92)  ep_len  221.9  hazard_steps  23.7  approx_kl 0.0034  SPS 570
[z_t] iter 316/366  step  2588672  return  15.355  success  0.95 (top 0.92/bot 0.94)  ep_len  218.8  hazard_steps  23.4  approx_kl 0.0042  SPS 570
[z_t] iter 317/366  step  2596864  return  15.442  success  0.95 (top 0.92/bot 0.97)  ep_len  221.1  hazard_steps  21.4  approx_kl 0.0037  SPS 569
[z_t] iter 318/366  step  2605056  return  15.592  success  0.95 (top 0.93/bot 0.98)  ep_len  220.7  hazard_steps  18.3  approx_kl 0.0033  SPS 569
[z_t] iter 319/366  step  2613248  return  15.377  success  0.94 (top 0.92/bot 0.97)  ep_len  225.0  hazard_steps  17.4  approx_kl 0.0015  SPS 569
[z_t] iter 320/366  step  2621440  return  15.521  success  0.95 (top 0.92/bot 0.99)  ep_len  219.3  hazard_steps  18.7  approx_kl 0.0017  SPS 569
[z_t] iter 321/366  step  2629632  return  15.891  success  0.97 (top 0.94/bot 0.99)  ep_len  210.0  hazard_steps  19.6  approx_kl 0.0010  SPS 569
[z_t] iter 322/366  step  2637824  return  16.008  success  0.98 (top 0.94/bot 0.98)  ep_len  207.7  hazard_steps  22.1  approx_kl 0.0024  SPS 569
[z_t] iter 323/366  step  2646016  return  15.921  success  0.97 (top 0.97/bot 0.97)  ep_len  212.2  hazard_steps  19.9  approx_kl 0.0015  SPS 569
[z_t] iter 324/366  step  2654208  return  15.934  success  0.97 (top 0.97/bot 0.98)  ep_len  211.3  hazard_steps  19.0  approx_kl 0.0017  SPS 569
[z_t] iter 325/366  step  2662400  return  16.031  success  0.97 (top 0.97/bot 0.97)  ep_len  211.0  hazard_steps  18.5  approx_kl 0.0025  SPS 569
[z_t] iter 326/366  step  2670592  return  16.066  success  0.97 (top 0.97/bot 0.97)  ep_len  210.2  hazard_steps  17.9  approx_kl 0.0048  SPS 569
[z_t] iter 327/366  step  2678784  return  16.554  success  1.00 (top 0.98/bot 0.98)  ep_len  198.2  hazard_steps  18.4  approx_kl 0.0033  SPS 569
[z_t] iter 328/366  step  2686976  return  16.546  success  1.00 (top 0.98/bot 0.99)  ep_len  198.3  hazard_steps  18.5  approx_kl 0.0037  SPS 569
[z_t] iter 329/366  step  2695168  return  16.054  success  0.98 (top 1.00/bot 0.97)  ep_len  205.4  hazard_steps  19.1  approx_kl 0.0036  SPS 569
[z_t] iter 330/366  step  2703360  return  15.882  success  0.97 (top 1.00/bot 0.97)  ep_len  210.6  hazard_steps  18.1  approx_kl 0.0030  SPS 568
[z_t] iter 331/366  step  2711552  return  15.901  success  0.97 (top 1.00/bot 0.96)  ep_len  210.0  hazard_steps  18.7  approx_kl 0.0043  SPS 568
[z_t] iter 332/366  step  2719744  return  15.796  success  0.97 (top 0.99/bot 0.96)  ep_len  209.4  hazard_steps  21.5  approx_kl 0.0025  SPS 568
[z_t] iter 333/366  step  2727936  return  16.143  success  0.98 (top 0.98/bot 0.96)  ep_len  205.3  hazard_steps  20.1  approx_kl 0.0034  SPS 568
[z_t] iter 334/366  step  2736128  return  16.112  success  0.98 (top 0.98/bot 0.98)  ep_len  205.2  hazard_steps  20.7  approx_kl 0.0024  SPS 568
[z_t] iter 335/366  step  2744320  return  16.030  success  0.97 (top 0.96/bot 0.99)  ep_len  208.7  hazard_steps  19.0  approx_kl 0.0041  SPS 568
[z_t] iter 336/366  step  2752512  return  16.269  success  0.98 (top 0.96/bot 1.00)  ep_len  204.5  hazard_steps  17.1  approx_kl 0.0022  SPS 568
[z_t] iter 337/366  step  2760704  return  15.565  success  0.95 (top 0.95/bot 0.99)  ep_len  216.5  hazard_steps  19.1  approx_kl 0.0033  SPS 568
[z_t] iter 338/366  step  2768896  return  15.522  success  0.96 (top 0.95/bot 0.99)  ep_len  212.0  hazard_steps  23.5  approx_kl 0.0056  SPS 568
[z_t] iter 339/366  step  2777088  return  15.693  success  0.97 (top 0.95/bot 0.99)  ep_len  208.1  hazard_steps  24.0  approx_kl 0.0030  SPS 568
[z_t] iter 340/366  step  2785280  return  16.288  success  1.00 (top 0.95/bot 0.99)  ep_len  196.5  hazard_steps  24.2  approx_kl 0.0050  SPS 568
[z_t] iter 341/366  step  2793472  return  16.354  success  0.99 (top 0.96/bot 0.99)  ep_len  201.2  hazard_steps  18.8  approx_kl 0.0055  SPS 568
[z_t] iter 342/366  step  2801664  return  15.963  success  0.97 (top 0.95/bot 1.00)  ep_len  210.0  hazard_steps  18.7  approx_kl 0.0062  SPS 568
[z_t] iter 343/366  step  2809856  return  15.879  success  0.97 (top 0.97/bot 1.00)  ep_len  209.3  hazard_steps  20.4  approx_kl 0.0047  SPS 568
[z_t] iter 344/366  step  2818048  return  16.179  success  0.99 (top 0.97/bot 0.99)  ep_len  201.8  hazard_steps  22.0  approx_kl 0.0067  SPS 567
[z_t] iter 345/366  step  2826240  return  15.623  success  0.96 (top 0.96/bot 0.97)  ep_len  212.8  hazard_steps  21.0  approx_kl 0.0067  SPS 567
[z_t] iter 346/366  step  2834432  return  15.601  success  0.96 (top 0.95/bot 0.97)  ep_len  213.4  hazard_steps  21.4  approx_kl 0.0053  SPS 567
[z_t] iter 347/366  step  2842624  return  15.685  success  0.97 (top 0.96/bot 0.97)  ep_len  211.5  hazard_steps  23.3  approx_kl 0.0059  SPS 567
[z_t] iter 348/366  step  2850816  return  15.848  success  0.98 (top 0.96/bot 0.98)  ep_len  207.2  hazard_steps  23.2  approx_kl 0.0029  SPS 567
[z_t] iter 349/366  step  2859008  return  15.427  success  0.96 (top 0.94/bot 1.00)  ep_len  213.2  hazard_steps  24.3  approx_kl 0.0041  SPS 568
[z_t] iter 350/366  step  2867200  return  15.540  success  0.96 (top 0.93/bot 1.00)  ep_len  211.6  hazard_steps  22.5  approx_kl 0.0067  SPS 568
[z_t] iter 351/366  step  2875392  return  16.105  success  0.98 (top 0.94/bot 1.00)  ep_len  203.3  hazard_steps  20.3  approx_kl 0.0050  SPS 569
[z_t] iter 352/366  step  2883584  return  16.095  success  0.98 (top 0.94/bot 1.00)  ep_len  202.4  hazard_steps  20.6  approx_kl 0.0048  SPS 569
[z_t] iter 353/366  step  2891776  return  16.416  success  1.00 (top 0.96/bot 1.00)  ep_len  195.0  hazard_steps  21.8  approx_kl 0.0049  SPS 570
[z_t] iter 354/366  step  2899968  return  16.483  success  1.00 (top 0.98/bot 1.00)  ep_len  195.5  hazard_steps  20.4  approx_kl 0.0082  SPS 571
[z_t] iter 355/366  step  2908160  return  16.349  success  0.99 (top 0.98/bot 1.00)  ep_len  200.4  hazard_steps  19.2  approx_kl 0.0060  SPS 571
[z_t] iter 356/366  step  2916352  return  15.928  success  0.97 (top 0.97/bot 1.00)  ep_len  207.2  hazard_steps  19.7  approx_kl 0.0052  SPS 572
[z_t] iter 357/366  step  2924544  return  15.894  success  0.97 (top 0.97/bot 1.00)  ep_len  207.0  hazard_steps  20.4  approx_kl 0.0034  SPS 572
[z_t] iter 358/366  step  2932736  return  15.786  success  0.97 (top 0.96/bot 0.99)  ep_len  208.8  hazard_steps  20.4  approx_kl 0.0050  SPS 573
[z_t] iter 359/366  step  2940928  return  15.333  success  0.94 (top 0.93/bot 0.98)  ep_len  221.8  hazard_steps  17.2  approx_kl 0.0003  SPS 573
[z_t] iter 360/366  step  2949120  return  14.838  success  0.92 (top 0.93/bot 0.97)  ep_len  230.1  hazard_steps  17.7  approx_kl 0.0013  SPS 574
[z_t] iter 361/366  step  2957312  return  15.674  success  0.96 (top 0.94/bot 0.97)  ep_len  210.7  hazard_steps  19.2  approx_kl 0.0011  SPS 574
[z_t] iter 362/366  step  2965504  return  15.719  success  0.97 (top 0.94/bot 0.97)  ep_len  208.0  hazard_steps  22.0  approx_kl 0.0015  SPS 575
[z_t] iter 363/366  step  2973696  return  15.821  success  0.97 (top 0.92/bot 0.98)  ep_len  208.6  hazard_steps  21.6  approx_kl 0.0005  SPS 575
[z_t] iter 364/366  step  2981888  return  15.801  success  0.97 (top 0.94/bot 0.99)  ep_len  208.3  hazard_steps  22.5  approx_kl 0.0004  SPS 575
[z_t] iter 365/366  step  2990080  return  15.552  success  0.95 (top 0.94/bot 0.99)  ep_len  216.9  hazard_steps  19.6  approx_kl 0.0003  SPS 576
[z_t] iter 366/366  step  2998272  return  15.489  success  0.94 (top 0.94/bot 0.98)  ep_len  221.1  hazard_steps  16.6  approx_kl 0.0000  SPS 576

[z_t/seed1] FINAL success 0.940  hazard_steps 16.59
saved policy -> runs/race/z_t_s1.pt
wrote run json -> runs/race/z_t_s1.json
