device: cuda
loaded 204800 frames (1600 steps x 128 streams) in 6.6s
transitions: train 175502  val 4096
training...
epoch 0 step    200  loss 2.1662 (inv 0.0027 val_inv 0.0023 var 0.785 cov 8.137 rec 1.053)  mean_std 0.589  eff_rank  4.7/64
epoch 1 step    400  loss 1.4970 (inv 0.0120 val_inv 0.0119 var 0.434 cov 10.755 rec 0.621)  mean_std 0.837  eff_rank  9.1/64
epoch 1 step    600  loss 1.3395 (inv 0.0280 val_inv 0.0266 var 0.437 cov 7.538 rec 0.573)  mean_std 0.861  eff_rank 11.7/64
epoch 2 step    800  loss 1.0485 (inv 0.0271 val_inv 0.0274 var 0.222 cov 9.358 rec 0.425)  mean_std 0.953  eff_rank 14.7/64
epoch 2 step   1000  loss 0.8740 (inv 0.0321 val_inv 0.0337 var 0.150 cov 8.147 rec 0.366)  mean_std 0.924  eff_rank 18.5/64
epoch 3 step   1200  loss 0.7698 (inv 0.0371 val_inv 0.0389 var 0.149 cov 6.587 rec 0.320)  mean_std 0.949  eff_rank 21.3/64
epoch 4 step   1400  loss 0.6843 (inv 0.0366 val_inv 0.0373 var 0.028 cov 7.912 rec 0.303)  mean_std 0.996  eff_rank 24.1/64
epoch 4 step   1600  loss 0.5873 (inv 0.0446 val_inv 0.0431 var 0.063 cov 5.941 rec 0.242)  mean_std 0.967  eff_rank 27.1/64
epoch 5 step   1800  loss 0.5315 (inv 0.0425 val_inv 0.0437 var 0.015 cov 6.144 rec 0.229)  mean_std 1.020  eff_rank 29.1/64
epoch 5 step   2000  loss 0.5240 (inv 0.0505 val_inv 0.0447 var 0.025 cov 5.283 rec 0.237)  mean_std 0.978  eff_rank 31.0/64
epoch 6 step   2200  loss 0.4550 (inv 0.0450 val_inv 0.0460 var 0.048 cov 4.264 rec 0.192)  mean_std 0.966  eff_rank 32.6/64
epoch 6 step   2400  loss 0.4901 (inv 0.0478 val_inv 0.0476 var 0.001 cov 5.320 rec 0.228)  mean_std 1.001  eff_rank 34.1/64
epoch 7 step   2600  loss 0.3997 (inv 0.0449 val_inv 0.0488 var 0.013 cov 4.071 rec 0.179)  mean_std 0.981  eff_rank 35.2/64
epoch 8 step   2800  loss 0.5119 (inv 0.0472 val_inv 0.0480 var 0.043 cov 3.376 rec 0.287)  mean_std 1.008  eff_rank 36.6/64
epoch 8 step   3000  loss 0.3940 (inv 0.0505 val_inv 0.0510 var 0.004 cov 4.006 rec 0.179)  mean_std 0.991  eff_rank 37.9/64
epoch 9 step   3200  loss 0.3723 (inv 0.0457 val_inv 0.0492 var 0.081 cov 2.680 rec 0.139)  mean_std 0.948  eff_rank 39.1/64
epoch 9 step   3400  loss 0.3654 (inv 0.0454 val_inv 0.0485 var 0.015 cov 2.982 rec 0.186)  mean_std 0.984  eff_rank 40.0/64

running probes on frozen encoder...
  hazard-visible acc: linear 0.965  mlp 0.970  (majority 0.939)
  goal-visible acc: linear 0.933  mlp 0.955  (majority 0.928)
  wall-count R^2  0.988
  final latents: mean_std 0.987  min_std 0.878  eff_rank 40.2/64
  gate hazard_probe: PASS
  gate goal_probe: PASS
  gate wall_r2: PASS
  gate latent_health: PASS

M8 STAGE-A PASS  (inv 0.0410)
saved frozen encoder -> checkpoints/jepa_realcam.pt
