device: cuda
loaded 204800 frames (1600 steps x 128 streams) in 6.4s
transitions: train 175502  val 4096
training...
epoch 0 step    200  loss 2.1305 (inv 0.0016 val_inv 0.0016 var 0.777 cov 8.531 rec 1.010)  mean_std 0.574  eff_rank  4.4/64
epoch 1 step    400  loss 1.5164 (inv 0.0135 val_inv 0.0135 var 0.463 cov 10.008 rec 0.639)  mean_std 0.848  eff_rank  8.9/64
epoch 1 step    600  loss 1.3290 (inv 0.0274 val_inv 0.0269 var 0.435 cov 7.987 rec 0.548)  mean_std 0.832  eff_rank 11.9/64
epoch 2 step    800  loss 1.0813 (inv 0.0334 val_inv 0.0317 var 0.304 cov 7.524 rec 0.443)  mean_std 0.928  eff_rank 15.7/64
epoch 2 step   1000  loss 0.9269 (inv 0.0346 val_inv 0.0352 var 0.162 cov 7.884 rec 0.415)  mean_std 0.934  eff_rank 19.6/64
epoch 3 step   1200  loss 0.8454 (inv 0.0417 val_inv 0.0430 var 0.223 cov 5.915 rec 0.344)  mean_std 0.914  eff_rank 22.4/64
epoch 4 step   1400  loss 0.7032 (inv 0.0445 val_inv 0.0454 var 0.026 cov 8.714 rec 0.284)  mean_std 0.996  eff_rank 24.3/64
epoch 4 step   1600  loss 0.6233 (inv 0.0422 val_inv 0.0429 var 0.019 cov 7.935 rec 0.244)  mean_std 0.986  eff_rank 26.1/64
epoch 5 step   1800  loss 0.5530 (inv 0.0355 val_inv 0.0403 var 0.017 cov 6.628 rec 0.235)  mean_std 1.032  eff_rank 27.7/64
epoch 5 step   2000  loss 0.5252 (inv 0.0409 val_inv 0.0415 var 0.042 cov 5.319 rec 0.229)  mean_std 1.003  eff_rank 29.3/64
epoch 6 step   2200  loss 0.4901 (inv 0.0378 val_inv 0.0418 var 0.072 cov 4.700 rec 0.192)  mean_std 0.985  eff_rank 30.8/64
epoch 6 step   2400  loss 0.4859 (inv 0.0408 val_inv 0.0432 var 0.009 cov 5.346 rec 0.223)  mean_std 0.997  eff_rank 32.2/64
epoch 7 step   2600  loss 0.4058 (inv 0.0366 val_inv 0.0416 var 0.009 cov 4.683 rec 0.173)  mean_std 1.004  eff_rank 33.5/64
epoch 8 step   2800  loss 0.5020 (inv 0.0408 val_inv 0.0418 var 0.049 cov 3.517 rec 0.271)  mean_std 1.005  eff_rank 34.7/64
epoch 8 step   3000  loss 0.4093 (inv 0.0412 val_inv 0.0410 var 0.000 cov 4.575 rec 0.185)  mean_std 1.021  eff_rank 35.8/64
epoch 9 step   3200  loss 0.3614 (inv 0.0386 val_inv 0.0408 var 0.035 cov 3.394 rec 0.152)  mean_std 0.963  eff_rank 37.2/64
epoch 9 step   3400  loss 0.3939 (inv 0.0404 val_inv 0.0422 var 0.009 cov 3.724 rec 0.195)  mean_std 0.989  eff_rank 38.2/64

running probes on frozen encoder...
  hazard-visible acc: linear 0.978  mlp 0.970  (majority 0.946)
  goal-visible acc: linear 0.942  mlp 0.948  (majority 0.927)
  wall-count R^2  0.989
  final latents: mean_std 1.021  min_std 0.922  eff_rank 38.2/64
  gate hazard_probe: PASS
  gate goal_probe: PASS
  gate wall_r2: PASS
  gate latent_health: PASS

M8 STAGE-A PASS  (inv 0.0360)
saved frozen encoder -> checkpoints/jepa_realcam20.pt
