device: cuda
loaded 204800 frames (1600 steps x 128 streams) in 7.3s
transitions: train 175504  val 4096
training...
epoch 0 step    200  loss 2.2643 (inv 0.0111 val_inv 0.0108 var 0.609 cov 10.890 rec 1.208)  mean_std 0.651  eff_rank  6.9/64
epoch 1 step    400  loss 1.6506 (inv 0.0206 val_inv 0.0201 var 0.339 cov 11.003 rec 0.851)  mean_std 0.876  eff_rank 12.4/64
epoch 1 step    600  loss 1.3074 (inv 0.0307 val_inv 0.0270 var 0.277 cov 7.810 rec 0.687)  mean_std 0.853  eff_rank 17.5/64
epoch 2 step    800  loss 1.0839 (inv 0.0324 val_inv 0.0308 var 0.036 cov 11.240 rec 0.566)  mean_std 0.987  eff_rank 21.6/64
epoch 2 step   1000  loss 0.8826 (inv 0.0356 val_inv 0.0370 var 0.162 cov 6.381 rec 0.429)  mean_std 0.973  eff_rank 25.2/64
epoch 3 step   1200  loss 0.9611 (inv 0.0481 val_inv 0.0437 var 0.166 cov 4.868 rec 0.553)  mean_std 0.952  eff_rank 28.0/64
epoch 4 step   1400  loss 0.6497 (inv 0.0432 val_inv 0.0427 var 0.058 cov 5.610 rec 0.324)  mean_std 0.975  eff_rank 30.1/64
epoch 4 step   1600  loss 0.6388 (inv 0.0436 val_inv 0.0425 var 0.039 cov 5.312 rec 0.344)  mean_std 0.988  eff_rank 32.1/64
epoch 5 step   1800  loss 0.5209 (inv 0.0402 val_inv 0.0414 var 0.005 cov 5.476 rec 0.257)  mean_std 1.012  eff_rank 33.8/64
epoch 5 step   2000  loss 0.5131 (inv 0.0414 val_inv 0.0401 var 0.040 cov 4.141 rec 0.266)  mean_std 1.016  eff_rank 35.4/64
epoch 6 step   2200  loss 0.4714 (inv 0.0372 val_inv 0.0396 var 0.013 cov 4.230 rec 0.252)  mean_std 1.039  eff_rank 37.1/64
epoch 6 step   2400  loss 0.4816 (inv 0.0381 val_inv 0.0385 var 0.014 cov 3.527 rec 0.289)  mean_std 1.014  eff_rank 38.8/64
epoch 7 step   2600  loss 0.5064 (inv 0.0359 val_inv 0.0374 var 0.041 cov 2.979 rec 0.311)  mean_std 1.032  eff_rank 40.0/64
epoch 8 step   2800  loss 0.3673 (inv 0.0346 val_inv 0.0352 var 0.011 cov 3.156 rec 0.195)  mean_std 1.008  eff_rank 41.3/64
epoch 8 step   3000  loss 0.3737 (inv 0.0310 val_inv 0.0333 var 0.037 cov 2.622 rec 0.200)  mean_std 1.022  eff_rank 42.3/64
epoch 9 step   3200  loss 0.4531 (inv 0.0357 val_inv 0.0350 var 0.008 cov 2.941 rec 0.292)  mean_std 1.013  eff_rank 43.4/64
epoch 9 step   3400  loss 0.3856 (inv 0.0294 val_inv 0.0310 var 0.011 cov 2.623 rec 0.240)  mean_std 1.030  eff_rank 44.4/64

running probes on frozen encoder...
  hazard-visible acc: linear 0.935  mlp 0.942  (majority 0.857)
  goal-visible acc: linear 0.911  mlp 0.927  (majority 0.850)
  wall-count R^2  0.985
  final latents: mean_std 1.032  min_std 0.924  eff_rank 44.5/64
  gate hazard_probe: PASS
  gate goal_probe: PASS
  gate wall_r2: PASS
  gate latent_health: PASS

M8 STAGE-A PASS  (inv 0.0302)
saved frozen encoder -> checkpoints/jepa_pixels.pt
